
> palpitaco@0.1.0 build
> react-scripts build

Creating an optimized production build...
Browserslist: browsers data (caniuse-lite) is 6 months old. Please run:
  npx update-browserslist-db@latest
  Why you should do it regularly: https://github.com/browserslist/update-db#readme
Browserslist: browsers data (caniuse-lite) is 6 months old. Please run:
  npx update-browserslist-db@latest
  Why you should do it regularly: https://github.com/browserslist/update-db#readme
Failed to compile.

[eslint] 
src\pages\Top3\modules\scoreEngine\scoreEngineV2.js
  Line 10:6:  'globalThis' is not defined               no-undef
  Line 16:5:  'globalThis' is not defined               no-undef
  Line 75:1:  Import in body of module; reorder to top  import/first

Search for the keywords to learn more about each error.


npm notice
npm notice New major version of npm available! 10.9.2 -> 12.0.1
npm notice Changelog: https://github.com/npm/cli/releases/tag/v12.0.1
npm notice To update run: npm install -g npm@12.0.1
npm notice
