
========================================
E08 - BACKTEST DE RERANKING
========================================
Loteria: PT_RIO
Limite: 100
Historico minimo: 100

[1/2] Executando V3...
[BACKTEST] 25/100 | avaliados=25 | erros=0
[BACKTEST] 50/100 | avaliados=50 | erros=0
[BACKTEST] 75/100 | avaliados=75 | erros=0
[BACKTEST] 100/100 | avaliados=100 | erros=0

[2/2] Executando E08...
[BACKTEST] 25/100 | avaliados=25 | erros=0
[BACKTEST] 50/100 | avaliados=50 | erros=0
[BACKTEST] 75/100 | avaliados=75 | erros=0
[BACKTEST] 100/100 | avaliados=100 | erros=0

================================================
E08 - V3 ORIGINAL x V3 REORDENADA
================================================

Loteria.............: PT_RIO
Casos avaliados.....: 100
Historico minimo....: 100
Periodo avaliado....: 2022-06-29 ate 2022-07-21

HIPOTESE
Reordenar somente os tres candidatos escolhidos pela V3
usando a frequencia historica do mesmo horario.

BASELINE V3
TOP1................: 6 (6.0000%)
TOP3................: 13 (13.0000%)
Erros...............: 0

EXPERIMENTAL E08
TOP1................: 7 (7.0000%)
TOP3................: 13 (13.0000%)
Erros...............: 0

DELTA E08 - V3
TOP1 acertos........: +1
TOP1 taxa...........: 1.0000%
TOP3 acertos........: 0
TOP3 taxa...........: 0.0000%

INVARIANTES
Mesma quantidade avaliada.: OK
Mesma quantidade de erros.: OK
Mesmo conjunto TOP3.......: OK

TOP1 POR HORARIO
11:00 | avaliados=22 | V3 TOP1=4.5455% | E08 TOP1=4.5455% | delta=0 acertos (0.0000%)
14:00 | avaliados=22 | V3 TOP1=9.0909% | E08 TOP1=9.0909% | delta=0 acertos (0.0000%)
16:00 | avaliados=23 | V3 TOP1=0.0000% | E08 TOP1=4.3478% | delta=+1 acertos (4.3478%)
18:00 | avaliados=13 | V3 TOP1=7.6923% | E08 TOP1=7.6923% | delta=0 acertos (0.0000%)
21:00 | avaliados=20 | V3 TOP1=10.0000% | E08 TOP1=10.0000% | delta=0 acertos (0.0000%)

Nenhuma alteracao foi aplicada a producao.
Nenhum peso oficial da V3 foi alterado.
Nenhum candidato da V3 foi adicionado ou removido.
Nenhum deploy ou commit foi realizado.

JSON: C:\Users\glaub\palpitaco\tmp\e08_comparison_PT_RIO_limit_100.json
TXT : C:\Users\glaub\palpitaco\tmp\e08_comparison_PT_RIO_limit_100.txt
