
====================================
LOOK
====================================
node:internal/process/promises:394
    triggerUncaughtException(err, true /* fromPromise */);
    ^

Error: 9 FAILED_PRECONDITION: The query requires an index. You can create it here: https://console.firebase.google.com/v1/r/project/palpitacojb-app/firestore/indexes?create_composite=Ck1wcm9qZWN0cy9wYWxwaXRhY29qYi1hcHAvZGF0YWJhc2VzLyhkZWZhdWx0KS9jb2xsZWN0aW9uR3JvdXBzL2RyYXdzL2luZGV4ZXMvXxABGg8KC2xvdHRlcnlfa2V5EAEaDgoKaW1wb3J0ZWRBdBACGgwKCF9fbmFtZV9fEAI
    at callErrorFromStatus (C:\Users\glaub\palpitaco\backend\node_modules\@grpc\grpc-js\build\src\call.js:32:19)
    at Object.onReceiveStatus (C:\Users\glaub\palpitaco\backend\node_modules\@grpc\grpc-js\build\src\client.js:359:73)
    at Object.onReceiveStatus (C:\Users\glaub\palpitaco\backend\node_modules\@grpc\grpc-js\build\src\client-interceptors.js:327:181)
    at C:\Users\glaub\palpitaco\backend\node_modules\@grpc\grpc-js\build\src\resolving-call.js:135:78
    at process.processTicksAndRejections (node:internal/process/task_queues:85:11)
for call at
    at ServiceClientImpl.makeServerStreamRequest (C:\Users\glaub\palpitaco\backend\node_modules\@grpc\grpc-js\build\src\client.js:342:32)
    at ServiceClientImpl.<anonymous> (C:\Users\glaub\palpitaco\backend\node_modules\@grpc\grpc-js\build\src\make-client.js:105:19)
    at C:\Users\glaub\palpitaco\backend\node_modules\@google-cloud\firestore\build\src\v1\firestore_client.js:242:33
    at C:\Users\glaub\palpitaco\backend\node_modules\google-gax\build\src\streamingCalls\streamingApiCaller.js:38:28
    at C:\Users\glaub\palpitaco\backend\node_modules\google-gax\build\src\normalCalls\timeout.js:44:16
    at Object.request (C:\Users\glaub\palpitaco\backend\node_modules\google-gax\build\src\streamingCalls\streaming.js:234:40)
    at makeRequest (C:\Users\glaub\palpitaco\backend\node_modules\retry-request\index.js:159:28)
    at retryRequest (C:\Users\glaub\palpitaco\backend\node_modules\retry-request\index.js:119:5)
    at StreamProxy.setStream (C:\Users\glaub\palpitaco\backend\node_modules\google-gax\build\src\streamingCalls\streaming.js:225:37)
    at StreamingApiCaller.call (C:\Users\glaub\palpitaco\backend\node_modules\google-gax\build\src\streamingCalls\streamingApiCaller.js:54:16)
Caused by: Error
    at QueryUtil._getResponse (C:\Users\glaub\palpitaco\backend\node_modules\@google-cloud\firestore\build\src\reference\query-util.js:44:23)
    at Query._getResponse (C:\Users\glaub\palpitaco\backend\node_modules\@google-cloud\firestore\build\src\reference\query.js:784:32)
    at Query._get (C:\Users\glaub\palpitaco\backend\node_modules\@google-cloud\firestore\build\src\reference\query.js:777:35)
    at C:\Users\glaub\palpitaco\backend\node_modules\@google-cloud\firestore\build\src\reference\query.js:745:43
    at C:\Users\glaub\palpitaco\backend\node_modules\@google-cloud\firestore\build\src\telemetry\enabled-trace-util.js:110:30
    at NoopContextManager.with (C:\Users\glaub\palpitaco\backend\node_modules\@opentelemetry\api\build\src\context\NoopContextManager.js:25:19)
    at ContextAPI.with (C:\Users\glaub\palpitaco\backend\node_modules\@opentelemetry\api\build\src\api\context.js:60:46)
    at NoopTracer.startActiveSpan (C:\Users\glaub\palpitaco\backend\node_modules\@opentelemetry\api\build\src\trace\NoopTracer.js:65:31)
    at ProxyTracer.startActiveSpan (C:\Users\glaub\palpitaco\backend\node_modules\@opentelemetry\api\build\src\trace\ProxyTracer.js:36:24)
    at EnabledTraceUtil.startActiveSpan (C:\Users\glaub\palpitaco\backend\node_modules\@google-cloud\firestore\build\src\telemetry\enabled-trace-util.js:102:28) {
  code: 9,
  details: 'The query requires an index. You can create it here: https://console.firebase.google.com/v1/r/project/palpitacojb-app/firestore/indexes?create_composite=Ck1wcm9qZWN0cy9wYWxwaXRhY29qYi1hcHAvZGF0YWJhc2VzLyhkZWZhdWx0KS9jb2xsZWN0aW9uR3JvdXBzL2RyYXdzL2luZGV4ZXMvXxABGg8KC2xvdHRlcnlfa2V5EAEaDgoKaW1wb3J0ZWRBdBACGgwKCF9fbmFtZV9fEAI',
  metadata: Metadata {
    internalRepr: Map(1) { 'x-debug-tracking-id' => [ '18186751895641674440;o=1' ] },
    opaqueData: Map(0) {},
    options: {}
  }
}

Node.js v22.16.0
