Scanning: 2022-06-07 | dias=1
Scanning: 2022-07-01 | dias=25
Scanning: 2022-07-26 | dias=50
Scanning: 2022-08-20 | dias=75
Scanning: 2022-09-14 | dias=100
Scanning: 2022-10-09 | dias=125
Scanning: 2022-11-03 | dias=150
Scanning: 2022-11-28 | dias=175
Scanning: 2022-12-23 | dias=200
Scanning: 2023-01-17 | dias=225
Scanning: 2023-02-11 | dias=250
Scanning: 2023-03-08 | dias=275
Scanning: 2023-04-02 | dias=300
Scanning: 2023-04-27 | dias=325
Scanning: 2023-05-22 | dias=350
Scanning: 2023-06-16 | dias=375
Scanning: 2023-07-11 | dias=400
Scanning: 2023-08-05 | dias=425
Scanning: 2023-08-30 | dias=450
Scanning: 2023-09-24 | dias=475
Scanning: 2023-10-19 | dias=500
Scanning: 2023-11-13 | dias=525
Scanning: 2023-12-08 | dias=550
Scanning: 2024-01-02 | dias=575
Scanning: 2024-01-27 | dias=600
Scanning: 2024-02-21 | dias=625
Scanning: 2024-03-17 | dias=650
Scanning: 2024-04-11 | dias=675
Scanning: 2024-05-06 | dias=700
Scanning: 2024-05-31 | dias=725
Scanning: 2024-06-25 | dias=750
Scanning: 2024-07-20 | dias=775
Scanning: 2024-08-14 | dias=800
Scanning: 2024-09-08 | dias=825
Scanning: 2024-10-03 | dias=850
Scanning: 2024-10-28 | dias=875
Scanning: 2024-11-22 | dias=900
Scanning: 2024-12-17 | dias=925
Scanning: 2025-01-11 | dias=950
Scanning: 2025-02-05 | dias=975
Scanning: 2025-03-02 | dias=1000
Scanning: 2025-03-27 | dias=1025
Scanning: 2025-04-21 | dias=1050
Scanning: 2025-05-16 | dias=1075
Scanning: 2025-06-10 | dias=1100
Scanning: 2025-07-05 | dias=1125
Scanning: 2025-07-30 | dias=1150
Scanning: 2025-08-24 | dias=1175
Scanning: 2025-09-18 | dias=1200
Scanning: 2025-10-13 | dias=1225
Scanning: 2025-11-07 | dias=1250
Scanning: 2025-12-02 | dias=1275
Scanning: 2025-12-27 | dias=1300
Scanning: 2026-01-21 | dias=1325
Scanning: 2026-02-15 | dias=1350
Scanning: 2026-03-12 | dias=1375
Scanning: 2026-04-06 | dias=1400
Scanning: 2026-05-01 | dias=1425
Scanning: 2026-05-26 | dias=1450
Scanning: 2026-06-20 | dias=1475
Scanning: 2026-07-15 | dias=1500
Scanning: 2026-07-20 | dias=1505

===== AUDITORIA HIST├ôRICA REAL =====

Loteria: PT_RIO
Per├¡odo: 2022-06-07 at├® 2026-07-20
Dias analisados: 1505

Dias bloqueados (no_draw_days): 14
Dias com erro: 0
Dias sem docs mas com hor├írios esperados: 1

Missing HARD: 12
Missing SOFT: 405
Duplicados: 1
Unexpected: 8

--- DIAS BLOQUEADOS ---
ÔöîÔöÇÔöÇÔöÇÔöÇÔöÇÔöÇÔöÇÔöÇÔöÇÔö¼ÔöÇÔöÇÔöÇÔöÇÔöÇÔöÇÔöÇÔöÇÔöÇÔöÇÔöÇÔöÇÔöÇÔöÇÔö¼ÔöÇÔöÇÔöÇÔöÇÔöÇÔöÇÔöÇÔöÇÔöÇÔöÇÔöÇÔöÇÔöÇÔöÇÔöÇÔöÇÔöÉ
Ôöé (index) Ôöé date         Ôöé reason         Ôöé
Ôö£ÔöÇÔöÇÔöÇÔöÇÔöÇÔöÇÔöÇÔöÇÔöÇÔö╝ÔöÇÔöÇÔöÇÔöÇÔöÇÔöÇÔöÇÔöÇÔöÇÔöÇÔöÇÔöÇÔöÇÔöÇÔö╝ÔöÇÔöÇÔöÇÔöÇÔöÇÔöÇÔöÇÔöÇÔöÇÔöÇÔöÇÔöÇÔöÇÔöÇÔöÇÔöÇÔöñ
Ôöé 0       Ôöé '2022-06-08' Ôöé 'no_draw_days' Ôöé
Ôöé 1       Ôöé '2022-10-02' Ôöé 'no_draw_days' Ôöé
Ôöé 2       Ôöé '2022-12-25' Ôöé 'no_draw_days' Ôöé
Ôöé 3       Ôöé '2023-01-01' Ôöé 'no_draw_days' Ôöé
Ôöé 4       Ôöé '2023-04-07' Ôöé 'no_draw_days' Ôöé
Ôöé 5       Ôöé '2023-11-02' Ôöé 'no_draw_days' Ôöé
Ôöé 6       Ôöé '2023-12-25' Ôöé 'no_draw_days' Ôöé
Ôöé 7       Ôöé '2024-01-01' Ôöé 'no_draw_days' Ôöé
Ôöé 8       Ôöé '2024-03-29' Ôöé 'no_draw_days' Ôöé
Ôöé 9       Ôöé '2024-10-06' Ôöé 'no_draw_days' Ôöé
Ôöé 10      Ôöé '2024-12-25' Ôöé 'no_draw_days' Ôöé
Ôöé 11      Ôöé '2025-01-01' Ôöé 'no_draw_days' Ôöé
Ôöé 12      Ôöé '2025-12-25' Ôöé 'no_draw_days' Ôöé
Ôöé 13      Ôöé '2026-01-01' Ôöé 'no_draw_days' Ôöé
ÔööÔöÇÔöÇÔöÇÔöÇÔöÇÔöÇÔöÇÔöÇÔöÇÔö┤ÔöÇÔöÇÔöÇÔöÇÔöÇÔöÇÔöÇÔöÇÔöÇÔöÇÔöÇÔöÇÔöÇÔöÇÔö┤ÔöÇÔöÇÔöÇÔöÇÔöÇÔöÇÔöÇÔöÇÔöÇÔöÇÔöÇÔöÇÔöÇÔöÇÔöÇÔöÇÔöÿ

--- HARD ---
ÔöîÔöÇÔöÇÔöÇÔöÇÔöÇÔöÇÔöÇÔöÇÔöÇÔö¼ÔöÇÔöÇÔöÇÔöÇÔöÇÔöÇÔöÇÔöÇÔöÇÔöÇÔöÇÔöÇÔöÇÔöÇÔö¼ÔöÇÔöÇÔöÇÔöÇÔöÇÔöÇÔöÉ
Ôöé (index) Ôöé date         Ôöé h    Ôöé
Ôö£ÔöÇÔöÇÔöÇÔöÇÔöÇÔöÇÔöÇÔöÇÔöÇÔö╝ÔöÇÔöÇÔöÇÔöÇÔöÇÔöÇÔöÇÔöÇÔöÇÔöÇÔöÇÔöÇÔöÇÔöÇÔö╝ÔöÇÔöÇÔöÇÔöÇÔöÇÔöÇÔöñ
Ôöé 0       Ôöé '2024-02-25' Ôöé '09' Ôöé
Ôöé 1       Ôöé '2024-03-03' Ôöé '09' Ôöé
Ôöé 2       Ôöé '2024-03-10' Ôöé '09' Ôöé
Ôöé 3       Ôöé '2024-03-17' Ôöé '09' Ôöé
Ôöé 4       Ôöé '2024-03-24' Ôöé '09' Ôöé
Ôöé 5       Ôöé '2024-03-31' Ôöé '09' Ôöé
Ôöé 6       Ôöé '2024-04-07' Ôöé '09' Ôöé
Ôöé 7       Ôöé '2026-06-14' Ôöé '11' Ôöé
Ôöé 8       Ôöé '2026-06-25' Ôöé '09' Ôöé
Ôöé 9       Ôöé '2026-07-19' Ôöé '09' Ôöé
Ôöé 10      Ôöé '2026-07-19' Ôöé '11' Ôöé
Ôöé 11      Ôöé '2026-07-20' Ôöé '21' Ôöé
ÔööÔöÇÔöÇÔöÇÔöÇÔöÇÔöÇÔöÇÔöÇÔöÇÔö┤ÔöÇÔöÇÔöÇÔöÇÔöÇÔöÇÔöÇÔöÇÔöÇÔöÇÔöÇÔöÇÔöÇÔöÇÔö┤ÔöÇÔöÇÔöÇÔöÇÔöÇÔöÇÔöÿ

--- SOFT ---
ÔöîÔöÇÔöÇÔöÇÔöÇÔöÇÔöÇÔöÇÔöÇÔöÇÔö¼ÔöÇÔöÇÔöÇÔöÇÔöÇÔöÇÔöÇÔöÇÔöÇÔöÇÔöÇÔöÇÔöÇÔöÇÔö¼ÔöÇÔöÇÔöÇÔöÇÔöÇÔöÇÔöÉ
Ôöé (index) Ôöé date         Ôöé h    Ôöé
Ôö£ÔöÇÔöÇÔöÇÔöÇÔöÇÔöÇÔöÇÔöÇÔöÇÔö╝ÔöÇÔöÇÔöÇÔöÇÔöÇÔöÇÔöÇÔöÇÔöÇÔöÇÔöÇÔöÇÔöÇÔöÇÔö╝ÔöÇÔöÇÔöÇÔöÇÔöÇÔöÇÔöñ
Ôöé 0       Ôöé '2022-06-11' Ôöé '18' Ôöé
Ôöé 1       Ôöé '2022-06-15' Ôöé '18' Ôöé
Ôöé 2       Ôöé '2022-06-18' Ôöé '18' Ôöé
Ôöé 3       Ôöé '2022-06-22' Ôöé '18' Ôöé
Ôöé 4       Ôöé '2022-06-25' Ôöé '18' Ôöé
Ôöé 5       Ôöé '2022-06-29' Ôöé '18' Ôöé
Ôöé 6       Ôöé '2022-07-02' Ôöé '18' Ôöé
Ôöé 7       Ôöé '2022-07-06' Ôöé '18' Ôöé
Ôöé 8       Ôöé '2022-07-09' Ôöé '18' Ôöé
Ôöé 9       Ôöé '2022-07-13' Ôöé '18' Ôöé
Ôöé 10      Ôöé '2022-07-16' Ôöé '18' Ôöé
Ôöé 11      Ôöé '2022-07-20' Ôöé '18' Ôöé
Ôöé 12      Ôöé '2022-07-23' Ôöé '18' Ôöé
Ôöé 13      Ôöé '2022-07-27' Ôöé '18' Ôöé
Ôöé 14      Ôöé '2022-07-30' Ôöé '18' Ôöé
Ôöé 15      Ôöé '2022-08-03' Ôöé '18' Ôöé
Ôöé 16      Ôöé '2022-08-06' Ôöé '18' Ôöé
Ôöé 17      Ôöé '2022-08-10' Ôöé '18' Ôöé
Ôöé 18      Ôöé '2022-08-13' Ôöé '18' Ôöé
Ôöé 19      Ôöé '2022-08-17' Ôöé '18' Ôöé
Ôöé 20      Ôöé '2022-08-20' Ôöé '18' Ôöé
Ôöé 21      Ôöé '2022-08-24' Ôöé '18' Ôöé
Ôöé 22      Ôöé '2022-08-27' Ôöé '18' Ôöé
Ôöé 23      Ôöé '2022-08-31' Ôöé '18' Ôöé
Ôöé 24      Ôöé '2022-09-03' Ôöé '18' Ôöé
Ôöé 25      Ôöé '2022-09-07' Ôöé '18' Ôöé
Ôöé 26      Ôöé '2022-09-10' Ôöé '18' Ôöé
Ôöé 27      Ôöé '2022-09-14' Ôöé '18' Ôöé
Ôöé 28      Ôöé '2022-09-17' Ôöé '18' Ôöé
Ôöé 29      Ôöé '2022-09-21' Ôöé '18' Ôöé
Ôöé 30      Ôöé '2022-09-24' Ôöé '18' Ôöé
Ôöé 31      Ôöé '2022-09-28' Ôöé '18' Ôöé
Ôöé 32      Ôöé '2022-10-01' Ôöé '18' Ôöé
Ôöé 33      Ôöé '2022-10-05' Ôöé '18' Ôöé
Ôöé 34      Ôöé '2022-10-08' Ôöé '18' Ôöé
Ôöé 35      Ôöé '2022-10-12' Ôöé '18' Ôöé
Ôöé 36      Ôöé '2022-10-15' Ôöé '18' Ôöé
Ôöé 37      Ôöé '2022-10-19' Ôöé '18' Ôöé
Ôöé 38      Ôöé '2022-10-22' Ôöé '18' Ôöé
Ôöé 39      Ôöé '2022-10-26' Ôöé '18' Ôöé
Ôöé 40      Ôöé '2022-10-29' Ôöé '18' Ôöé
Ôöé 41      Ôöé '2022-11-02' Ôöé '18' Ôöé
Ôöé 42      Ôöé '2022-11-05' Ôöé '18' Ôöé
Ôöé 43      Ôöé '2022-11-09' Ôöé '18' Ôöé
Ôöé 44      Ôöé '2022-11-12' Ôöé '18' Ôöé
Ôöé 45      Ôöé '2022-11-16' Ôöé '18' Ôöé
Ôöé 46      Ôöé '2022-11-19' Ôöé '18' Ôöé
Ôöé 47      Ôöé '2022-11-23' Ôöé '18' Ôöé
Ôöé 48      Ôöé '2022-11-26' Ôöé '18' Ôöé
Ôöé 49      Ôöé '2022-11-30' Ôöé '18' Ôöé
ÔööÔöÇÔöÇÔöÇÔöÇÔöÇÔöÇÔöÇÔöÇÔöÇÔö┤ÔöÇÔöÇÔöÇÔöÇÔöÇÔöÇÔöÇÔöÇÔöÇÔöÇÔöÇÔöÇÔöÇÔöÇÔö┤ÔöÇÔöÇÔöÇÔöÇÔöÇÔöÇÔöÿ

--- DIAS SEM DOCS MAS COM EXPECTATIVA ---
ÔöîÔöÇÔöÇÔöÇÔöÇÔöÇÔöÇÔöÇÔöÇÔöÇÔö¼ÔöÇÔöÇÔöÇÔöÇÔöÇÔöÇÔöÇÔöÇÔöÇÔöÇÔöÇÔöÇÔöÇÔöÇÔö¼ÔöÇÔöÇÔöÇÔöÇÔöÇÔöÇÔöÇÔöÇÔöÇÔöÇÔöÇÔöÇÔöÇÔöÇÔö¼ÔöÇÔöÇÔöÇÔöÇÔöÇÔöÇÔöÇÔöÇÔöÇÔöÇÔöÇÔöÇÔöÇÔöÇÔöÉ
Ôöé (index) Ôöé date         Ôöé expectedHard Ôöé expectedSoft Ôöé
Ôö£ÔöÇÔöÇÔöÇÔöÇÔöÇÔöÇÔöÇÔöÇÔöÇÔö╝ÔöÇÔöÇÔöÇÔöÇÔöÇÔöÇÔöÇÔöÇÔöÇÔöÇÔöÇÔöÇÔöÇÔöÇÔö╝ÔöÇÔöÇÔöÇÔöÇÔöÇÔöÇÔöÇÔöÇÔöÇÔöÇÔöÇÔöÇÔöÇÔöÇÔö╝ÔöÇÔöÇÔöÇÔöÇÔöÇÔöÇÔöÇÔöÇÔöÇÔöÇÔöÇÔöÇÔöÇÔöÇÔöñ
Ôöé 0       Ôöé '2022-11-02' Ôöé []           Ôöé [ '18' ]     Ôöé
ÔööÔöÇÔöÇÔöÇÔöÇÔöÇÔöÇÔöÇÔöÇÔöÇÔö┤ÔöÇÔöÇÔöÇÔöÇÔöÇÔöÇÔöÇÔöÇÔöÇÔöÇÔöÇÔöÇÔöÇÔöÇÔö┤ÔöÇÔöÇÔöÇÔöÇÔöÇÔöÇÔöÇÔöÇÔöÇÔöÇÔöÇÔöÇÔöÇÔöÇÔö┤ÔöÇÔöÇÔöÇÔöÇÔöÇÔöÇÔöÇÔöÇÔöÇÔöÇÔöÇÔöÇÔöÇÔöÇÔöÿ

--- DUPLICADOS ---
ÔöîÔöÇÔöÇÔöÇÔöÇÔöÇÔöÇÔöÇÔöÇÔöÇÔö¼ÔöÇÔöÇÔöÇÔöÇÔöÇÔöÇÔöÇÔöÇÔöÇÔöÇÔöÇÔöÇÔöÇÔöÇÔö¼ÔöÇÔöÇÔöÇÔöÇÔöÇÔöÇÔöÉ
Ôöé (index) Ôöé date         Ôöé h    Ôöé
Ôö£ÔöÇÔöÇÔöÇÔöÇÔöÇÔöÇÔöÇÔöÇÔöÇÔö╝ÔöÇÔöÇÔöÇÔöÇÔöÇÔöÇÔöÇÔöÇÔöÇÔöÇÔöÇÔöÇÔöÇÔöÇÔö╝ÔöÇÔöÇÔöÇÔöÇÔöÇÔöÇÔöñ
Ôöé 0       Ôöé '2026-03-16' Ôöé '21' Ôöé
ÔööÔöÇÔöÇÔöÇÔöÇÔöÇÔöÇÔöÇÔöÇÔöÇÔö┤ÔöÇÔöÇÔöÇÔöÇÔöÇÔöÇÔöÇÔöÇÔöÇÔöÇÔöÇÔöÇÔöÇÔöÇÔö┤ÔöÇÔöÇÔöÇÔöÇÔöÇÔöÇÔöÿ

--- UNEXPECTED ---
ÔöîÔöÇÔöÇÔöÇÔöÇÔöÇÔöÇÔöÇÔöÇÔöÇÔö¼ÔöÇÔöÇÔöÇÔöÇÔöÇÔöÇÔöÇÔöÇÔöÇÔöÇÔöÇÔöÇÔöÇÔöÇÔö¼ÔöÇÔöÇÔöÇÔöÇÔöÇÔöÇÔöÉ
Ôöé (index) Ôöé date         Ôöé h    Ôöé
Ôö£ÔöÇÔöÇÔöÇÔöÇÔöÇÔöÇÔöÇÔöÇÔöÇÔö╝ÔöÇÔöÇÔöÇÔöÇÔöÇÔöÇÔöÇÔöÇÔöÇÔöÇÔöÇÔöÇÔöÇÔöÇÔö╝ÔöÇÔöÇÔöÇÔöÇÔöÇÔöÇÔöñ
Ôöé 0       Ôöé '2026-01-19' Ôöé '18' Ôöé
Ôöé 1       Ôöé '2026-01-20' Ôöé '18' Ôöé
Ôöé 2       Ôöé '2026-01-22' Ôöé '18' Ôöé
Ôöé 3       Ôöé '2026-01-23' Ôöé '18' Ôöé
Ôöé 4       Ôöé '2026-01-26' Ôöé '18' Ôöé
Ôöé 5       Ôöé '2026-01-27' Ôöé '18' Ôöé
Ôöé 6       Ôöé '2026-01-29' Ôöé '18' Ôöé
Ôöé 7       Ôöé '2026-07-18' Ôöé '19' Ôöé
ÔööÔöÇÔöÇÔöÇÔöÇÔöÇÔöÇÔöÇÔöÇÔöÇÔö┤ÔöÇÔöÇÔöÇÔöÇÔöÇÔöÇÔöÇÔöÇÔöÇÔöÇÔöÇÔöÇÔöÇÔöÇÔö┤ÔöÇÔöÇÔöÇÔöÇÔöÇÔöÇÔöÿ

--- DIAS COM ERRO ---
ÔöîÔöÇÔöÇÔöÇÔöÇÔöÇÔöÇÔöÇÔöÇÔöÇÔöÉ
Ôöé (index) Ôöé
Ôö£ÔöÇÔöÇÔöÇÔöÇÔöÇÔöÇÔöÇÔöÇÔöÇÔöñ
ÔööÔöÇÔöÇÔöÇÔöÇÔöÇÔöÇÔöÇÔöÇÔöÇÔöÿ
