
[RECONCILE] LOOK 2026-01-01
[FETCH] LOOK 2026-01-01 per-lottery=8 -> merged_draws=8 close_hours=[07:00, 09:00, 11:00, 14:00, 16:00, 18:00, 21:00, 23:00]
{
  status: 'OK',
  source: [
    '07:00', '09:00',
    '11:00', '14:00',
    '16:00', '18:00',
    '21:00', '23:00'
  ],
  firestore: [
    '07:00', '09:00',
    '11:00', '14:00',
    '16:00', '18:00',
    '21:00', '23:00'
  ],
  missing: [],
  incomplete: []
}

[RECONCILE] LOOK 2026-01-02
[FETCH] LOOK 2026-01-02 per-lottery=8 -> merged_draws=8 close_hours=[07:00, 09:00, 11:00, 14:00, 16:00, 18:00, 21:00, 23:00]
{
  status: 'OK',
  source: [
    '07:00', '09:00',
    '11:00', '14:00',
    '16:00', '18:00',
    '21:00', '23:00'
  ],
  firestore: [
    '07:00', '09:00',
    '11:00', '14:00',
    '16:00', '18:00',
    '21:00', '23:00'
  ],
  missing: [],
  incomplete: []
}

[RECONCILE] LOOK 2026-01-03
[FETCH] LOOK 2026-01-03 per-lottery=8 -> merged_draws=8 close_hours=[07:00, 09:00, 11:00, 14:00, 16:00, 18:00, 21:00, 23:00]
{
  status: 'OK',
  source: [
    '07:00', '09:00',
    '11:00', '14:00',
    '16:00', '18:00',
    '21:00', '23:00'
  ],
  firestore: [
    '07:00', '09:00',
    '11:00', '14:00',
    '16:00', '18:00',
    '21:00', '23:00'
  ],
  missing: [],
  incomplete: []
}

[RECONCILE] LOOK 2026-01-04
[FETCH] LOOK 2026-01-04 per-lottery=8 -> merged_draws=8 close_hours=[07:00, 09:00, 11:00, 14:00, 16:00, 18:00, 21:00, 23:00]
{
  status: 'OK',
  source: [
    '07:00', '09:00',
    '11:00', '14:00',
    '16:00', '18:00',
    '21:00', '23:00'
  ],
  firestore: [
    '07:00', '09:00',
    '11:00', '14:00',
    '16:00', '18:00',
    '21:00', '23:00'
  ],
  missing: [],
  incomplete: []
}

[RECONCILE] LOOK 2026-01-05
[FETCH] LOOK 2026-01-05 per-lottery=8 -> merged_draws=8 close_hours=[07:00, 09:00, 11:00, 14:00, 16:00, 18:00, 21:00, 23:00]
{
  status: 'OK',
  source: [
    '07:00', '09:00',
    '11:00', '14:00',
    '16:00', '18:00',
    '21:00', '23:00'
  ],
  firestore: [
    '07:00', '09:00',
    '11:00', '14:00',
    '16:00', '18:00',
    '21:00', '23:00'
  ],
  missing: [],
  incomplete: []
}

[RECONCILE] LOOK 2026-01-06
[FETCH] LOOK 2026-01-06 per-lottery=8 -> merged_draws=8 close_hours=[07:00, 09:00, 11:00, 14:00, 16:00, 18:00, 21:00, 23:00]
{
  status: 'OK',
  source: [
    '07:00', '09:00',
    '11:00', '14:00',
    '16:00', '18:00',
    '21:00', '23:00'
  ],
  firestore: [
    '07:00', '09:00',
    '11:00', '14:00',
    '16:00', '18:00',
    '21:00', '23:00'
  ],
  missing: [],
  incomplete: []
}

[RECONCILE] LOOK 2026-01-07
[FETCH] LOOK 2026-01-07 per-lottery=8 -> merged_draws=8 close_hours=[07:00, 09:00, 11:00, 14:00, 16:00, 18:00, 21:00, 23:00]
{
  status: 'OK',
  source: [
    '07:00', '09:00',
    '11:00', '14:00',
    '16:00', '18:00',
    '21:00', '23:00'
  ],
  firestore: [
    '07:00', '09:00',
    '11:00', '14:00',
    '16:00', '18:00',
    '21:00', '23:00'
  ],
  missing: [],
  incomplete: []
}

[RECONCILE] LOOK 2026-01-08
[FETCH] LOOK 2026-01-08 per-lottery=8 -> merged_draws=8 close_hours=[07:00, 09:00, 11:00, 14:00, 16:00, 18:00, 21:00, 23:00]
{
  status: 'OK',
  source: [
    '07:00', '09:00',
    '11:00', '14:00',
    '16:00', '18:00',
    '21:00', '23:00'
  ],
  firestore: [
    '07:00', '09:00',
    '11:00', '14:00',
    '16:00', '18:00',
    '21:00', '23:00'
  ],
  missing: [],
  incomplete: []
}

[RECONCILE] LOOK 2026-01-09
[FETCH] LOOK 2026-01-09 per-lottery=8 -> merged_draws=8 close_hours=[07:00, 09:00, 11:00, 14:00, 16:00, 18:00, 21:00, 23:00]
{
  status: 'OK',
  source: [
    '07:00', '09:00',
    '11:00', '14:00',
    '16:00', '18:00',
    '21:00', '23:00'
  ],
  firestore: [
    '07:00', '09:00',
    '11:00', '14:00',
    '16:00', '18:00',
    '21:00', '23:00'
  ],
  missing: [],
  incomplete: []
}

[RECONCILE] LOOK 2026-01-10
[FETCH] LOOK 2026-01-10 per-lottery=8 -> merged_draws=8 close_hours=[07:00, 09:00, 11:00, 14:00, 16:00, 18:00, 21:00, 23:00]
{
  status: 'OK',
  source: [
    '07:00', '09:00',
    '11:00', '14:00',
    '16:00', '18:00',
    '21:00', '23:00'
  ],
  firestore: [
    '07:00', '09:00',
    '11:00', '14:00',
    '16:00', '18:00',
    '21:00', '23:00'
  ],
  missing: [],
  incomplete: []
}

[RECONCILE] LOOK 2026-01-11
[FETCH] LOOK 2026-01-11 per-lottery=8 -> merged_draws=8 close_hours=[07:00, 09:00, 11:00, 14:00, 16:00, 18:00, 21:00, 23:00]
{
  status: 'OK',
  source: [
    '07:00', '09:00',
    '11:00', '14:00',
    '16:00', '18:00',
    '21:00', '23:00'
  ],
  firestore: [
    '07:00', '09:00',
    '11:00', '14:00',
    '16:00', '18:00',
    '21:00', '23:00'
  ],
  missing: [],
  incomplete: []
}

[RECONCILE] LOOK 2026-01-12
[FETCH] LOOK 2026-01-12 per-lottery=8 -> merged_draws=8 close_hours=[07:00, 09:00, 11:00, 14:00, 16:00, 18:00, 21:00, 23:00]
{
  status: 'OK',
  source: [
    '07:00', '09:00',
    '11:00', '14:00',
    '16:00', '18:00',
    '21:00', '23:00'
  ],
  firestore: [
    '07:00', '09:00',
    '11:00', '14:00',
    '16:00', '18:00',
    '21:00', '23:00'
  ],
  missing: [],
  incomplete: []
}

[RECONCILE] LOOK 2026-01-13
[FETCH] LOOK 2026-01-13 per-lottery=8 -> merged_draws=8 close_hours=[07:00, 09:00, 11:00, 14:00, 16:00, 18:00, 21:00, 23:00]
{
  status: 'OK',
  source: [
    '07:00', '09:00',
    '11:00', '14:00',
    '16:00', '18:00',
    '21:00', '23:00'
  ],
  firestore: [
    '07:00', '09:00',
    '11:00', '14:00',
    '16:00', '18:00',
    '21:00', '23:00'
  ],
  missing: [],
  incomplete: []
}

[RECONCILE] LOOK 2026-01-14
[FETCH] LOOK 2026-01-14 per-lottery=8 -> merged_draws=8 close_hours=[07:00, 09:00, 11:00, 14:00, 16:00, 18:00, 21:00, 23:00]
{
  status: 'OK',
  source: [
    '07:00', '09:00',
    '11:00', '14:00',
    '16:00', '18:00',
    '21:00', '23:00'
  ],
  firestore: [
    '07:00', '09:00',
    '11:00', '14:00',
    '16:00', '18:00',
    '21:00', '23:00'
  ],
  missing: [],
  incomplete: []
}

[RECONCILE] LOOK 2026-01-15
[FETCH] LOOK 2026-01-15 per-lottery=8 -> merged_draws=8 close_hours=[07:00, 09:00, 11:00, 14:00, 16:00, 18:00, 21:00, 23:00]
{
  status: 'OK',
  source: [
    '07:00', '09:00',
    '11:00', '14:00',
    '16:00', '18:00',
    '21:00', '23:00'
  ],
  firestore: [
    '07:00', '09:00',
    '11:00', '14:00',
    '16:00', '18:00',
    '21:00', '23:00'
  ],
  missing: [],
  incomplete: []
}

[RECONCILE] LOOK 2026-01-16
[FETCH] LOOK 2026-01-16 per-lottery=8 -> merged_draws=8 close_hours=[07:00, 09:00, 11:00, 14:00, 16:00, 18:00, 21:00, 23:00]
{
  status: 'OK',
  source: [
    '07:00', '09:00',
    '11:00', '14:00',
    '16:00', '18:00',
    '21:00', '23:00'
  ],
  firestore: [
    '07:00', '09:00',
    '11:00', '14:00',
    '16:00', '18:00',
    '21:00', '23:00'
  ],
  missing: [],
  incomplete: []
}

[RECONCILE] LOOK 2026-01-17
[FETCH] LOOK 2026-01-17 per-lottery=8 -> merged_draws=8 close_hours=[07:00, 09:00, 11:00, 14:00, 16:00, 18:00, 21:00, 23:00]
{
  status: 'OK',
  source: [
    '07:00', '09:00',
    '11:00', '14:00',
    '16:00', '18:00',
    '21:00', '23:00'
  ],
  firestore: [
    '07:00', '09:00',
    '11:00', '14:00',
    '16:00', '18:00',
    '21:00', '23:00'
  ],
  missing: [],
  incomplete: []
}

[RECONCILE] LOOK 2026-01-18
[FETCH] LOOK 2026-01-18 per-lottery=8 -> merged_draws=8 close_hours=[07:00, 09:00, 11:00, 14:00, 16:00, 18:00, 21:00, 23:00]
{
  status: 'OK',
  source: [
    '07:00', '09:00',
    '11:00', '14:00',
    '16:00', '18:00',
    '21:00', '23:00'
  ],
  firestore: [
    '07:00', '09:00',
    '11:00', '14:00',
    '16:00', '18:00',
    '21:00', '23:00'
  ],
  missing: [],
  incomplete: []
}

[RECONCILE] LOOK 2026-01-19
[FETCH] LOOK 2026-01-19 per-lottery=8 -> merged_draws=8 close_hours=[07:00, 09:00, 11:00, 14:00, 16:00, 18:00, 21:00, 23:00]
{
  status: 'OK',
  source: [
    '07:00', '09:00',
    '11:00', '14:00',
    '16:00', '18:00',
    '21:00', '23:00'
  ],
  firestore: [
    '07:00', '09:00',
    '11:00', '14:00',
    '16:00', '18:00',
    '21:00', '23:00'
  ],
  missing: [],
  incomplete: []
}

[RECONCILE] LOOK 2026-01-20
[FETCH] LOOK 2026-01-20 per-lottery=8 -> merged_draws=8 close_hours=[07:00, 09:00, 11:00, 14:00, 16:00, 18:00, 21:00, 23:00]
{
  status: 'OK',
  source: [
    '07:00', '09:00',
    '11:00', '14:00',
    '16:00', '18:00',
    '21:00', '23:00'
  ],
  firestore: [
    '07:00', '09:00',
    '11:00', '14:00',
    '16:00', '18:00',
    '21:00', '23:00'
  ],
  missing: [],
  incomplete: []
}

[RECONCILE] LOOK 2026-01-21
[FETCH] LOOK 2026-01-21 per-lottery=8 -> merged_draws=8 close_hours=[07:00, 09:00, 11:00, 14:00, 16:00, 18:00, 21:00, 23:00]
{
  status: 'OK',
  source: [
    '07:00', '09:00',
    '11:00', '14:00',
    '16:00', '18:00',
    '21:00', '23:00'
  ],
  firestore: [
    '07:00', '09:00',
    '11:00', '14:00',
    '16:00', '18:00',
    '21:00', '23:00'
  ],
  missing: [],
  incomplete: []
}

[RECONCILE] LOOK 2026-01-22
[FETCH] LOOK 2026-01-22 per-lottery=8 -> merged_draws=8 close_hours=[07:00, 09:00, 11:00, 14:00, 16:00, 18:00, 21:00, 23:00]
{
  status: 'OK',
  source: [
    '07:00', '09:00',
    '11:00', '14:00',
    '16:00', '18:00',
    '21:00', '23:00'
  ],
  firestore: [
    '07:00', '09:00',
    '11:00', '14:00',
    '16:00', '18:00',
    '21:00', '23:00'
  ],
  missing: [],
  incomplete: []
}

[RECONCILE] LOOK 2026-01-23
[FETCH] LOOK 2026-01-23 per-lottery=8 -> merged_draws=8 close_hours=[07:00, 09:00, 11:00, 14:00, 16:00, 18:00, 21:00, 23:00]
{
  status: 'OK',
  source: [
    '07:00', '09:00',
    '11:00', '14:00',
    '16:00', '18:00',
    '21:00', '23:00'
  ],
  firestore: [
    '07:00', '09:00',
    '11:00', '14:00',
    '16:00', '18:00',
    '21:00', '23:00'
  ],
  missing: [],
  incomplete: []
}

[RECONCILE] LOOK 2026-01-24
[FETCH] LOOK 2026-01-24 per-lottery=8 -> merged_draws=8 close_hours=[07:00, 09:00, 11:00, 14:00, 16:00, 18:00, 21:00, 23:00]
{
  status: 'OK',
  source: [
    '07:00', '09:00',
    '11:00', '14:00',
    '16:00', '18:00',
    '21:00', '23:00'
  ],
  firestore: [
    '07:00', '09:00',
    '11:00', '14:00',
    '16:00', '18:00',
    '21:00', '23:00'
  ],
  missing: [],
  incomplete: []
}

[RECONCILE] LOOK 2026-01-25
[FETCH] LOOK 2026-01-25 per-lottery=8 -> merged_draws=8 close_hours=[07:00, 09:00, 11:00, 14:00, 16:00, 18:00, 21:00, 23:00]
{
  status: 'OK',
  source: [
    '07:00', '09:00',
    '11:00', '14:00',
    '16:00', '18:00',
    '21:00', '23:00'
  ],
  firestore: [
    '07:00', '09:00',
    '11:00', '14:00',
    '16:00', '18:00',
    '21:00', '23:00'
  ],
  missing: [],
  incomplete: []
}

[RECONCILE] LOOK 2026-01-26
[FETCH] LOOK 2026-01-26 per-lottery=8 -> merged_draws=8 close_hours=[07:00, 09:00, 11:00, 14:00, 16:00, 18:00, 21:00, 23:00]
{
  status: 'OK',
  source: [
    '07:00', '09:00',
    '11:00', '14:00',
    '16:00', '18:00',
    '21:00', '23:00'
  ],
  firestore: [
    '07:00', '09:00',
    '11:00', '14:00',
    '16:00', '18:00',
    '21:00', '23:00'
  ],
  missing: [],
  incomplete: []
}

[RECONCILE] LOOK 2026-01-27
[FETCH] LOOK 2026-01-27 per-lottery=8 -> merged_draws=8 close_hours=[07:00, 09:00, 11:00, 14:00, 16:00, 18:00, 21:00, 23:00]
{
  status: 'OK',
  source: [
    '07:00', '09:00',
    '11:00', '14:00',
    '16:00', '18:00',
    '21:00', '23:00'
  ],
  firestore: [
    '07:00', '09:00',
    '11:00', '14:00',
    '16:00', '18:00',
    '21:00', '23:00'
  ],
  missing: [],
  incomplete: []
}

[RECONCILE] LOOK 2026-01-28
[FETCH] LOOK 2026-01-28 per-lottery=8 -> merged_draws=8 close_hours=[07:00, 09:00, 11:00, 14:00, 16:00, 18:00, 21:00, 23:00]
{
  status: 'OK',
  source: [
    '07:00', '09:00',
    '11:00', '14:00',
    '16:00', '18:00',
    '21:00', '23:00'
  ],
  firestore: [
    '07:00', '09:00',
    '11:00', '14:00',
    '16:00', '18:00',
    '21:00', '23:00'
  ],
  missing: [],
  incomplete: []
}

[RECONCILE] LOOK 2026-01-29
[FETCH] LOOK 2026-01-29 per-lottery=8 -> merged_draws=8 close_hours=[07:00, 09:00, 11:00, 14:00, 16:00, 18:00, 21:00, 23:00]
{
  status: 'OK',
  source: [
    '07:00', '09:00',
    '11:00', '14:00',
    '16:00', '18:00',
    '21:00', '23:00'
  ],
  firestore: [
    '07:00', '09:00',
    '11:00', '14:00',
    '16:00', '18:00',
    '21:00', '23:00'
  ],
  missing: [],
  incomplete: []
}

[RECONCILE] LOOK 2026-01-30
[FETCH] LOOK 2026-01-30 per-lottery=8 -> merged_draws=8 close_hours=[07:00, 09:00, 11:00, 14:00, 16:00, 18:00, 21:00, 23:00]
{
  status: 'OK',
  source: [
    '07:00', '09:00',
    '11:00', '14:00',
    '16:00', '18:00',
    '21:00', '23:00'
  ],
  firestore: [
    '07:00', '09:00',
    '11:00', '14:00',
    '16:00', '18:00',
    '21:00', '23:00'
  ],
  missing: [],
  incomplete: []
}

[RECONCILE] LOOK 2026-01-31
[FETCH] LOOK 2026-01-31 per-lottery=8 -> merged_draws=8 close_hours=[07:00, 09:00, 11:00, 14:00, 16:00, 18:00, 21:00, 23:00]
{
  status: 'OK',
  source: [
    '07:00', '09:00',
    '11:00', '14:00',
    '16:00', '18:00',
    '21:00', '23:00'
  ],
  firestore: [
    '07:00', '09:00',
    '11:00', '14:00',
    '16:00', '18:00',
    '21:00', '23:00'
  ],
  missing: [],
  incomplete: []
}

[RECONCILE] LOOK 2026-02-01
[FETCH] LOOK 2026-02-01 per-lottery=8 -> merged_draws=8 close_hours=[07:00, 09:00, 11:00, 14:00, 16:00, 18:00, 21:00, 23:00]
{
  status: 'OK',
  source: [
    '07:00', '09:00',
    '11:00', '14:00',
    '16:00', '18:00',
    '21:00', '23:00'
  ],
  firestore: [
    '07:00', '09:00',
    '11:00', '14:00',
    '16:00', '18:00',
    '21:00', '23:00'
  ],
  missing: [],
  incomplete: []
}

[RECONCILE] LOOK 2026-02-02
[FETCH] LOOK 2026-02-02 per-lottery=8 -> merged_draws=8 close_hours=[07:00, 09:00, 11:00, 14:00, 16:00, 18:00, 21:00, 23:00]
{
  status: 'OK',
  source: [
    '07:00', '09:00',
    '11:00', '14:00',
    '16:00', '18:00',
    '21:00', '23:00'
  ],
  firestore: [
    '07:00', '09:00',
    '11:00', '14:00',
    '16:00', '18:00',
    '21:00', '23:00'
  ],
  missing: [],
  incomplete: []
}

[RECONCILE] LOOK 2026-02-03
[FETCH] LOOK 2026-02-03 per-lottery=8 -> merged_draws=8 close_hours=[07:00, 09:00, 11:00, 14:00, 16:00, 18:00, 21:00, 23:00]
{
  status: 'OK',
  source: [
    '07:00', '09:00',
    '11:00', '14:00',
    '16:00', '18:00',
    '21:00', '23:00'
  ],
  firestore: [
    '07:00', '09:00',
    '11:00', '14:00',
    '16:00', '18:00',
    '21:00', '23:00'
  ],
  missing: [],
  incomplete: []
}

[RECONCILE] LOOK 2026-02-04
[FETCH] LOOK 2026-02-04 per-lottery=8 -> merged_draws=8 close_hours=[07:00, 09:00, 11:00, 14:00, 16:00, 18:00, 21:00, 23:00]
{
  status: 'OK',
  source: [
    '07:00', '09:00',
    '11:00', '14:00',
    '16:00', '18:00',
    '21:00', '23:00'
  ],
  firestore: [
    '07:00', '09:00',
    '11:00', '14:00',
    '16:00', '18:00',
    '21:00', '23:00'
  ],
  missing: [],
  incomplete: []
}

[RECONCILE] LOOK 2026-02-05
[FETCH] LOOK 2026-02-05 per-lottery=8 -> merged_draws=8 close_hours=[07:00, 09:00, 11:00, 14:00, 16:00, 18:00, 21:00, 23:00]
{
  status: 'OK',
  source: [
    '07:00', '09:00',
    '11:00', '14:00',
    '16:00', '18:00',
    '21:00', '23:00'
  ],
  firestore: [
    '07:00', '09:00',
    '11:00', '14:00',
    '16:00', '18:00',
    '21:00', '23:00'
  ],
  missing: [],
  incomplete: []
}

[RECONCILE] LOOK 2026-02-06
[FETCH] LOOK 2026-02-06 per-lottery=8 -> merged_draws=8 close_hours=[07:00, 09:00, 11:00, 14:00, 16:00, 18:00, 21:00, 23:00]
{
  status: 'OK',
  source: [
    '07:00', '09:00',
    '11:00', '14:00',
    '16:00', '18:00',
    '21:00', '23:00'
  ],
  firestore: [
    '07:00', '09:00',
    '11:00', '14:00',
    '16:00', '18:00',
    '21:00', '23:00'
  ],
  missing: [],
  incomplete: []
}

[RECONCILE] LOOK 2026-02-07
[FETCH] LOOK 2026-02-07 per-lottery=8 -> merged_draws=8 close_hours=[07:00, 09:00, 11:00, 14:00, 16:00, 18:00, 21:00, 23:00]
{
  status: 'OK',
  source: [
    '07:00', '09:00',
    '11:00', '14:00',
    '16:00', '18:00',
    '21:00', '23:00'
  ],
  firestore: [
    '07:00', '09:00',
    '11:00', '14:00',
    '16:00', '18:00',
    '21:00', '23:00'
  ],
  missing: [],
  incomplete: []
}

[RECONCILE] LOOK 2026-02-08
[FETCH] LOOK 2026-02-08 per-lottery=8 -> merged_draws=8 close_hours=[07:00, 09:00, 11:00, 14:00, 16:00, 18:00, 21:00, 23:00]
{
  status: 'OK',
  source: [
    '07:00', '09:00',
    '11:00', '14:00',
    '16:00', '18:00',
    '21:00', '23:00'
  ],
  firestore: [
    '07:00', '09:00',
    '11:00', '14:00',
    '16:00', '18:00',
    '21:00', '23:00'
  ],
  missing: [],
  incomplete: []
}

[RECONCILE] LOOK 2026-02-09
[FETCH] LOOK 2026-02-09 per-lottery=8 -> merged_draws=8 close_hours=[07:00, 09:00, 11:00, 14:00, 16:00, 18:00, 21:00, 23:00]
{
  status: 'OK',
  source: [
    '07:00', '09:00',
    '11:00', '14:00',
    '16:00', '18:00',
    '21:00', '23:00'
  ],
  firestore: [
    '07:00', '09:00',
    '11:00', '14:00',
    '16:00', '18:00',
    '21:00', '23:00'
  ],
  missing: [],
  incomplete: []
}

[RECONCILE] LOOK 2026-02-10
[FETCH] LOOK 2026-02-10 per-lottery=8 -> merged_draws=8 close_hours=[07:00, 09:00, 11:00, 14:00, 16:00, 18:00, 21:00, 23:00]
{
  status: 'OK',
  source: [
    '07:00', '09:00',
    '11:00', '14:00',
    '16:00', '18:00',
    '21:00', '23:00'
  ],
  firestore: [
    '07:00', '09:00',
    '11:00', '14:00',
    '16:00', '18:00',
    '21:00', '23:00'
  ],
  missing: [],
  incomplete: []
}

[RECONCILE] LOOK 2026-02-11
[FETCH] LOOK 2026-02-11 per-lottery=8 -> merged_draws=8 close_hours=[07:00, 09:00, 11:00, 14:00, 16:00, 18:00, 21:00, 23:00]
{
  status: 'OK',
  source: [
    '07:00', '09:00',
    '11:00', '14:00',
    '16:00', '18:00',
    '21:00', '23:00'
  ],
  firestore: [
    '07:00', '09:00',
    '11:00', '14:00',
    '16:00', '18:00',
    '21:00', '23:00'
  ],
  missing: [],
  incomplete: []
}

[RECONCILE] LOOK 2026-02-12
[FETCH] LOOK 2026-02-12 per-lottery=8 -> merged_draws=8 close_hours=[07:00, 09:00, 11:00, 14:00, 16:00, 18:00, 21:00, 23:00]
{
  status: 'OK',
  source: [
    '07:00', '09:00',
    '11:00', '14:00',
    '16:00', '18:00',
    '21:00', '23:00'
  ],
  firestore: [
    '07:00', '09:00',
    '11:00', '14:00',
    '16:00', '18:00',
    '21:00', '23:00'
  ],
  missing: [],
  incomplete: []
}

[RECONCILE] LOOK 2026-02-13
[FETCH] LOOK 2026-02-13 per-lottery=8 -> merged_draws=8 close_hours=[07:00, 09:00, 11:00, 14:00, 16:00, 18:00, 21:00, 23:00]
{
  status: 'OK',
  source: [
    '07:00', '09:00',
    '11:00', '14:00',
    '16:00', '18:00',
    '21:00', '23:00'
  ],
  firestore: [
    '07:00', '09:00',
    '11:00', '14:00',
    '16:00', '18:00',
    '21:00', '23:00'
  ],
  missing: [],
  incomplete: []
}

[RECONCILE] LOOK 2026-02-14
[FETCH] LOOK 2026-02-14 per-lottery=8 -> merged_draws=8 close_hours=[07:00, 09:00, 11:00, 14:00, 16:00, 18:00, 21:00, 23:00]
{
  status: 'OK',
  source: [
    '07:00', '09:00',
    '11:00', '14:00',
    '16:00', '18:00',
    '21:00', '23:00'
  ],
  firestore: [
    '07:00', '09:00',
    '11:00', '14:00',
    '16:00', '18:00',
    '21:00', '23:00'
  ],
  missing: [],
  incomplete: []
}

[RECONCILE] LOOK 2026-02-15
[FETCH] LOOK 2026-02-15 per-lottery=8 -> merged_draws=8 close_hours=[07:00, 09:00, 11:00, 14:00, 16:00, 18:00, 21:00, 23:00]
{
  status: 'OK',
  source: [
    '07:00', '09:00',
    '11:00', '14:00',
    '16:00', '18:00',
    '21:00', '23:00'
  ],
  firestore: [
    '07:00', '09:00',
    '11:00', '14:00',
    '16:00', '18:00',
    '21:00', '23:00'
  ],
  missing: [],
  incomplete: []
}

[RECONCILE] LOOK 2026-02-16
[FETCH] LOOK 2026-02-16 per-lottery=8 -> merged_draws=8 close_hours=[07:00, 09:00, 11:00, 14:00, 16:00, 18:00, 21:00, 23:00]
{
  status: 'OK',
  source: [
    '07:00', '09:00',
    '11:00', '14:00',
    '16:00', '18:00',
    '21:00', '23:00'
  ],
  firestore: [
    '07:00', '09:00',
    '11:00', '14:00',
    '16:00', '18:00',
    '21:00', '23:00'
  ],
  missing: [],
  incomplete: []
}

[RECONCILE] LOOK 2026-02-17
[FETCH] LOOK 2026-02-17 per-lottery=8 -> merged_draws=8 close_hours=[07:00, 09:00, 11:00, 14:00, 16:00, 18:00, 21:00, 23:00]
{
  status: 'OK',
  source: [
    '07:00', '09:00',
    '11:00', '14:00',
    '16:00', '18:00',
    '21:00', '23:00'
  ],
  firestore: [
    '07:00', '09:00',
    '11:00', '14:00',
    '16:00', '18:00',
    '21:00', '23:00'
  ],
  missing: [],
  incomplete: []
}

[RECONCILE] LOOK 2026-02-18
[FETCH] LOOK 2026-02-18 per-lottery=8 -> merged_draws=8 close_hours=[07:00, 09:00, 11:00, 14:00, 16:00, 18:00, 21:00, 23:00]
{
  status: 'OK',
  source: [
    '07:00', '09:00',
    '11:00', '14:00',
    '16:00', '18:00',
    '21:00', '23:00'
  ],
  firestore: [
    '07:00', '09:00',
    '11:00', '14:00',
    '16:00', '18:00',
    '21:00', '23:00'
  ],
  missing: [],
  incomplete: []
}

[RECONCILE] LOOK 2026-02-19
[FETCH] LOOK 2026-02-19 per-lottery=8 -> merged_draws=8 close_hours=[07:00, 09:00, 11:00, 14:00, 16:00, 18:00, 21:00, 23:00]
{
  status: 'OK',
  source: [
    '07:00', '09:00',
    '11:00', '14:00',
    '16:00', '18:00',
    '21:00', '23:00'
  ],
  firestore: [
    '07:00', '09:00',
    '11:00', '14:00',
    '16:00', '18:00',
    '21:00', '23:00'
  ],
  missing: [],
  incomplete: []
}

[RECONCILE] LOOK 2026-02-20
[FETCH] LOOK 2026-02-20 per-lottery=8 -> merged_draws=8 close_hours=[07:00, 09:00, 11:00, 14:00, 16:00, 18:00, 21:00, 23:00]
{
  status: 'OK',
  source: [
    '07:00', '09:00',
    '11:00', '14:00',
    '16:00', '18:00',
    '21:00', '23:00'
  ],
  firestore: [
    '07:00', '09:00',
    '11:00', '14:00',
    '16:00', '18:00',
    '21:00', '23:00'
  ],
  missing: [],
  incomplete: []
}

[RECONCILE] LOOK 2026-02-21
[FETCH] LOOK 2026-02-21 per-lottery=8 -> merged_draws=8 close_hours=[07:00, 09:00, 11:00, 14:00, 16:00, 18:00, 21:00, 23:00]
{
  status: 'OK',
  source: [
    '07:00', '09:00',
    '11:00', '14:00',
    '16:00', '18:00',
    '21:00', '23:00'
  ],
  firestore: [
    '07:00', '09:00',
    '11:00', '14:00',
    '16:00', '18:00',
    '21:00', '23:00'
  ],
  missing: [],
  incomplete: []
}

[RECONCILE] LOOK 2026-02-22
[FETCH] LOOK 2026-02-22 per-lottery=8 -> merged_draws=8 close_hours=[07:00, 09:00, 11:00, 14:00, 16:00, 18:00, 21:00, 23:00]
{
  status: 'OK',
  source: [
    '07:00', '09:00',
    '11:00', '14:00',
    '16:00', '18:00',
    '21:00', '23:00'
  ],
  firestore: [
    '07:00', '09:00',
    '11:00', '14:00',
    '16:00', '18:00',
    '21:00', '23:00'
  ],
  missing: [],
  incomplete: []
}

[RECONCILE] LOOK 2026-02-23
[FETCH] LOOK 2026-02-23 per-lottery=8 -> merged_draws=8 close_hours=[07:00, 09:00, 11:00, 14:00, 16:00, 18:00, 21:00, 23:00]
{
  status: 'OK',
  source: [
    '07:00', '09:00',
    '11:00', '14:00',
    '16:00', '18:00',
    '21:00', '23:00'
  ],
  firestore: [
    '07:00', '09:00',
    '11:00', '14:00',
    '16:00', '18:00',
    '21:00', '23:00'
  ],
  missing: [],
  incomplete: []
}

[RECONCILE] LOOK 2026-02-24
[FETCH] LOOK 2026-02-24 per-lottery=8 -> merged_draws=8 close_hours=[07:00, 09:00, 11:00, 14:00, 16:00, 18:00, 21:00, 23:00]
{
  status: 'OK',
  source: [
    '07:00', '09:00',
    '11:00', '14:00',
    '16:00', '18:00',
    '21:00', '23:00'
  ],
  firestore: [
    '07:00', '09:00',
    '11:00', '14:00',
    '16:00', '18:00',
    '21:00', '23:00'
  ],
  missing: [],
  incomplete: []
}

[RECONCILE] LOOK 2026-02-25
[FETCH] LOOK 2026-02-25 per-lottery=8 -> merged_draws=8 close_hours=[07:00, 09:00, 11:00, 14:00, 16:00, 18:00, 21:00, 23:00]
{
  status: 'OK',
  source: [
    '07:00', '09:00',
    '11:00', '14:00',
    '16:00', '18:00',
    '21:00', '23:00'
  ],
  firestore: [
    '07:00', '09:00',
    '11:00', '14:00',
    '16:00', '18:00',
    '21:00', '23:00'
  ],
  missing: [],
  incomplete: []
}

[RECONCILE] LOOK 2026-02-26
[FETCH] LOOK 2026-02-26 per-lottery=8 -> merged_draws=8 close_hours=[07:00, 09:00, 11:00, 14:00, 16:00, 18:00, 21:00, 23:00]
{
  status: 'OK',
  source: [
    '07:00', '09:00',
    '11:00', '14:00',
    '16:00', '18:00',
    '21:00', '23:00'
  ],
  firestore: [
    '07:00', '09:00',
    '11:00', '14:00',
    '16:00', '18:00',
    '21:00', '23:00'
  ],
  missing: [],
  incomplete: []
}

[RECONCILE] LOOK 2026-02-27
[FETCH] LOOK 2026-02-27 per-lottery=8 -> merged_draws=8 close_hours=[07:00, 09:00, 11:00, 14:00, 16:00, 18:00, 21:00, 23:00]
{
  status: 'OK',
  source: [
    '07:00', '09:00',
    '11:00', '14:00',
    '16:00', '18:00',
    '21:00', '23:00'
  ],
  firestore: [
    '07:00', '09:00',
    '11:00', '14:00',
    '16:00', '18:00',
    '21:00', '23:00'
  ],
  missing: [],
  incomplete: []
}

[RECONCILE] LOOK 2026-02-28
[FETCH] LOOK 2026-02-28 per-lottery=8 -> merged_draws=8 close_hours=[07:00, 09:00, 11:00, 14:00, 16:00, 18:00, 21:00, 23:00]
{
  status: 'OK',
  source: [
    '07:00', '09:00',
    '11:00', '14:00',
    '16:00', '18:00',
    '21:00', '23:00'
  ],
  firestore: [
    '07:00', '09:00',
    '11:00', '14:00',
    '16:00', '18:00',
    '21:00', '23:00'
  ],
  missing: [],
  incomplete: []
}

[RECONCILE] LOOK 2026-03-01
[FETCH] LOOK 2026-03-01 per-lottery=8 -> merged_draws=8 close_hours=[07:00, 09:00, 11:00, 14:00, 16:00, 18:00, 21:00, 23:00]
{
  status: 'OK',
  source: [
    '07:00', '09:00',
    '11:00', '14:00',
    '16:00', '18:00',
    '21:00', '23:00'
  ],
  firestore: [
    '07:00', '09:00',
    '11:00', '14:00',
    '16:00', '18:00',
    '21:00', '23:00'
  ],
  missing: [],
  incomplete: []
}

[RECONCILE] LOOK 2026-03-02
[FETCH] LOOK 2026-03-02 per-lottery=8 -> merged_draws=8 close_hours=[07:00, 09:00, 11:00, 14:00, 16:00, 18:00, 21:00, 23:00]
{
  status: 'OK',
  source: [
    '07:00', '09:00',
    '11:00', '14:00',
    '16:00', '18:00',
    '21:00', '23:00'
  ],
  firestore: [
    '07:00', '09:00',
    '11:00', '14:00',
    '16:00', '18:00',
    '21:00', '23:00'
  ],
  missing: [],
  incomplete: []
}

[RECONCILE] LOOK 2026-03-03
[FETCH] LOOK 2026-03-03 per-lottery=8 -> merged_draws=8 close_hours=[07:00, 09:00, 11:00, 14:00, 16:00, 18:00, 21:00, 23:00]
{
  status: 'OK',
  source: [
    '07:00', '09:00',
    '11:00', '14:00',
    '16:00', '18:00',
    '21:00', '23:00'
  ],
  firestore: [
    '07:00', '09:00',
    '11:00', '14:00',
    '16:00', '18:00',
    '21:00', '23:00'
  ],
  missing: [],
  incomplete: []
}

[RECONCILE] LOOK 2026-03-04
[FETCH] LOOK 2026-03-04 per-lottery=8 -> merged_draws=8 close_hours=[07:00, 09:00, 11:00, 14:00, 16:00, 18:00, 21:00, 23:00]
{
  status: 'OK',
  source: [
    '07:00', '09:00',
    '11:00', '14:00',
    '16:00', '18:00',
    '21:00', '23:00'
  ],
  firestore: [
    '07:00', '09:00',
    '11:00', '14:00',
    '16:00', '18:00',
    '21:00', '23:00'
  ],
  missing: [],
  incomplete: []
}

[RECONCILE] LOOK 2026-03-05
[FETCH] LOOK 2026-03-05 per-lottery=8 -> merged_draws=8 close_hours=[07:00, 09:00, 11:00, 14:00, 16:00, 18:00, 21:00, 23:00]
{
  status: 'OK',
  source: [
    '07:00', '09:00',
    '11:00', '14:00',
    '16:00', '18:00',
    '21:00', '23:00'
  ],
  firestore: [
    '07:00', '09:00',
    '11:00', '14:00',
    '16:00', '18:00',
    '21:00', '23:00'
  ],
  missing: [],
  incomplete: []
}

[RECONCILE] LOOK 2026-03-06
[FETCH] LOOK 2026-03-06 per-lottery=8 -> merged_draws=8 close_hours=[07:00, 09:00, 11:00, 14:00, 16:00, 18:00, 21:00, 23:00]
{
  status: 'OK',
  source: [
    '07:00', '09:00',
    '11:00', '14:00',
    '16:00', '18:00',
    '21:00', '23:00'
  ],
  firestore: [
    '07:00', '09:00',
    '11:00', '14:00',
    '16:00', '18:00',
    '21:00', '23:00'
  ],
  missing: [],
  incomplete: []
}

[RECONCILE] LOOK 2026-03-07
[FETCH] LOOK 2026-03-07 per-lottery=8 -> merged_draws=8 close_hours=[07:00, 09:00, 11:00, 14:00, 16:00, 18:00, 21:00, 23:00]
{
  status: 'OK',
  source: [
    '07:00', '09:00',
    '11:00', '14:00',
    '16:00', '18:00',
    '21:00', '23:00'
  ],
  firestore: [
    '07:00', '09:00',
    '11:00', '14:00',
    '16:00', '18:00',
    '21:00', '23:00'
  ],
  missing: [],
  incomplete: []
}

[RECONCILE] LOOK 2026-03-08
[FETCH] LOOK 2026-03-08 per-lottery=8 -> merged_draws=8 close_hours=[07:00, 09:00, 11:00, 14:00, 16:00, 18:00, 21:00, 23:00]
{
  status: 'OK',
  source: [
    '07:00', '09:00',
    '11:00', '14:00',
    '16:00', '18:00',
    '21:00', '23:00'
  ],
  firestore: [
    '07:00', '09:00',
    '11:00', '14:00',
    '16:00', '18:00',
    '21:00', '23:00'
  ],
  missing: [],
  incomplete: []
}

[RECONCILE] LOOK 2026-03-09
[FETCH] LOOK 2026-03-09 per-lottery=8 -> merged_draws=8 close_hours=[07:00, 09:00, 11:00, 14:00, 16:00, 18:00, 21:00, 23:00]
{
  status: 'OK',
  source: [
    '07:00', '09:00',
    '11:00', '14:00',
    '16:00', '18:00',
    '21:00', '23:00'
  ],
  firestore: [
    '07:00', '09:00',
    '11:00', '14:00',
    '16:00', '18:00',
    '21:00', '23:00'
  ],
  missing: [],
  incomplete: []
}

[RECONCILE] LOOK 2026-03-10
[FETCH] LOOK 2026-03-10 per-lottery=8 -> merged_draws=8 close_hours=[07:00, 09:00, 11:00, 14:00, 16:00, 18:00, 21:00, 23:00]
{
  status: 'OK',
  source: [
    '07:00', '09:00',
    '11:00', '14:00',
    '16:00', '18:00',
    '21:00', '23:00'
  ],
  firestore: [
    '07:00', '09:00',
    '11:00', '14:00',
    '16:00', '18:00',
    '21:00', '23:00'
  ],
  missing: [],
  incomplete: []
}

[RECONCILE] LOOK 2026-03-11
[FETCH] LOOK 2026-03-11 per-lottery=8 -> merged_draws=8 close_hours=[07:00, 09:00, 11:00, 14:00, 16:00, 18:00, 21:00, 23:00]
{
  status: 'OK',
  source: [
    '07:00', '09:00',
    '11:00', '14:00',
    '16:00', '18:00',
    '21:00', '23:00'
  ],
  firestore: [
    '07:00', '09:00',
    '11:00', '14:00',
    '16:00', '18:00',
    '21:00', '23:00'
  ],
  missing: [],
  incomplete: []
}

[RECONCILE] LOOK 2026-03-12
[FETCH] LOOK 2026-03-12 per-lottery=8 -> merged_draws=8 close_hours=[07:00, 09:00, 11:00, 14:00, 16:00, 18:00, 21:00, 23:00]
{
  status: 'OK',
  source: [
    '07:00', '09:00',
    '11:00', '14:00',
    '16:00', '18:00',
    '21:00', '23:00'
  ],
  firestore: [
    '07:00', '09:00',
    '11:00', '14:00',
    '16:00', '18:00',
    '21:00', '23:00'
  ],
  missing: [],
  incomplete: []
}

[RECONCILE] LOOK 2026-03-13
[FETCH] LOOK 2026-03-13 per-lottery=8 -> merged_draws=8 close_hours=[07:00, 09:00, 11:00, 14:00, 16:00, 18:00, 21:00, 23:00]
{
  status: 'OK',
  source: [
    '07:00', '09:00',
    '11:00', '14:00',
    '16:00', '18:00',
    '21:00', '23:00'
  ],
  firestore: [
    '07:00', '09:00',
    '11:00', '14:00',
    '16:00', '18:00',
    '21:00', '23:00'
  ],
  missing: [],
  incomplete: []
}

[RECONCILE] LOOK 2026-03-14
[FETCH] LOOK 2026-03-14 per-lottery=8 -> merged_draws=8 close_hours=[07:00, 09:00, 11:00, 14:00, 16:00, 18:00, 21:00, 23:00]
{
  status: 'OK',
  source: [
    '07:00', '09:00',
    '11:00', '14:00',
    '16:00', '18:00',
    '21:00', '23:00'
  ],
  firestore: [
    '07:00', '09:00',
    '11:00', '14:00',
    '16:00', '18:00',
    '21:00', '23:00'
  ],
  missing: [],
  incomplete: []
}

[RECONCILE] LOOK 2026-03-15
[FETCH] LOOK 2026-03-15 per-lottery=8 -> merged_draws=8 close_hours=[07:00, 09:00, 11:00, 14:00, 16:00, 18:00, 21:00, 23:00]
{
  status: 'OK',
  source: [
    '07:00', '09:00',
    '11:00', '14:00',
    '16:00', '18:00',
    '21:00', '23:00'
  ],
  firestore: [
    '07:00', '09:00',
    '11:00', '14:00',
    '16:00', '18:00',
    '21:00', '23:00'
  ],
  missing: [],
  incomplete: []
}

[RECONCILE] LOOK 2026-03-16
[FETCH] LOOK 2026-03-16 per-lottery=8 -> merged_draws=8 close_hours=[07:00, 09:00, 11:00, 14:00, 16:00, 18:00, 21:00, 23:00]
{
  status: 'OK',
  source: [
    '07:00', '09:00',
    '11:00', '14:00',
    '16:00', '18:00',
    '21:00', '23:00'
  ],
  firestore: [
    '07:00', '09:00',
    '11:00', '14:00',
    '16:00', '18:00',
    '21:00', '23:00'
  ],
  missing: [],
  incomplete: []
}

[RECONCILE] LOOK 2026-03-17
[FETCH] LOOK 2026-03-17 per-lottery=8 -> merged_draws=8 close_hours=[07:00, 09:00, 11:00, 14:00, 16:00, 18:00, 21:00, 23:00]
{
  status: 'OK',
  source: [
    '07:00', '09:00',
    '11:00', '14:00',
    '16:00', '18:00',
    '21:00', '23:00'
  ],
  firestore: [
    '07:00', '09:00',
    '11:00', '14:00',
    '16:00', '18:00',
    '21:00', '23:00'
  ],
  missing: [],
  incomplete: []
}

[RECONCILE] LOOK 2026-03-18
[FETCH] LOOK 2026-03-18 per-lottery=8 -> merged_draws=8 close_hours=[07:00, 09:00, 11:00, 14:00, 16:00, 18:00, 21:00, 23:00]
{
  status: 'OK',
  source: [
    '07:00', '09:00',
    '11:00', '14:00',
    '16:00', '18:00',
    '21:00', '23:00'
  ],
  firestore: [
    '07:00', '09:00',
    '11:00', '14:00',
    '16:00', '18:00',
    '21:00', '23:00'
  ],
  missing: [],
  incomplete: []
}

[RECONCILE] LOOK 2026-03-19
[FETCH] LOOK 2026-03-19 per-lottery=8 -> merged_draws=8 close_hours=[07:00, 09:00, 11:00, 14:00, 16:00, 18:00, 21:00, 23:00]
{
  status: 'OK',
  source: [
    '07:00', '09:00',
    '11:00', '14:00',
    '16:00', '18:00',
    '21:00', '23:00'
  ],
  firestore: [
    '07:00', '09:00',
    '11:00', '14:00',
    '16:00', '18:00',
    '21:00', '23:00'
  ],
  missing: [],
  incomplete: []
}

[RECONCILE] LOOK 2026-03-20
[FETCH] LOOK 2026-03-20 per-lottery=8 -> merged_draws=8 close_hours=[07:00, 09:00, 11:00, 14:00, 16:00, 18:00, 21:00, 23:00]
{
  status: 'OK',
  source: [
    '07:00', '09:00',
    '11:00', '14:00',
    '16:00', '18:00',
    '21:00', '23:00'
  ],
  firestore: [
    '07:00', '09:00',
    '11:00', '14:00',
    '16:00', '18:00',
    '21:00', '23:00'
  ],
  missing: [],
  incomplete: []
}

[RECONCILE] LOOK 2026-03-21
[FETCH] LOOK 2026-03-21 per-lottery=8 -> merged_draws=8 close_hours=[07:00, 09:00, 11:00, 14:00, 16:00, 18:00, 21:00, 23:00]
{
  status: 'OK',
  source: [
    '07:00', '09:00',
    '11:00', '14:00',
    '16:00', '18:00',
    '21:00', '23:00'
  ],
  firestore: [
    '07:00', '09:00',
    '11:00', '14:00',
    '16:00', '18:00',
    '21:00', '23:00'
  ],
  missing: [],
  incomplete: []
}

[RECONCILE] LOOK 2026-03-22
[FETCH] LOOK 2026-03-22 per-lottery=8 -> merged_draws=8 close_hours=[07:00, 09:00, 11:00, 14:00, 16:00, 18:00, 21:00, 23:00]
{
  status: 'OK',
  source: [
    '07:00', '09:00',
    '11:00', '14:00',
    '16:00', '18:00',
    '21:00', '23:00'
  ],
  firestore: [
    '07:00', '09:00',
    '11:00', '14:00',
    '16:00', '18:00',
    '21:00', '23:00'
  ],
  missing: [],
  incomplete: []
}

[RECONCILE] LOOK 2026-03-23
[FETCH] LOOK 2026-03-23 per-lottery=8 -> merged_draws=8 close_hours=[07:00, 09:00, 11:00, 14:00, 16:00, 18:00, 21:00, 23:00]
{
  status: 'OK',
  source: [
    '07:00', '09:00',
    '11:00', '14:00',
    '16:00', '18:00',
    '21:00', '23:00'
  ],
  firestore: [
    '07:00', '09:00',
    '11:00', '14:00',
    '16:00', '18:00',
    '21:00', '23:00'
  ],
  missing: [],
  incomplete: []
}

[RECONCILE] LOOK 2026-03-24
[FETCH] LOOK 2026-03-24 per-lottery=8 -> merged_draws=8 close_hours=[07:00, 09:00, 11:00, 14:00, 16:00, 18:00, 21:00, 23:00]
{
  status: 'OK',
  source: [
    '07:00', '09:00',
    '11:00', '14:00',
    '16:00', '18:00',
    '21:00', '23:00'
  ],
  firestore: [
    '07:00', '09:00',
    '11:00', '14:00',
    '16:00', '18:00',
    '21:00', '23:00'
  ],
  missing: [],
  incomplete: []
}

[RECONCILE] LOOK 2026-03-25
[FETCH] LOOK 2026-03-25 per-lottery=8 -> merged_draws=8 close_hours=[07:00, 09:00, 11:00, 14:00, 16:00, 18:00, 21:00, 23:00]
{
  status: 'OK',
  source: [
    '07:00', '09:00',
    '11:00', '14:00',
    '16:00', '18:00',
    '21:00', '23:00'
  ],
  firestore: [
    '07:00', '09:00',
    '11:00', '14:00',
    '16:00', '18:00',
    '21:00', '23:00'
  ],
  missing: [],
  incomplete: []
}

[RECONCILE] LOOK 2026-03-26
[FETCH] LOOK 2026-03-26 per-lottery=8 -> merged_draws=8 close_hours=[07:00, 09:00, 11:00, 14:00, 16:00, 18:00, 21:00, 23:00]
{
  status: 'OK',
  source: [
    '07:00', '09:00',
    '11:00', '14:00',
    '16:00', '18:00',
    '21:00', '23:00'
  ],
  firestore: [
    '07:00', '09:00',
    '11:00', '14:00',
    '16:00', '18:00',
    '21:00', '23:00'
  ],
  missing: [],
  incomplete: []
}

[RECONCILE] LOOK 2026-03-27
[FETCH] LOOK 2026-03-27 per-lottery=8 -> merged_draws=8 close_hours=[07:00, 09:00, 11:00, 14:00, 16:00, 18:00, 21:00, 23:00]
{
  status: 'OK',
  source: [
    '07:00', '09:00',
    '11:00', '14:00',
    '16:00', '18:00',
    '21:00', '23:00'
  ],
  firestore: [
    '07:00', '09:00',
    '11:00', '14:00',
    '16:00', '18:00',
    '21:00', '23:00'
  ],
  missing: [],
  incomplete: []
}

[RECONCILE] LOOK 2026-03-28
[FETCH] LOOK 2026-03-28 per-lottery=8 -> merged_draws=8 close_hours=[07:00, 09:00, 11:00, 14:00, 16:00, 18:00, 21:00, 23:00]
{
  status: 'OK',
  source: [
    '07:00', '09:00',
    '11:00', '14:00',
    '16:00', '18:00',
    '21:00', '23:00'
  ],
  firestore: [
    '07:00', '09:00',
    '11:00', '14:00',
    '16:00', '18:00',
    '21:00', '23:00'
  ],
  missing: [],
  incomplete: []
}

[RECONCILE] LOOK 2026-03-29
[FETCH] LOOK 2026-03-29 per-lottery=8 -> merged_draws=8 close_hours=[07:00, 09:00, 11:00, 14:00, 16:00, 18:00, 21:00, 23:00]
{
  status: 'OK',
  source: [
    '07:00', '09:00',
    '11:00', '14:00',
    '16:00', '18:00',
    '21:00', '23:00'
  ],
  firestore: [
    '07:00', '09:00',
    '11:00', '14:00',
    '16:00', '18:00',
    '21:00', '23:00'
  ],
  missing: [],
  incomplete: []
}

[RECONCILE] LOOK 2026-03-30
[FETCH] LOOK 2026-03-30 per-lottery=8 -> merged_draws=8 close_hours=[07:00, 09:00, 11:00, 14:00, 16:00, 18:00, 21:00, 23:00]
{
  status: 'OK',
  source: [
    '07:00', '09:00',
    '11:00', '14:00',
    '16:00', '18:00',
    '21:00', '23:00'
  ],
  firestore: [
    '07:00', '09:00',
    '11:00', '14:00',
    '16:00', '18:00',
    '21:00', '23:00'
  ],
  missing: [],
  incomplete: []
}

[RECONCILE] LOOK 2026-03-31
[FETCH] LOOK 2026-03-31 per-lottery=8 -> merged_draws=8 close_hours=[07:00, 09:00, 11:00, 14:00, 16:00, 18:00, 21:00, 23:00]
{
  status: 'OK',
  source: [
    '07:00', '09:00',
    '11:00', '14:00',
    '16:00', '18:00',
    '21:00', '23:00'
  ],
  firestore: [
    '07:00', '09:00',
    '11:00', '14:00',
    '16:00', '18:00',
    '21:00', '23:00'
  ],
  missing: [],
  incomplete: []
}

[RECONCILE] LOOK 2026-04-01
[FETCH] LOOK 2026-04-01 per-lottery=8 -> merged_draws=8 close_hours=[07:00, 09:00, 11:00, 14:00, 16:00, 18:00, 21:00, 23:00]
{
  status: 'OK',
  source: [
    '07:00', '09:00',
    '11:00', '14:00',
    '16:00', '18:00',
    '21:00', '23:00'
  ],
  firestore: [
    '07:00', '09:00',
    '11:00', '14:00',
    '16:00', '18:00',
    '21:00', '23:00'
  ],
  missing: [],
  incomplete: []
}

[RECONCILE] LOOK 2026-04-02
[FETCH] LOOK 2026-04-02 per-lottery=8 -> merged_draws=8 close_hours=[07:00, 09:00, 11:00, 14:00, 16:00, 18:00, 21:00, 23:00]
{
  status: 'OK',
  source: [
    '07:00', '09:00',
    '11:00', '14:00',
    '16:00', '18:00',
    '21:00', '23:00'
  ],
  firestore: [
    '07:00', '09:00',
    '11:00', '14:00',
    '16:00', '18:00',
    '21:00', '23:00'
  ],
  missing: [],
  incomplete: []
}

[RECONCILE] LOOK 2026-04-03
[FETCH] LOOK 2026-04-03 per-lottery=8 -> merged_draws=8 close_hours=[07:00, 09:00, 11:00, 14:00, 16:00, 18:00, 21:00, 23:00]
{
  status: 'OK',
  source: [
    '07:00', '09:00',
    '11:00', '14:00',
    '16:00', '18:00',
    '21:00', '23:00'
  ],
  firestore: [
    '07:00', '09:00',
    '11:00', '14:00',
    '16:00', '18:00',
    '21:00', '23:00'
  ],
  missing: [],
  incomplete: []
}

[RECONCILE] LOOK 2026-04-04
[FETCH] LOOK 2026-04-04 per-lottery=8 -> merged_draws=8 close_hours=[07:00, 09:00, 11:00, 14:00, 16:00, 18:00, 21:00, 23:00]
{
  status: 'OK',
  source: [
    '07:00', '09:00',
    '11:00', '14:00',
    '16:00', '18:00',
    '21:00', '23:00'
  ],
  firestore: [
    '07:00', '09:00',
    '11:00', '14:00',
    '16:00', '18:00',
    '21:00', '23:00'
  ],
  missing: [],
  incomplete: []
}

[RECONCILE] LOOK 2026-04-05
[FETCH] LOOK 2026-04-05 per-lottery=8 -> merged_draws=8 close_hours=[07:00, 09:00, 11:00, 14:00, 16:00, 18:00, 21:00, 23:00]
{
  status: 'OK',
  source: [
    '07:00', '09:00',
    '11:00', '14:00',
    '16:00', '18:00',
    '21:00', '23:00'
  ],
  firestore: [
    '07:00', '09:00',
    '11:00', '14:00',
    '16:00', '18:00',
    '21:00', '23:00'
  ],
  missing: [],
  incomplete: []
}

[RECONCILE] LOOK 2026-04-06
[FETCH] LOOK 2026-04-06 per-lottery=8 -> merged_draws=8 close_hours=[07:00, 09:00, 11:00, 14:00, 16:00, 18:00, 21:00, 23:00]
{
  status: 'OK',
  source: [
    '07:00', '09:00',
    '11:00', '14:00',
    '16:00', '18:00',
    '21:00', '23:00'
  ],
  firestore: [
    '07:00', '09:00',
    '11:00', '14:00',
    '16:00', '18:00',
    '21:00', '23:00'
  ],
  missing: [],
  incomplete: []
}

[RECONCILE] LOOK 2026-04-07
[FETCH] LOOK 2026-04-07 per-lottery=8 -> merged_draws=8 close_hours=[07:00, 09:00, 11:00, 14:00, 16:00, 18:00, 21:00, 23:00]
{
  status: 'OK',
  source: [
    '07:00', '09:00',
    '11:00', '14:00',
    '16:00', '18:00',
    '21:00', '23:00'
  ],
  firestore: [
    '07:00', '09:00',
    '11:00', '14:00',
    '16:00', '18:00',
    '21:00', '23:00'
  ],
  missing: [],
  incomplete: []
}

[RECONCILE] LOOK 2026-04-08
[FETCH] LOOK 2026-04-08 per-lottery=8 -> merged_draws=8 close_hours=[07:00, 09:00, 11:00, 14:00, 16:00, 18:00, 21:00, 23:00]
{
  status: 'OK',
  source: [
    '07:00', '09:00',
    '11:00', '14:00',
    '16:00', '18:00',
    '21:00', '23:00'
  ],
  firestore: [
    '07:00', '09:00',
    '11:00', '14:00',
    '16:00', '18:00',
    '21:00', '23:00'
  ],
  missing: [],
  incomplete: []
}

[RECONCILE] LOOK 2026-04-09
[FETCH] LOOK 2026-04-09 per-lottery=8 -> merged_draws=8 close_hours=[07:00, 09:00, 11:00, 14:00, 16:00, 18:00, 21:00, 23:00]
{
  status: 'OK',
  source: [
    '07:00', '09:00',
    '11:00', '14:00',
    '16:00', '18:00',
    '21:00', '23:00'
  ],
  firestore: [
    '07:00', '09:00',
    '11:00', '14:00',
    '16:00', '18:00',
    '21:00', '23:00'
  ],
  missing: [],
  incomplete: []
}

[RECONCILE] LOOK 2026-04-10
[FETCH] LOOK 2026-04-10 per-lottery=8 -> merged_draws=8 close_hours=[07:00, 09:00, 11:00, 14:00, 16:00, 18:00, 21:00, 23:00]
{
  status: 'OK',
  source: [
    '07:00', '09:00',
    '11:00', '14:00',
    '16:00', '18:00',
    '21:00', '23:00'
  ],
  firestore: [
    '07:00', '09:00',
    '11:00', '14:00',
    '16:00', '18:00',
    '21:00', '23:00'
  ],
  missing: [],
  incomplete: []
}

[RECONCILE] LOOK 2026-04-11
[FETCH] LOOK 2026-04-11 per-lottery=8 -> merged_draws=8 close_hours=[07:00, 09:00, 11:00, 14:00, 16:00, 18:00, 21:00, 23:00]
{
  status: 'OK',
  source: [
    '07:00', '09:00',
    '11:00', '14:00',
    '16:00', '18:00',
    '21:00', '23:00'
  ],
  firestore: [
    '07:00', '09:00',
    '11:00', '14:00',
    '16:00', '18:00',
    '21:00', '23:00'
  ],
  missing: [],
  incomplete: []
}

[RECONCILE] LOOK 2026-04-12
[FETCH] LOOK 2026-04-12 per-lottery=8 -> merged_draws=8 close_hours=[07:00, 09:00, 11:00, 14:00, 16:00, 18:00, 21:00, 23:00]
{
  status: 'OK',
  source: [
    '07:00', '09:00',
    '11:00', '14:00',
    '16:00', '18:00',
    '21:00', '23:00'
  ],
  firestore: [
    '07:00', '09:00',
    '11:00', '14:00',
    '16:00', '18:00',
    '21:00', '23:00'
  ],
  missing: [],
  incomplete: []
}

[RECONCILE] LOOK 2026-04-13
[FETCH] LOOK 2026-04-13 per-lottery=8 -> merged_draws=8 close_hours=[07:00, 09:00, 11:00, 14:00, 16:00, 18:00, 21:00, 23:00]
{
  status: 'OK',
  source: [
    '07:00', '09:00',
    '11:00', '14:00',
    '16:00', '18:00',
    '21:00', '23:00'
  ],
  firestore: [
    '07:00', '09:00',
    '11:00', '14:00',
    '16:00', '18:00',
    '21:00', '23:00'
  ],
  missing: [],
  incomplete: []
}

[RECONCILE] LOOK 2026-04-14
[FETCH] LOOK 2026-04-14 per-lottery=8 -> merged_draws=8 close_hours=[07:00, 09:00, 11:00, 14:00, 16:00, 18:00, 21:00, 23:00]
{
  status: 'OK',
  source: [
    '07:00', '09:00',
    '11:00', '14:00',
    '16:00', '18:00',
    '21:00', '23:00'
  ],
  firestore: [
    '07:00', '09:00',
    '11:00', '14:00',
    '16:00', '18:00',
    '21:00', '23:00'
  ],
  missing: [],
  incomplete: []
}

[RECONCILE] LOOK 2026-04-15
[FETCH] LOOK 2026-04-15 per-lottery=8 -> merged_draws=8 close_hours=[07:00, 09:00, 11:00, 14:00, 16:00, 18:00, 21:00, 23:00]
{
  status: 'OK',
  source: [
    '07:00', '09:00',
    '11:00', '14:00',
    '16:00', '18:00',
    '21:00', '23:00'
  ],
  firestore: [
    '07:00', '09:00',
    '11:00', '14:00',
    '16:00', '18:00',
    '21:00', '23:00'
  ],
  missing: [],
  incomplete: []
}

[RECONCILE] LOOK 2026-04-16
[FETCH] LOOK 2026-04-16 per-lottery=8 -> merged_draws=8 close_hours=[07:00, 09:00, 11:00, 14:00, 16:00, 18:00, 21:00, 23:00]
{
  status: 'OK',
  source: [
    '07:00', '09:00',
    '11:00', '14:00',
    '16:00', '18:00',
    '21:00', '23:00'
  ],
  firestore: [
    '07:00', '09:00',
    '11:00', '14:00',
    '16:00', '18:00',
    '21:00', '23:00'
  ],
  missing: [],
  incomplete: []
}

[RECONCILE] LOOK 2026-04-17
[FETCH] LOOK 2026-04-17 per-lottery=8 -> merged_draws=8 close_hours=[07:00, 09:00, 11:00, 14:00, 16:00, 18:00, 21:00, 23:00]
{
  status: 'OK',
  source: [
    '07:00', '09:00',
    '11:00', '14:00',
    '16:00', '18:00',
    '21:00', '23:00'
  ],
  firestore: [
    '07:00', '09:00',
    '11:00', '14:00',
    '16:00', '18:00',
    '21:00', '23:00'
  ],
  missing: [],
  incomplete: []
}

[RECONCILE] LOOK 2026-04-18
[FETCH] LOOK 2026-04-18 per-lottery=8 -> merged_draws=8 close_hours=[07:00, 09:00, 11:00, 14:00, 16:00, 18:00, 21:00, 23:00]
{
  status: 'OK',
  source: [
    '07:00', '09:00',
    '11:00', '14:00',
    '16:00', '18:00',
    '21:00', '23:00'
  ],
  firestore: [
    '07:00', '09:00',
    '11:00', '14:00',
    '16:00', '18:00',
    '21:00', '23:00'
  ],
  missing: [],
  incomplete: []
}

[RECONCILE] LOOK 2026-04-19
[FETCH] LOOK 2026-04-19 per-lottery=8 -> merged_draws=8 close_hours=[07:00, 09:00, 11:00, 14:00, 16:00, 18:00, 21:00, 23:00]
{
  status: 'OK',
  source: [
    '07:00', '09:00',
    '11:00', '14:00',
    '16:00', '18:00',
    '21:00', '23:00'
  ],
  firestore: [
    '07:00', '09:00',
    '11:00', '14:00',
    '16:00', '18:00',
    '21:00', '23:00'
  ],
  missing: [],
  incomplete: []
}

[RECONCILE] LOOK 2026-04-20
[FETCH] LOOK 2026-04-20 per-lottery=8 -> merged_draws=8 close_hours=[07:00, 09:00, 11:00, 14:00, 16:00, 18:00, 21:00, 23:00]
{
  status: 'OK',
  source: [
    '07:00', '09:00',
    '11:00', '14:00',
    '16:00', '18:00',
    '21:00', '23:00'
  ],
  firestore: [
    '07:00', '09:00',
    '11:00', '14:00',
    '16:00', '18:00',
    '21:00', '23:00'
  ],
  missing: [],
  incomplete: []
}

[RECONCILE] LOOK 2026-04-21
[FETCH] LOOK 2026-04-21 per-lottery=8 -> merged_draws=8 close_hours=[07:00, 09:00, 11:00, 14:00, 16:00, 18:00, 21:00, 23:00]
{
  status: 'OK',
  source: [
    '07:00', '09:00',
    '11:00', '14:00',
    '16:00', '18:00',
    '21:00', '23:00'
  ],
  firestore: [
    '07:00', '09:00',
    '11:00', '14:00',
    '16:00', '18:00',
    '21:00', '23:00'
  ],
  missing: [],
  incomplete: []
}

[RECONCILE] LOOK 2026-04-22
[FETCH] LOOK 2026-04-22 per-lottery=8 -> merged_draws=8 close_hours=[07:00, 09:00, 11:00, 14:00, 16:00, 18:00, 21:00, 23:00]
{
  status: 'OK',
  source: [
    '07:00', '09:00',
    '11:00', '14:00',
    '16:00', '18:00',
    '21:00', '23:00'
  ],
  firestore: [
    '07:00', '09:00',
    '11:00', '14:00',
    '16:00', '18:00',
    '21:00', '23:00'
  ],
  missing: [],
  incomplete: []
}

[RECONCILE] LOOK 2026-04-23
[FETCH] LOOK 2026-04-23 per-lottery=8 -> merged_draws=8 close_hours=[07:00, 09:00, 11:00, 14:00, 16:00, 18:00, 21:00, 23:00]
{
  status: 'OK',
  source: [
    '07:00', '09:00',
    '11:00', '14:00',
    '16:00', '18:00',
    '21:00', '23:00'
  ],
  firestore: [
    '07:00', '09:00',
    '11:00', '14:00',
    '16:00', '18:00',
    '21:00', '23:00'
  ],
  missing: [],
  incomplete: []
}

[RECONCILE] LOOK 2026-04-24
[FETCH] LOOK 2026-04-24 per-lottery=8 -> merged_draws=8 close_hours=[07:00, 09:00, 11:00, 14:00, 16:00, 18:00, 21:00, 23:00]
{
  status: 'OK',
  source: [
    '07:00', '09:00',
    '11:00', '14:00',
    '16:00', '18:00',
    '21:00', '23:00'
  ],
  firestore: [
    '07:00', '09:00',
    '11:00', '14:00',
    '16:00', '18:00',
    '21:00', '23:00'
  ],
  missing: [],
  incomplete: []
}

[RECONCILE] LOOK 2026-04-25
[FETCH] LOOK 2026-04-25 per-lottery=8 -> merged_draws=8 close_hours=[07:00, 09:00, 11:00, 14:00, 16:00, 18:00, 21:00, 23:00]
{
  status: 'OK',
  source: [
    '07:00', '09:00',
    '11:00', '14:00',
    '16:00', '18:00',
    '21:00', '23:00'
  ],
  firestore: [
    '07:00', '09:00',
    '11:00', '14:00',
    '16:00', '18:00',
    '21:00', '23:00'
  ],
  missing: [],
  incomplete: []
}

[RECONCILE] LOOK 2026-04-26
[FETCH] LOOK 2026-04-26 per-lottery=8 -> merged_draws=8 close_hours=[07:00, 09:00, 11:00, 14:00, 16:00, 18:00, 21:00, 23:00]
{
  status: 'OK',
  source: [
    '07:00', '09:00',
    '11:00', '14:00',
    '16:00', '18:00',
    '21:00', '23:00'
  ],
  firestore: [
    '07:00', '09:00',
    '11:00', '14:00',
    '16:00', '18:00',
    '21:00', '23:00'
  ],
  missing: [],
  incomplete: []
}

[RECONCILE] LOOK 2026-04-27
[FETCH] LOOK 2026-04-27 per-lottery=8 -> merged_draws=8 close_hours=[07:00, 09:00, 11:00, 14:00, 16:00, 18:00, 21:00, 23:00]
{
  status: 'OK',
  source: [
    '07:00', '09:00',
    '11:00', '14:00',
    '16:00', '18:00',
    '21:00', '23:00'
  ],
  firestore: [
    '07:00', '09:00',
    '11:00', '14:00',
    '16:00', '18:00',
    '21:00', '23:00'
  ],
  missing: [],
  incomplete: []
}

[RECONCILE] LOOK 2026-04-28
[FETCH] LOOK 2026-04-28 per-lottery=8 -> merged_draws=8 close_hours=[07:00, 09:00, 11:00, 14:00, 16:00, 18:00, 21:00, 23:00]
{
  status: 'OK',
  source: [
    '07:00', '09:00',
    '11:00', '14:00',
    '16:00', '18:00',
    '21:00', '23:00'
  ],
  firestore: [
    '07:00', '09:00',
    '11:00', '14:00',
    '16:00', '18:00',
    '21:00', '23:00'
  ],
  missing: [],
  incomplete: []
}

[RECONCILE] LOOK 2026-04-29
[FETCH] LOOK 2026-04-29 per-lottery=8 -> merged_draws=8 close_hours=[07:00, 09:00, 11:00, 14:00, 16:00, 18:00, 21:00, 23:00]
{
  status: 'OK',
  source: [
    '07:00', '09:00',
    '11:00', '14:00',
    '16:00', '18:00',
    '21:00', '23:00'
  ],
  firestore: [
    '07:00', '09:00',
    '11:00', '14:00',
    '16:00', '18:00',
    '21:00', '23:00'
  ],
  missing: [],
  incomplete: []
}

[RECONCILE] LOOK 2026-04-30
[FETCH] LOOK 2026-04-30 per-lottery=8 -> merged_draws=8 close_hours=[07:00, 09:00, 11:00, 14:00, 16:00, 18:00, 21:00, 23:00]
{
  status: 'OK',
  source: [
    '07:00', '09:00',
    '11:00', '14:00',
    '16:00', '18:00',
    '21:00', '23:00'
  ],
  firestore: [
    '07:00', '09:00',
    '11:00', '14:00',
    '16:00', '18:00',
    '21:00', '23:00'
  ],
  missing: [],
  incomplete: []
}

[RECONCILE] LOOK 2026-05-01
[FETCH] LOOK 2026-05-01 per-lottery=8 -> merged_draws=8 close_hours=[07:00, 09:00, 11:00, 14:00, 16:00, 18:00, 21:00, 23:00]
{
  status: 'OK',
  source: [
    '07:00', '09:00',
    '11:00', '14:00',
    '16:00', '18:00',
    '21:00', '23:00'
  ],
  firestore: [
    '07:00', '09:00',
    '11:00', '14:00',
    '16:00', '18:00',
    '21:00', '23:00'
  ],
  missing: [],
  incomplete: []
}

[RECONCILE] LOOK 2026-05-02
[FETCH] LOOK 2026-05-02 per-lottery=8 -> merged_draws=8 close_hours=[07:00, 09:00, 11:00, 14:00, 16:00, 18:00, 21:00, 23:00]
{
  status: 'OK',
  source: [
    '07:00', '09:00',
    '11:00', '14:00',
    '16:00', '18:00',
    '21:00', '23:00'
  ],
  firestore: [
    '07:00', '09:00',
    '11:00', '14:00',
    '16:00', '18:00',
    '21:00', '23:00'
  ],
  missing: [],
  incomplete: []
}

[RECONCILE] LOOK 2026-05-03
[FETCH] LOOK 2026-05-03 per-lottery=8 -> merged_draws=8 close_hours=[07:00, 09:00, 11:00, 14:00, 16:00, 18:00, 21:00, 23:00]
{
  status: 'OK',
  source: [
    '07:00', '09:00',
    '11:00', '14:00',
    '16:00', '18:00',
    '21:00', '23:00'
  ],
  firestore: [
    '07:00', '09:00',
    '11:00', '14:00',
    '16:00', '18:00',
    '21:00', '23:00'
  ],
  missing: [],
  incomplete: []
}

[RECONCILE] LOOK 2026-05-04
[FETCH] LOOK 2026-05-04 per-lottery=8 -> merged_draws=8 close_hours=[07:00, 09:00, 11:00, 14:00, 16:00, 18:00, 21:00, 23:00]
{
  status: 'OK',
  source: [
    '07:00', '09:00',
    '11:00', '14:00',
    '16:00', '18:00',
    '21:00', '23:00'
  ],
  firestore: [
    '07:00', '09:00',
    '11:00', '14:00',
    '16:00', '18:00',
    '21:00', '23:00'
  ],
  missing: [],
  incomplete: []
}

[RECONCILE] LOOK 2026-05-05
[FETCH] LOOK 2026-05-05 per-lottery=8 -> merged_draws=8 close_hours=[07:00, 09:00, 11:00, 14:00, 16:00, 18:00, 21:00, 23:00]
{
  status: 'OK',
  source: [
    '07:00', '09:00',
    '11:00', '14:00',
    '16:00', '18:00',
    '21:00', '23:00'
  ],
  firestore: [
    '07:00', '09:00',
    '11:00', '14:00',
    '16:00', '18:00',
    '21:00', '23:00'
  ],
  missing: [],
  incomplete: []
}

[RECONCILE] LOOK 2026-05-06
[FETCH] LOOK 2026-05-06 per-lottery=8 -> merged_draws=8 close_hours=[07:00, 09:00, 11:00, 14:00, 16:00, 18:00, 21:00, 23:00]
{
  status: 'OK',
  source: [
    '07:00', '09:00',
    '11:00', '14:00',
    '16:00', '18:00',
    '21:00', '23:00'
  ],
  firestore: [
    '07:00', '09:00',
    '11:00', '14:00',
    '16:00', '18:00',
    '21:00', '23:00'
  ],
  missing: [],
  incomplete: []
}

[RECONCILE] LOOK 2026-05-07
[FETCH] LOOK 2026-05-07 per-lottery=8 -> merged_draws=8 close_hours=[07:00, 09:00, 11:00, 14:00, 16:00, 18:00, 21:00, 23:00]
{
  status: 'OK',
  source: [
    '07:00', '09:00',
    '11:00', '14:00',
    '16:00', '18:00',
    '21:00', '23:00'
  ],
  firestore: [
    '07:00', '09:00',
    '11:00', '14:00',
    '16:00', '18:00',
    '21:00', '23:00'
  ],
  missing: [],
  incomplete: []
}

[RECONCILE] LOOK 2026-05-08
[FETCH] LOOK 2026-05-08 per-lottery=8 -> merged_draws=8 close_hours=[07:00, 09:00, 11:00, 14:00, 16:00, 18:00, 21:00, 23:00]
{
  status: 'OK',
  source: [
    '07:00', '09:00',
    '11:00', '14:00',
    '16:00', '18:00',
    '21:00', '23:00'
  ],
  firestore: [
    '07:00', '09:00',
    '11:00', '14:00',
    '16:00', '18:00',
    '21:00', '23:00'
  ],
  missing: [],
  incomplete: []
}

[RECONCILE] LOOK 2026-05-09
[FETCH] LOOK 2026-05-09 per-lottery=8 -> merged_draws=8 close_hours=[07:00, 09:00, 11:00, 14:00, 16:00, 18:00, 21:00, 23:00]
{
  status: 'OK',
  source: [
    '07:00', '09:00',
    '11:00', '14:00',
    '16:00', '18:00',
    '21:00', '23:00'
  ],
  firestore: [
    '07:00', '09:00',
    '11:00', '14:00',
    '16:00', '18:00',
    '21:00', '23:00'
  ],
  missing: [],
  incomplete: []
}

[RECONCILE] LOOK 2026-05-10
[FETCH] LOOK 2026-05-10 per-lottery=8 -> merged_draws=8 close_hours=[07:00, 09:00, 11:00, 14:00, 16:00, 18:00, 21:00, 23:00]
{
  status: 'OK',
  source: [
    '07:00', '09:00',
    '11:00', '14:00',
    '16:00', '18:00',
    '21:00', '23:00'
  ],
  firestore: [
    '07:00', '09:00',
    '11:00', '14:00',
    '16:00', '18:00',
    '21:00', '23:00'
  ],
  missing: [],
  incomplete: []
}

[RECONCILE] LOOK 2026-05-11
[FETCH] LOOK 2026-05-11 per-lottery=8 -> merged_draws=8 close_hours=[07:00, 09:00, 11:00, 14:00, 16:00, 18:00, 21:00, 23:00]
{
  status: 'OK',
  source: [
    '07:00', '09:00',
    '11:00', '14:00',
    '16:00', '18:00',
    '21:00', '23:00'
  ],
  firestore: [
    '07:00', '09:00',
    '11:00', '14:00',
    '16:00', '18:00',
    '21:00', '23:00'
  ],
  missing: [],
  incomplete: []
}

[RECONCILE] LOOK 2026-05-12
[FETCH] LOOK 2026-05-12 per-lottery=8 -> merged_draws=8 close_hours=[07:00, 09:00, 11:00, 14:00, 16:00, 18:00, 21:00, 23:00]
{
  status: 'OK',
  source: [
    '07:00', '09:00',
    '11:00', '14:00',
    '16:00', '18:00',
    '21:00', '23:00'
  ],
  firestore: [
    '07:00', '09:00',
    '11:00', '14:00',
    '16:00', '18:00',
    '21:00', '23:00'
  ],
  missing: [],
  incomplete: []
}

[RECONCILE] LOOK 2026-05-13
[FETCH] LOOK 2026-05-13 per-lottery=8 -> merged_draws=8 close_hours=[07:00, 09:00, 11:00, 14:00, 16:00, 18:00, 21:00, 23:00]
{
  status: 'OK',
  source: [
    '07:00', '09:00',
    '11:00', '14:00',
    '16:00', '18:00',
    '21:00', '23:00'
  ],
  firestore: [
    '07:00', '09:00',
    '11:00', '14:00',
    '16:00', '18:00',
    '21:00', '23:00'
  ],
  missing: [],
  incomplete: []
}

[RECONCILE] LOOK 2026-05-14
[FETCH] LOOK 2026-05-14 per-lottery=8 -> merged_draws=8 close_hours=[07:00, 09:00, 11:00, 14:00, 16:00, 18:00, 21:00, 23:00]
{
  status: 'OK',
  source: [
    '07:00', '09:00',
    '11:00', '14:00',
    '16:00', '18:00',
    '21:00', '23:00'
  ],
  firestore: [
    '07:00', '09:00',
    '11:00', '14:00',
    '16:00', '18:00',
    '21:00', '23:00'
  ],
  missing: [],
  incomplete: []
}

[RECONCILE] LOOK 2026-05-15
[FETCH] LOOK 2026-05-15 per-lottery=8 -> merged_draws=8 close_hours=[07:00, 09:00, 11:00, 14:00, 16:00, 18:00, 21:00, 23:00]
{
  status: 'OK',
  source: [
    '07:00', '09:00',
    '11:00', '14:00',
    '16:00', '18:00',
    '21:00', '23:00'
  ],
  firestore: [
    '07:00', '09:00',
    '11:00', '14:00',
    '16:00', '18:00',
    '21:00', '23:00'
  ],
  missing: [],
  incomplete: []
}

[RECONCILE] LOOK 2026-05-16
[FETCH] LOOK 2026-05-16 per-lottery=8 -> merged_draws=8 close_hours=[07:00, 09:00, 11:00, 14:00, 16:00, 18:00, 21:00, 23:00]
{
  status: 'OK',
  source: [
    '07:00', '09:00',
    '11:00', '14:00',
    '16:00', '18:00',
    '21:00', '23:00'
  ],
  firestore: [
    '07:00', '09:00',
    '11:00', '14:00',
    '16:00', '18:00',
    '21:00', '23:00'
  ],
  missing: [],
  incomplete: []
}

[RECONCILE] LOOK 2026-05-17
[FETCH] LOOK 2026-05-17 per-lottery=8 -> merged_draws=8 close_hours=[07:00, 09:00, 11:00, 14:00, 16:00, 18:00, 21:00, 23:00]
{
  status: 'OK',
  source: [
    '07:00', '09:00',
    '11:00', '14:00',
    '16:00', '18:00',
    '21:00', '23:00'
  ],
  firestore: [
    '07:00', '09:00',
    '11:00', '14:00',
    '16:00', '18:00',
    '21:00', '23:00'
  ],
  missing: [],
  incomplete: []
}

[RECONCILE] LOOK 2026-05-18
[FETCH] LOOK 2026-05-18 per-lottery=8 -> merged_draws=8 close_hours=[07:00, 09:00, 11:00, 14:00, 16:00, 18:00, 21:00, 23:00]
{
  status: 'OK',
  source: [
    '07:00', '09:00',
    '11:00', '14:00',
    '16:00', '18:00',
    '21:00', '23:00'
  ],
  firestore: [
    '07:00', '09:00',
    '11:00', '14:00',
    '16:00', '18:00',
    '21:00', '23:00'
  ],
  missing: [],
  incomplete: []
}

[RECONCILE] LOOK 2026-05-19
[FETCH] LOOK 2026-05-19 per-lottery=8 -> merged_draws=8 close_hours=[07:00, 09:00, 11:00, 14:00, 16:00, 18:00, 21:00, 23:00]
{
  status: 'OK',
  source: [
    '07:00', '09:00',
    '11:00', '14:00',
    '16:00', '18:00',
    '21:00', '23:00'
  ],
  firestore: [
    '07:00', '09:00',
    '11:00', '14:00',
    '16:00', '18:00',
    '21:00', '23:00'
  ],
  missing: [],
  incomplete: []
}

[RECONCILE] LOOK 2026-05-20
[FETCH] LOOK 2026-05-20 per-lottery=8 -> merged_draws=8 close_hours=[07:00, 09:00, 11:00, 14:00, 16:00, 18:00, 21:00, 23:00]
{
  status: 'OK',
  source: [
    '07:00', '09:00',
    '11:00', '14:00',
    '16:00', '18:00',
    '21:00', '23:00'
  ],
  firestore: [
    '07:00', '09:00',
    '11:00', '14:00',
    '16:00', '18:00',
    '21:00', '23:00'
  ],
  missing: [],
  incomplete: []
}

[RECONCILE] LOOK 2026-05-21
[FETCH] LOOK 2026-05-21 per-lottery=8 -> merged_draws=8 close_hours=[07:00, 09:00, 11:00, 14:00, 16:00, 18:00, 21:00, 23:00]
{
  status: 'OK',
  source: [
    '07:00', '09:00',
    '11:00', '14:00',
    '16:00', '18:00',
    '21:00', '23:00'
  ],
  firestore: [
    '07:00', '09:00',
    '11:00', '14:00',
    '16:00', '18:00',
    '21:00', '23:00'
  ],
  missing: [],
  incomplete: []
}

[RECONCILE] LOOK 2026-05-22
[FETCH] LOOK 2026-05-22 per-lottery=8 -> merged_draws=8 close_hours=[07:00, 09:00, 11:00, 14:00, 16:00, 18:00, 21:00, 23:00]
{
  status: 'OK',
  source: [
    '07:00', '09:00',
    '11:00', '14:00',
    '16:00', '18:00',
    '21:00', '23:00'
  ],
  firestore: [
    '07:00', '09:00',
    '11:00', '14:00',
    '16:00', '18:00',
    '21:00', '23:00'
  ],
  missing: [],
  incomplete: []
}

[RECONCILE] LOOK 2026-05-23
[FETCH] LOOK 2026-05-23 per-lottery=8 -> merged_draws=8 close_hours=[07:00, 09:00, 11:00, 14:00, 16:00, 18:00, 21:00, 23:00]
{
  status: 'OK',
  source: [
    '07:00', '09:00',
    '11:00', '14:00',
    '16:00', '18:00',
    '21:00', '23:00'
  ],
  firestore: [
    '07:00', '09:00',
    '11:00', '14:00',
    '16:00', '18:00',
    '21:00', '23:00'
  ],
  missing: [],
  incomplete: []
}

[RECONCILE] LOOK 2026-05-24
[FETCH] LOOK 2026-05-24 per-lottery=8 -> merged_draws=8 close_hours=[07:00, 09:00, 11:00, 14:00, 16:00, 18:00, 21:00, 23:00]
{
  status: 'OK',
  source: [
    '07:00', '09:00',
    '11:00', '14:00',
    '16:00', '18:00',
    '21:00', '23:00'
  ],
  firestore: [
    '07:00', '09:00',
    '11:00', '14:00',
    '16:00', '18:00',
    '21:00', '23:00'
  ],
  missing: [],
  incomplete: []
}

[RECONCILE] LOOK 2026-05-25
[FETCH] LOOK 2026-05-25 per-lottery=8 -> merged_draws=8 close_hours=[07:00, 09:00, 11:00, 14:00, 16:00, 18:00, 21:00, 23:00]
{
  status: 'OK',
  source: [
    '07:00', '09:00',
    '11:00', '14:00',
    '16:00', '18:00',
    '21:00', '23:00'
  ],
  firestore: [
    '07:00', '09:00',
    '11:00', '14:00',
    '16:00', '18:00',
    '21:00', '23:00'
  ],
  missing: [],
  incomplete: []
}

[RECONCILE] LOOK 2026-05-26
[FETCH] LOOK 2026-05-26 per-lottery=8 -> merged_draws=8 close_hours=[07:00, 09:00, 11:00, 14:00, 16:00, 18:00, 21:00, 23:00]
{
  status: 'OK',
  source: [
    '07:00', '09:00',
    '11:00', '14:00',
    '16:00', '18:00',
    '21:00', '23:00'
  ],
  firestore: [
    '07:00', '09:00',
    '11:00', '14:00',
    '16:00', '18:00',
    '21:00', '23:00'
  ],
  missing: [],
  incomplete: []
}

[RECONCILE] LOOK 2026-05-27
[FETCH] LOOK 2026-05-27 per-lottery=8 -> merged_draws=8 close_hours=[07:00, 09:00, 11:00, 14:00, 16:00, 18:00, 21:00, 23:00]
{
  status: 'OK',
  source: [
    '07:00', '09:00',
    '11:00', '14:00',
    '16:00', '18:00',
    '21:00', '23:00'
  ],
  firestore: [
    '07:00', '09:00',
    '11:00', '14:00',
    '16:00', '18:00',
    '21:00', '23:00'
  ],
  missing: [],
  incomplete: []
}

[RECONCILE] LOOK 2026-05-28
[FETCH] LOOK 2026-05-28 per-lottery=8 -> merged_draws=8 close_hours=[07:00, 09:00, 11:00, 14:00, 16:00, 18:00, 21:00, 23:00]
{
  status: 'OK',
  source: [
    '07:00', '09:00',
    '11:00', '14:00',
    '16:00', '18:00',
    '21:00', '23:00'
  ],
  firestore: [
    '07:00', '09:00',
    '11:00', '14:00',
    '16:00', '18:00',
    '21:00', '23:00'
  ],
  missing: [],
  incomplete: []
}

[RECONCILE] LOOK 2026-05-29
[FETCH] LOOK 2026-05-29 per-lottery=8 -> merged_draws=8 close_hours=[07:00, 09:00, 11:00, 14:00, 16:00, 18:00, 21:00, 23:00]
{
  status: 'OK',
  source: [
    '07:00', '09:00',
    '11:00', '14:00',
    '16:00', '18:00',
    '21:00', '23:00'
  ],
  firestore: [
    '07:00', '09:00',
    '11:00', '14:00',
    '16:00', '18:00',
    '21:00', '23:00'
  ],
  missing: [],
  incomplete: []
}

[RECONCILE] LOOK 2026-05-30
[FETCH] LOOK 2026-05-30 per-lottery=8 -> merged_draws=8 close_hours=[07:00, 09:00, 11:00, 14:00, 16:00, 18:00, 21:00, 23:00]
{
  status: 'OK',
  source: [
    '07:00', '09:00',
    '11:00', '14:00',
    '16:00', '18:00',
    '21:00', '23:00'
  ],
  firestore: [
    '07:00', '09:00',
    '11:00', '14:00',
    '16:00', '18:00',
    '21:00', '23:00'
  ],
  missing: [],
  incomplete: []
}

[RECONCILE] LOOK 2026-05-31
[FETCH] LOOK 2026-05-31 per-lottery=8 -> merged_draws=8 close_hours=[07:00, 09:00, 11:00, 14:00, 16:00, 18:00, 21:00, 23:00]
{
  status: 'OK',
  source: [
    '07:00', '09:00',
    '11:00', '14:00',
    '16:00', '18:00',
    '21:00', '23:00'
  ],
  firestore: [
    '07:00', '09:00',
    '11:00', '14:00',
    '16:00', '18:00',
    '21:00', '23:00'
  ],
  missing: [],
  incomplete: []
}

[RECONCILE] LOOK 2026-06-01
[FETCH] LOOK 2026-06-01 per-lottery=8 -> merged_draws=8 close_hours=[07:00, 09:00, 11:00, 14:00, 16:00, 18:00, 21:00, 23:00]
{
  status: 'OK',
  source: [
    '07:00', '09:00',
    '11:00', '14:00',
    '16:00', '18:00',
    '21:00', '23:00'
  ],
  firestore: [
    '07:00', '09:00',
    '11:00', '14:00',
    '16:00', '18:00',
    '21:00', '23:00'
  ],
  missing: [],
  incomplete: []
}

[RECONCILE] LOOK 2026-06-02
[FETCH] LOOK 2026-06-02 per-lottery=8 -> merged_draws=8 close_hours=[07:00, 09:00, 11:00, 14:00, 16:00, 18:00, 21:00, 23:00]
{
  status: 'OK',
  source: [
    '07:00', '09:00',
    '11:00', '14:00',
    '16:00', '18:00',
    '21:00', '23:00'
  ],
  firestore: [
    '07:00', '09:00',
    '11:00', '14:00',
    '16:00', '18:00',
    '21:00', '23:00'
  ],
  missing: [],
  incomplete: []
}

[RECONCILE] LOOK 2026-06-03
[FETCH] LOOK 2026-06-03 per-lottery=8 -> merged_draws=8 close_hours=[07:00, 09:00, 11:00, 14:00, 16:00, 18:00, 21:00, 23:00]
{
  status: 'OK',
  source: [
    '07:00', '09:00',
    '11:00', '14:00',
    '16:00', '18:00',
    '21:00', '23:00'
  ],
  firestore: [
    '07:00', '09:00',
    '11:00', '14:00',
    '16:00', '18:00',
    '21:00', '23:00'
  ],
  missing: [],
  incomplete: []
}

[RECONCILE] LOOK 2026-06-04
[FETCH] LOOK 2026-06-04 per-lottery=8 -> merged_draws=8 close_hours=[07:00, 09:00, 11:00, 14:00, 16:00, 18:00, 21:00, 23:00]
{
  status: 'OK',
  source: [
    '07:00', '09:00',
    '11:00', '14:00',
    '16:00', '18:00',
    '21:00', '23:00'
  ],
  firestore: [
    '07:00', '09:00',
    '11:00', '14:00',
    '16:00', '18:00',
    '21:00', '23:00'
  ],
  missing: [],
  incomplete: []
}

[RECONCILE] LOOK 2026-06-05
[FETCH] LOOK 2026-06-05 per-lottery=8 -> merged_draws=8 close_hours=[07:00, 09:00, 11:00, 14:00, 16:00, 18:00, 21:00, 23:00]
{
  status: 'OK',
  source: [
    '07:00', '09:00',
    '11:00', '14:00',
    '16:00', '18:00',
    '21:00', '23:00'
  ],
  firestore: [
    '07:00', '09:00',
    '11:00', '14:00',
    '16:00', '18:00',
    '21:00', '23:00'
  ],
  missing: [],
  incomplete: []
}

[RECONCILE] LOOK 2026-06-06
[FETCH] LOOK 2026-06-06 per-lottery=8 -> merged_draws=8 close_hours=[07:00, 09:00, 11:00, 14:00, 16:00, 18:00, 21:00, 23:00]
{
  status: 'OK',
  source: [
    '07:00', '09:00',
    '11:00', '14:00',
    '16:00', '18:00',
    '21:00', '23:00'
  ],
  firestore: [
    '07:00', '09:00',
    '11:00', '14:00',
    '16:00', '18:00',
    '21:00', '23:00'
  ],
  missing: [],
  incomplete: []
}

[RECONCILE] LOOK 2026-06-07
[FETCH] LOOK 2026-06-07 per-lottery=8 -> merged_draws=8 close_hours=[07:00, 09:00, 11:00, 14:00, 16:00, 18:00, 21:00, 23:00]
{
  status: 'OK',
  source: [
    '07:00', '09:00',
    '11:00', '14:00',
    '16:00', '18:00',
    '21:00', '23:00'
  ],
  firestore: [
    '07:00', '09:00',
    '11:00', '14:00',
    '16:00', '18:00',
    '21:00', '23:00'
  ],
  missing: [],
  incomplete: []
}

[RECONCILE] LOOK 2026-06-08
[FETCH] LOOK 2026-06-08 per-lottery=8 -> merged_draws=8 close_hours=[07:00, 09:00, 11:00, 14:00, 16:00, 18:00, 21:00, 23:00]
{
  status: 'OK',
  source: [
    '07:00', '09:00',
    '11:00', '14:00',
    '16:00', '18:00',
    '21:00', '23:00'
  ],
  firestore: [
    '07:00', '09:00',
    '11:00', '14:00',
    '16:00', '18:00',
    '21:00', '23:00'
  ],
  missing: [],
  incomplete: []
}

[RECONCILE] LOOK 2026-06-09
[FETCH] LOOK 2026-06-09 per-lottery=8 -> merged_draws=8 close_hours=[07:00, 09:00, 11:00, 14:00, 16:00, 18:00, 21:00, 23:00]
{
  status: 'OK',
  source: [
    '07:00', '09:00',
    '11:00', '14:00',
    '16:00', '18:00',
    '21:00', '23:00'
  ],
  firestore: [
    '07:00', '09:00',
    '11:00', '14:00',
    '16:00', '18:00',
    '21:00', '23:00'
  ],
  missing: [],
  incomplete: []
}

[RECONCILE] LOOK 2026-06-10
[FETCH] LOOK 2026-06-10 per-lottery=8 -> merged_draws=8 close_hours=[07:00, 09:00, 11:00, 14:00, 16:00, 18:00, 21:00, 23:00]
{
  status: 'OK',
  source: [
    '07:00', '09:00',
    '11:00', '14:00',
    '16:00', '18:00',
    '21:00', '23:00'
  ],
  firestore: [
    '07:00', '09:00',
    '11:00', '14:00',
    '16:00', '18:00',
    '21:00', '23:00'
  ],
  missing: [],
  incomplete: []
}

[RECONCILE] LOOK 2026-06-11
[FETCH] LOOK 2026-06-11 per-lottery=8 -> merged_draws=8 close_hours=[07:00, 09:00, 11:00, 14:00, 16:00, 18:00, 21:00, 23:00]
{
  status: 'OK',
  source: [
    '07:00', '09:00',
    '11:00', '14:00',
    '16:00', '18:00',
    '21:00', '23:00'
  ],
  firestore: [
    '07:00', '09:00',
    '11:00', '14:00',
    '16:00', '18:00',
    '21:00', '23:00'
  ],
  missing: [],
  incomplete: []
}

[RECONCILE] LOOK 2026-06-12
[FETCH] LOOK 2026-06-12 per-lottery=8 -> merged_draws=8 close_hours=[07:00, 09:00, 11:00, 14:00, 16:00, 18:00, 21:00, 23:00]
{
  status: 'OK',
  source: [
    '07:00', '09:00',
    '11:00', '14:00',
    '16:00', '18:00',
    '21:00', '23:00'
  ],
  firestore: [
    '07:00', '09:00',
    '11:00', '14:00',
    '16:00', '18:00',
    '21:00', '23:00'
  ],
  missing: [],
  incomplete: []
}

[RECONCILE] LOOK 2026-06-13
[FETCH] LOOK 2026-06-13 per-lottery=8 -> merged_draws=8 close_hours=[07:00, 09:00, 11:00, 14:00, 16:00, 18:00, 21:00, 23:00]
{
  status: 'OK',
  source: [
    '07:00', '09:00',
    '11:00', '14:00',
    '16:00', '18:00',
    '21:00', '23:00'
  ],
  firestore: [
    '07:00', '09:00',
    '11:00', '14:00',
    '16:00', '18:00',
    '21:00', '23:00'
  ],
  missing: [],
  incomplete: []
}

[RECONCILE] LOOK 2026-06-14
[FETCH] LOOK 2026-06-14 per-lottery=8 -> merged_draws=8 close_hours=[07:00, 09:00, 11:00, 14:00, 16:00, 18:00, 21:00, 23:00]
{
  status: 'OK',
  source: [
    '07:00', '09:00',
    '11:00', '14:00',
    '16:00', '18:00',
    '21:00', '23:00'
  ],
  firestore: [
    '07:00', '09:00',
    '11:00', '14:00',
    '16:00', '18:00',
    '21:00', '23:00'
  ],
  missing: [],
  incomplete: []
}

[RECONCILE] LOOK 2026-06-15
[FETCH] LOOK 2026-06-15 per-lottery=8 -> merged_draws=8 close_hours=[07:00, 09:00, 11:00, 14:00, 16:00, 18:00, 21:00, 23:00]
{
  status: 'OK',
  source: [
    '07:00', '09:00',
    '11:00', '14:00',
    '16:00', '18:00',
    '21:00', '23:00'
  ],
  firestore: [
    '07:00', '09:00',
    '11:00', '14:00',
    '16:00', '18:00',
    '21:00', '23:00'
  ],
  missing: [],
  incomplete: []
}

[RECONCILE] LOOK 2026-06-16
[FETCH] LOOK 2026-06-16 per-lottery=8 -> merged_draws=8 close_hours=[07:00, 09:00, 11:00, 14:00, 16:00, 18:00, 21:00, 23:00]
{
  status: 'OK',
  source: [
    '07:00', '09:00',
    '11:00', '14:00',
    '16:00', '18:00',
    '21:00', '23:00'
  ],
  firestore: [
    '07:00', '09:00',
    '11:00', '14:00',
    '16:00', '18:00',
    '21:00', '23:00'
  ],
  missing: [],
  incomplete: []
}

[RECONCILE] LOOK 2026-06-17
[FETCH] LOOK 2026-06-17 per-lottery=8 -> merged_draws=8 close_hours=[07:00, 09:00, 11:00, 14:00, 16:00, 18:00, 21:00, 23:00]
{
  status: 'OK',
  source: [
    '07:00', '09:00',
    '11:00', '14:00',
    '16:00', '18:00',
    '21:00', '23:00'
  ],
  firestore: [
    '07:00', '09:00',
    '11:00', '14:00',
    '16:00', '18:00',
    '21:00', '23:00'
  ],
  missing: [],
  incomplete: []
}

[RECONCILE] LOOK 2026-06-18
[FETCH] LOOK 2026-06-18 per-lottery=8 -> merged_draws=8 close_hours=[07:00, 09:00, 11:00, 14:00, 16:00, 18:00, 21:00, 23:00]
{
  status: 'OK',
  source: [
    '07:00', '09:00',
    '11:00', '14:00',
    '16:00', '18:00',
    '21:00', '23:00'
  ],
  firestore: [
    '07:00', '09:00',
    '11:00', '14:00',
    '16:00', '18:00',
    '21:00', '23:00'
  ],
  missing: [],
  incomplete: []
}

[RECONCILE] LOOK 2026-06-19
[FETCH] LOOK 2026-06-19 per-lottery=8 -> merged_draws=8 close_hours=[07:00, 09:00, 11:00, 14:00, 16:00, 18:00, 21:00, 23:00]
{
  status: 'OK',
  source: [
    '07:00', '09:00',
    '11:00', '14:00',
    '16:00', '18:00',
    '21:00', '23:00'
  ],
  firestore: [
    '07:00', '09:00',
    '11:00', '14:00',
    '16:00', '18:00',
    '21:00', '23:00'
  ],
  missing: [],
  incomplete: []
}

[RECONCILE] LOOK 2026-06-20
[FETCH] LOOK 2026-06-20 per-lottery=8 -> merged_draws=8 close_hours=[07:00, 09:00, 11:00, 14:00, 16:00, 18:00, 21:00, 23:00]
{
  status: 'OK',
  source: [
    '07:00', '09:00',
    '11:00', '14:00',
    '16:00', '18:00',
    '21:00', '23:00'
  ],
  firestore: [
    '07:00', '09:00',
    '11:00', '14:00',
    '16:00', '18:00',
    '21:00', '23:00'
  ],
  missing: [],
  incomplete: []
}

[RECONCILE] LOOK 2026-06-21
[FETCH] LOOK 2026-06-21 per-lottery=8 -> merged_draws=8 close_hours=[07:00, 09:00, 11:00, 14:00, 16:00, 18:00, 21:00, 23:00]
{
  status: 'OK',
  source: [
    '07:00', '09:00',
    '11:00', '14:00',
    '16:00', '18:00',
    '21:00', '23:00'
  ],
  firestore: [
    '07:00', '09:00',
    '11:00', '14:00',
    '16:00', '18:00',
    '21:00', '23:00'
  ],
  missing: [],
  incomplete: []
}

[RECONCILE] LOOK 2026-06-22
[FETCH] LOOK 2026-06-22 per-lottery=8 -> merged_draws=8 close_hours=[07:00, 09:00, 11:00, 14:00, 16:00, 18:00, 21:00, 23:00]
{
  status: 'OK',
  source: [
    '07:00', '09:00',
    '11:00', '14:00',
    '16:00', '18:00',
    '21:00', '23:00'
  ],
  firestore: [
    '07:00', '09:00',
    '11:00', '14:00',
    '16:00', '18:00',
    '21:00', '23:00'
  ],
  missing: [],
  incomplete: []
}

[RECONCILE] LOOK 2026-06-23
[FETCH] LOOK 2026-06-23 per-lottery=8 -> merged_draws=8 close_hours=[07:00, 09:00, 11:00, 14:00, 16:00, 18:00, 21:00, 23:00]
{
  status: 'OK',
  source: [
    '07:00', '09:00',
    '11:00', '14:00',
    '16:00', '18:00',
    '21:00', '23:00'
  ],
  firestore: [
    '07:00', '09:00',
    '11:00', '14:00',
    '16:00', '18:00',
    '21:00', '23:00'
  ],
  missing: [],
  incomplete: []
}

[RECONCILE] LOOK 2026-06-24
[FETCH] LOOK 2026-06-24 per-lottery=8 -> merged_draws=8 close_hours=[07:00, 09:00, 11:00, 14:00, 16:00, 18:00, 21:00, 23:00]
{
  status: 'OK',
  source: [
    '07:00', '09:00',
    '11:00', '14:00',
    '16:00', '18:00',
    '21:00', '23:00'
  ],
  firestore: [
    '07:00', '09:00',
    '11:00', '14:00',
    '16:00', '18:00',
    '21:00', '23:00'
  ],
  missing: [],
  incomplete: []
}

[RECONCILE] LOOK 2026-06-25
[FETCH] LOOK 2026-06-25 per-lottery=8 -> merged_draws=8 close_hours=[07:00, 09:00, 11:00, 14:00, 16:00, 18:00, 21:00, 23:00]
{
  status: 'OK',
  source: [
    '07:00', '09:00',
    '11:00', '14:00',
    '16:00', '18:00',
    '21:00', '23:00'
  ],
  firestore: [
    '07:00', '09:00',
    '11:00', '14:00',
    '16:00', '18:00',
    '21:00', '23:00'
  ],
  missing: [],
  incomplete: []
}

[RECONCILE] LOOK 2026-06-26
[FETCH] LOOK 2026-06-26 per-lottery=8 -> merged_draws=8 close_hours=[07:00, 09:00, 11:00, 14:00, 16:00, 18:00, 21:00, 23:00]
{
  status: 'OK',
  source: [
    '07:00', '09:00',
    '11:00', '14:00',
    '16:00', '18:00',
    '21:00', '23:00'
  ],
  firestore: [
    '07:00', '09:00',
    '11:00', '14:00',
    '16:00', '18:00',
    '21:00', '23:00'
  ],
  missing: [],
  incomplete: []
}

[RECONCILE] LOOK 2026-06-27
[FETCH] LOOK 2026-06-27 per-lottery=8 -> merged_draws=8 close_hours=[07:00, 09:00, 11:00, 14:00, 16:00, 18:00, 21:00, 23:00]
{
  status: 'OK',
  source: [
    '07:00', '09:00',
    '11:00', '14:00',
    '16:00', '18:00',
    '21:00', '23:00'
  ],
  firestore: [
    '07:00', '09:00',
    '11:00', '14:00',
    '16:00', '18:00',
    '21:00', '23:00'
  ],
  missing: [],
  incomplete: []
}

[RECONCILE] LOOK 2026-06-28
[FETCH] LOOK 2026-06-28 per-lottery=8 -> merged_draws=8 close_hours=[07:00, 09:00, 11:00, 14:00, 16:00, 18:00, 21:00, 23:00]
{
  status: 'OK',
  source: [
    '07:00', '09:00',
    '11:00', '14:00',
    '16:00', '18:00',
    '21:00', '23:00'
  ],
  firestore: [
    '07:00', '09:00',
    '11:00', '14:00',
    '16:00', '18:00',
    '21:00', '23:00'
  ],
  missing: [],
  incomplete: []
}

[RECONCILE] LOOK 2026-06-29
[FETCH] LOOK 2026-06-29 per-lottery=8 -> merged_draws=8 close_hours=[07:00, 09:00, 11:00, 14:00, 16:00, 18:00, 21:00, 23:00]
{
  status: 'OK',
  source: [
    '07:00', '09:00',
    '11:00', '14:00',
    '16:00', '18:00',
    '21:00', '23:00'
  ],
  firestore: [
    '07:00', '09:00',
    '11:00', '14:00',
    '16:00', '18:00',
    '21:00', '23:00'
  ],
  missing: [],
  incomplete: []
}

[RECONCILE] LOOK 2026-06-30
[FETCH] LOOK 2026-06-30 per-lottery=8 -> merged_draws=8 close_hours=[07:00, 09:00, 11:00, 14:00, 16:00, 18:00, 21:00, 23:00]
{
  status: 'OK',
  source: [
    '07:00', '09:00',
    '11:00', '14:00',
    '16:00', '18:00',
    '21:00', '23:00'
  ],
  firestore: [
    '07:00', '09:00',
    '11:00', '14:00',
    '16:00', '18:00',
    '21:00', '23:00'
  ],
  missing: [],
  incomplete: []
}

[RECONCILE] LOOK 2026-07-01
[FETCH] LOOK 2026-07-01 per-lottery=8 -> merged_draws=8 close_hours=[07:00, 09:00, 11:00, 14:00, 16:00, 18:00, 21:00, 23:00]
{
  status: 'OK',
  source: [
    '07:00', '09:00',
    '11:00', '14:00',
    '16:00', '18:00',
    '21:00', '23:00'
  ],
  firestore: [
    '07:00', '09:00',
    '11:00', '14:00',
    '16:00', '18:00',
    '21:00', '23:00'
  ],
  missing: [],
  incomplete: []
}

[RECONCILE] LOOK 2026-07-02
[FETCH] LOOK 2026-07-02 per-lottery=8 -> merged_draws=8 close_hours=[07:00, 09:00, 11:00, 14:00, 16:00, 18:00, 21:00, 23:00]
{
  status: 'OK',
  source: [
    '07:00', '09:00',
    '11:00', '14:00',
    '16:00', '18:00',
    '21:00', '23:00'
  ],
  firestore: [
    '07:00', '09:00',
    '11:00', '14:00',
    '16:00', '18:00',
    '21:00', '23:00'
  ],
  missing: [],
  incomplete: []
}

[RECONCILE] LOOK 2026-07-03
[FETCH] LOOK 2026-07-03 per-lottery=8 -> merged_draws=8 close_hours=[07:00, 09:00, 11:00, 14:00, 16:00, 18:00, 21:00, 23:00]
{
  status: 'OK',
  source: [
    '07:00', '09:00',
    '11:00', '14:00',
    '16:00', '18:00',
    '21:00', '23:00'
  ],
  firestore: [
    '07:00', '09:00',
    '11:00', '14:00',
    '16:00', '18:00',
    '21:00', '23:00'
  ],
  missing: [],
  incomplete: []
}

[RECONCILE] LOOK 2026-07-04
[FETCH] LOOK 2026-07-04 per-lottery=8 -> merged_draws=8 close_hours=[07:00, 09:00, 11:00, 14:00, 16:00, 18:00, 21:00, 23:00]
{
  status: 'OK',
  source: [
    '07:00', '09:00',
    '11:00', '14:00',
    '16:00', '18:00',
    '21:00', '23:00'
  ],
  firestore: [
    '07:00', '09:00',
    '11:00', '14:00',
    '16:00', '18:00',
    '21:00', '23:00'
  ],
  missing: [],
  incomplete: []
}

[RECONCILE] LOOK 2026-07-05
[FETCH] LOOK 2026-07-05 per-lottery=8 -> merged_draws=8 close_hours=[07:00, 09:00, 11:00, 14:00, 16:00, 18:00, 21:00, 23:00]
{
  status: 'OK',
  source: [
    '07:00', '09:00',
    '11:00', '14:00',
    '16:00', '18:00',
    '21:00', '23:00'
  ],
  firestore: [
    '07:00', '09:00',
    '11:00', '14:00',
    '16:00', '18:00',
    '21:00', '23:00'
  ],
  missing: [],
  incomplete: []
}

[RECONCILE] LOOK 2026-07-06
[FETCH] LOOK 2026-07-06 per-lottery=8 -> merged_draws=8 close_hours=[07:00, 09:00, 11:00, 14:00, 16:00, 18:00, 21:00, 23:00]
{
  status: 'OK',
  source: [
    '07:00', '09:00',
    '11:00', '14:00',
    '16:00', '18:00',
    '21:00', '23:00'
  ],
  firestore: [
    '07:00', '09:00',
    '11:00', '14:00',
    '16:00', '18:00',
    '21:00', '23:00'
  ],
  missing: [],
  incomplete: []
}

[RECONCILE] LOOK 2026-07-07
[FETCH] LOOK 2026-07-07 per-lottery=8 -> merged_draws=8 close_hours=[07:00, 09:00, 11:00, 14:00, 16:00, 18:00, 21:00, 23:00]
{
  status: 'OK',
  source: [
    '07:00', '09:00',
    '11:00', '14:00',
    '16:00', '18:00',
    '21:00', '23:00'
  ],
  firestore: [
    '07:00', '09:00',
    '11:00', '14:00',
    '16:00', '18:00',
    '21:00', '23:00'
  ],
  missing: [],
  incomplete: []
}

[RECONCILE] LOOK 2026-07-08
[FETCH] LOOK 2026-07-08 per-lottery=8 -> merged_draws=8 close_hours=[07:00, 09:00, 11:00, 14:00, 16:00, 18:00, 21:00, 23:00]
{
  status: 'OK',
  source: [
    '07:00', '09:00',
    '11:00', '14:00',
    '16:00', '18:00',
    '21:00', '23:00'
  ],
  firestore: [
    '07:00', '09:00',
    '11:00', '14:00',
    '16:00', '18:00',
    '21:00', '23:00'
  ],
  missing: [],
  incomplete: []
}

[RECONCILE] LOOK 2026-07-09
[FETCH] LOOK 2026-07-09 per-lottery=8 -> merged_draws=8 close_hours=[07:00, 09:00, 11:00, 14:00, 16:00, 18:00, 21:00, 23:00]
{
  status: 'OK',
  source: [
    '07:00', '09:00',
    '11:00', '14:00',
    '16:00', '18:00',
    '21:00', '23:00'
  ],
  firestore: [
    '07:00', '09:00',
    '11:00', '14:00',
    '16:00', '18:00',
    '21:00', '23:00'
  ],
  missing: [],
  incomplete: []
}

[RECONCILE] LOOK 2026-07-10
[FETCH] LOOK 2026-07-10 per-lottery=8 -> merged_draws=8 close_hours=[07:00, 09:00, 11:00, 14:00, 16:00, 18:00, 21:00, 23:00]
{
  status: 'OK',
  source: [
    '07:00', '09:00',
    '11:00', '14:00',
    '16:00', '18:00',
    '21:00', '23:00'
  ],
  firestore: [
    '07:00', '09:00',
    '11:00', '14:00',
    '16:00', '18:00',
    '21:00', '23:00'
  ],
  missing: [],
  incomplete: []
}

[RECONCILE] LOOK 2026-07-11
[FETCH] LOOK 2026-07-11 per-lottery=8 -> merged_draws=8 close_hours=[07:00, 09:00, 11:00, 14:00, 16:00, 18:00, 21:00, 23:00]
{
  status: 'OK',
  source: [
    '07:00', '09:00',
    '11:00', '14:00',
    '16:00', '18:00',
    '21:00', '23:00'
  ],
  firestore: [
    '07:00', '09:00',
    '11:00', '14:00',
    '16:00', '18:00',
    '21:00', '23:00'
  ],
  missing: [],
  incomplete: []
}

[RECONCILE] LOOK 2026-07-12
[FETCH] LOOK 2026-07-12 per-lottery=8 -> merged_draws=8 close_hours=[07:00, 09:00, 11:00, 14:00, 16:00, 18:00, 21:00, 23:00]
{
  status: 'OK',
  source: [
    '07:00', '09:00',
    '11:00', '14:00',
    '16:00', '18:00',
    '21:00', '23:00'
  ],
  firestore: [
    '07:00', '09:00',
    '11:00', '14:00',
    '16:00', '18:00',
    '21:00', '23:00'
  ],
  missing: [],
  incomplete: []
}

[RECONCILE] LOOK 2026-07-13
[FETCH] LOOK 2026-07-13 per-lottery=8 -> merged_draws=8 close_hours=[07:00, 09:00, 11:00, 14:00, 16:00, 18:00, 21:00, 23:00]
{
  status: 'OK',
  source: [
    '07:00', '09:00',
    '11:00', '14:00',
    '16:00', '18:00',
    '21:00', '23:00'
  ],
  firestore: [
    '07:00', '09:00',
    '11:00', '14:00',
    '16:00', '18:00',
    '21:00', '23:00'
  ],
  missing: [],
  incomplete: []
}

[RECONCILE] LOOK 2026-07-14
[FETCH] LOOK 2026-07-14 per-lottery=8 -> merged_draws=8 close_hours=[07:00, 09:00, 11:00, 14:00, 16:00, 18:00, 21:00, 23:00]
{
  status: 'OK',
  source: [
    '07:00', '09:00',
    '11:00', '14:00',
    '16:00', '18:00',
    '21:00', '23:00'
  ],
  firestore: [
    '07:00', '09:00',
    '11:00', '14:00',
    '16:00', '18:00',
    '21:00', '23:00'
  ],
  missing: [],
  incomplete: []
}

[RECONCILE] LOOK 2026-07-15
[FETCH] LOOK 2026-07-15 per-lottery=8 -> merged_draws=8 close_hours=[07:00, 09:00, 11:00, 14:00, 16:00, 18:00, 21:00, 23:00]
{
  status: 'OK',
  source: [
    '07:00', '09:00',
    '11:00', '14:00',
    '16:00', '18:00',
    '21:00', '23:00'
  ],
  firestore: [
    '07:00', '09:00',
    '11:00', '14:00',
    '16:00', '18:00',
    '21:00', '23:00'
  ],
  missing: [],
  incomplete: []
}

[RECONCILE] LOOK 2026-07-16
[FETCH] LOOK 2026-07-16 per-lottery=8 -> merged_draws=8 close_hours=[07:00, 09:00, 11:00, 14:00, 16:00, 18:00, 21:00, 23:00]
{
  status: 'OK',
  source: [
    '07:00', '09:00',
    '11:00', '14:00',
    '16:00', '18:00',
    '21:00', '23:00'
  ],
  firestore: [
    '07:00', '09:00',
    '11:00', '14:00',
    '16:00', '18:00',
    '21:00', '23:00'
  ],
  missing: [],
  incomplete: []
}

[RECONCILE] LOOK 2026-07-17
[FETCH] LOOK 2026-07-17 per-lottery=8 -> merged_draws=8 close_hours=[07:00, 09:00, 11:00, 14:00, 16:00, 18:00, 21:00, 23:00]
{
  status: 'OK',
  source: [
    '07:00', '09:00',
    '11:00', '14:00',
    '16:00', '18:00',
    '21:00', '23:00'
  ],
  firestore: [
    '07:00', '09:00',
    '11:00', '14:00',
    '16:00', '18:00',
    '21:00', '23:00'
  ],
  missing: [],
  incomplete: []
}

[RECONCILE] LOOK 2026-07-18
[FETCH] LOOK 2026-07-18 per-lottery=8 -> merged_draws=8 close_hours=[07:00, 09:00, 11:00, 14:00, 16:00, 18:00, 21:00, 23:00]
{
  status: 'OK',
  source: [
    '07:00', '09:00',
    '11:00', '14:00',
    '16:00', '18:00',
    '21:00', '23:00'
  ],
  firestore: [
    '07:00', '09:00',
    '11:00', '14:00',
    '16:00', '18:00',
    '21:00', '23:00'
  ],
  missing: [],
  incomplete: []
}

[RECONCILE] LOOK 2026-07-19
[FETCH] LOOK 2026-07-19 per-lottery=8 -> merged_draws=8 close_hours=[07:00, 09:00, 11:00, 14:00, 16:00, 18:00, 21:00, 23:00]
{
  status: 'OK',
  source: [
    '07:00', '09:00',
    '11:00', '14:00',
    '16:00', '18:00',
    '21:00', '23:00'
  ],
  firestore: [
    '07:00', '09:00',
    '11:00', '14:00',
    '16:00', '18:00',
    '21:00', '23:00'
  ],
  missing: [],
  incomplete: []
}

[RECONCILE] LOOK 2026-07-20
[FETCH] LOOK 2026-07-20 per-lottery=8 -> merged_draws=6 close_hours=[07:00, 09:00, 11:00, 14:00, 16:00, 18:00]
{
  status: 'OK',
  source: [ '07:00', '09:00', '11:00', '14:00', '16:00', '18:00' ],
  firestore: [ '07:00', '09:00', '11:00', '14:00', '16:00', '18:00' ],
  missing: [],
  incomplete: []
}

========== RESUMO ==========
Per├¡odo: 2026-01-01 at├® 2026-07-20
Loteria: LOOK
Modo: CORRE├ç├âO ATIVA
Dias com problema: 0
Arquivo: C:\Users\glaub\palpitaco\backend\logs\reconcile-LOOK-2026-01-01_to_2026-07-20-fix.json
