
======================================================
LOTTERY: LOOK
======================================================
documentos encontrados: 500
documentos exibidos: 15
{
  "id": "LOOK__2022-10-09__11-10__fe478ce4-0387-4985-b35a-4656ecc40382",
  "source": "kingapostas",
  "lottery_key": "LOOK",
  "lottery_name": "LT LOOK 11HS",
  "lottery_id": "fe478ce4-0387-4985-b35a-4656ecc40382",
  "date": "2022-10-09",
  "ymd": "2022-10-09",
  "close_hour": "11:10",
  "close_hour_raw": "11:10",
  "hour": "11",
  "close": "11:10",
  "importedAt": "2026-07-19T01:30:49.008Z"
}
{
  "id": "LOOK__2022-10-09__14-10__961f5fb2-0540-41a6-9542-69e4fef7e68d",
  "source": "kingapostas",
  "lottery_key": "LOOK",
  "lottery_name": "LT LOOK 14HS",
  "lottery_id": "961f5fb2-0540-41a6-9542-69e4fef7e68d",
  "date": "2022-10-09",
  "ymd": "2022-10-09",
  "close_hour": "14:10",
  "close_hour_raw": "14:10",
  "hour": "14",
  "close": "14:10",
  "importedAt": "2026-07-19T01:30:49.008Z"
}
{
  "id": "LOOK__2022-10-09__16-10__502d50e3-4092-4730-bb81-a80462044256",
  "source": "kingapostas",
  "lottery_key": "LOOK",
  "lottery_name": "LT LOOK 16HS",
  "lottery_id": "502d50e3-4092-4730-bb81-a80462044256",
  "date": "2022-10-09",
  "ymd": "2022-10-09",
  "close_hour": "16:10",
  "close_hour_raw": "16:10",
  "hour": "16",
  "close": "16:10",
  "importedAt": "2026-07-19T01:30:49.008Z"
}
{
  "id": "LOOK__2022-10-09__18-10__60c70d87-e86f-4501-8bc2-c0e71aa20e1a",
  "source": "kingapostas",
  "lottery_key": "LOOK",
  "lottery_name": "LT LOOK 18HS",
  "lottery_id": "60c70d87-e86f-4501-8bc2-c0e71aa20e1a",
  "date": "2022-10-09",
  "ymd": "2022-10-09",
  "close_hour": "18:10",
  "close_hour_raw": "18:10",
  "hour": "18",
  "close": "18:10",
  "importedAt": "2026-07-19T01:30:49.008Z"
}
{
  "id": "LOOK__2022-10-08__11-10__fe478ce4-0387-4985-b35a-4656ecc40382",
  "source": "kingapostas",
  "lottery_key": "LOOK",
  "lottery_name": "LT LOOK 11HS",
  "lottery_id": "fe478ce4-0387-4985-b35a-4656ecc40382",
  "date": "2022-10-08",
  "ymd": "2022-10-08",
  "close_hour": "11:10",
  "close_hour_raw": "11:10",
  "hour": "11",
  "close": "11:10",
  "importedAt": "2026-07-19T01:30:46.567Z"
}
{
  "id": "LOOK__2022-10-08__14-10__961f5fb2-0540-41a6-9542-69e4fef7e68d",
  "source": "kingapostas",
  "lottery_key": "LOOK",
  "lottery_name": "LT LOOK 14HS",
  "lottery_id": "961f5fb2-0540-41a6-9542-69e4fef7e68d",
  "date": "2022-10-08",
  "ymd": "2022-10-08",
  "close_hour": "14:10",
  "close_hour_raw": "14:10",
  "hour": "14",
  "close": "14:10",
  "importedAt": "2026-07-19T01:30:46.567Z"
}
{
  "id": "LOOK__2022-10-08__16-10__502d50e3-4092-4730-bb81-a80462044256",
  "source": "kingapostas",
  "lottery_key": "LOOK",
  "lottery_name": "LT LOOK 16HS",
  "lottery_id": "502d50e3-4092-4730-bb81-a80462044256",
  "date": "2022-10-08",
  "ymd": "2022-10-08",
  "close_hour": "16:10",
  "close_hour_raw": "16:10",
  "hour": "16",
  "close": "16:10",
  "importedAt": "2026-07-19T01:30:46.567Z"
}
{
  "id": "LOOK__2022-10-08__18-10__60c70d87-e86f-4501-8bc2-c0e71aa20e1a",
  "source": "kingapostas",
  "lottery_key": "LOOK",
  "lottery_name": "LT LOOK 18HS",
  "lottery_id": "60c70d87-e86f-4501-8bc2-c0e71aa20e1a",
  "date": "2022-10-08",
  "ymd": "2022-10-08",
  "close_hour": "18:10",
  "close_hour_raw": "18:10",
  "hour": "18",
  "close": "18:10",
  "importedAt": "2026-07-19T01:30:46.567Z"
}
{
  "id": "LOOK__2022-10-07__11-10__fe478ce4-0387-4985-b35a-4656ecc40382",
  "source": "kingapostas",
  "lottery_key": "LOOK",
  "lottery_name": "LT LOOK 11HS",
  "lottery_id": "fe478ce4-0387-4985-b35a-4656ecc40382",
  "date": "2022-10-07",
  "ymd": "2022-10-07",
  "close_hour": "11:10",
  "close_hour_raw": "11:10",
  "hour": "11",
  "close": "11:10",
  "importedAt": "2026-07-19T01:30:44.194Z"
}
{
  "id": "LOOK__2022-10-07__14-10__961f5fb2-0540-41a6-9542-69e4fef7e68d",
  "source": "kingapostas",
  "lottery_key": "LOOK",
  "lottery_name": "LT LOOK 14HS",
  "lottery_id": "961f5fb2-0540-41a6-9542-69e4fef7e68d",
  "date": "2022-10-07",
  "ymd": "2022-10-07",
  "close_hour": "14:10",
  "close_hour_raw": "14:10",
  "hour": "14",
  "close": "14:10",
  "importedAt": "2026-07-19T01:30:44.194Z"
}
{
  "id": "LOOK__2022-10-07__16-10__502d50e3-4092-4730-bb81-a80462044256",
  "source": "kingapostas",
  "lottery_key": "LOOK",
  "lottery_name": "LT LOOK 16HS",
  "lottery_id": "502d50e3-4092-4730-bb81-a80462044256",
  "date": "2022-10-07",
  "ymd": "2022-10-07",
  "close_hour": "16:10",
  "close_hour_raw": "16:10",
  "hour": "16",
  "close": "16:10",
  "importedAt": "2026-07-19T01:30:44.194Z"
}
{
  "id": "LOOK__2022-10-07__18-10__60c70d87-e86f-4501-8bc2-c0e71aa20e1a",
  "source": "kingapostas",
  "lottery_key": "LOOK",
  "lottery_name": "LT LOOK 18HS",
  "lottery_id": "60c70d87-e86f-4501-8bc2-c0e71aa20e1a",
  "date": "2022-10-07",
  "ymd": "2022-10-07",
  "close_hour": "18:10",
  "close_hour_raw": "18:10",
  "hour": "18",
  "close": "18:10",
  "importedAt": "2026-07-19T01:30:44.194Z"
}
{
  "id": "LOOK__2022-10-06__11-10__fe478ce4-0387-4985-b35a-4656ecc40382",
  "source": "kingapostas",
  "lottery_key": "LOOK",
  "lottery_name": "LT LOOK 11HS",
  "lottery_id": "fe478ce4-0387-4985-b35a-4656ecc40382",
  "date": "2022-10-06",
  "ymd": "2022-10-06",
  "close_hour": "11:10",
  "close_hour_raw": "11:10",
  "hour": "11",
  "close": "11:10",
  "importedAt": "2026-07-19T01:30:41.816Z"
}
{
  "id": "LOOK__2022-10-06__14-10__961f5fb2-0540-41a6-9542-69e4fef7e68d",
  "source": "kingapostas",
  "lottery_key": "LOOK",
  "lottery_name": "LT LOOK 14HS",
  "lottery_id": "961f5fb2-0540-41a6-9542-69e4fef7e68d",
  "date": "2022-10-06",
  "ymd": "2022-10-06",
  "close_hour": "14:10",
  "close_hour_raw": "14:10",
  "hour": "14",
  "close": "14:10",
  "importedAt": "2026-07-19T01:30:41.816Z"
}
{
  "id": "LOOK__2022-10-06__16-10__502d50e3-4092-4730-bb81-a80462044256",
  "source": "kingapostas",
  "lottery_key": "LOOK",
  "lottery_name": "LT LOOK 16HS",
  "lottery_id": "502d50e3-4092-4730-bb81-a80462044256",
  "date": "2022-10-06",
  "ymd": "2022-10-06",
  "close_hour": "16:10",
  "close_hour_raw": "16:10",
  "hour": "16",
  "close": "16:10",
  "importedAt": "2026-07-19T01:30:41.816Z"
}

======================================================
LOTTERY: NACIONAL
======================================================
documentos encontrados: 500
documentos exibidos: 15
{
  "id": "NACIONAL__2022-08-29__01-50__6c2b52ec-d613-4383-9c07-ff5ac7e04611",
  "source": "kingapostas",
  "lottery_key": "NACIONAL",
  "lottery_name": "LT NACIONAL 02HS",
  "lottery_id": "6c2b52ec-d613-4383-9c07-ff5ac7e04611",
  "date": "2022-08-29",
  "ymd": "2022-08-29",
  "close_hour": "01:50",
  "close_hour_raw": "01:50",
  "hour": "01",
  "close": "01:50",
  "importedAt": "2026-07-19T02:41:41.662Z"
}
{
  "id": "NACIONAL__2022-08-29__07-50__76a3feee-faa6-4b6c-aae5-656fd6af7b6b",
  "source": "kingapostas",
  "lottery_key": "NACIONAL",
  "lottery_name": "LT NACIONAL 08HS",
  "lottery_id": "76a3feee-faa6-4b6c-aae5-656fd6af7b6b",
  "date": "2022-08-29",
  "ymd": "2022-08-29",
  "close_hour": "07:50",
  "close_hour_raw": "07:50",
  "hour": "07",
  "close": "07:50",
  "importedAt": "2026-07-19T02:41:41.662Z"
}
{
  "id": "NACIONAL__2022-08-28__01-50__6c2b52ec-d613-4383-9c07-ff5ac7e04611",
  "source": "kingapostas",
  "lottery_key": "NACIONAL",
  "lottery_name": "LT NACIONAL 02HS",
  "lottery_id": "6c2b52ec-d613-4383-9c07-ff5ac7e04611",
  "date": "2022-08-28",
  "ymd": "2022-08-28",
  "close_hour": "01:50",
  "close_hour_raw": "01:50",
  "hour": "01",
  "close": "01:50",
  "importedAt": "2026-07-19T02:41:38.555Z"
}
{
  "id": "NACIONAL__2022-08-28__07-50__76a3feee-faa6-4b6c-aae5-656fd6af7b6b",
  "source": "kingapostas",
  "lottery_key": "NACIONAL",
  "lottery_name": "LT NACIONAL 08HS",
  "lottery_id": "76a3feee-faa6-4b6c-aae5-656fd6af7b6b",
  "date": "2022-08-28",
  "ymd": "2022-08-28",
  "close_hour": "07:50",
  "close_hour_raw": "07:50",
  "hour": "07",
  "close": "07:50",
  "importedAt": "2026-07-19T02:41:38.555Z"
}
{
  "id": "NACIONAL__2022-08-28__09-50__4dda728b-bbd9-43eb-a17b-acf968b1eca0",
  "source": "kingapostas",
  "lottery_key": "NACIONAL",
  "lottery_name": "LT NACIONAL 10HS",
  "lottery_id": "4dda728b-bbd9-43eb-a17b-acf968b1eca0",
  "date": "2022-08-28",
  "ymd": "2022-08-28",
  "close_hour": "09:50",
  "close_hour_raw": "09:50",
  "hour": "09",
  "close": "09:50",
  "importedAt": "2026-07-19T02:41:38.555Z"
}
{
  "id": "NACIONAL__2022-08-28__11-50__8efc7c5a-8883-48a3-ab7f-cf3d0f7eebd4",
  "source": "kingapostas",
  "lottery_key": "NACIONAL",
  "lottery_name": "LT NACIONAL 12HS",
  "lottery_id": "8efc7c5a-8883-48a3-ab7f-cf3d0f7eebd4",
  "date": "2022-08-28",
  "ymd": "2022-08-28",
  "close_hour": "11:50",
  "close_hour_raw": "11:50",
  "hour": "11",
  "close": "11:50",
  "importedAt": "2026-07-19T02:41:38.555Z"
}
{
  "id": "NACIONAL__2022-08-28__14-50__3bafbe99-632b-4445-9b73-12e78ee45283",
  "source": "kingapostas",
  "lottery_key": "NACIONAL",
  "lottery_name": "LT NACIONAL 15HS",
  "lottery_id": "3bafbe99-632b-4445-9b73-12e78ee45283",
  "date": "2022-08-28",
  "ymd": "2022-08-28",
  "close_hour": "14:50",
  "close_hour_raw": "14:50",
  "hour": "14",
  "close": "14:50",
  "importedAt": "2026-07-19T02:41:38.555Z"
}
{
  "id": "NACIONAL__2022-08-28__16-50__87db8fb6-8718-49c3-b739-96eec085e09d",
  "source": "kingapostas",
  "lottery_key": "NACIONAL",
  "lottery_name": "LT NACIONAL 17HS",
  "lottery_id": "87db8fb6-8718-49c3-b739-96eec085e09d",
  "date": "2022-08-28",
  "ymd": "2022-08-28",
  "close_hour": "16:50",
  "close_hour_raw": "16:50",
  "hour": "16",
  "close": "16:50",
  "importedAt": "2026-07-19T02:41:38.555Z"
}
{
  "id": "NACIONAL__2022-08-27__01-50__6c2b52ec-d613-4383-9c07-ff5ac7e04611",
  "source": "kingapostas",
  "lottery_key": "NACIONAL",
  "lottery_name": "LT NACIONAL 02HS",
  "lottery_id": "6c2b52ec-d613-4383-9c07-ff5ac7e04611",
  "date": "2022-08-27",
  "ymd": "2022-08-27",
  "close_hour": "01:50",
  "close_hour_raw": "01:50",
  "hour": "01",
  "close": "01:50",
  "importedAt": "2026-07-19T02:41:35.339Z"
}
{
  "id": "NACIONAL__2022-08-27__07-50__76a3feee-faa6-4b6c-aae5-656fd6af7b6b",
  "source": "kingapostas",
  "lottery_key": "NACIONAL",
  "lottery_name": "LT NACIONAL 08HS",
  "lottery_id": "76a3feee-faa6-4b6c-aae5-656fd6af7b6b",
  "date": "2022-08-27",
  "ymd": "2022-08-27",
  "close_hour": "07:50",
  "close_hour_raw": "07:50",
  "hour": "07",
  "close": "07:50",
  "importedAt": "2026-07-19T02:41:35.339Z"
}
{
  "id": "NACIONAL__2022-08-27__09-50__4dda728b-bbd9-43eb-a17b-acf968b1eca0",
  "source": "kingapostas",
  "lottery_key": "NACIONAL",
  "lottery_name": "LT NACIONAL 10HS",
  "lottery_id": "4dda728b-bbd9-43eb-a17b-acf968b1eca0",
  "date": "2022-08-27",
  "ymd": "2022-08-27",
  "close_hour": "09:50",
  "close_hour_raw": "09:50",
  "hour": "09",
  "close": "09:50",
  "importedAt": "2026-07-19T02:41:35.339Z"
}
{
  "id": "NACIONAL__2022-08-27__11-50__8efc7c5a-8883-48a3-ab7f-cf3d0f7eebd4",
  "source": "kingapostas",
  "lottery_key": "NACIONAL",
  "lottery_name": "LT NACIONAL 12HS",
  "lottery_id": "8efc7c5a-8883-48a3-ab7f-cf3d0f7eebd4",
  "date": "2022-08-27",
  "ymd": "2022-08-27",
  "close_hour": "11:50",
  "close_hour_raw": "11:50",
  "hour": "11",
  "close": "11:50",
  "importedAt": "2026-07-19T02:41:35.339Z"
}
{
  "id": "NACIONAL__2022-08-27__14-50__3bafbe99-632b-4445-9b73-12e78ee45283",
  "source": "kingapostas",
  "lottery_key": "NACIONAL",
  "lottery_name": "LT NACIONAL 15HS",
  "lottery_id": "3bafbe99-632b-4445-9b73-12e78ee45283",
  "date": "2022-08-27",
  "ymd": "2022-08-27",
  "close_hour": "14:50",
  "close_hour_raw": "14:50",
  "hour": "14",
  "close": "14:50",
  "importedAt": "2026-07-19T02:41:35.339Z"
}
{
  "id": "NACIONAL__2022-08-27__16-50__87db8fb6-8718-49c3-b739-96eec085e09d",
  "source": "kingapostas",
  "lottery_key": "NACIONAL",
  "lottery_name": "LT NACIONAL 17HS",
  "lottery_id": "87db8fb6-8718-49c3-b739-96eec085e09d",
  "date": "2022-08-27",
  "ymd": "2022-08-27",
  "close_hour": "16:50",
  "close_hour_raw": "16:50",
  "hour": "16",
  "close": "16:50",
  "importedAt": "2026-07-19T02:41:35.339Z"
}
{
  "id": "NACIONAL__2022-08-26__01-50__6c2b52ec-d613-4383-9c07-ff5ac7e04611",
  "source": "kingapostas",
  "lottery_key": "NACIONAL",
  "lottery_name": "LT NACIONAL 02HS",
  "lottery_id": "6c2b52ec-d613-4383-9c07-ff5ac7e04611",
  "date": "2022-08-26",
  "ymd": "2022-08-26",
  "close_hour": "01:50",
  "close_hour_raw": "01:50",
  "hour": "01",
  "close": "01:50",
  "importedAt": "2026-07-19T02:41:32.219Z"
}

===== CONSULTA CONCLUÍDA =====
