===== RESUMO POR ÁREA =====

[RESULTADOS]
PT_RIO=NAO
FEDERAL=SIM
LOOK=NAO
NACIONAL=NAO
ARQUIVOS_COM_REFERENCIAS=1

[TOP3]
PT_RIO=SIM
FEDERAL=SIM
LOOK=NAO
NACIONAL=NAO
ARQUIVOS_COM_REFERENCIAS=13

[CENTENAS]
PT_RIO=SIM
FEDERAL=SIM
LOOK=NAO
NACIONAL=NAO
ARQUIVOS_COM_REFERENCIAS=1

[SELETORES_E_CONFIGURACOES]
PT_RIO=SIM
FEDERAL=SIM
LOOK=NAO
NACIONAL=NAO
ARQUIVOS_COM_REFERENCIAS=4

===== DIAGNÓSTICO AUTOMÁTICO =====

RESULTADOS: LOOK e NACIONAL não aparecem nesta área.
TOP3: LOOK e NACIONAL não aparecem nesta área.
CENTENAS: LOOK e NACIONAL não aparecem nesta área.
SELETORES_E_CONFIGURACOES: LOOK e NACIONAL não aparecem nesta área.

Relatório detalhado salvo em: tmp\lkn21_frontend_look_nacional_audit.txt
