===== RESUMO =====

Arquivos analisados: 60
Arquivos relevantes: 40

===== 20 ARQUIVOS MAIS PRIORITÁRIOS =====

01. SCORE=24 | src/pages/Centenas/CentenasView.jsx
    API_REFERENCES, CONDITIONAL_REFERENCES, LOTTERY_REFERENCES, SCHEDULE_REFERENCES, SELECTOR_REFERENCES
02. SCORE=24 | src/pages/Top3/top3.hooks.js
    API_REFERENCES, CONDITIONAL_REFERENCES, LOTTERY_REFERENCES, SCHEDULE_REFERENCES, SELECTOR_REFERENCES
03. SCORE=22 | src/pages/Results/Results.jsx
    API_REFERENCES, CONDITIONAL_REFERENCES, LOTTERY_REFERENCES, SCHEDULE_REFERENCES, SELECTOR_REFERENCES
04. SCORE=22 | src/pages/Top3/Top3View.jsx
    CONDITIONAL_REFERENCES, LOTTERY_REFERENCES, SCHEDULE_REFERENCES, SELECTOR_REFERENCES
05. SCORE=22 | src/pages/Top3/Top3View.premium.backup.jsx
    CONDITIONAL_REFERENCES, LOTTERY_REFERENCES, SCHEDULE_REFERENCES, SELECTOR_REFERENCES
06. SCORE=22 | src/pages/Top3/top3.engine.before-history-stats-20260710_111832.js
    API_REFERENCES, CONDITIONAL_REFERENCES, LOTTERY_REFERENCES, SCHEDULE_REFERENCES, SELECTOR_REFERENCES
07. SCORE=22 | src/pages/Top3/top3.engine.before-history-stats-20260710_112326.js
    API_REFERENCES, CONDITIONAL_REFERENCES, LOTTERY_REFERENCES, SCHEDULE_REFERENCES, SELECTOR_REFERENCES
08. SCORE=20 | src/services/kingResultsService.js
    API_REFERENCES, CONDITIONAL_REFERENCES, LOTTERY_REFERENCES, SCHEDULE_REFERENCES
09. SCORE=18 | src/constants/schedule.js
    CONDITIONAL_REFERENCES, LOTTERY_REFERENCES, SCHEDULE_REFERENCES
10. SCORE=18 | src/pages/Top3/__tests__/top3.backtest.layers.test.js
    API_REFERENCES, CONDITIONAL_REFERENCES, LOTTERY_REFERENCES, SCHEDULE_REFERENCES
11. SCORE=18 | src/pages/Top3/__tests__/top3.backtest.test.js
    API_REFERENCES, CONDITIONAL_REFERENCES, LOTTERY_REFERENCES, SCHEDULE_REFERENCES
12. SCORE=18 | src/pages/Top3/modules/top3.loader.js
    API_REFERENCES, CONDITIONAL_REFERENCES, LOTTERY_REFERENCES, SCHEDULE_REFERENCES
13. SCORE=18 | src/pages/Top3/top3.engine.js
    API_REFERENCES, CONDITIONAL_REFERENCES, LOTTERY_REFERENCES, SCHEDULE_REFERENCES
14. SCORE=18 | src/pages/Top3/top3.firestore.js
    API_REFERENCES, CONDITIONAL_REFERENCES, LOTTERY_REFERENCES, SCHEDULE_REFERENCES
15. SCORE=15 | src/hooks/useKingRanking.js
    API_REFERENCES, CONDITIONAL_REFERENCES, SCHEDULE_REFERENCES, SELECTOR_REFERENCES
16. SCORE=14 | src/pages/Top3/modules/scoreEngine/frequencyEvidence.js
    CONDITIONAL_REFERENCES, LOTTERY_REFERENCES, SCHEDULE_REFERENCES
17. SCORE=14 | src/pages/Top3/top3.selectors.js
    CONDITIONAL_REFERENCES, LOTTERY_REFERENCES
18. SCORE=14 | src/pages/Top3/top3.storage.js
    CONDITIONAL_REFERENCES, LOTTERY_REFERENCES, SCHEDULE_REFERENCES
19. SCORE=13 | src/pages/Top3/__tests__/top3.public-api.node.test.js
    API_REFERENCES, LOTTERY_REFERENCES, SCHEDULE_REFERENCES
20. SCORE=13 | src/pages/Top3/modules/top3.timeline.js
    LOTTERY_REFERENCES, SCHEDULE_REFERENCES, SELECTOR_REFERENCES

Relatório detalhado salvo em: tmp\lkn22_frontend_integration_map.txt
