Fetching deployment "palpitacojb-mqijjo6am-glauber-oliveiras-projects.vercel.app" in glauber-oliveiras-projects
2026-07-19T17:29:49.591Z  Running build in Washington, D.C., USA (East) – iad1
2026-07-19T17:29:49.597Z  Build machine configuration: 2 cores, 8 GB
2026-07-19T17:29:49.784Z  Cloning github.com/glauberseguros-commits/palpitacojb (Branch: main, Commit: deaae8a)
2026-07-19T17:29:51.578Z  Cloning completed: 1.788s
2026-07-19T17:29:51.807Z  Restored build cache from previous deployment (Ak4Ztxrv9KEgzvEqu7VZ6w1qSjt4)
2026-07-19T17:29:52.166Z  Running "vercel build"
2026-07-19T17:29:52.198Z  Vercel CLI 56.2.0
2026-07-19T17:29:53.122Z  Installing dependencies...
2026-07-19T17:29:55.487Z  
2026-07-19T17:29:55.488Z  up to date in 2s
2026-07-19T17:29:55.488Z  
2026-07-19T17:29:55.488Z  280 packages are looking for funding
2026-07-19T17:29:55.489Z  run `npm fund` for details
2026-07-19T17:29:55.489Z  npm notice
2026-07-19T17:29:55.490Z  npm notice New major version of npm available! 11.12.1 -> 12.0.1
2026-07-19T17:29:55.490Z  npm notice Changelog: https://github.com/npm/cli/releases/tag/v12.0.1
2026-07-19T17:29:55.490Z  npm notice To update run: npm install -g npm@12.0.1
2026-07-19T17:29:55.491Z  npm notice
2026-07-19T17:29:55.542Z  Running "npm run build"
2026-07-19T17:29:55.681Z  
2026-07-19T17:29:55.682Z  > palpitaco@0.1.0 build
2026-07-19T17:29:55.682Z  > react-scripts build
2026-07-19T17:29:55.682Z  
2026-07-19T17:29:56.954Z  (node:104) [DEP0176] DeprecationWarning: fs.F_OK is deprecated, use fs.constants.F_OK instead
2026-07-19T17:29:56.955Z  (Use `node --trace-deprecation ...` to show where the warning was created)
2026-07-19T17:29:57.027Z  Creating an optimized production build...
2026-07-19T17:29:57.189Z  Browserslist: browsers data (caniuse-lite) is 6 months old. Please run:
2026-07-19T17:29:57.189Z  npx update-browserslist-db@latest
2026-07-19T17:29:57.189Z  Why you should do it regularly: https://github.com/browserslist/update-db#readme
2026-07-19T17:30:30.777Z  Browserslist: browsers data (caniuse-lite) is 6 months old. Please run:
2026-07-19T17:30:30.778Z  npx update-browserslist-db@latest
2026-07-19T17:30:30.779Z  Why you should do it regularly: https://github.com/browserslist/update-db#readme
2026-07-19T17:30:32.338Z  Failed to compile.
2026-07-19T17:30:32.339Z  
2026-07-19T17:30:32.339Z  [eslint]
2026-07-19T17:30:32.339Z  src/pages/Late/Late.jsx
2026-07-19T17:30:32.340Z  Line 899:40:  'selectedLottery' is not defined  no-undef
2026-07-19T17:30:32.340Z  
2026-07-19T17:30:32.340Z  Search for the keywords to learn more about each error.
2026-07-19T17:30:32.341Z  
2026-07-19T17:30:32.341Z  
2026-07-19T17:30:32.452Z  Error: Command "npm run build" exited with 1
status	● Error
