
> palpitaco@0.1.0 build
> react-scripts build

Creating an optimized production build...
Browserslist: browsers data (caniuse-lite) is 6 months old. Please run:
  npx update-browserslist-db@latest
  Why you should do it regularly: https://github.com/browserslist/update-db#readme
Browserslist: browsers data (caniuse-lite) is 6 months old. Please run:
  npx update-browserslist-db@latest
  Why you should do it regularly: https://github.com/browserslist/update-db#readme
Compiled with warnings.

[eslint] 
src\pages\Account\Account.jsx
  Line 1:1:  Unexpected Unicode BOM (Byte Order Mark)  unicode-bom

src\pages\Account\account.profile.service.js
  Line 322:11:  'lastActiveAt' is assigned a value but never used  no-unused-vars

src\pages\Centenas\CentenasView.jsx
  Line 82:10:   'todayYMDLocal' is defined but never used  no-unused-vars
  Line 419:10:  'digitFromKey' is defined but never used   no-unused-vars

src\pages\Dashboard\Dashboard.jsx
  Line 30:10:  'loadDashboardStatistics' is defined but never used  no-unused-vars

src\pages\Late\Late.jsx
  Line 623:5:  React Hook useCallback has missing dependencies: 'buildLateList' and 'refreshBoundsAndLastDraw'. Either include them or remove the dependency array  react-hooks/exhaustive-deps

src\pages\Top3\modules\scoreEngine\contextEvidence.js
  Line 1:1:  'use strict' is unnecessary inside of modules  strict

src\pages\Top3\modules\scoreEngine\evidenceEngine.js
  Line 1:1:  'use strict' is unnecessary inside of modules  strict

src\pages\Top3\modules\scoreEngine\frequencyEvidence.js
  Line 1:1:  'use strict' is unnecessary inside of modules  strict

src\pages\Top3\modules\scoreEngine\scoreConfig.js
  Line 1:1:  'use strict' is unnecessary inside of modules  strict

src\pages\Top3\modules\scoreEngine\scoreEngineV2.js
  Line 1:1:  'use strict' is unnecessary inside of modules  strict

src\pages\Top3\top3.hooks.js
  Line 107:10:  'hasDrawAtHour' is defined but never used                                                                                                       no-unused-vars
  Line 842:6:   React Hook useCallback has a missing dependency: 'debugTop3'. Either include it or remove the dependency array                                  react-hooks/exhaustive-deps
  Line 852:6:   React Hook useEffect has missing dependencies: 'lookback', 'lotteryKeySafe', and 'ymdSafe'. Either include them or remove the dependency array  react-hooks/exhaustive-deps

Search for the keywords to learn more about each warning.
To ignore, add // eslint-disable-next-line to the line before.

File sizes after gzip:

  342.26 kB (+2 B)  build\static\js\main.f9b3e285.js
  138.8 kB          build\static\js\238.133659d3.chunk.js
  128.07 kB         build\static\js\389.21aa2d35.chunk.js
  46.35 kB          build\static\js\239.6b4eaf90.chunk.js
  42.9 kB           build\static\js\455.7220bbdf.chunk.js
  9.79 kB           build\static\js\857.e51a2e06.chunk.js
  8.69 kB           build\static\js\977.efeedf50.chunk.js
  6.2 kB            build\static\css\main.64e2afab.css

The project was built assuming it is hosted at /.
You can control this with the homepage field in your package.json.

The build folder is ready to be deployed.
You may serve it with a static server:

  serve -s build

Find out more about deployment here:

  https://cra.link/deployment

