To https://github.com/glauberseguros-commits/palpitacojb.git
   deaae8a..87a1767  main -> main
Retrieving project…
Fetching deployments in glauber-oliveiras-projects
> Deployments for glauber-oliveiras-projects/palpitacojb [400ms]

https://palpitacojb-hjkuzd0yo-glauber-oliveiras-projects.vercel.app
  Age     Project                                    Deployment                                                              Status         Environment     Duration     Username                   
  11s     glauber-oliveiras-projects/palpitacojb     https://palpitacojb-hjkuzd0yo-glauber-oliveiras-projects.vercel.app     ● Building     Production      --           glauberseguros-commits     
  29m     glauber-oliveiras-projects/palpitacojb     https://palpitacojb-mqijjo6am-glauber-oliveiras-projects.vercel.app     ● Error        Production      46s          glauberseguros-commits     
  17h     glauber-oliveiras-projects/palpitacojb     https://palpitacojb-ekki35n9g-glauber-oliveiras-projects.vercel.app     ● Error        Production      40s          glauberseguros-commits     
  17h     glauber-oliveiras-projects/palpitacojb     https://palpitacojb-em3lv6i87-glauber-oliveiras-projects.vercel.app     ● Error        Production      46s          glauberseguros-commits     
https://palpitacojb-mqijjo6am-glauber-oliveiras-projects.vercel.app
https://palpitacojb-ekki35n9g-glauber-oliveiras-projects.vercel.app
https://palpitacojb-em3lv6i87-glauber-oliveiras-projects.vercel.app
https://palpitacojb-ktqioknrl-glauber-oliveiras-projects.vercel.app
https://palpitacojb-76jn72krj-glauber-oliveiras-projects.vercel.app
https://palpitacojb-hcwprmmy9-glauber-oliveiras-projects.vercel.app
https://palpitacojb-4bdz3smwj-glauber-oliveiras-projects.vercel.app
https://palpitacojb-5xgdy7azi-glauber-oliveiras-projects.vercel.app
https://palpitacojb-7wdv0qi28-glauber-oliveiras-projects.vercel.app
https://palpitacojb-5sowkel08-glauber-oliveiras-projects.vercel.app
https://palpitacojb-pti6r6ggy-glauber-oliveiras-projects.vercel.app
https://palpitacojb-c5m6i37cd-glauber-oliveiras-projects.vercel.app
https://palpitacojb-nkm0itt0s-glauber-oliveiras-projects.vercel.app
https://palpitacojb-rakemnj5r-glauber-oliveiras-projects.vercel.app
https://palpitacojb-j2wq737cb-glauber-oliveiras-projects.vercel.app
https://palpitacojb-oiskrgdp0-glauber-oliveiras-projects.vercel.app
https://palpitacojb-kjujlafxe-glauber-oliveiras-projects.vercel.app
https://palpitacojb-6u9wadepg-glauber-oliveiras-projects.vercel.app
https://palpitacojb-is2qu9ztu-glauber-oliveiras-projects.vercel.app
  17h     glauber-oliveiras-projects/palpitacojb     https://palpitacojb-ktqioknrl-glauber-oliveiras-projects.vercel.app     ● Error        Production      41s          glauberseguros-commits     
  19h     glauber-oliveiras-projects/palpitacojb     https://palpitacojb-76jn72krj-glauber-oliveiras-projects.vercel.app     ● Error        Production      38s          glauberseguros-commits     
  19h     glauber-oliveiras-projects/palpitacojb     https://palpitacojb-hcwprmmy9-glauber-oliveiras-projects.vercel.app     ● Error        Production      41s          glauberseguros-commits     
  20h     glauber-oliveiras-projects/palpitacojb     https://palpitacojb-4bdz3smwj-glauber-oliveiras-projects.vercel.app     ● Ready        Production      45s          glauberseguros-commits     
  3d      glauber-oliveiras-projects/palpitacojb     https://palpitacojb-5xgdy7azi-glauber-oliveiras-projects.vercel.app     ● Ready        Production      58s          glauberseguros-commits     
  4d      glauber-oliveiras-projects/palpitacojb     https://palpitacojb-7wdv0qi28-glauber-oliveiras-projects.vercel.app     ● Ready        Production      59s          glauberseguros-commits     
  4d      glauber-oliveiras-projects/palpitacojb     https://palpitacojb-5sowkel08-glauber-oliveiras-projects.vercel.app     ● Ready        Production      47s          glauberseguros-commits     
  4d      glauber-oliveiras-projects/palpitacojb     https://palpitacojb-pti6r6ggy-glauber-oliveiras-projects.vercel.app     ● Ready        Production      47s          glauberseguros-commits     
  4d      glauber-oliveiras-projects/palpitacojb     https://palpitacojb-c5m6i37cd-glauber-oliveiras-projects.vercel.app     ● Ready        Production      46s          glauberseguros-commits     
  4d      glauber-oliveiras-projects/palpitacojb     https://palpitacojb-nkm0itt0s-glauber-oliveiras-projects.vercel.app     ● Ready        Production      44s          glauberseguros-commits     
  4d      glauber-oliveiras-projects/palpitacojb     https://palpitacojb-rakemnj5r-glauber-oliveiras-projects.vercel.app     ● Ready        Production      46s          glauberseguros-commits     
  4d      glauber-oliveiras-projects/palpitacojb     https://palpitacojb-j2wq737cb-glauber-oliveiras-projects.vercel.app     ● Ready        Production      47s          glauberseguros-commits     
  4d      glauber-oliveiras-projects/palpitacojb     https://palpitacojb-oiskrgdp0-glauber-oliveiras-projects.vercel.app     ● Ready        Production      58s          glauberseguros-commits     
  4d      glauber-oliveiras-projects/palpitacojb     https://palpitacojb-kjujlafxe-glauber-oliveiras-projects.vercel.app     ● Ready        Production      50s          glauberseguros-commits     
  4d      glauber-oliveiras-projects/palpitacojb     https://palpitacojb-6u9wadepg-glauber-oliveiras-projects.vercel.app     ● Ready        Production      46s          glauberseguros-commits     
  4d      glauber-oliveiras-projects/palpitacojb     https://palpitacojb-is2qu9ztu-glauber-oliveiras-projects.vercel.app     ● Ready        Production      46s          glauberseguros-commits     

> To display the next page, run `vercel ls --next 1784147128964`
