
> palpitaco@0.1.0 test
> react-scripts test src/pages/Top3/__tests__/top3.public-api.node.test.js src/pages/Top3/__tests__/top3.schedule-transition.test.js

PASS src/pages/Top3/__tests__/top3.public-api.node.test.js
FAIL src/pages/Top3/__tests__/top3.schedule-transition.test.js
  ● TOP3 — transição oficial de horários › preserva Federal histórica no sábado 18/07/2026 às 20h

    expect(received).toEqual(expected) // deep equality

    - Expected  - 1
    + Received  + 1

      Array [
    -   "20:00",
    +   "20h",
      ]

      24 |   test("preserva Federal histórica no sábado 18/07/2026 às 20h", () => {
      25 |     expect(isFederalDrawDay("2026-07-18")).toBe(true);
    > 26 |     expect(schedule("FEDERAL", "2026-07-18")).toEqual(["20:00"]);
         |                                               ^
      27 |   });
      28 |
      29 |   test("Federal passa para domingo 19/07/2026 às 11h", () => {

      at Object.<anonymous> (src/pages/Top3/__tests__/top3.schedule-transition.test.js:26:47)

  ● TOP3 — transição oficial de horários › Federal continua funcionando na quarta-feira às 20h

    expect(received).toEqual(expected) // deep equality

    - Expected  - 1
    + Received  + 1

      Array [
    -   "20:00",
    +   "20h",
      ]

      39 |   test("Federal continua funcionando na quarta-feira às 20h", () => {
      40 |     expect(isFederalDrawDay("2026-07-22")).toBe(true);
    > 41 |     expect(schedule("FEDERAL", "2026-07-22")).toEqual(["20:00"]);
         |                                               ^
      42 |   });
      43 |
      44 |   test("PT Rio preserva domingo histórico anterior à mudança", () => {

      at Object.<anonymous> (src/pages/Top3/__tests__/top3.schedule-transition.test.js:41:47)

  ● TOP3 — transição oficial de horários › PT Rio remove 09h e 11h do domingo após a mudança

    expect(received).not.toContain(expected) // indexOf

    Expected value: not "09:00"
    Received array:     ["09:00", "11:00", "14:00", "16:00"]

      60 |     );
      61 |
    > 62 |     expect(result).not.toContain("09:00");
         |                        ^
      63 |     expect(result).not.toContain("11:00");
      64 |   });
      65 |

      at Object.<anonymous> (src/pages/Top3/__tests__/top3.schedule-transition.test.js:62:24)

  ● TOP3 — transição oficial de horários › PT Rio histórico mantém remoção de 18h no sábado com Federal

    expect(received).not.toContain(expected) // indexOf

    Expected value: not "18:00"
    Received array:     ["09:00", "11:00", "14:00", "16:00", "18:00", "21:00"]

      81 |     );
      82 |
    > 83 |     expect(result).not.toContain("18:00");
         |                        ^
      84 |   });
      85 | });
      86 |

      at Object.<anonymous> (src/pages/Top3/__tests__/top3.schedule-transition.test.js:83:24)

Test Suites: 1 failed, 1 passed, 2 total
Tests:       4 failed, 9 passed, 13 total
Snapshots:   0 total
Time:        5.304 s
Ran all test suites matching /src\\pages\\Top3\\__tests__\\top3.public-api.node.test.js|src\\pages\\Top3\\__tests__\\top3.schedule-transition.test.js/i.

PASS src/pages/Top3/__tests__/top3.public-api.node.test.js
FAIL src/pages/Top3/__tests__/top3.schedule-transition.test.js
  ● TOP3 — transição oficial de horários › preserva Federal histórica no sábado 18/07/2026 às 20h

    expect(received).toEqual(expected) // deep equality

    - Expected  - 1
    + Received  + 1

      Array [
    -   "20:00",
    +   "20h",
      ]

      24 |   test("preserva Federal histórica no sábado 18/07/2026 às 20h", () => {
      25 |     expect(isFederalDrawDay("2026-07-18")).toBe(true);
    > 26 |     expect(schedule("FEDERAL", "2026-07-18")).toEqual(["20:00"]);
         |                                               ^
      27 |   });
      28 |
      29 |   test("Federal passa para domingo 19/07/2026 às 11h", () => {

      at Object.<anonymous> (src/pages/Top3/__tests__/top3.schedule-transition.test.js:26:47)

  ● TOP3 — transição oficial de horários › Federal continua funcionando na quarta-feira às 20h

    expect(received).toEqual(expected) // deep equality

    - Expected  - 1
    + Received  + 1

      Array [
    -   "20:00",
    +   "20h",
      ]

      39 |   test("Federal continua funcionando na quarta-feira às 20h", () => {
      40 |     expect(isFederalDrawDay("2026-07-22")).toBe(true);
    > 41 |     expect(schedule("FEDERAL", "2026-07-22")).toEqual(["20:00"]);
         |                                               ^
      42 |   });
      43 |
      44 |   test("PT Rio preserva domingo histórico anterior à mudança", () => {

      at Object.<anonymous> (src/pages/Top3/__tests__/top3.schedule-transition.test.js:41:47)

  ● TOP3 — transição oficial de horários › PT Rio remove 09h e 11h do domingo após a mudança

    expect(received).not.toContain(expected) // indexOf

    Expected value: not "09:00"
    Received array:     ["09:00", "11:00", "14:00", "16:00"]

      60 |     );
      61 |
    > 62 |     expect(result).not.toContain("09:00");
         |                        ^
      63 |     expect(result).not.toContain("11:00");
      64 |   });
      65 |

      at Object.<anonymous> (src/pages/Top3/__tests__/top3.schedule-transition.test.js:62:24)

  ● TOP3 — transição oficial de horários › PT Rio histórico mantém remoção de 18h no sábado com Federal

    expect(received).not.toContain(expected) // indexOf

    Expected value: not "18:00"
    Received array:     ["09:00", "11:00", "14:00", "16:00", "18:00", "21:00"]

      81 |     );
      82 |
    > 83 |     expect(result).not.toContain("18:00");
         |                        ^
      84 |   });
      85 | });
      86 |

      at Object.<anonymous> (src/pages/Top3/__tests__/top3.schedule-transition.test.js:83:24)

Test Suites: 1 failed, 1 passed, 2 total
Tests:       4 failed, 9 passed, 13 total
Snapshots:   0 total
Time:        2.648 s, estimated 4 s
Ran all test suites matching /src\\pages\\Top3\\__tests__\\top3.public-api.node.test.js|src\\pages\\Top3\\__tests__\\top3.schedule-transition.test.js/i.

PASS src/pages/Top3/__tests__/top3.public-api.node.test.js
FAIL src/pages/Top3/__tests__/top3.schedule-transition.test.js
  ● TOP3 — transição oficial de horários › preserva Federal histórica no sábado 18/07/2026 às 20h

    expect(received).toEqual(expected) // deep equality

    - Expected  - 1
    + Received  + 1

      Array [
    -   "20:00",
    +   "20h",
      ]

      24 |   test("preserva Federal histórica no sábado 18/07/2026 às 20h", () => {
      25 |     expect(isFederalDrawDay("2026-07-18")).toBe(true);
    > 26 |     expect(schedule("FEDERAL", "2026-07-18")).toEqual(["20:00"]);
         |                                               ^
      27 |   });
      28 |
      29 |   test("Federal passa para domingo 19/07/2026 às 11h", () => {

      at Object.<anonymous> (src/pages/Top3/__tests__/top3.schedule-transition.test.js:26:47)

  ● TOP3 — transição oficial de horários › Federal continua funcionando na quarta-feira às 20h

    expect(received).toEqual(expected) // deep equality

    - Expected  - 1
    + Received  + 1

      Array [
    -   "20:00",
    +   "20h",
      ]

      39 |   test("Federal continua funcionando na quarta-feira às 20h", () => {
      40 |     expect(isFederalDrawDay("2026-07-22")).toBe(true);
    > 41 |     expect(schedule("FEDERAL", "2026-07-22")).toEqual(["20:00"]);
         |                                               ^
      42 |   });
      43 |
      44 |   test("PT Rio preserva domingo histórico anterior à mudança", () => {

      at Object.<anonymous> (src/pages/Top3/__tests__/top3.schedule-transition.test.js:41:47)

  ● TOP3 — transição oficial de horários › PT Rio remove 09h e 11h do domingo após a mudança

    expect(received).not.toContain(expected) // indexOf

    Expected value: not "09:00"
    Received array:     ["09:00", "11:00", "14:00", "16:00"]

      60 |     );
      61 |
    > 62 |     expect(result).not.toContain("09:00");
         |                        ^
      63 |     expect(result).not.toContain("11:00");
      64 |   });
      65 |

      at Object.<anonymous> (src/pages/Top3/__tests__/top3.schedule-transition.test.js:62:24)

  ● TOP3 — transição oficial de horários › PT Rio histórico mantém remoção de 18h no sábado com Federal

    expect(received).not.toContain(expected) // indexOf

    Expected value: not "18:00"
    Received array:     ["09:00", "11:00", "14:00", "16:00", "18:00", "21:00"]

      81 |     );
      82 |
    > 83 |     expect(result).not.toContain("18:00");
         |                        ^
      84 |   });
      85 | });
      86 |

      at Object.<anonymous> (src/pages/Top3/__tests__/top3.schedule-transition.test.js:83:24)

Test Suites: 1 failed, 1 passed, 2 total
Tests:       4 failed, 9 passed, 13 total
Snapshots:   0 total
Time:        2.964 s
Ran all test suites matching /src\\pages\\Top3\\__tests__\\top3.public-api.node.test.js|src\\pages\\Top3\\__tests__\\top3.schedule-transition.test.js/i.

PASS src/pages/Top3/__tests__/top3.public-api.node.test.js
FAIL src/pages/Top3/__tests__/top3.schedule-transition.test.js
  ● TOP3 — transição oficial de horários › preserva Federal histórica no sábado 18/07/2026 às 20h

    expect(received).toEqual(expected) // deep equality

    - Expected  - 1
    + Received  + 1

      Array [
    -   "20:00",
    +   "20h",
      ]

      24 |   test("preserva Federal histórica no sábado 18/07/2026 às 20h", () => {
      25 |     expect(isFederalDrawDay("2026-07-18")).toBe(true);
    > 26 |     expect(schedule("FEDERAL", "2026-07-18")).toEqual(["20:00"]);
         |                                               ^
      27 |   });
      28 |
      29 |   test("Federal passa para domingo 19/07/2026 às 11h", () => {

      at Object.<anonymous> (src/pages/Top3/__tests__/top3.schedule-transition.test.js:26:47)

  ● TOP3 — transição oficial de horários › Federal continua funcionando na quarta-feira às 20h

    expect(received).toEqual(expected) // deep equality

    - Expected  - 1
    + Received  + 1

      Array [
    -   "20:00",
    +   "20h",
      ]

      39 |   test("Federal continua funcionando na quarta-feira às 20h", () => {
      40 |     expect(isFederalDrawDay("2026-07-22")).toBe(true);
    > 41 |     expect(schedule("FEDERAL", "2026-07-22")).toEqual(["20:00"]);
         |                                               ^
      42 |   });
      43 |
      44 |   test("PT Rio preserva domingo histórico anterior à mudança", () => {

      at Object.<anonymous> (src/pages/Top3/__tests__/top3.schedule-transition.test.js:41:47)

  ● TOP3 — transição oficial de horários › PT Rio remove 09h e 11h do domingo após a mudança

    expect(received).not.toContain(expected) // indexOf

    Expected value: not "09:00"
    Received array:     ["09:00", "11:00", "14:00", "16:00"]

      60 |     );
      61 |
    > 62 |     expect(result).not.toContain("09:00");
         |                        ^
      63 |     expect(result).not.toContain("11:00");
      64 |   });
      65 |

      at Object.<anonymous> (src/pages/Top3/__tests__/top3.schedule-transition.test.js:62:24)

  ● TOP3 — transição oficial de horários › PT Rio histórico mantém remoção de 18h no sábado com Federal

    expect(received).not.toContain(expected) // indexOf

    Expected value: not "18:00"
    Received array:     ["09:00", "11:00", "14:00", "16:00", "18:00", "21:00"]

      81 |     );
      82 |
    > 83 |     expect(result).not.toContain("18:00");
         |                        ^
      84 |   });
      85 | });
      86 |

      at Object.<anonymous> (src/pages/Top3/__tests__/top3.schedule-transition.test.js:83:24)

Test Suites: 1 failed, 1 passed, 2 total
Tests:       4 failed, 9 passed, 13 total
Snapshots:   0 total
Time:        4.848 s
Ran all test suites matching /src\\pages\\Top3\\__tests__\\top3.public-api.node.test.js|src\\pages\\Top3\\__tests__\\top3.schedule-transition.test.js/i.

PASS src/pages/Top3/__tests__/top3.public-api.node.test.js
FAIL src/pages/Top3/__tests__/top3.schedule-transition.test.js
  ● TOP3 — transição oficial de horários › preserva Federal histórica no sábado 18/07/2026 às 20h

    expect(received).toEqual(expected) // deep equality

    - Expected  - 1
    + Received  + 1

      Array [
    -   "20:00",
    +   "20h",
      ]

      24 |   test("preserva Federal histórica no sábado 18/07/2026 às 20h", () => {
      25 |     expect(isFederalDrawDay("2026-07-18")).toBe(true);
    > 26 |     expect(schedule("FEDERAL", "2026-07-18")).toEqual(["20:00"]);
         |                                               ^
      27 |   });
      28 |
      29 |   test("Federal passa para domingo 19/07/2026 às 11h", () => {

      at Object.<anonymous> (src/pages/Top3/__tests__/top3.schedule-transition.test.js:26:47)

  ● TOP3 — transição oficial de horários › Federal continua funcionando na quarta-feira às 20h

    expect(received).toEqual(expected) // deep equality

    - Expected  - 1
    + Received  + 1

      Array [
    -   "20:00",
    +   "20h",
      ]

      39 |   test("Federal continua funcionando na quarta-feira às 20h", () => {
      40 |     expect(isFederalDrawDay("2026-07-22")).toBe(true);
    > 41 |     expect(schedule("FEDERAL", "2026-07-22")).toEqual(["20:00"]);
         |                                               ^
      42 |   });
      43 |
      44 |   test("PT Rio preserva domingo histórico anterior à mudança", () => {

      at Object.<anonymous> (src/pages/Top3/__tests__/top3.schedule-transition.test.js:41:47)

  ● TOP3 — transição oficial de horários › PT Rio remove 09h e 11h do domingo após a mudança

    expect(received).not.toContain(expected) // indexOf

    Expected value: not "09:00"
    Received array:     ["09:00", "11:00", "14:00", "16:00"]

      60 |     );
      61 |
    > 62 |     expect(result).not.toContain("09:00");
         |                        ^
      63 |     expect(result).not.toContain("11:00");
      64 |   });
      65 |

      at Object.<anonymous> (src/pages/Top3/__tests__/top3.schedule-transition.test.js:62:24)

  ● TOP3 — transição oficial de horários › PT Rio histórico mantém remoção de 18h no sábado com Federal

    expect(received).not.toContain(expected) // indexOf

    Expected value: not "18:00"
    Received array:     ["09:00", "11:00", "14:00", "16:00", "18:00", "21:00"]

      81 |     );
      82 |
    > 83 |     expect(result).not.toContain("18:00");
         |                        ^
      84 |   });
      85 | });
      86 |

      at Object.<anonymous> (src/pages/Top3/__tests__/top3.schedule-transition.test.js:83:24)

Test Suites: 1 failed, 1 passed, 2 total
Tests:       4 failed, 9 passed, 13 total
Snapshots:   0 total
Time:        5.021 s
Ran all test suites matching /src\\pages\\Top3\\__tests__\\top3.public-api.node.test.js|src\\pages\\Top3\\__tests__\\top3.schedule-transition.test.js/i.

