TAP version 13
# (node:25416) [MODULE_TYPELESS_PACKAGE_JSON] Warning: Module type of file:///C:/Users/glaub/palpitaco/src/pages/Top3/__tests__/top3.schedule-calendar-rules.node.test.js is not specified and it doesn't parse as CommonJS.
# Reparsing as ES module because module syntax was detected. This incurs a performance overhead.
# To eliminate this warning, add "type": "module" to C:\\Users\\glaub\\palpitaco\\package.json.
# (Use `node --trace-warnings ...` to show where the warning was created)
# node:internal/modules/esm/resolve:275
#     throw new ERR_MODULE_NOT_FOUND(
#           ^
# Error [ERR_MODULE_NOT_FOUND]: Cannot find module 'C:\\Users\\glaub\\palpitaco\\src\\pages\\Top3\\top3.formatters' imported from C:\\Users\\glaub\\palpitaco\\src\\pages\\Top3\\top3.engine.js
#     at finalizeResolution (node:internal/modules/esm/resolve:275:11)
#     at moduleResolve (node:internal/modules/esm/resolve:860:10)
#     at defaultResolve (node:internal/modules/esm/resolve:984:11)
#     at ModuleLoader.defaultResolve (node:internal/modules/esm/loader:780:12)
#     at \#cachedDefaultResolve (node:internal/modules/esm/loader:704:25)
#     at ModuleLoader.resolve (node:internal/modules/esm/loader:687:38)
#     at ModuleLoader.getModuleJobForImport (node:internal/modules/esm/loader:305:38)
#     at ModuleJob._link (node:internal/modules/esm/module_job:137:49) {
#   code: 'ERR_MODULE_NOT_FOUND',
#   url: 'file:///C:/Users/glaub/palpitaco/src/pages/Top3/top3.formatters'
# }
# Node.js v22.16.0
# Subtest: src\\pages\\Top3\\__tests__\\top3.schedule-calendar-rules.node.test.js
not ok 1 - src\\pages\\Top3\\__tests__\\top3.schedule-calendar-rules.node.test.js
  ---
  duration_ms: 282.698
  type: 'test'
  location: 'C:\\Users\\glaub\\palpitaco\\src\\pages\\Top3\\__tests__\\top3.schedule-calendar-rules.node.test.js:1:1'
  failureType: 'testCodeFailure'
  exitCode: 1
  signal: ~
  error: 'test failed'
  code: 'ERR_TEST_FAILURE'
  ...
1..1
# tests 1
# suites 0
# pass 0
# fail 1
# cancelled 0
# skipped 0
# todo 0
# duration_ms 306.5952
