CorreþÒo aplicada em: src\pages\Results\Results.jsx
diff --git a/src/pages/Results/Results.jsx b/src/pages/Results/Results.jsx
index cbaeccf..3c7c6ff 100644
--- a/src/pages/Results/Results.jsx
+++ b/src/pages/Results/Results.jsx
@@ -897,12 +897,23 @@ export default function Results() {
 
       return deduped;
     },
-    staleTime: ymdClamped === todayYMDLocal() ? 60 * 1000 : 10 * 60 * 1000,
+    staleTime: ymdClamped === todayYMDLocal() ? 30 * 1000 : 10 * 60 * 1000,
     gcTime: 2 * 60 * 60 * 1000,
     placeholderData: (prev) => prev ?? [],
-    refetchOnMount: false,
-    refetchOnWindowFocus: false,
-    refetchOnReconnect: false,
+
+    // Resultados do dia atual podem entrar depois que a tela j├í foi aberta.
+    // Faz nova leitura peri├│dica somente para hoje, sem gerar consultas
+    // desnecess├írias ao navegar por datas hist├│ricas.
+    refetchInterval:
+      ymdClamped === todayYMDLocal()
+        ? 60 * 1000
+        : false,
+    refetchIntervalInBackground: false,
+
+    // Ao retornar para a tela ou recuperar a conex├úo, busca o estado real.
+    refetchOnMount: true,
+    refetchOnWindowFocus: true,
+    refetchOnReconnect: true,
   });
 
   const loading = dayResultsQuery.isLoading && !Array.isArray(dayResultsQuery.data);

  src\pages\Results\Results.jsx:764:    staleTime: 30 * 60 * 1000,
  src\pages\Results\Results.jsx:765:    gcTime: 2 * 60 * 60 * 1000,
> src\pages\Results\Results.jsx:766:    refetchOnMount: false,
> src\pages\Results\Results.jsx:767:    refetchOnWindowFocus: false,
> src\pages\Results\Results.jsx:768:    refetchOnReconnect: false,
  src\pages\Results\Results.jsx:769:  });
  src\pages\Results\Results.jsx:770:
  src\pages\Results\Results.jsx:857:    gcTime: 2 * 60 * 60 * 1000,
  src\pages\Results\Results.jsx:858:    placeholderData: (prev) => prev ?? [],
> src\pages\Results\Results.jsx:859:    refetchOnMount: false,
> src\pages\Results\Results.jsx:860:    refetchOnWindowFocus: false,
> src\pages\Results\Results.jsx:861:    refetchOnReconnect: false,
  src\pages\Results\Results.jsx:862:  });
  src\pages\Results\Results.jsx:863:
  src\pages\Results\Results.jsx:905:    // Faz nova leitura periódica somente para hoje, sem gerar consultas
  src\pages\Results\Results.jsx:906:    // desnecessárias ao navegar por datas históricas.
> src\pages\Results\Results.jsx:907:    refetchInterval:
  src\pages\Results\Results.jsx:908:      ymdClamped === todayYMDLocal()
  src\pages\Results\Results.jsx:909:        ? 60 * 1000
  src\pages\Results\Results.jsx:910:        : false,
> src\pages\Results\Results.jsx:911:    refetchIntervalInBackground: false,
  src\pages\Results\Results.jsx:912:
  src\pages\Results\Results.jsx:913:    // Ao retornar para a tela ou recuperar a conexão, busca o estado real.
> src\pages\Results\Results.jsx:914:    refetchOnMount: true,
> src\pages\Results\Results.jsx:915:    refetchOnWindowFocus: true,
> src\pages\Results\Results.jsx:916:    refetchOnReconnect: true,
  src\pages\Results\Results.jsx:917:  });
  src\pages\Results\Results.jsx:918:


> palpitaco@0.1.0 build
> react-scripts build

Creating an optimized production build...
Compiled with warnings.

[eslint] 
src\pages\Account\Account.jsx
  Line 1:1:  Unexpected Unicode BOM (Byte Order Mark)  unicode-bom

src\pages\Account\account.profile.service.js
  Line 322:11:  'lastActiveAt' is assigned a value but never used  no-unused-vars

src\pages\Centenas\CentenasView.jsx
  Line 82:10:   'todayYMDLocal' is defined but never used  no-unused-vars
  Line 419:10:  'digitFromKey' is defined but never used   no-unused-vars

src\pages\Dashboard\Dashboard.jsx
  Line 30:10:  'loadDashboardStatistics' is defined but never used  no-unused-vars

src\pages\Late\Late.jsx
  Line 645:5:   React Hook useCallback has missing dependencies: 'buildLateList' and 'refreshBoundsAndLastDraw'. Either include them or remove the dependency array  react-hooks/exhaustive-deps
  Line 771:13:  'maxYmd' is assigned a value but never used                                                                                                          no-unused-vars

src\pages\Top3\modules\scoreEngine\contextEvidence.js
  Line 1:1:  'use strict' is unnecessary inside of modules  strict

src\pages\Top3\modules\scoreEngine\evidenceEngine.js
  Line 1:1:  'use strict' is unnecessary inside of modules  strict

src\pages\Top3\modules\scoreEngine\frequencyEvidence.js
  Line 1:1:  'use strict' is unnecessary inside of modules  strict

src\pages\Top3\modules\scoreEngine\scoreConfig.js
  Line 1:1:  'use strict' is unnecessary inside of modules  strict

src\pages\Top3\modules\scoreEngine\scoreEngineV2.js
  Line 1:1:  'use strict' is unnecessary inside of modules  strict

src\pages\Top3\top3.engine.js
  Line 220:7:  'FEDERAL_20_REMOVES_PT_RIO_18_START_YMD' is assigned a value but never used  no-unused-vars

src\pages\Top3\top3.hooks.js
  Line 107:10:  'hasDrawAtHour' is defined but never used                                                                                                       no-unused-vars
  Line 843:6:   React Hook useCallback has a missing dependency: 'debugTop3'. Either include it or remove the dependency array                                  react-hooks/exhaustive-deps
  Line 853:6:   React Hook useEffect has missing dependencies: 'lookback', 'lotteryKeySafe', and 'ymdSafe'. Either include them or remove the dependency array  react-hooks/exhaustive-deps

Search for the keywords to learn more about each warning.
To ignore, add // eslint-disable-next-line to the line before.

File sizes after gzip:

  343.84 kB (+25 B)  build\static\js\main.9afd3333.js
  138.8 kB           build\static\js\238.133659d3.chunk.js
  128.07 kB          build\static\js\389.21aa2d35.chunk.js
  46.35 kB           build\static\js\239.6b4eaf90.chunk.js
  42.9 kB            build\static\js\455.7220bbdf.chunk.js
  9.79 kB            build\static\js\857.e51a2e06.chunk.js
  8.69 kB            build\static\js\977.efeedf50.chunk.js
  6.2 kB             build\static\css\main.64e2afab.css

The project was built assuming it is hosted at /.
You can control this with the homepage field in your package.json.

The build folder is ready to be deployed.
You may serve it with a static server:

  serve -s build

Find out more about deployment here:

  https://cra.link/deployment

[main 92d8b19] fix(results): atualiza resultados do dia automaticamente
 1 file changed, 15 insertions(+), 4 deletions(-)
To https://github.com/glauberseguros-commits/palpitacojb.git
   84e9699..92d8b19  main -> main
