
> palpitaco@0.1.0 build
> react-scripts build

Creating an optimized production build...
Compiled with warnings.

[eslint] 
src\pages\Account\Account.jsx
  Line 1:1:  Unexpected Unicode BOM (Byte Order Mark)  unicode-bom

src\pages\Account\account.profile.service.js
  Line 322:11:  'lastActiveAt' is assigned a value but never used  no-unused-vars

src\pages\Centenas\CentenasView.jsx
  Line 82:10:   'todayYMDLocal' is defined but never used                                                                                                                         no-unused-vars
  Line 419:10:  'digitFromKey' is defined but never used                                                                                                                          no-unused-vars
  Line 1492:6:  React Hook useCallback has missing dependencies: 'fDiaMes', 'fDiaSemana', 'fHorario', 'fMes', and 'fPosicao'. Either include them or remove the dependency array  react-hooks/exhaustive-deps

src\pages\Dashboard\Dashboard.jsx
  Line 30:10:  'loadDashboardStatistics' is defined but never used  no-unused-vars

src\pages\Late\Late.jsx
  Line 645:5:   React Hook useCallback has missing dependencies: 'buildLateList' and 'refreshBoundsAndLastDraw'. Either include them or remove the dependency array  react-hooks/exhaustive-deps
  Line 771:13:  'maxYmd' is assigned a value but never used                                                                                                          no-unused-vars

src\pages\Results\Results.jsx
  Line 1960:27:  'hour' is assigned a value but never used  no-unused-vars

src\pages\Top3\modules\scoreEngine\contextEvidence.js
  Line 1:1:  'use strict' is unnecessary inside of modules  strict

src\pages\Top3\modules\scoreEngine\evidenceEngine.js
  Line 1:1:  'use strict' is unnecessary inside of modules  strict

src\pages\Top3\modules\scoreEngine\frequencyEvidence.js
  Line 1:1:  'use strict' is unnecessary inside of modules  strict

src\pages\Top3\modules\scoreEngine\scoreConfig.js
  Line 1:1:  'use strict' is unnecessary inside of modules  strict

src\pages\Top3\modules\scoreEngine\scoreEngineV2.js
  Line 1:1:  'use strict' is unnecessary inside of modules  strict

src\pages\Top3\top3.engine.js
  Line 220:7:  'FEDERAL_20_REMOVES_PT_RIO_18_START_YMD' is assigned a value but never used  no-unused-vars

src\pages\Top3\top3.hooks.js
  Line 110:10:  'hasDrawAtHour' is defined but never used                                                                                                       no-unused-vars
  Line 851:6:   React Hook useCallback has a missing dependency: 'debugTop3'. Either include it or remove the dependency array                                  react-hooks/exhaustive-deps
  Line 861:6:   React Hook useEffect has missing dependencies: 'lookback', 'lotteryKeySafe', and 'ymdSafe'. Either include them or remove the dependency array  react-hooks/exhaustive-deps

Search for the keywords to learn more about each warning.
To ignore, add // eslint-disable-next-line to the line before.

File sizes after gzip:

  264.23 kB (+1 B)  build\static\js\main.a4742303.js
  138.8 kB          build\static\js\238.133659d3.chunk.js
  128.07 kB         build\static\js\389.21aa2d35.chunk.js
  46.35 kB          build\static\js\239.6b4eaf90.chunk.js
  42.9 kB           build\static\js\455.7220bbdf.chunk.js
  33.92 kB (+39 B)  build\static\js\741.85301cd6.chunk.js
  13.18 kB          build\static\js\916.5853b679.chunk.js
  9.79 kB           build\static\js\857.e51a2e06.chunk.js
  9.28 kB           build\static\js\411.f420f62d.chunk.js
  9.01 kB           build\static\js\848.8045fd05.chunk.js
  8.89 kB           build\static\js\188.2b4c0ac7.chunk.js
  8.81 kB           build\static\js\812.27e764e7.chunk.js
  8.69 kB           build\static\js\977.efeedf50.chunk.js
  7.12 kB           build\static\js\960.02d84b84.chunk.js
  6.07 kB           build\static\js\886.320165d3.chunk.js
  3.89 kB           build\static\js\532.86885c87.chunk.js
  3.11 kB           build\static\css\960.a7d00216.chunk.css
  2.87 kB           build\static\css\main.f1823042.css
  1.82 kB           build\static\js\611.337809cd.chunk.js
  1.53 kB           build\static\css\611.3878f01e.chunk.css
  775 B             build\static\js\784.e009081b.chunk.js

The project was built assuming it is hosted at /.
You can control this with the homepage field in your package.json.

The build folder is ready to be deployed.
You may serve it with a static server:

  serve -s build

Find out more about deployment here:

  https://cra.link/deployment

