
===== TOP3 HISTORY BOOTSTRAP =====
Loteria: PT_RIO
Modo....: COMMIT

[TOP3-HISTORY] Iniciando bootstrap PT_RIO | dryRun=false
[BOOTSTRAP] Buscando p├ígina 1...
[BOOTSTRAP] P├ígina 1: 500 draws | total=500
[BOOTSTRAP] Buscando p├ígina 2...
[BOOTSTRAP] P├ígina 2: 500 draws | total=1000
[BOOTSTRAP] Buscando p├ígina 3...
[BOOTSTRAP] P├ígina 3: 500 draws | total=1500
[BOOTSTRAP] Buscando p├ígina 4...
[BOOTSTRAP] P├ígina 4: 500 draws | total=2000
[BOOTSTRAP] Buscando p├ígina 5...
[BOOTSTRAP] P├ígina 5: 500 draws | total=2500
[BOOTSTRAP] Buscando p├ígina 6...
[BOOTSTRAP] P├ígina 6: 500 draws | total=3000
[BOOTSTRAP] Buscando p├ígina 7...
[BOOTSTRAP] P├ígina 7: 500 draws | total=3500
[BOOTSTRAP] Buscando p├ígina 8...
[BOOTSTRAP] P├ígina 8: 500 draws | total=4000
[BOOTSTRAP] Buscando p├ígina 9...
[BOOTSTRAP] P├ígina 9: 500 draws | total=4500
[BOOTSTRAP] Buscando p├ígina 10...
[BOOTSTRAP] P├ígina 10: 500 draws | total=5000
[BOOTSTRAP] Buscando p├ígina 11...
[BOOTSTRAP] P├ígina 11: 500 draws | total=5500
[BOOTSTRAP] Buscando p├ígina 12...
[BOOTSTRAP] P├ígina 12: 500 draws | total=6000
[BOOTSTRAP] Buscando p├ígina 13...
[BOOTSTRAP] P├ígina 13: 500 draws | total=6500
[BOOTSTRAP] Buscando p├ígina 14...
[BOOTSTRAP] P├ígina 14: 500 draws | total=7000
[BOOTSTRAP] Buscando p├ígina 15...
[BOOTSTRAP] P├ígina 15: 491 draws | total=7491
[TOP3-HISTORY] Draws=7491 | meses=50
[TOP3-HISTORY] 2022-06 | draws=107 | bytesÔëê87735
[TOP3-HISTORY] 2022-07 | draws=136 | bytesÔëê111464
[TOP3-HISTORY] 2022-08 | draws=138 | bytesÔëê113110
[TOP3-HISTORY] 2022-09 | draws=132 | bytesÔëê108225
[TOP3-HISTORY] 2022-10 | draws=131 | bytesÔëê107390
[TOP3-HISTORY] 2022-11 | draws=126 | bytesÔëê103285
[TOP3-HISTORY] 2022-12 | draws=133 | bytesÔëê109015
[TOP3-HISTORY] 2023-01 | draws=134 | bytesÔëê109851
[TOP3-HISTORY] 2023-02 | draws=125 | bytesÔëê102470
[TOP3-HISTORY] 2023-03 | draws=138 | bytesÔëê113094
[TOP3-HISTORY] 2023-04 | draws=126 | bytesÔëê103287
[TOP3-HISTORY] 2023-05 | draws=138 | bytesÔëê113114
[TOP3-HISTORY] 2023-06 | draws=134 | bytesÔëê109849
[TOP3-HISTORY] 2023-07 | draws=136 | bytesÔëê107567
[TOP3-HISTORY] 2023-08 | draws=138 | bytesÔëê107001
[TOP3-HISTORY] 2023-09 | draws=133 | bytesÔëê103128
[TOP3-HISTORY] 2023-10 | draws=137 | bytesÔëê106210
[TOP3-HISTORY] 2023-11 | draws=128 | bytesÔëê99240
[TOP3-HISTORY] 2023-12 | draws=133 | bytesÔëê103169
[TOP3-HISTORY] 2024-01 | draws=160 | bytesÔëê127802
[TOP3-HISTORY] 2024-02 | draws=158 | bytesÔëê124625
[TOP3-HISTORY] 2024-03 | draws=156 | bytesÔëê120902
[TOP3-HISTORY] 2024-04 | draws=163 | bytesÔëê126340
[TOP3-HISTORY] 2024-05 | draws=170 | bytesÔëê131757
[TOP3-HISTORY] 2024-06 | draws=161 | bytesÔëê124806
[TOP3-HISTORY] 2024-07 | draws=169 | bytesÔëê130950
[TOP3-HISTORY] 2024-08 | draws=169 | bytesÔëê134814
[TOP3-HISTORY] 2024-09 | draws=162 | bytesÔëê132730
[TOP3-HISTORY] 2024-10 | draws=165 | bytesÔëê135162
[TOP3-HISTORY] 2024-11 | draws=163 | bytesÔëê133530
[TOP3-HISTORY] 2024-12 | draws=160 | bytesÔëê131066
[TOP3-HISTORY] 2025-01 | draws=164 | bytesÔëê134365
[TOP3-HISTORY] 2025-02 | draws=152 | bytesÔëê124553
[TOP3-HISTORY] 2025-03 | draws=168 | bytesÔëê137643
[TOP3-HISTORY] 2025-04 | draws=164 | bytesÔëê134390
[TOP3-HISTORY] 2025-05 | draws=169 | bytesÔëê138452
[TOP3-HISTORY] 2025-06 | draws=162 | bytesÔëê132744
[TOP3-HISTORY] 2025-07 | draws=169 | bytesÔëê138449
[TOP3-HISTORY] 2025-08 | draws=167 | bytesÔëê136805
[TOP3-HISTORY] 2025-09 | draws=164 | bytesÔëê134367
[TOP3-HISTORY] 2025-10 | draws=169 | bytesÔëê138452
[TOP3-HISTORY] 2025-11 | draws=161 | bytesÔëê131912
[TOP3-HISTORY] 2025-12 | draws=163 | bytesÔëê133563
[TOP3-HISTORY] 2026-01 | draws=163 | bytesÔëê133537
[TOP3-HISTORY] 2026-02 | draws=153 | bytesÔëê125383
[TOP3-HISTORY] 2026-03 | draws=169 | bytesÔëê138324
[TOP3-HISTORY] 2026-04 | draws=164 | bytesÔëê134363
[TOP3-HISTORY] 2026-05 | draws=167 | bytesÔëê136834
[TOP3-HISTORY] 2026-06 | draws=164 | bytesÔëê134364
[TOP3-HISTORY] 2026-07 | draws=80 | bytesÔëê65698
[TOP3-HISTORY] Gravado 2022-06: 107 draws
[TOP3-HISTORY] Gravado 2022-07: 136 draws
[TOP3-HISTORY] Gravado 2022-08: 138 draws
[TOP3-HISTORY] Gravado 2022-09: 132 draws
[TOP3-HISTORY] Gravado 2022-10: 131 draws
[TOP3-HISTORY] Gravado 2022-11: 126 draws
[TOP3-HISTORY] Gravado 2022-12: 133 draws
[TOP3-HISTORY] Gravado 2023-01: 134 draws
[TOP3-HISTORY] Gravado 2023-02: 125 draws
[TOP3-HISTORY] Gravado 2023-03: 138 draws
[TOP3-HISTORY] Gravado 2023-04: 126 draws
[TOP3-HISTORY] Gravado 2023-05: 138 draws
[TOP3-HISTORY] Gravado 2023-06: 134 draws
[TOP3-HISTORY] Gravado 2023-07: 136 draws
[TOP3-HISTORY] Gravado 2023-08: 138 draws
[TOP3-HISTORY] Gravado 2023-09: 133 draws
[TOP3-HISTORY] Gravado 2023-10: 137 draws
[TOP3-HISTORY] Gravado 2023-11: 128 draws
[TOP3-HISTORY] Gravado 2023-12: 133 draws
[TOP3-HISTORY] Gravado 2024-01: 160 draws
[TOP3-HISTORY] Gravado 2024-02: 158 draws
[TOP3-HISTORY] Gravado 2024-03: 156 draws
[TOP3-HISTORY] Gravado 2024-04: 163 draws
[TOP3-HISTORY] Gravado 2024-05: 170 draws
[TOP3-HISTORY] Gravado 2024-06: 161 draws
[TOP3-HISTORY] Gravado 2024-07: 169 draws
[TOP3-HISTORY] Gravado 2024-08: 169 draws
[TOP3-HISTORY] Gravado 2024-09: 162 draws
[TOP3-HISTORY] Gravado 2024-10: 165 draws
[TOP3-HISTORY] Gravado 2024-11: 163 draws
[TOP3-HISTORY] Gravado 2024-12: 160 draws
[TOP3-HISTORY] Gravado 2025-01: 164 draws
[TOP3-HISTORY] Gravado 2025-02: 152 draws
[TOP3-HISTORY] Gravado 2025-03: 168 draws
[TOP3-HISTORY] Gravado 2025-04: 164 draws
[TOP3-HISTORY] Gravado 2025-05: 169 draws
[TOP3-HISTORY] Gravado 2025-06: 162 draws
[TOP3-HISTORY] Gravado 2025-07: 169 draws
[TOP3-HISTORY] Gravado 2025-08: 167 draws
[TOP3-HISTORY] Gravado 2025-09: 164 draws
[TOP3-HISTORY] Gravado 2025-10: 169 draws
[TOP3-HISTORY] Gravado 2025-11: 161 draws
[TOP3-HISTORY] Gravado 2025-12: 163 draws
[TOP3-HISTORY] Gravado 2026-01: 163 draws
[TOP3-HISTORY] Gravado 2026-02: 153 draws
[TOP3-HISTORY] Gravado 2026-03: 169 draws
[TOP3-HISTORY] Gravado 2026-04: 164 draws
[TOP3-HISTORY] Gravado 2026-05: 167 draws
[TOP3-HISTORY] Gravado 2026-06: 164 draws
[TOP3-HISTORY] Gravado 2026-07: 80 draws

{
  "ok": true,
  "dryRun": false,
  "lotteryKey": "PT_RIO",
  "totalDraws": 7491,
  "months": [
    "2022-06",
    "2022-07",
    "2022-08",
    "2022-09",
    "2022-10",
    "2022-11",
    "2022-12",
    "2023-01",
    "2023-02",
    "2023-03",
    "2023-04",
    "2023-05",
    "2023-06",
    "2023-07",
    "2023-08",
    "2023-09",
    "2023-10",
    "2023-11",
    "2023-12",
    "2024-01",
    "2024-02",
    "2024-03",
    "2024-04",
    "2024-05",
    "2024-06",
    "2024-07",
    "2024-08",
    "2024-09",
    "2024-10",
    "2024-11",
    "2024-12",
    "2025-01",
    "2025-02",
    "2025-03",
    "2025-04",
    "2025-05",
    "2025-06",
    "2025-07",
    "2025-08",
    "2025-09",
    "2025-10",
    "2025-11",
    "2025-12",
    "2026-01",
    "2026-02",
    "2026-03",
    "2026-04",
    "2026-05",
    "2026-06",
    "2026-07"
  ],
  "monthCount": 50,
  "firstYmd": "2022-06-07",
  "lastYmd": "2026-07-15",
  "firstDrawId": "PT_RIO__2022-06-07__11-00__cbac7c11-e733-400b-ba4d-2dfe0cba4272",
  "lastDrawId": "PT_RIO__2026-07-15__16-00__76c127b7-8157-46b6-a64a-ec7ed1574c9f",
  "metadata": {
    "bootstrapStatus": "complete",
    "bootstrapCompletedAt": "2026-07-15T21:28:23.351Z",
    "totalDraws": 7491,
    "monthCount": 50,
    "months": [
      "2022-06",
      "2022-07",
      "2022-08",
      "2022-09",
      "2022-10",
      "2022-11",
      "2022-12",
      "2023-01",
      "2023-02",
      "2023-03",
      "2023-04",
      "2023-05",
      "2023-06",
      "2023-07",
      "2023-08",
      "2023-09",
      "2023-10",
      "2023-11",
      "2023-12",
      "2024-01",
      "2024-02",
      "2024-03",
      "2024-04",
      "2024-05",
      "2024-06",
      "2024-07",
      "2024-08",
      "2024-09",
      "2024-10",
      "2024-11",
      "2024-12",
      "2025-01",
      "2025-02",
      "2025-03",
      "2025-04",
      "2025-05",
      "2025-06",
      "2025-07",
      "2025-08",
      "2025-09",
      "2025-10",
      "2025-11",
      "2025-12",
      "2026-01",
      "2026-02",
      "2026-03",
      "2026-04",
      "2026-05",
      "2026-06",
      "2026-07"
    ],
    "firstYmd": "2022-06-07",
    "lastYmd": "2026-07-15",
    "firstDrawId": "PT_RIO__2022-06-07__11-00__cbac7c11-e733-400b-ba4d-2dfe0cba4272",
    "lastDrawId": "PT_RIO__2026-07-15__16-00__76c127b7-8157-46b6-a64a-ec7ed1574c9f",
    "lastProcessedDrawId": "PT_RIO__2026-07-15__16-00__76c127b7-8157-46b6-a64a-ec7ed1574c9f",
    "source": "fetchAllDrawsWithPrizes",
    "schemaVersion": 1,
    "lotteryKey": "PT_RIO",
    "updatedAt": "2026-07-15T21:28:23.351Z"
  },
  "tookMs": 107230
}
