
===== TPP-01.04 - HARNESS DE ABLA├ç├âO =====

Loteria............: PT_RIO
Variante solicitada: A00
Variante normalizada: BASELINE_COMPLETO
Limite.............: 500
Hist├│rico m├¡nimo...: 100

====================================================================================================
TPP-01.04 - VALIDA├ç├âO DO HARNESS
====================================================================================================

Loteria: PT_RIO
Variante: BASELINE_COMPLETO
Casos: 500
Hist├│rico m├¡nimo: 100

Casos avaliados no baseline: 500
Casos avaliados na variante: 500

BASELINE OFICIAL
TOP1: 28
TOP3: 67
Erros: 0

RESULTADO DA VARIANTE
TOP1: 28
TOP3: 67
Erros: 0

COMPARA├ç├âO
Equivalente: SIM
Delta TOP1: 0
Delta TOP3: 0
Delta erros: 0

STATUS: OK ÔÇö A00 equivalente ao baseline oficial.

JSON: C:\Users\glaub\palpitaco\tmp\tpp03_06_telemetry_runs\tpp01_04_harness_validation.json
TXT : C:\Users\glaub\palpitaco\tmp\tpp03_06_telemetry_runs\tpp01_04_harness_validation.txt

===== TPP-01.04 - HARNESS DE ABLA├ç├âO =====

Loteria............: PT_RIO
Variante solicitada: A01
Variante normalizada: SEM_FREQUENCY
Limite.............: 500
Hist├│rico m├¡nimo...: 100

====================================================================================================
TPP-01.04 - VALIDA├ç├âO DO HARNESS
====================================================================================================

Loteria: PT_RIO
Variante: SEM_FREQUENCY
Casos: 500
Hist├│rico m├¡nimo: 100

Casos avaliados no baseline: 500
Casos avaliados na variante: 500

BASELINE OFICIAL
TOP1: 28
TOP3: 67
Erros: 0

RESULTADO DA VARIANTE
TOP1: 28
TOP3: 67
Erros: 0

COMPARA├ç├âO
Equivalente: SIM
Delta TOP1: 0
Delta TOP3: 0
Delta erros: 0

STATUS: VARIANTE EXPERIMENTAL EXECUTADA.

JSON: C:\Users\glaub\palpitaco\tmp\tpp03_06_telemetry_runs\tpp01_04_harness_validation.json
TXT : C:\Users\glaub\palpitaco\tmp\tpp03_06_telemetry_runs\tpp01_04_harness_validation.txt

===== TPP-01.04 - HARNESS DE ABLA├ç├âO =====

Loteria............: PT_RIO
Variante solicitada: A02
Variante normalizada: SEM_CONTEXT
Limite.............: 500
Hist├│rico m├¡nimo...: 100

====================================================================================================
TPP-01.04 - VALIDA├ç├âO DO HARNESS
====================================================================================================

Loteria: PT_RIO
Variante: SEM_CONTEXT
Casos: 500
Hist├│rico m├¡nimo: 100

Casos avaliados no baseline: 500
Casos avaliados na variante: 500

BASELINE OFICIAL
TOP1: 28
TOP3: 67
Erros: 0

RESULTADO DA VARIANTE
TOP1: 28
TOP3: 67
Erros: 0

COMPARA├ç├âO
Equivalente: SIM
Delta TOP1: 0
Delta TOP3: 0
Delta erros: 0

STATUS: VARIANTE EXPERIMENTAL EXECUTADA.

JSON: C:\Users\glaub\palpitaco\tmp\tpp03_06_telemetry_runs\tpp01_04_harness_validation.json
TXT : C:\Users\glaub\palpitaco\tmp\tpp03_06_telemetry_runs\tpp01_04_harness_validation.txt
============================================================
TPP-03.06 - VALIDA├ç├âO DAS EXECU├ç├òES TELEMETRADAS
============================================================

A00 - BASELINE_COMPLETO
  Variante normalizada......: BASELINE_COMPLETO
  Baseline telemetry ativa..: true
  Variante telemetry ativa..: true
  Casos baseline............: 500
  Casos variante............: 500
  Equival├¬ncia agregada.....: true
  Valida├º├úo.................: OK

A01 - SEM_FREQUENCY
  Variante normalizada......: SEM_FREQUENCY
  Baseline telemetry ativa..: true
  Variante telemetry ativa..: true
  Casos baseline............: 500
  Casos variante............: 500
  Equival├¬ncia agregada.....: true
  Valida├º├úo.................: OK

A02 - SEM_CONTEXT
  Variante normalizada......: SEM_CONTEXT
  Baseline telemetry ativa..: true
  Variante telemetry ativa..: true
  Casos baseline............: 500
  Casos variante............: 500
  Equival├¬ncia agregada.....: true
  Valida├º├úo.................: OK

STATUS FINAL: OK
============================================================
