
===== TPP-01.04 - HARNESS DE ABLA├ç├âO =====

Loteria............: PT_RIO
Variante solicitada: A02
Variante normalizada: SEM_CONTEXT
Limite.............: 100
Hist├│rico m├¡nimo...: 100

====================================================================================================
TPP-01.04 - VALIDA├ç├âO DO HARNESS
====================================================================================================

Loteria: PT_RIO
Variante: SEM_CONTEXT
Casos: 100
Hist├│rico m├¡nimo: 100

Casos avaliados no baseline: 100
Casos avaliados na variante: 100

BASELINE OFICIAL
TOP1: 6
TOP3: 13
Erros: 0

RESULTADO DA VARIANTE
TOP1: 6
TOP3: 13
Erros: 0

COMPARA├ç├âO
Equivalente: SIM
Delta TOP1: 0
Delta TOP3: 0
Delta erros: 0

STATUS: VARIANTE EXPERIMENTAL EXECUTADA.

JSON: C:\Users\glaub\palpitaco\tmp\tpp01_04_harness_validation.json
TXT : C:\Users\glaub\palpitaco\tmp\tpp01_04_harness_validation.txt
