
===== TPP-01.04 - HARNESS DE ABLA├ç├âO =====

Loteria............: PT_RIO
Variante solicitada: A00
Variante normalizada: BASELINE_COMPLETO
Limite.............: 100
Hist├│rico m├¡nimo...: 100

====================================================================================================
TPP-01.04 - VALIDA├ç├âO DO HARNESS
====================================================================================================

Loteria: PT_RIO
Variante: BASELINE_COMPLETO
Casos: 100
Hist├│rico m├¡nimo: 100

BASELINE OFICIAL
TOP1: 0
TOP3: 0
Erros: 0

RESULTADO DA VARIANTE
TOP1: 0
TOP3: 0
Erros: 0

COMPARA├ç├âO
Equivalente: SIM
Delta TOP1: 0
Delta TOP3: 0
Delta erros: 0

STATUS: OK ÔÇö A00 equivalente ao baseline oficial.

JSON: C:\Users\glaub\palpitaco\tmp\tpp01_04_harness_validation.json
TXT : C:\Users\glaub\palpitaco\tmp\tpp01_04_harness_validation.txt
