ALTERADO: src/pages/Top3/top3.constants.js
ALTERADO: src/pages/Top3/top3.engine.js
ALTERADO: src/pages/Top3/modules/top3.timeline.js
ALTERADO: src/pages/Top3/Top3View.jsx
ALTERADO: src/pages/Top3/__tests__/top3.schedule-transition.test.js

PATCH TPP-LN-03 APLICADO
OK: LOOK possui 07h
OK: Nacional nÒo possui 09h
OK: Motor reconhece LOOK
OK: Motor reconhece NACIONAL
OK: Calendßrio preserva data selecionada
OK: Hist¾rico mescla timeline e persistÛncia

> palpitaco@0.1.0 test
> react-scripts test --watchAll=false --runInBand --runTestsByPath src/pages/Top3/__tests__/top3.schedule-transition.test.js

FAIL src/pages/Top3/__tests__/top3.schedule-transition.test.js (8.184 s)
  TOP3 ÔÇö transi├º├úo oficial de hor├írios
    ÔêÜ Federal hist├│rica funciona no s├íbado 18/07/2026 ├ás 20h (8 ms)
    ÔêÜ Federal passa para domingo 19/07/2026 ├ás 11h (10 ms)
    ÔêÜ Federal deixa de funcionar aos s├íbados ap├│s a transi├º├úo (2 ms)
    ÔêÜ Federal continua funcionando na quarta-feira ├ás 20h (3 ms)
    ÔêÜ PT Rio preserva domingo hist├│rico anterior ├á mudan├ºa (2 ms)
    ├ù PT Rio passa a ter somente 14h e 16h no domingo (9 ms)
    ÔêÜ PT Rio preserva s├íbado hist├│rico com 18h (1 ms)
    ├ù PT Rio substitui 18h por 19h em 18/07/2026 (3 ms)
    ├ù PT Rio mant├®m 19h nos s├íbados posteriores (1 ms)
    ÔêÜ PT Rio mant├®m 18h na quarta-feira (1 ms)
    ÔêÜ PT Rio mant├®m 18h nos demais dias ├║teis (1 ms)
    ÔêÜ LOOK usa a grade oficial completa
    ├ù LOOK faz a transicao 23h para 7h do dia seguinte (4 ms)
    ÔêÜ Nacional usa somente os oito horarios oficiais (1 ms)
    ├ù Nacional faz a transicao 23h para 2h do dia seguinte (1 ms)

  ÔùÅ TOP3 ÔÇö transi├º├úo oficial de hor├írios ÔÇ║ PT Rio passa a ter somente 14h e 16h no domingo

    expect(received).toEqual(expected) // deep equality

    - Expected  - 4
    + Received  + 1

    - Array [
    -   "14:00",
    -   "16:00",
    - ]
    + Array []

      103 |
      104 |   test("PT Rio passa a ter somente 14h e 16h no domingo", () => {
    > 105 |     expect(rioSchedule("2026-07-19")).toEqual([
          |                                       ^
      106 |       "14:00",
      107 |       "16:00",
      108 |     ]);

      at Object.<anonymous> (src/pages/Top3/__tests__/top3.schedule-transition.test.js:105:39)
      at TestScheduler.scheduleTests (node_modules/@jest/core/build/TestScheduler.js:333:13)
      at runJest (node_modules/@jest/core/build/runJest.js:404:19)
      at _run10000 (node_modules/@jest/core/build/cli/index.js:320:7)
      at runCLI (node_modules/@jest/core/build/cli/index.js:173:3)

  ÔùÅ TOP3 ÔÇö transi├º├úo oficial de hor├írios ÔÇ║ PT Rio substitui 18h por 19h em 18/07/2026

    expect(received).toEqual(expected) // deep equality

    - Expected  - 0
    + Received  + 1

      Array [
        "09:00",
        "11:00",
        "14:00",
        "16:00",
    +   "18:00",
        "19:00",
        "21:00",
      ]

      117 |
      118 |   test("PT Rio substitui 18h por 19h em 18/07/2026", () => {
    > 119 |     expect(rioSchedule("2026-07-18")).toEqual([
          |                                       ^
      120 |       "09:00",
      121 |       "11:00",
      122 |       "14:00",

      at Object.<anonymous> (src/pages/Top3/__tests__/top3.schedule-transition.test.js:119:39)
      at TestScheduler.scheduleTests (node_modules/@jest/core/build/TestScheduler.js:333:13)
      at runJest (node_modules/@jest/core/build/runJest.js:404:19)
      at _run10000 (node_modules/@jest/core/build/cli/index.js:320:7)
      at runCLI (node_modules/@jest/core/build/cli/index.js:173:3)

  ÔùÅ TOP3 ÔÇö transi├º├úo oficial de hor├írios ÔÇ║ PT Rio mant├®m 19h nos s├íbados posteriores

    expect(received).toEqual(expected) // deep equality

    - Expected  - 0
    + Received  + 1

      Array [
        "09:00",
        "11:00",
        "14:00",
        "16:00",
    +   "18:00",
        "19:00",
        "21:00",
      ]

      128 |
      129 |   test("PT Rio mant├®m 19h nos s├íbados posteriores", () => {
    > 130 |     expect(rioSchedule("2026-07-25")).toEqual([
          |                                       ^
      131 |       "09:00",
      132 |       "11:00",
      133 |       "14:00",

      at Object.<anonymous> (src/pages/Top3/__tests__/top3.schedule-transition.test.js:130:39)
      at TestScheduler.scheduleTests (node_modules/@jest/core/build/TestScheduler.js:333:13)
      at runJest (node_modules/@jest/core/build/runJest.js:404:19)
      at _run10000 (node_modules/@jest/core/build/cli/index.js:320:7)
      at runCLI (node_modules/@jest/core/build/cli/index.js:173:3)

  ÔùÅ TOP3 ÔÇö transi├º├úo oficial de hor├írios ÔÇ║ LOOK faz a transicao 23h para 7h do dia seguinte

    expect(received).toEqual(expected) // deep equality

    - Expected  - 1
    + Received  + 1

      Object {
    -   "hour": "07:00",
    +   "hour": "07h",
        "ymd": "2026-07-21",
      }

      179 |         FEDERAL_SCHEDULE,
      180 |       })
    > 181 |     ).toEqual({
          |       ^
      182 |       ymd: "2026-07-21",
      183 |       hour: "07:00",
      184 |     });

      at Object.<anonymous> (src/pages/Top3/__tests__/top3.schedule-transition.test.js:181:7)
      at TestScheduler.scheduleTests (node_modules/@jest/core/build/TestScheduler.js:333:13)
      at runJest (node_modules/@jest/core/build/runJest.js:404:19)
      at _run10000 (node_modules/@jest/core/build/cli/index.js:320:7)
      at runCLI (node_modules/@jest/core/build/cli/index.js:173:3)

  ÔùÅ TOP3 ÔÇö transi├º├úo oficial de hor├írios ÔÇ║ Nacional faz a transicao 23h para 2h do dia seguinte

    expect(received).toEqual(expected) // deep equality

    - Expected  - 1
    + Received  + 1

      Object {
    -   "hour": "02:00",
    +   "hour": "02h",
        "ymd": "2026-07-21",
      }

      214 |         FEDERAL_SCHEDULE,
      215 |       })
    > 216 |     ).toEqual({
          |       ^
      217 |       ymd: "2026-07-21",
      218 |       hour: "02:00",
      219 |     });

      at Object.<anonymous> (src/pages/Top3/__tests__/top3.schedule-transition.test.js:216:7)
      at TestScheduler.scheduleTests (node_modules/@jest/core/build/TestScheduler.js:333:13)
      at runJest (node_modules/@jest/core/build/runJest.js:404:19)
      at _run10000 (node_modules/@jest/core/build/cli/index.js:320:7)
      at runCLI (node_modules/@jest/core/build/cli/index.js:173:3)

Test Suites: 1 failed, 1 total
Tests:       5 failed, 10 passed, 15 total
Snapshots:   0 total
Time:        12.332 s
Ran all test suites within paths "src/pages/Top3/__tests__/top3.schedule-transition.test.js".
