
====================================
TOP3 OFFICIAL BACKTEST
====================================

Loteria............: PT_RIO
Limite.............: 1000
Hist├│rico m├¡nimo...: 100
Per├¡odo............: in├¡cio at├® fim

[BACKTEST] 25/1000 | avaliados=25 | erros=0
[BACKTEST] 50/1000 | avaliados=50 | erros=0
[BACKTEST] 75/1000 | avaliados=75 | erros=0
[BACKTEST] 100/1000 | avaliados=100 | erros=0
[BACKTEST] 125/1000 | avaliados=125 | erros=0
[BACKTEST] 150/1000 | avaliados=150 | erros=0
[BACKTEST] 175/1000 | avaliados=175 | erros=0
[BACKTEST] 200/1000 | avaliados=200 | erros=0
[BACKTEST] 225/1000 | avaliados=225 | erros=0
[BACKTEST] 250/1000 | avaliados=250 | erros=0
[BACKTEST] 275/1000 | avaliados=275 | erros=0
[BACKTEST] 300/1000 | avaliados=300 | erros=0
[BACKTEST] 325/1000 | avaliados=325 | erros=0
[BACKTEST] 350/1000 | avaliados=350 | erros=0
[BACKTEST] 375/1000 | avaliados=375 | erros=0
[BACKTEST] 400/1000 | avaliados=400 | erros=0
[BACKTEST] 425/1000 | avaliados=425 | erros=0
[BACKTEST] 450/1000 | avaliados=450 | erros=0
[BACKTEST] 475/1000 | avaliados=475 | erros=0
[BACKTEST] 500/1000 | avaliados=500 | erros=0
[BACKTEST] 525/1000 | avaliados=525 | erros=0
[BACKTEST] 550/1000 | avaliados=550 | erros=0
[BACKTEST] 575/1000 | avaliados=575 | erros=0
[BACKTEST] 600/1000 | avaliados=600 | erros=0
[BACKTEST] 625/1000 | avaliados=625 | erros=0
[BACKTEST] 650/1000 | avaliados=650 | erros=0
[BACKTEST] 675/1000 | avaliados=675 | erros=0
[BACKTEST] 700/1000 | avaliados=700 | erros=0
[BACKTEST] 725/1000 | avaliados=725 | erros=0
[BACKTEST] 750/1000 | avaliados=750 | erros=0
[BACKTEST] 775/1000 | avaliados=775 | erros=0
[BACKTEST] 800/1000 | avaliados=800 | erros=0
[BACKTEST] 825/1000 | avaliados=825 | erros=0
[BACKTEST] 850/1000 | avaliados=850 | erros=0
[BACKTEST] 875/1000 | avaliados=875 | erros=0
[BACKTEST] 900/1000 | avaliados=900 | erros=0
[BACKTEST] 925/1000 | avaliados=925 | erros=0
[BACKTEST] 950/1000 | avaliados=950 | erros=0
[BACKTEST] 975/1000 | avaliados=975 | erros=0
[BACKTEST] 1000/1000 | avaliados=1000 | erros=0

==============================================
TOP3 OFFICIAL BACKTEST
==============================================

Loteria.............: PT_RIO
Engine..............: top3_statistical_v3
Hist├│rico carregado.: 7498
Casos eleg├¡veis.....: 7398
Casos avaliados.....: 1000
Casos ignorados.....: 0
Erros...............: 0
Per├¡odo hist├│rico...: 2022-06-07 at├® 2026-07-16
Per├¡odo avaliado....: 2022-06-29 at├® 2023-02-15
TOP1................: 60 (6.00%)
TOP3................: 130 (13.00%)
Tempo total.........: 62948 ms

POR HOR├üRIO
16:00    avaliados=  225 | TOP1=   4.44% | TOP3=  11.11% | erros=0
21:00    avaliados=  192 | TOP1=   7.29% | TOP3=  13.02% | erros=0
11:00    avaliados=  227 | TOP1=   7.93% | TOP3=  14.54% | erros=0
14:00    avaliados=  226 | TOP1=   5.31% | TOP3=  11.50% | erros=0
18:00    avaliados=  130 | TOP1=   4.62% | TOP3=  16.15% | erros=0

POR DIA DA SEMANA
0   avaliados=   90 | TOP1=   2.22% | TOP3=   8.89% | erros=0
1   avaliados=  165 | TOP1=   5.45% | TOP3=  13.94% | erros=0
2   avaliados=  163 | TOP1=   7.98% | TOP3=  14.72% | erros=0
3   avaliados=  127 | TOP1=   3.94% | TOP3=  13.39% | erros=0
4   avaliados=  162 | TOP1=   6.79% | TOP3=  10.49% | erros=0
5   avaliados=  165 | TOP1=   6.06% | TOP3=  13.94% | erros=0
6   avaliados=  128 | TOP1=   7.81% | TOP3=  14.06% | erros=0

POR M├èS
2022-06 avaliados=    7 | TOP1=   0.00% | TOP3=  14.29% | erros=0
2022-07 avaliados=  136 | TOP1=   5.88% | TOP3=  13.24% | erros=0
2022-08 avaliados=  138 | TOP1=   5.80% | TOP3=  11.59% | erros=0
2022-09 avaliados=  132 | TOP1=   6.06% | TOP3=  14.39% | erros=0
2022-10 avaliados=  131 | TOP1=   6.87% | TOP3=  16.79% | erros=0
2022-11 avaliados=  126 | TOP1=   7.94% | TOP3=  15.87% | erros=0
2022-12 avaliados=  133 | TOP1=   3.01% | TOP3=   9.77% | erros=0
2023-01 avaliados=  134 | TOP1=   6.72% | TOP3=  11.19% | erros=0
2023-02 avaliados=   63 | TOP1=   6.35% | TOP3=   9.52% | erros=0

JSON: C:\Users\glaub\palpitaco\tmp\quality_baseline_top3\top3_official_backtest_limit_1000.json
TXT : C:\Users\glaub\palpitaco\tmp\quality_baseline_top3\top3_official_backtest_limit_1000.txt
