
====================================
TOP3 OFFICIAL BACKTEST
====================================

Loteria............: PT_RIO
Limite.............: 100
Hist├│rico m├¡nimo...: 100
Per├¡odo............: in├¡cio at├® fim

[BACKTEST] 25/100 | avaliados=25 | erros=0
[BACKTEST] 50/100 | avaliados=50 | erros=0
[BACKTEST] 75/100 | avaliados=75 | erros=0
[BACKTEST] 100/100 | avaliados=100 | erros=0

==============================================
TOP3 OFFICIAL BACKTEST
==============================================

Loteria.............: PT_RIO
Engine..............: top3_statistical_v3
Hist├│rico carregado.: 7498
Casos eleg├¡veis.....: 7398
Casos avaliados.....: 100
Casos ignorados.....: 0
Erros...............: 0
Per├¡odo hist├│rico...: 2022-06-07 at├® 2026-07-16
Per├¡odo avaliado....: 2022-06-29 at├® 2022-07-21
TOP1................: 6 (6.00%)
TOP3................: 13 (13.00%)
Tempo total.........: 12421 ms

POR HOR├üRIO
16:00    avaliados=   23 | TOP1=   0.00% | TOP3=   8.70% | erros=0
21:00    avaliados=   20 | TOP1=  10.00% | TOP3=  10.00% | erros=0
11:00    avaliados=   22 | TOP1=   4.55% | TOP3=   4.55% | erros=0
14:00    avaliados=   22 | TOP1=   9.09% | TOP3=  22.73% | erros=0
18:00    avaliados=   13 | TOP1=   7.69% | TOP3=  23.08% | erros=0

POR DIA DA SEMANA
0   avaliados=    9 | TOP1=   0.00% | TOP3=   0.00% | erros=0
1   avaliados=   15 | TOP1=   6.67% | TOP3=  13.33% | erros=0
2   avaliados=   15 | TOP1=  13.33% | TOP3=  13.33% | erros=0
3   avaliados=   14 | TOP1=   0.00% | TOP3=   0.00% | erros=0
4   avaliados=   20 | TOP1=  10.00% | TOP3=  20.00% | erros=0
5   avaliados=   15 | TOP1=   0.00% | TOP3=  13.33% | erros=0
6   avaliados=   12 | TOP1=   8.33% | TOP3=  25.00% | erros=0

POR M├èS
2022-06 avaliados=    7 | TOP1=   0.00% | TOP3=  14.29% | erros=0
2022-07 avaliados=   93 | TOP1=   6.45% | TOP3=  12.90% | erros=0

JSON: C:\Users\glaub\palpitaco\tmp\quality_baseline_top3\top3_official_backtest_limit_100.json
TXT : C:\Users\glaub\palpitaco\tmp\quality_baseline_top3\top3_official_backtest_limit_100.txt
