
====================================
TOP3 OFFICIAL BACKTEST
====================================

Loteria............: PT_RIO
Limite.............: 500
Hist├│rico m├¡nimo...: 100
Per├¡odo............: in├¡cio at├® fim

[BACKTEST] 25/500 | avaliados=25 | erros=0
[BACKTEST] 50/500 | avaliados=50 | erros=0
[BACKTEST] 75/500 | avaliados=75 | erros=0
[BACKTEST] 100/500 | avaliados=100 | erros=0
[BACKTEST] 125/500 | avaliados=125 | erros=0
[BACKTEST] 150/500 | avaliados=150 | erros=0
[BACKTEST] 175/500 | avaliados=175 | erros=0
[BACKTEST] 200/500 | avaliados=200 | erros=0
[BACKTEST] 225/500 | avaliados=225 | erros=0
[BACKTEST] 250/500 | avaliados=250 | erros=0
[BACKTEST] 275/500 | avaliados=275 | erros=0
[BACKTEST] 300/500 | avaliados=300 | erros=0
[BACKTEST] 325/500 | avaliados=325 | erros=0
[BACKTEST] 350/500 | avaliados=350 | erros=0
[BACKTEST] 375/500 | avaliados=375 | erros=0
[BACKTEST] 400/500 | avaliados=400 | erros=0
[BACKTEST] 425/500 | avaliados=425 | erros=0
[BACKTEST] 450/500 | avaliados=450 | erros=0
[BACKTEST] 475/500 | avaliados=475 | erros=0
[BACKTEST] 500/500 | avaliados=500 | erros=0

==============================================
TOP3 OFFICIAL BACKTEST
==============================================

Loteria.............: PT_RIO
Engine..............: top3_statistical_v3
Hist├│rico carregado.: 7498
Casos eleg├¡veis.....: 7398
Casos avaliados.....: 500
Casos ignorados.....: 0
Erros...............: 0
Per├¡odo hist├│rico...: 2022-06-07 at├® 2026-07-16
Per├¡odo avaliado....: 2022-06-29 at├® 2022-10-21
TOP1................: 28 (5.60%)
TOP3................: 67 (13.40%)
Tempo total.........: 25080 ms

POR HOR├üRIO
16:00    avaliados=  114 | TOP1=   3.51% | TOP3=  11.40% | erros=0
21:00    avaliados=   96 | TOP1=   7.29% | TOP3=  12.50% | erros=0
11:00    avaliados=  113 | TOP1=   7.96% | TOP3=  15.04% | erros=0
14:00    avaliados=  113 | TOP1=   4.42% | TOP3=  15.04% | erros=0
18:00    avaliados=   64 | TOP1=   4.69% | TOP3=  12.50% | erros=0

POR DIA DA SEMANA
0   avaliados=   45 | TOP1=   0.00% | TOP3=   6.67% | erros=0
1   avaliados=   80 | TOP1=   6.25% | TOP3=  16.25% | erros=0
2   avaliados=   80 | TOP1=   6.25% | TOP3=  13.75% | erros=0
3   avaliados=   64 | TOP1=   4.69% | TOP3=  14.06% | erros=0
4   avaliados=   83 | TOP1=   8.43% | TOP3=  13.25% | erros=0
5   avaliados=   84 | TOP1=   4.76% | TOP3=  13.10% | erros=0
6   avaliados=   64 | TOP1=   6.25% | TOP3=  14.06% | erros=0

POR M├èS
2022-06 avaliados=    7 | TOP1=   0.00% | TOP3=  14.29% | erros=0
2022-07 avaliados=  136 | TOP1=   5.88% | TOP3=  13.24% | erros=0
2022-08 avaliados=  138 | TOP1=   5.80% | TOP3=  11.59% | erros=0
2022-09 avaliados=  132 | TOP1=   6.06% | TOP3=  14.39% | erros=0
2022-10 avaliados=   87 | TOP1=   4.60% | TOP3=  14.94% | erros=0

JSON: C:\Users\glaub\palpitaco\tmp\quality_baseline_top3\top3_official_backtest_limit_500.json
TXT : C:\Users\glaub\palpitaco\tmp\quality_baseline_top3\top3_official_backtest_limit_500.txt
