run-import (PT_RIO)	UNKNOWN STEP	﻿2026-05-23T15:13:21.4799532Z Current runner version: '2.334.0'
run-import (PT_RIO)	UNKNOWN STEP	2026-05-23T15:13:21.4826120Z ##[group]Runner Image Provisioner
run-import (PT_RIO)	UNKNOWN STEP	2026-05-23T15:13:21.4827371Z Hosted Compute Agent
run-import (PT_RIO)	UNKNOWN STEP	2026-05-23T15:13:21.4828110Z Version: 20260213.493
run-import (PT_RIO)	UNKNOWN STEP	2026-05-23T15:13:21.4829348Z Commit: 5c115507f6dd24b8de37d8bbe0bb4509d0cc0fa3
run-import (PT_RIO)	UNKNOWN STEP	2026-05-23T15:13:21.4830306Z Build Date: 2026-02-13T00:28:41Z
run-import (PT_RIO)	UNKNOWN STEP	2026-05-23T15:13:21.4831346Z Worker ID: ***19db3f5f-ef37-441f-97f1-52471a59b14b***
run-import (PT_RIO)	UNKNOWN STEP	2026-05-23T15:13:21.4832284Z Azure Region: westus
run-import (PT_RIO)	UNKNOWN STEP	2026-05-23T15:13:21.4833074Z ##[endgroup]
run-import (PT_RIO)	UNKNOWN STEP	2026-05-23T15:13:21.4834980Z ##[group]Operating System
run-import (PT_RIO)	UNKNOWN STEP	2026-05-23T15:13:21.4835931Z Ubuntu
run-import (PT_RIO)	UNKNOWN STEP	2026-05-23T15:13:21.4836602Z 24.04.4
run-import (PT_RIO)	UNKNOWN STEP	2026-05-23T15:13:21.4837308Z LTS
run-import (PT_RIO)	UNKNOWN STEP	2026-05-23T15:13:21.4837988Z ##[endgroup]
run-import (PT_RIO)	UNKNOWN STEP	2026-05-23T15:13:21.4838720Z ##[group]Runner Image
run-import (PT_RIO)	UNKNOWN STEP	2026-05-23T15:13:21.4839509Z Image: ubuntu-24.04
run-import (PT_RIO)	UNKNOWN STEP	2026-05-23T15:13:21.4840285Z Version: 20260518.149.1
run-import (PT_RIO)	UNKNOWN STEP	2026-05-23T15:13:21.4841763Z Included Software: https://github.com/actions/runner-images/blob/ubuntu24/20260518.149/images/ubuntu/Ubuntu2404-Readme.md
run-import (PT_RIO)	UNKNOWN STEP	2026-05-23T15:13:21.4843547Z Image Release: https://github.com/actions/runner-images/releases/tag/ubuntu24%2F20260518.149
run-import (PT_RIO)	UNKNOWN STEP	2026-05-23T15:13:21.4844963Z ##[endgroup]
run-import (PT_RIO)	UNKNOWN STEP	2026-05-23T15:13:21.4846406Z ##[group]GITHUB_TOKEN Permissions
run-import (PT_RIO)	UNKNOWN STEP	2026-05-23T15:13:21.4848805Z Contents: read
run-import (PT_RIO)	UNKNOWN STEP	2026-05-23T15:13:21.4849524Z Metadata: read
run-import (PT_RIO)	UNKNOWN STEP	2026-05-23T15:13:21.4850307Z ##[endgroup]
run-import (PT_RIO)	UNKNOWN STEP	2026-05-23T15:13:21.4852680Z Secret source: Actions
run-import (PT_RIO)	UNKNOWN STEP	2026-05-23T15:13:21.4853890Z Prepare workflow directory
run-import (PT_RIO)	UNKNOWN STEP	2026-05-23T15:13:21.5282526Z Prepare all required actions
run-import (PT_RIO)	UNKNOWN STEP	2026-05-23T15:13:21.5322428Z Getting action download info
run-import (PT_RIO)	UNKNOWN STEP	2026-05-23T15:13:22.0099221Z Download action repository 'actions/checkout@v4' (SHA:34e114876b0b11c390a56381ad16ebd13914f8d5)
run-import (PT_RIO)	UNKNOWN STEP	2026-05-23T15:13:22.1643474Z Download action repository 'actions/setup-node@v4' (SHA:49933ea5288caeca8642d1e84afbd3f7d6820020)
run-import (PT_RIO)	UNKNOWN STEP	2026-05-23T15:13:22.4347917Z Complete job name: run-import (PT_RIO)
run-import (PT_RIO)	UNKNOWN STEP	2026-05-23T15:13:22.5081707Z ##[group]Run actions/checkout@v4
run-import (PT_RIO)	UNKNOWN STEP	2026-05-23T15:13:22.5082824Z with:
run-import (PT_RIO)	UNKNOWN STEP	2026-05-23T15:13:22.5083430Z   repository: glauberseguros-commits/palpitacojb
run-import (PT_RIO)	UNKNOWN STEP	2026-05-23T15:13:22.5084558Z   token: ***
run-import (PT_RIO)	UNKNOWN STEP	2026-05-23T15:13:22.5085105Z   ssh-strict: true
run-import (PT_RIO)	UNKNOWN STEP	2026-05-23T15:13:22.5085630Z   ssh-user: git
run-import (PT_RIO)	UNKNOWN STEP	2026-05-23T15:13:22.5086207Z   persist-credentials: true
run-import (PT_RIO)	UNKNOWN STEP	2026-05-23T15:13:22.5086788Z   clean: true
run-import (PT_RIO)	UNKNOWN STEP	2026-05-23T15:13:22.5087313Z   sparse-checkout-cone-mode: true
run-import (PT_RIO)	UNKNOWN STEP	2026-05-23T15:13:22.5087968Z   fetch-depth: 1
run-import (PT_RIO)	UNKNOWN STEP	2026-05-23T15:13:22.5088494Z   fetch-tags: false
run-import (PT_RIO)	UNKNOWN STEP	2026-05-23T15:13:22.5089019Z   show-progress: true
run-import (PT_RIO)	UNKNOWN STEP	2026-05-23T15:13:22.5089554Z   lfs: false
run-import (PT_RIO)	UNKNOWN STEP	2026-05-23T15:13:22.5090052Z   submodules: false
run-import (PT_RIO)	UNKNOWN STEP	2026-05-23T15:13:22.5090586Z   set-safe-directory: true
run-import (PT_RIO)	UNKNOWN STEP	2026-05-23T15:13:22.5091414Z env:
run-import (PT_RIO)	UNKNOWN STEP	2026-05-23T15:13:22.5091920Z   TZ: America/Sao_Paulo
run-import (PT_RIO)	UNKNOWN STEP	2026-05-23T15:13:22.5092472Z ##[endgroup]
run-import (PT_RIO)	UNKNOWN STEP	2026-05-23T15:13:22.6227653Z Syncing repository: glauberseguros-commits/palpitacojb
run-import (PT_RIO)	UNKNOWN STEP	2026-05-23T15:13:22.6229714Z ##[group]Getting Git version info
run-import (PT_RIO)	UNKNOWN STEP	2026-05-23T15:13:22.6230588Z Working directory is '/home/runner/work/palpitacojb/palpitacojb'
run-import (PT_RIO)	UNKNOWN STEP	2026-05-23T15:13:22.6231793Z [command]/usr/bin/git version
run-import (PT_RIO)	UNKNOWN STEP	2026-05-23T15:13:22.6304829Z git version 2.54.0
run-import (PT_RIO)	UNKNOWN STEP	2026-05-23T15:13:22.6331426Z ##[endgroup]
run-import (PT_RIO)	UNKNOWN STEP	2026-05-23T15:13:22.6346755Z Temporarily overriding HOME='/home/runner/work/_temp/001692c3-ee52-4bf0-8faa-20d09f1e337b' before making global git config changes
run-import (PT_RIO)	UNKNOWN STEP	2026-05-23T15:13:22.6348343Z Adding repository directory to the temporary git global config as a safe directory
run-import (PT_RIO)	UNKNOWN STEP	2026-05-23T15:13:22.6359852Z [command]/usr/bin/git config --global --add safe.directory /home/runner/work/palpitacojb/palpitacojb
run-import (PT_RIO)	UNKNOWN STEP	2026-05-23T15:13:22.6403896Z Deleting the contents of '/home/runner/work/palpitacojb/palpitacojb'
run-import (PT_RIO)	UNKNOWN STEP	2026-05-23T15:13:22.6407678Z ##[group]Initializing the repository
run-import (PT_RIO)	UNKNOWN STEP	2026-05-23T15:13:22.6411739Z [command]/usr/bin/git init /home/runner/work/palpitacojb/palpitacojb
run-import (PT_RIO)	UNKNOWN STEP	2026-05-23T15:13:22.6511191Z hint: Using 'master' as the name for the initial branch. This default branch name
run-import (PT_RIO)	UNKNOWN STEP	2026-05-23T15:13:22.6513020Z hint: will change to "main" in Git 3.0. To configure the initial branch name
run-import (PT_RIO)	UNKNOWN STEP	2026-05-23T15:13:22.6514633Z hint: to use in all of your new repositories, which will suppress this warning,
run-import (PT_RIO)	UNKNOWN STEP	2026-05-23T15:13:22.6516154Z hint: call:
run-import (PT_RIO)	UNKNOWN STEP	2026-05-23T15:13:22.6517076Z hint:
run-import (PT_RIO)	UNKNOWN STEP	2026-05-23T15:13:22.6518159Z hint: 	git config --global init.defaultBranch <name>
run-import (PT_RIO)	UNKNOWN STEP	2026-05-23T15:13:22.6519507Z hint:
run-import (PT_RIO)	UNKNOWN STEP	2026-05-23T15:13:22.6520300Z hint: Names commonly chosen instead of 'master' are 'main', 'trunk' and
run-import (PT_RIO)	UNKNOWN STEP	2026-05-23T15:13:22.6521420Z hint: 'development'. The just-created branch can be renamed via this command:
run-import (PT_RIO)	UNKNOWN STEP	2026-05-23T15:13:22.6522321Z hint:
run-import (PT_RIO)	UNKNOWN STEP	2026-05-23T15:13:22.6522855Z hint: 	git branch -m <name>
run-import (PT_RIO)	UNKNOWN STEP	2026-05-23T15:13:22.6523607Z hint:
run-import (PT_RIO)	UNKNOWN STEP	2026-05-23T15:13:22.6524979Z hint: Disable this message with "git config set advice.defaultBranchName false"
run-import (PT_RIO)	UNKNOWN STEP	2026-05-23T15:13:22.6526289Z Initialized empty Git repository in /home/runner/work/palpitacojb/palpitacojb/.git/
run-import (PT_RIO)	UNKNOWN STEP	2026-05-23T15:13:22.6530123Z [command]/usr/bin/git remote add origin https://github.com/glauberseguros-commits/palpitacojb
run-import (PT_RIO)	UNKNOWN STEP	2026-05-23T15:13:22.6570015Z ##[endgroup]
run-import (PT_RIO)	UNKNOWN STEP	2026-05-23T15:13:22.6571014Z ##[group]Disabling automatic garbage collection
run-import (PT_RIO)	UNKNOWN STEP	2026-05-23T15:13:22.6574049Z [command]/usr/bin/git config --local gc.auto 0
run-import (PT_RIO)	UNKNOWN STEP	2026-05-23T15:13:22.6602256Z ##[endgroup]
run-import (PT_RIO)	UNKNOWN STEP	2026-05-23T15:13:22.6603333Z ##[group]Setting up auth
run-import (PT_RIO)	UNKNOWN STEP	2026-05-23T15:13:22.6609603Z [command]/usr/bin/git config --local --name-only --get-regexp core\.sshCommand
run-import (PT_RIO)	UNKNOWN STEP	2026-05-23T15:13:22.6641958Z [command]/usr/bin/git submodule foreach --recursive sh -c "git config --local --name-only --get-regexp 'core\.sshCommand' && git config --local --unset-all 'core.sshCommand' || :"
run-import (PT_RIO)	UNKNOWN STEP	2026-05-23T15:13:22.6993587Z [command]/usr/bin/git config --local --name-only --get-regexp http\.https\:\/\/github\.com\/\.extraheader
run-import (PT_RIO)	UNKNOWN STEP	2026-05-23T15:13:22.7025150Z [command]/usr/bin/git submodule foreach --recursive sh -c "git config --local --name-only --get-regexp 'http\.https\:\/\/github\.com\/\.extraheader' && git config --local --unset-all 'http.https://github.com/.extraheader' || :"
run-import (PT_RIO)	UNKNOWN STEP	2026-05-23T15:13:22.7250524Z [command]/usr/bin/git config --local --name-only --get-regexp ^includeIf\.gitdir:
run-import (PT_RIO)	UNKNOWN STEP	2026-05-23T15:13:22.7283458Z [command]/usr/bin/git submodule foreach --recursive git config --local --show-origin --name-only --get-regexp remote.origin.url
run-import (PT_RIO)	UNKNOWN STEP	2026-05-23T15:13:22.7515089Z [command]/usr/bin/git config --local http.https://github.com/.extraheader AUTHORIZATION: basic ***
run-import (PT_RIO)	UNKNOWN STEP	2026-05-23T15:13:22.7551888Z ##[endgroup]
run-import (PT_RIO)	UNKNOWN STEP	2026-05-23T15:13:22.7552884Z ##[group]Fetching the repository
run-import (PT_RIO)	UNKNOWN STEP	2026-05-23T15:13:22.7561299Z [command]/usr/bin/git -c protocol.version=2 fetch --no-tags --prune --no-recurse-submodules --depth=1 origin +1f12226d29f45ae48cdbb909977ad75aa340fb7a:refs/remotes/origin/main
run-import (PT_RIO)	UNKNOWN STEP	2026-05-23T15:13:23.8200740Z From https://github.com/glauberseguros-commits/palpitacojb
run-import (PT_RIO)	UNKNOWN STEP	2026-05-23T15:13:23.8204202Z  * [new ref]         1f12226d29f45ae48cdbb909977ad75aa340fb7a -> origin/main
run-import (PT_RIO)	UNKNOWN STEP	2026-05-23T15:13:23.8240375Z ##[endgroup]
run-import (PT_RIO)	UNKNOWN STEP	2026-05-23T15:13:23.8242989Z ##[group]Determining the checkout info
run-import (PT_RIO)	UNKNOWN STEP	2026-05-23T15:13:23.8246069Z ##[endgroup]
run-import (PT_RIO)	UNKNOWN STEP	2026-05-23T15:13:23.8247955Z [command]/usr/bin/git sparse-checkout disable
run-import (PT_RIO)	UNKNOWN STEP	2026-05-23T15:13:23.8291943Z [command]/usr/bin/git config --local --unset-all extensions.worktreeConfig
run-import (PT_RIO)	UNKNOWN STEP	2026-05-23T15:13:23.8321155Z ##[group]Checking out the ref
run-import (PT_RIO)	UNKNOWN STEP	2026-05-23T15:13:23.8325745Z [command]/usr/bin/git checkout --progress --force -B main refs/remotes/origin/main
run-import (PT_RIO)	UNKNOWN STEP	2026-05-23T15:13:23.9019239Z Switched to a new branch 'main'
run-import (PT_RIO)	UNKNOWN STEP	2026-05-23T15:13:23.9021184Z branch 'main' set up to track 'origin/main'.
run-import (PT_RIO)	UNKNOWN STEP	2026-05-23T15:13:23.9038370Z ##[endgroup]
run-import (PT_RIO)	UNKNOWN STEP	2026-05-23T15:13:23.9078964Z [command]/usr/bin/git log -1 --format=%H
run-import (PT_RIO)	UNKNOWN STEP	2026-05-23T15:13:23.9102633Z 1f12226d29f45ae48cdbb909977ad75aa340fb7a
run-import (PT_RIO)	UNKNOWN STEP	2026-05-23T15:13:23.9592661Z ##[group]Run actions/setup-node@v4
run-import (PT_RIO)	UNKNOWN STEP	2026-05-23T15:13:23.9594145Z with:
run-import (PT_RIO)	UNKNOWN STEP	2026-05-23T15:13:23.9595543Z   node-version: 20
run-import (PT_RIO)	UNKNOWN STEP	2026-05-23T15:13:23.9596727Z   always-auth: false
run-import (PT_RIO)	UNKNOWN STEP	2026-05-23T15:13:23.9597926Z   check-latest: false
run-import (PT_RIO)	UNKNOWN STEP	2026-05-23T15:13:23.9599431Z   token: ***
run-import (PT_RIO)	UNKNOWN STEP	2026-05-23T15:13:23.9600513Z env:
run-import (PT_RIO)	UNKNOWN STEP	2026-05-23T15:13:23.9601570Z   TZ: America/Sao_Paulo
run-import (PT_RIO)	UNKNOWN STEP	2026-05-23T15:13:23.9603020Z ##[endgroup]
run-import (PT_RIO)	UNKNOWN STEP	2026-05-23T15:13:24.1485648Z Attempting to download 20...
run-import (PT_RIO)	UNKNOWN STEP	2026-05-23T15:13:24.8822284Z Acquiring 20.20.2 - x64 from https://github.com/actions/node-versions/releases/download/20.20.2-23521894959/node-20.20.2-linux-x64.tar.gz
run-import (PT_RIO)	UNKNOWN STEP	2026-05-23T15:13:25.3984290Z Extracting ...
run-import (PT_RIO)	UNKNOWN STEP	2026-05-23T15:13:25.4090626Z [command]/usr/bin/tar xz --strip 1 --warning=no-unknown-keyword --overwrite -C /home/runner/work/_temp/068d476d-4396-4564-b642-2b66a1bec4c2 -f /home/runner/work/_temp/289247b9-c931-43d6-937b-43dd5bd5ce94
run-import (PT_RIO)	UNKNOWN STEP	2026-05-23T15:13:26.4381647Z Adding to the cache ...
run-import (PT_RIO)	UNKNOWN STEP	2026-05-23T15:13:28.2679980Z ##[group]Environment details
run-import (PT_RIO)	UNKNOWN STEP	2026-05-23T15:13:28.5185863Z node: v20.20.2
run-import (PT_RIO)	UNKNOWN STEP	2026-05-23T15:13:28.5186922Z npm: 10.8.2
run-import (PT_RIO)	UNKNOWN STEP	2026-05-23T15:13:28.5187392Z yarn: 1.22.22
run-import (PT_RIO)	UNKNOWN STEP	2026-05-23T15:13:28.5188248Z ##[endgroup]
run-import (PT_RIO)	UNKNOWN STEP	2026-05-23T15:13:28.5377762Z ##[group]Run npm ci
run-import (PT_RIO)	UNKNOWN STEP	2026-05-23T15:13:28.5378127Z ^[[36;1mnpm ci^[[0m
run-import (PT_RIO)	UNKNOWN STEP	2026-05-23T15:13:28.5417439Z shell: /usr/bin/bash -e ***0***
run-import (PT_RIO)	UNKNOWN STEP	2026-05-23T15:13:28.5417780Z env:
run-import (PT_RIO)	UNKNOWN STEP	2026-05-23T15:13:28.5418025Z   TZ: America/Sao_Paulo
run-import (PT_RIO)	UNKNOWN STEP	2026-05-23T15:13:28.5418344Z ##[endgroup]
run-import (PT_RIO)	UNKNOWN STEP	2026-05-23T15:13:32.1306360Z 
run-import (PT_RIO)	UNKNOWN STEP	2026-05-23T15:13:32.1314815Z added 237 packages, and audited 238 packages in 4s
run-import (PT_RIO)	UNKNOWN STEP	2026-05-23T15:13:32.1315272Z 
run-import (PT_RIO)	UNKNOWN STEP	2026-05-23T15:13:32.1315522Z 30 packages are looking for funding
run-import (PT_RIO)	UNKNOWN STEP	2026-05-23T15:13:32.1315910Z   run `npm fund` for details
run-import (PT_RIO)	UNKNOWN STEP	2026-05-23T15:13:32.1622588Z 
run-import (PT_RIO)	UNKNOWN STEP	2026-05-23T15:13:32.1623365Z 19 vulnerabilities (1 low, 13 moderate, 3 high, 2 critical)
run-import (PT_RIO)	UNKNOWN STEP	2026-05-23T15:13:32.1623780Z 
run-import (PT_RIO)	UNKNOWN STEP	2026-05-23T15:13:32.1624087Z To address issues that do not require attention, run:
run-import (PT_RIO)	UNKNOWN STEP	2026-05-23T15:13:32.1624742Z   npm audit fix
run-import (PT_RIO)	UNKNOWN STEP	2026-05-23T15:13:32.1624930Z 
run-import (PT_RIO)	UNKNOWN STEP	2026-05-23T15:13:32.1625240Z To address all issues (including breaking changes), run:
run-import (PT_RIO)	UNKNOWN STEP	2026-05-23T15:13:32.1625717Z   npm audit fix --force
run-import (PT_RIO)	UNKNOWN STEP	2026-05-23T15:13:32.1625991Z 
run-import (PT_RIO)	UNKNOWN STEP	2026-05-23T15:13:32.1626163Z Run `npm audit` for details.
run-import (PT_RIO)	UNKNOWN STEP	2026-05-23T15:13:32.1834777Z ##[group]Run node scripts/autoImportToday.js
run-import (PT_RIO)	UNKNOWN STEP	2026-05-23T15:13:32.1835264Z ^[[36;1mnode scripts/autoImportToday.js^[[0m
run-import (PT_RIO)	UNKNOWN STEP	2026-05-23T15:13:32.1871671Z shell: /usr/bin/bash -e ***0***
run-import (PT_RIO)	UNKNOWN STEP	2026-05-23T15:13:32.1871996Z env:
run-import (PT_RIO)	UNKNOWN STEP	2026-05-23T15:13:32.1872242Z   TZ: America/Sao_Paulo
run-import (PT_RIO)	UNKNOWN STEP	2026-05-23T15:13:32.1882607Z   FIREBASE_ADMIN_SA_JSON: ***
run-import (PT_RIO)	UNKNOWN STEP	
run-import (PT_RIO)	UNKNOWN STEP	2026-05-23T15:13:32.1882928Z   LOTTERY: PT_RIO
run-import (PT_RIO)	UNKNOWN STEP	2026-05-23T15:13:32.1883188Z   FAIL_ON_CRITICAL: 1
run-import (PT_RIO)	UNKNOWN STEP	2026-05-23T15:13:32.1883460Z   AUDIT_WARN_MIN: 20
run-import (PT_RIO)	UNKNOWN STEP	2026-05-23T15:13:32.1883715Z   AUDIT_CRIT_MIN: 60
run-import (PT_RIO)	UNKNOWN STEP	2026-05-23T15:13:32.1883972Z ##[endgroup]
run-import (PT_RIO)	UNKNOWN STEP	2026-05-23T15:13:32.3967191Z [CFG] PITACO_API_BASE efetivo => http://127.0.0.1:3333
run-import (PT_RIO)	UNKNOWN STEP	2026-05-23T15:13:32.4316029Z [CAL] PT_RIO qua/sab: date=2026-05-23 dow=6 => HARD=[09,11,14,16,21] SOFT=[18]
run-import (PT_RIO)	UNKNOWN STEP	2026-05-23T15:13:32.4317826Z [AUTO] CATCH-UP pós-release 2026-05-23 slot=11:00 (HARD) releaseAt=11:29 window=11:05~11:35 (fora da janela)
run-import (PT_RIO)	UNKNOWN STEP	2026-05-23T15:13:32.4319486Z [AUTO] tentando 2026-05-23 slot=11:00 (HARD) window=11:05-11:35 closes=11:00,11:01,11:02,11:09,11:10,11:11
run-import (PT_RIO)	UNKNOWN STEP	2026-05-23T15:13:33.8206116Z [FETCH] PT_RIO 2026-05-23 per-lottery=6 -> merged_draws=2 close_hours=[09:00, 11:00]
run-import (PT_RIO)	UNKNOWN STEP	2026-05-23T15:13:36.4772334Z [IMPORT] API draws=2 | match_close=1 | validos=1 | draws_upserted=1 | draws_novos=0 | prizes_upserted=7 | prizes_novos=0 | skip_vazio=0 | skip_invalido=0 | skip_close=1 | skip_complete=0 | CHECK_EXISTENCE=OFF | uf=RJ lottery_key=PT_RIO | expected=1 complete=1 slotDocs=1 apiTargets=1
run-import (PT_RIO)	UNKNOWN STEP	2026-05-23T15:13:36.4779969Z [AUTO] FS já tem slot=11:00 COMPLETO (close=11:00) -> DONE
run-import (PT_RIO)	UNKNOWN STEP	2026-05-23T15:13:36.4787087Z [ALERT] HARD slot perdeu janela: date=2026-05-23 slot=09:00 releaseAt=09:29 windowEnd=09:35 tries=0
run-import (PT_RIO)	UNKNOWN STEP	2026-05-23T15:13:36.4789107Z [ALERT] HARD slot CRITICAL: date=2026-05-23 slot=09:00 since=164min (>=60) tries=0
run-import (PT_RIO)	UNKNOWN STEP	2026-05-23T15:13:36.4799499Z [AUDIT] CRITICAL missing=1 warning=0 softLate=0 (relatório salvo em auditCritical-PT_RIO-2026-05-23.json)
run-import (PT_RIO)	UNKNOWN STEP	2026-05-23T15:13:36.4800987Z [AUDIT] FAIL_ON_CRITICAL=1 => exit(2)
run-import (PT_RIO)	UNKNOWN STEP	2026-05-23T15:13:36.4897794Z ##[error]Process completed with exit code 2.
run-import (PT_RIO)	UNKNOWN STEP	2026-05-23T15:13:36.5022883Z Post job cleanup.
run-import (PT_RIO)	UNKNOWN STEP	2026-05-23T15:13:36.6018399Z [command]/usr/bin/git version
run-import (PT_RIO)	UNKNOWN STEP	2026-05-23T15:13:36.6055309Z git version 2.54.0
run-import (PT_RIO)	UNKNOWN STEP	2026-05-23T15:13:36.6103492Z Temporarily overriding HOME='/home/runner/work/_temp/68f262c5-4332-4055-b0a9-92ee2a193229' before making global git config changes
run-import (PT_RIO)	UNKNOWN STEP	2026-05-23T15:13:36.6105481Z Adding repository directory to the temporary git global config as a safe directory
run-import (PT_RIO)	UNKNOWN STEP	2026-05-23T15:13:36.6110811Z [command]/usr/bin/git config --global --add safe.directory /home/runner/work/palpitacojb/palpitacojb
run-import (PT_RIO)	UNKNOWN STEP	2026-05-23T15:13:36.6147485Z [command]/usr/bin/git config --local --name-only --get-regexp core\.sshCommand
run-import (PT_RIO)	UNKNOWN STEP	2026-05-23T15:13:36.6181160Z [command]/usr/bin/git submodule foreach --recursive sh -c "git config --local --name-only --get-regexp 'core\.sshCommand' && git config --local --unset-all 'core.sshCommand' || :"
run-import (PT_RIO)	UNKNOWN STEP	2026-05-23T15:13:36.6403952Z [command]/usr/bin/git config --local --name-only --get-regexp http\.https\:\/\/github\.com\/\.extraheader
run-import (PT_RIO)	UNKNOWN STEP	2026-05-23T15:13:36.6429990Z http.https://github.com/.extraheader
run-import (PT_RIO)	UNKNOWN STEP	2026-05-23T15:13:36.6442496Z [command]/usr/bin/git config --local --unset-all http.https://github.com/.extraheader
run-import (PT_RIO)	UNKNOWN STEP	2026-05-23T15:13:36.6475064Z [command]/usr/bin/git submodule foreach --recursive sh -c "git config --local --name-only --get-regexp 'http\.https\:\/\/github\.com\/\.extraheader' && git config --local --unset-all 'http.https://github.com/.extraheader' || :"
run-import (PT_RIO)	UNKNOWN STEP	2026-05-23T15:13:36.6695533Z [command]/usr/bin/git config --local --name-only --get-regexp ^includeIf\.gitdir:
run-import (PT_RIO)	UNKNOWN STEP	2026-05-23T15:13:36.6727117Z [command]/usr/bin/git submodule foreach --recursive git config --local --show-origin --name-only --get-regexp remote.origin.url
run-import (PT_RIO)	UNKNOWN STEP	2026-05-23T15:13:36.7060657Z Cleaning up orphan processes
run-import (PT_RIO)	UNKNOWN STEP	2026-05-23T15:13:36.7354792Z ##[warning]Node.js 20 actions are deprecated. The following actions are running on Node.js 20 and may not work as expected: actions/checkout@v4, actions/setup-node@v4. Actions will be forced to run with Node.js 24 by default starting June 2nd, 2026. Node.js 20 will be removed from the runner on September 16th, 2026. Please check if updated versions of these actions are available that support Node.js 24. To opt into Node.js 24 now, set the FORCE_JAVASCRIPT_ACTIONS_TO_NODE24=true environment variable on the runner or in your workflow file. Once Node.js 24 becomes the default, you can temporarily opt out by setting ACTIONS_ALLOW_USE_UNSECURE_NODE_VERSION=true. For more information see: https://github.blog/changelog/2025-09-19-deprecation-of-node-20-on-github-actions-runners/
