run-import (PT_RIO)	UNKNOWN STEP	﻿2026-05-22T22:14:10.1983688Z Current runner version: '2.334.0'
run-import (PT_RIO)	UNKNOWN STEP	2026-05-22T22:14:10.2010006Z ##[group]Runner Image Provisioner
run-import (PT_RIO)	UNKNOWN STEP	2026-05-22T22:14:10.2011194Z Hosted Compute Agent
run-import (PT_RIO)	UNKNOWN STEP	2026-05-22T22:14:10.2012032Z Version: 20260213.493
run-import (PT_RIO)	UNKNOWN STEP	2026-05-22T22:14:10.2013233Z Commit: 5c115507f6dd24b8de37d8bbe0bb4509d0cc0fa3
run-import (PT_RIO)	UNKNOWN STEP	2026-05-22T22:14:10.2014293Z Build Date: 2026-02-13T00:28:41Z
run-import (PT_RIO)	UNKNOWN STEP	2026-05-22T22:14:10.2015526Z Worker ID: ***4ca432c6-6ba0-4b11-beea-48053243f244***
run-import (PT_RIO)	UNKNOWN STEP	2026-05-22T22:14:10.2016529Z Azure Region: westcentralus
run-import (PT_RIO)	UNKNOWN STEP	2026-05-22T22:14:10.2017424Z ##[endgroup]
run-import (PT_RIO)	UNKNOWN STEP	2026-05-22T22:14:10.2019048Z ##[group]Operating System
run-import (PT_RIO)	UNKNOWN STEP	2026-05-22T22:14:10.2019954Z Ubuntu
run-import (PT_RIO)	UNKNOWN STEP	2026-05-22T22:14:10.2020664Z 24.04.4
run-import (PT_RIO)	UNKNOWN STEP	2026-05-22T22:14:10.2021412Z LTS
run-import (PT_RIO)	UNKNOWN STEP	2026-05-22T22:14:10.2022241Z ##[endgroup]
run-import (PT_RIO)	UNKNOWN STEP	2026-05-22T22:14:10.2023029Z ##[group]Runner Image
run-import (PT_RIO)	UNKNOWN STEP	2026-05-22T22:14:10.2023834Z Image: ubuntu-24.04
run-import (PT_RIO)	UNKNOWN STEP	2026-05-22T22:14:10.2024647Z Version: 20260518.149.1
run-import (PT_RIO)	UNKNOWN STEP	2026-05-22T22:14:10.2026551Z Included Software: https://github.com/actions/runner-images/blob/ubuntu24/20260518.149/images/ubuntu/Ubuntu2404-Readme.md
run-import (PT_RIO)	UNKNOWN STEP	2026-05-22T22:14:10.2028346Z Image Release: https://github.com/actions/runner-images/releases/tag/ubuntu24%2F20260518.149
run-import (PT_RIO)	UNKNOWN STEP	2026-05-22T22:14:10.2029563Z ##[endgroup]
run-import (PT_RIO)	UNKNOWN STEP	2026-05-22T22:14:10.2031093Z ##[group]GITHUB_TOKEN Permissions
run-import (PT_RIO)	UNKNOWN STEP	2026-05-22T22:14:10.2033539Z Contents: read
run-import (PT_RIO)	UNKNOWN STEP	2026-05-22T22:14:10.2034309Z Metadata: read
run-import (PT_RIO)	UNKNOWN STEP	2026-05-22T22:14:10.2035181Z ##[endgroup]
run-import (PT_RIO)	UNKNOWN STEP	2026-05-22T22:14:10.2037864Z Secret source: Actions
run-import (PT_RIO)	UNKNOWN STEP	2026-05-22T22:14:10.2039112Z Prepare workflow directory
run-import (PT_RIO)	UNKNOWN STEP	2026-05-22T22:14:10.2493609Z Prepare all required actions
run-import (PT_RIO)	UNKNOWN STEP	2026-05-22T22:14:10.2530262Z Getting action download info
run-import (PT_RIO)	UNKNOWN STEP	2026-05-22T22:14:10.7081679Z Download action repository 'actions/checkout@v4' (SHA:34e114876b0b11c390a56381ad16ebd13914f8d5)
run-import (PT_RIO)	UNKNOWN STEP	2026-05-22T22:14:10.8049145Z Download action repository 'actions/setup-node@v4' (SHA:49933ea5288caeca8642d1e84afbd3f7d6820020)
run-import (PT_RIO)	UNKNOWN STEP	2026-05-22T22:14:10.9916467Z Complete job name: run-import (PT_RIO)
run-import (PT_RIO)	UNKNOWN STEP	2026-05-22T22:14:11.0620542Z ##[group]Run actions/checkout@v4
run-import (PT_RIO)	UNKNOWN STEP	2026-05-22T22:14:11.0621471Z with:
run-import (PT_RIO)	UNKNOWN STEP	2026-05-22T22:14:11.0622096Z   repository: glauberseguros-commits/palpitacojb
run-import (PT_RIO)	UNKNOWN STEP	2026-05-22T22:14:11.0622995Z   token: ***
run-import (PT_RIO)	UNKNOWN STEP	2026-05-22T22:14:11.0623525Z   ssh-strict: true
run-import (PT_RIO)	UNKNOWN STEP	2026-05-22T22:14:11.0624061Z   ssh-user: git
run-import (PT_RIO)	UNKNOWN STEP	2026-05-22T22:14:11.0624601Z   persist-credentials: true
run-import (PT_RIO)	UNKNOWN STEP	2026-05-22T22:14:11.0625186Z   clean: true
run-import (PT_RIO)	UNKNOWN STEP	2026-05-22T22:14:11.0625963Z   sparse-checkout-cone-mode: true
run-import (PT_RIO)	UNKNOWN STEP	2026-05-22T22:14:11.0626597Z   fetch-depth: 1
run-import (PT_RIO)	UNKNOWN STEP	2026-05-22T22:14:11.0627125Z   fetch-tags: false
run-import (PT_RIO)	UNKNOWN STEP	2026-05-22T22:14:11.0627667Z   show-progress: true
run-import (PT_RIO)	UNKNOWN STEP	2026-05-22T22:14:11.0628203Z   lfs: false
run-import (PT_RIO)	UNKNOWN STEP	2026-05-22T22:14:11.0628707Z   submodules: false
run-import (PT_RIO)	UNKNOWN STEP	2026-05-22T22:14:11.0629256Z   set-safe-directory: true
run-import (PT_RIO)	UNKNOWN STEP	2026-05-22T22:14:11.0630130Z env:
run-import (PT_RIO)	UNKNOWN STEP	2026-05-22T22:14:11.0630632Z   TZ: America/Sao_Paulo
run-import (PT_RIO)	UNKNOWN STEP	2026-05-22T22:14:11.0631180Z ##[endgroup]
run-import (PT_RIO)	UNKNOWN STEP	2026-05-22T22:14:11.1786500Z Syncing repository: glauberseguros-commits/palpitacojb
run-import (PT_RIO)	UNKNOWN STEP	2026-05-22T22:14:11.1789835Z ##[group]Getting Git version info
run-import (PT_RIO)	UNKNOWN STEP	2026-05-22T22:14:11.1791000Z Working directory is '/home/runner/work/palpitacojb/palpitacojb'
run-import (PT_RIO)	UNKNOWN STEP	2026-05-22T22:14:11.1792276Z [command]/usr/bin/git version
run-import (PT_RIO)	UNKNOWN STEP	2026-05-22T22:14:11.1836043Z git version 2.54.0
run-import (PT_RIO)	UNKNOWN STEP	2026-05-22T22:14:11.1860721Z ##[endgroup]
run-import (PT_RIO)	UNKNOWN STEP	2026-05-22T22:14:11.1885450Z Temporarily overriding HOME='/home/runner/work/_temp/ce0f3a95-1d02-4759-bebc-05d0ef98bd30' before making global git config changes
run-import (PT_RIO)	UNKNOWN STEP	2026-05-22T22:14:11.1887790Z Adding repository directory to the temporary git global config as a safe directory
run-import (PT_RIO)	UNKNOWN STEP	2026-05-22T22:14:11.1890400Z [command]/usr/bin/git config --global --add safe.directory /home/runner/work/palpitacojb/palpitacojb
run-import (PT_RIO)	UNKNOWN STEP	2026-05-22T22:14:11.1931674Z Deleting the contents of '/home/runner/work/palpitacojb/palpitacojb'
run-import (PT_RIO)	UNKNOWN STEP	2026-05-22T22:14:11.1934837Z ##[group]Initializing the repository
run-import (PT_RIO)	UNKNOWN STEP	2026-05-22T22:14:11.1939185Z [command]/usr/bin/git init /home/runner/work/palpitacojb/palpitacojb
run-import (PT_RIO)	UNKNOWN STEP	2026-05-22T22:14:11.2010197Z hint: Using 'master' as the name for the initial branch. This default branch name
run-import (PT_RIO)	UNKNOWN STEP	2026-05-22T22:14:11.2011602Z hint: will change to "main" in Git 3.0. To configure the initial branch name
run-import (PT_RIO)	UNKNOWN STEP	2026-05-22T22:14:11.2013147Z hint: to use in all of your new repositories, which will suppress this warning,
run-import (PT_RIO)	UNKNOWN STEP	2026-05-22T22:14:11.2014453Z hint: call:
run-import (PT_RIO)	UNKNOWN STEP	2026-05-22T22:14:11.2014965Z hint:
run-import (PT_RIO)	UNKNOWN STEP	2026-05-22T22:14:11.2015794Z hint: 	git config --global init.defaultBranch <name>
run-import (PT_RIO)	UNKNOWN STEP	2026-05-22T22:14:11.2016531Z hint:
run-import (PT_RIO)	UNKNOWN STEP	2026-05-22T22:14:11.2017231Z hint: Names commonly chosen instead of 'master' are 'main', 'trunk' and
run-import (PT_RIO)	UNKNOWN STEP	2026-05-22T22:14:11.2018390Z hint: 'development'. The just-created branch can be renamed via this command:
run-import (PT_RIO)	UNKNOWN STEP	2026-05-22T22:14:11.2019265Z hint:
run-import (PT_RIO)	UNKNOWN STEP	2026-05-22T22:14:11.2019816Z hint: 	git branch -m <name>
run-import (PT_RIO)	UNKNOWN STEP	2026-05-22T22:14:11.2020396Z hint:
run-import (PT_RIO)	UNKNOWN STEP	2026-05-22T22:14:11.2021134Z hint: Disable this message with "git config set advice.defaultBranchName false"
run-import (PT_RIO)	UNKNOWN STEP	2026-05-22T22:14:11.2022324Z Initialized empty Git repository in /home/runner/work/palpitacojb/palpitacojb/.git/
run-import (PT_RIO)	UNKNOWN STEP	2026-05-22T22:14:11.2024571Z [command]/usr/bin/git remote add origin https://github.com/glauberseguros-commits/palpitacojb
run-import (PT_RIO)	UNKNOWN STEP	2026-05-22T22:14:11.2061472Z ##[endgroup]
run-import (PT_RIO)	UNKNOWN STEP	2026-05-22T22:14:11.2066260Z ##[group]Disabling automatic garbage collection
run-import (PT_RIO)	UNKNOWN STEP	2026-05-22T22:14:11.2067548Z [command]/usr/bin/git config --local gc.auto 0
run-import (PT_RIO)	UNKNOWN STEP	2026-05-22T22:14:11.2097300Z ##[endgroup]
run-import (PT_RIO)	UNKNOWN STEP	2026-05-22T22:14:11.2098668Z ##[group]Setting up auth
run-import (PT_RIO)	UNKNOWN STEP	2026-05-22T22:14:11.2104491Z [command]/usr/bin/git config --local --name-only --get-regexp core\.sshCommand
run-import (PT_RIO)	UNKNOWN STEP	2026-05-22T22:14:11.2138275Z [command]/usr/bin/git submodule foreach --recursive sh -c "git config --local --name-only --get-regexp 'core\.sshCommand' && git config --local --unset-all 'core.sshCommand' || :"
run-import (PT_RIO)	UNKNOWN STEP	2026-05-22T22:14:11.2458491Z [command]/usr/bin/git config --local --name-only --get-regexp http\.https\:\/\/github\.com\/\.extraheader
run-import (PT_RIO)	UNKNOWN STEP	2026-05-22T22:14:11.2494086Z [command]/usr/bin/git submodule foreach --recursive sh -c "git config --local --name-only --get-regexp 'http\.https\:\/\/github\.com\/\.extraheader' && git config --local --unset-all 'http.https://github.com/.extraheader' || :"
run-import (PT_RIO)	UNKNOWN STEP	2026-05-22T22:14:11.2744054Z [command]/usr/bin/git config --local --name-only --get-regexp ^includeIf\.gitdir:
run-import (PT_RIO)	UNKNOWN STEP	2026-05-22T22:14:11.2784393Z [command]/usr/bin/git submodule foreach --recursive git config --local --show-origin --name-only --get-regexp remote.origin.url
run-import (PT_RIO)	UNKNOWN STEP	2026-05-22T22:14:11.3034854Z [command]/usr/bin/git config --local http.https://github.com/.extraheader AUTHORIZATION: basic ***
run-import (PT_RIO)	UNKNOWN STEP	2026-05-22T22:14:11.3071075Z ##[endgroup]
run-import (PT_RIO)	UNKNOWN STEP	2026-05-22T22:14:11.3072509Z ##[group]Fetching the repository
run-import (PT_RIO)	UNKNOWN STEP	2026-05-22T22:14:11.3081095Z [command]/usr/bin/git -c protocol.version=2 fetch --no-tags --prune --no-recurse-submodules --depth=1 origin +1f12226d29f45ae48cdbb909977ad75aa340fb7a:refs/remotes/origin/main
run-import (PT_RIO)	UNKNOWN STEP	2026-05-22T22:14:12.8839199Z From https://github.com/glauberseguros-commits/palpitacojb
run-import (PT_RIO)	UNKNOWN STEP	2026-05-22T22:14:12.8841448Z  * [new ref]         1f12226d29f45ae48cdbb909977ad75aa340fb7a -> origin/main
run-import (PT_RIO)	UNKNOWN STEP	2026-05-22T22:14:12.8874948Z ##[endgroup]
run-import (PT_RIO)	UNKNOWN STEP	2026-05-22T22:14:12.8876750Z ##[group]Determining the checkout info
run-import (PT_RIO)	UNKNOWN STEP	2026-05-22T22:14:12.8878812Z ##[endgroup]
run-import (PT_RIO)	UNKNOWN STEP	2026-05-22T22:14:12.8880814Z [command]/usr/bin/git sparse-checkout disable
run-import (PT_RIO)	UNKNOWN STEP	2026-05-22T22:14:12.8927273Z [command]/usr/bin/git config --local --unset-all extensions.worktreeConfig
run-import (PT_RIO)	UNKNOWN STEP	2026-05-22T22:14:12.8957427Z ##[group]Checking out the ref
run-import (PT_RIO)	UNKNOWN STEP	2026-05-22T22:14:12.8962122Z [command]/usr/bin/git checkout --progress --force -B main refs/remotes/origin/main
run-import (PT_RIO)	UNKNOWN STEP	2026-05-22T22:14:12.9657078Z Switched to a new branch 'main'
run-import (PT_RIO)	UNKNOWN STEP	2026-05-22T22:14:12.9658600Z branch 'main' set up to track 'origin/main'.
run-import (PT_RIO)	UNKNOWN STEP	2026-05-22T22:14:12.9674192Z ##[endgroup]
run-import (PT_RIO)	UNKNOWN STEP	2026-05-22T22:14:12.9716300Z [command]/usr/bin/git log -1 --format=%H
run-import (PT_RIO)	UNKNOWN STEP	2026-05-22T22:14:12.9740845Z 1f12226d29f45ae48cdbb909977ad75aa340fb7a
run-import (PT_RIO)	UNKNOWN STEP	2026-05-22T22:14:13.0154365Z ##[group]Run actions/setup-node@v4
run-import (PT_RIO)	UNKNOWN STEP	2026-05-22T22:14:13.0155898Z with:
run-import (PT_RIO)	UNKNOWN STEP	2026-05-22T22:14:13.0156975Z   node-version: 20
run-import (PT_RIO)	UNKNOWN STEP	2026-05-22T22:14:13.0158120Z   always-auth: false
run-import (PT_RIO)	UNKNOWN STEP	2026-05-22T22:14:13.0159283Z   check-latest: false
run-import (PT_RIO)	UNKNOWN STEP	2026-05-22T22:14:13.0160734Z   token: ***
run-import (PT_RIO)	UNKNOWN STEP	2026-05-22T22:14:13.0161782Z env:
run-import (PT_RIO)	UNKNOWN STEP	2026-05-22T22:14:13.0162817Z   TZ: America/Sao_Paulo
run-import (PT_RIO)	UNKNOWN STEP	2026-05-22T22:14:13.0164324Z ##[endgroup]
run-import (PT_RIO)	UNKNOWN STEP	2026-05-22T22:14:13.2003772Z Attempting to download 20...
run-import (PT_RIO)	UNKNOWN STEP	2026-05-22T22:14:14.2043220Z Acquiring 20.20.2 - x64 from https://github.com/actions/node-versions/releases/download/20.20.2-23521894959/node-20.20.2-linux-x64.tar.gz
run-import (PT_RIO)	UNKNOWN STEP	2026-05-22T22:14:14.9160640Z Extracting ...
run-import (PT_RIO)	UNKNOWN STEP	2026-05-22T22:14:14.9263482Z [command]/usr/bin/tar xz --strip 1 --warning=no-unknown-keyword --overwrite -C /home/runner/work/_temp/b6b8c20a-be6a-455c-bd9a-eea0ddde81a0 -f /home/runner/work/_temp/41044af6-f1c9-4d44-8941-996569c20f22
run-import (PT_RIO)	UNKNOWN STEP	2026-05-22T22:14:15.9983733Z Adding to the cache ...
run-import (PT_RIO)	UNKNOWN STEP	2026-05-22T22:14:17.5333058Z ##[group]Environment details
run-import (PT_RIO)	UNKNOWN STEP	2026-05-22T22:14:17.7494852Z node: v20.20.2
run-import (PT_RIO)	UNKNOWN STEP	2026-05-22T22:14:17.7495937Z npm: 10.8.2
run-import (PT_RIO)	UNKNOWN STEP	2026-05-22T22:14:17.7496359Z yarn: 1.22.22
run-import (PT_RIO)	UNKNOWN STEP	2026-05-22T22:14:17.7497185Z ##[endgroup]
run-import (PT_RIO)	UNKNOWN STEP	2026-05-22T22:14:17.7673286Z ##[group]Run npm ci
run-import (PT_RIO)	UNKNOWN STEP	2026-05-22T22:14:17.7673656Z ^[[36;1mnpm ci^[[0m
run-import (PT_RIO)	UNKNOWN STEP	2026-05-22T22:14:17.7715976Z shell: /usr/bin/bash -e ***0***
run-import (PT_RIO)	UNKNOWN STEP	2026-05-22T22:14:17.7716334Z env:
run-import (PT_RIO)	UNKNOWN STEP	2026-05-22T22:14:17.7716595Z   TZ: America/Sao_Paulo
run-import (PT_RIO)	UNKNOWN STEP	2026-05-22T22:14:17.7716913Z ##[endgroup]
run-import (PT_RIO)	UNKNOWN STEP	2026-05-22T22:14:20.9235729Z 
run-import (PT_RIO)	UNKNOWN STEP	2026-05-22T22:14:20.9243152Z added 237 packages, and audited 238 packages in 3s
run-import (PT_RIO)	UNKNOWN STEP	2026-05-22T22:14:20.9243539Z 
run-import (PT_RIO)	UNKNOWN STEP	2026-05-22T22:14:20.9243783Z 30 packages are looking for funding
run-import (PT_RIO)	UNKNOWN STEP	2026-05-22T22:14:20.9244173Z   run `npm fund` for details
run-import (PT_RIO)	UNKNOWN STEP	2026-05-22T22:14:20.9534385Z 
run-import (PT_RIO)	UNKNOWN STEP	2026-05-22T22:14:20.9535252Z 19 vulnerabilities (1 low, 13 moderate, 3 high, 2 critical)
run-import (PT_RIO)	UNKNOWN STEP	2026-05-22T22:14:20.9536013Z 
run-import (PT_RIO)	UNKNOWN STEP	2026-05-22T22:14:20.9536483Z To address issues that do not require attention, run:
run-import (PT_RIO)	UNKNOWN STEP	2026-05-22T22:14:20.9537161Z   npm audit fix
run-import (PT_RIO)	UNKNOWN STEP	2026-05-22T22:14:20.9537439Z 
run-import (PT_RIO)	UNKNOWN STEP	2026-05-22T22:14:20.9537854Z To address all issues (including breaking changes), run:
run-import (PT_RIO)	UNKNOWN STEP	2026-05-22T22:14:20.9538478Z   npm audit fix --force
run-import (PT_RIO)	UNKNOWN STEP	2026-05-22T22:14:20.9538865Z 
run-import (PT_RIO)	UNKNOWN STEP	2026-05-22T22:14:20.9539127Z Run `npm audit` for details.
run-import (PT_RIO)	UNKNOWN STEP	2026-05-22T22:14:20.9727380Z ##[group]Run node scripts/autoImportToday.js
run-import (PT_RIO)	UNKNOWN STEP	2026-05-22T22:14:20.9727817Z ^[[36;1mnode scripts/autoImportToday.js^[[0m
run-import (PT_RIO)	UNKNOWN STEP	2026-05-22T22:14:20.9765066Z shell: /usr/bin/bash -e ***0***
run-import (PT_RIO)	UNKNOWN STEP	2026-05-22T22:14:20.9765612Z env:
run-import (PT_RIO)	UNKNOWN STEP	2026-05-22T22:14:20.9765869Z   TZ: America/Sao_Paulo
run-import (PT_RIO)	UNKNOWN STEP	2026-05-22T22:14:20.9775051Z   FIREBASE_ADMIN_SA_JSON: ***
run-import (PT_RIO)	UNKNOWN STEP	
run-import (PT_RIO)	UNKNOWN STEP	2026-05-22T22:14:20.9775542Z   LOTTERY: PT_RIO
run-import (PT_RIO)	UNKNOWN STEP	2026-05-22T22:14:20.9775931Z   FAIL_ON_CRITICAL: 1
run-import (PT_RIO)	UNKNOWN STEP	2026-05-22T22:14:20.9776206Z   AUDIT_WARN_MIN: 20
run-import (PT_RIO)	UNKNOWN STEP	2026-05-22T22:14:20.9776473Z   AUDIT_CRIT_MIN: 60
run-import (PT_RIO)	UNKNOWN STEP	2026-05-22T22:14:20.9776729Z ##[endgroup]
run-import (PT_RIO)	UNKNOWN STEP	2026-05-22T22:14:21.1737130Z [CFG] PITACO_API_BASE efetivo => http://127.0.0.1:3333
run-import (PT_RIO)	UNKNOWN STEP	2026-05-22T22:14:21.2078840Z [CAL] PT_RIO seg-sex: date=2026-05-22 dow=5 => HARD=[09,11,14,16,18,21]
run-import (PT_RIO)	UNKNOWN STEP	2026-05-22T22:14:21.2083694Z [AUTO] CATCH-UP pós-release 2026-05-22 slot=18:00 (HARD) releaseAt=18:29 window=18:05~18:35 (fora da janela)
run-import (PT_RIO)	UNKNOWN STEP	2026-05-22T22:14:21.2085041Z [AUTO] tentando 2026-05-22 slot=18:00 (HARD) window=18:05-18:35 closes=18:00,18:01,18:02,18:09,18:10,18:11
run-import (PT_RIO)	UNKNOWN STEP	2026-05-22T22:14:21.2092859Z [CAL-OVERRIDE] PT_RIO 2026-05-22 slot=18:00 fora do calendário -> tentando mesmo assim (SOFT 18h override)
run-import (PT_RIO)	UNKNOWN STEP	2026-05-22T22:14:22.4990800Z [FETCH] PT_RIO 2026-05-22 per-lottery=6 -> merged_draws=5 close_hours=[09:00, 11:00, 14:00, 16:00, 18:00]
run-import (PT_RIO)	UNKNOWN STEP	2026-05-22T22:14:24.7879929Z [IMPORT] API draws=5 | match_close=1 | validos=1 | draws_upserted=0 | draws_novos=0 | prizes_upserted=0 | prizes_novos=0 | skip_vazio=0 | skip_invalido=0 | skip_close=4 | skip_complete=1 | CHECK_EXISTENCE=OFF | uf=RJ lottery_key=PT_RIO | expected=1 complete=1 slotDocs=1 apiTargets=1
run-import (PT_RIO)	UNKNOWN STEP	2026-05-22T22:14:24.7888668Z [AUTO] FS já tem slot=18:00 COMPLETO (close=18:00) -> DONE
run-import (PT_RIO)	UNKNOWN STEP	2026-05-22T22:14:24.7896461Z [ALERT] HARD slot perdeu janela: date=2026-05-22 slot=09:00 releaseAt=09:29 windowEnd=09:35 tries=0
run-import (PT_RIO)	UNKNOWN STEP	2026-05-22T22:14:24.7898874Z [ALERT] HARD slot CRITICAL: date=2026-05-22 slot=09:00 since=585min (>=60) tries=0
run-import (PT_RIO)	UNKNOWN STEP	2026-05-22T22:14:24.7901601Z [ALERT] HARD slot perdeu janela: date=2026-05-22 slot=11:00 releaseAt=11:29 windowEnd=11:35 tries=0
run-import (PT_RIO)	UNKNOWN STEP	2026-05-22T22:14:24.7903853Z [ALERT] HARD slot CRITICAL: date=2026-05-22 slot=11:00 since=465min (>=60) tries=0
run-import (PT_RIO)	UNKNOWN STEP	2026-05-22T22:14:24.7906662Z [ALERT] HARD slot perdeu janela: date=2026-05-22 slot=14:00 releaseAt=14:29 windowEnd=14:35 tries=0
run-import (PT_RIO)	UNKNOWN STEP	2026-05-22T22:14:24.7908537Z [ALERT] HARD slot CRITICAL: date=2026-05-22 slot=14:00 since=285min (>=60) tries=0
run-import (PT_RIO)	UNKNOWN STEP	2026-05-22T22:14:24.7911463Z [ALERT] HARD slot perdeu janela: date=2026-05-22 slot=16:00 releaseAt=16:29 windowEnd=16:35 tries=0
run-import (PT_RIO)	UNKNOWN STEP	2026-05-22T22:14:24.7913360Z [ALERT] HARD slot CRITICAL: date=2026-05-22 slot=16:00 since=165min (>=60) tries=0
run-import (PT_RIO)	UNKNOWN STEP	2026-05-22T22:14:24.7922875Z [AUDIT] CRITICAL missing=4 warning=0 softLate=0 (relatório salvo em auditCritical-PT_RIO-2026-05-22.json)
run-import (PT_RIO)	UNKNOWN STEP	2026-05-22T22:14:24.7924521Z [AUDIT] FAIL_ON_CRITICAL=1 => exit(2)
run-import (PT_RIO)	UNKNOWN STEP	2026-05-22T22:14:24.8031657Z ##[error]Process completed with exit code 2.
run-import (PT_RIO)	UNKNOWN STEP	2026-05-22T22:14:24.8148158Z Post job cleanup.
run-import (PT_RIO)	UNKNOWN STEP	2026-05-22T22:14:24.9136335Z [command]/usr/bin/git version
run-import (PT_RIO)	UNKNOWN STEP	2026-05-22T22:14:24.9172107Z git version 2.54.0
run-import (PT_RIO)	UNKNOWN STEP	2026-05-22T22:14:24.9212383Z Temporarily overriding HOME='/home/runner/work/_temp/fd08a9a8-819d-4242-9ff1-6db134ae8694' before making global git config changes
run-import (PT_RIO)	UNKNOWN STEP	2026-05-22T22:14:24.9213354Z Adding repository directory to the temporary git global config as a safe directory
run-import (PT_RIO)	UNKNOWN STEP	2026-05-22T22:14:24.9217893Z [command]/usr/bin/git config --global --add safe.directory /home/runner/work/palpitacojb/palpitacojb
run-import (PT_RIO)	UNKNOWN STEP	2026-05-22T22:14:24.9253202Z [command]/usr/bin/git config --local --name-only --get-regexp core\.sshCommand
run-import (PT_RIO)	UNKNOWN STEP	2026-05-22T22:14:24.9286365Z [command]/usr/bin/git submodule foreach --recursive sh -c "git config --local --name-only --get-regexp 'core\.sshCommand' && git config --local --unset-all 'core.sshCommand' || :"
run-import (PT_RIO)	UNKNOWN STEP	2026-05-22T22:14:24.9518074Z [command]/usr/bin/git config --local --name-only --get-regexp http\.https\:\/\/github\.com\/\.extraheader
run-import (PT_RIO)	UNKNOWN STEP	2026-05-22T22:14:24.9541788Z http.https://github.com/.extraheader
run-import (PT_RIO)	UNKNOWN STEP	2026-05-22T22:14:24.9554442Z [command]/usr/bin/git config --local --unset-all http.https://github.com/.extraheader
run-import (PT_RIO)	UNKNOWN STEP	2026-05-22T22:14:24.9586964Z [command]/usr/bin/git submodule foreach --recursive sh -c "git config --local --name-only --get-regexp 'http\.https\:\/\/github\.com\/\.extraheader' && git config --local --unset-all 'http.https://github.com/.extraheader' || :"
run-import (PT_RIO)	UNKNOWN STEP	2026-05-22T22:14:24.9814129Z [command]/usr/bin/git config --local --name-only --get-regexp ^includeIf\.gitdir:
run-import (PT_RIO)	UNKNOWN STEP	2026-05-22T22:14:24.9846041Z [command]/usr/bin/git submodule foreach --recursive git config --local --show-origin --name-only --get-regexp remote.origin.url
run-import (PT_RIO)	UNKNOWN STEP	2026-05-22T22:14:25.0231051Z Cleaning up orphan processes
run-import (PT_RIO)	UNKNOWN STEP	2026-05-22T22:14:25.0514521Z ##[warning]Node.js 20 actions are deprecated. The following actions are running on Node.js 20 and may not work as expected: actions/checkout@v4, actions/setup-node@v4. Actions will be forced to run with Node.js 24 by default starting June 2nd, 2026. Node.js 20 will be removed from the runner on September 16th, 2026. Please check if updated versions of these actions are available that support Node.js 24. To opt into Node.js 24 now, set the FORCE_JAVASCRIPT_ACTIONS_TO_NODE24=true environment variable on the runner or in your workflow file. Once Node.js 24 becomes the default, you can temporarily opt out by setting ACTIONS_ALLOW_USE_UNSECURE_NODE_VERSION=true. For more information see: https://github.blog/changelog/2025-09-19-deprecation-of-node-20-on-github-actions-runners/
