run-import (PT_RIO)	UNKNOWN STEP	﻿2026-07-13T22:03:21.7378513Z Current runner version: '2.335.1'
run-import (PT_RIO)	UNKNOWN STEP	2026-07-13T22:03:21.7405766Z ##[group]Runner Image Provisioner
run-import (PT_RIO)	UNKNOWN STEP	2026-07-13T22:03:21.7406965Z Hosted Compute Agent
run-import (PT_RIO)	UNKNOWN STEP	2026-07-13T22:03:21.7407835Z Version: 20260624.560
run-import (PT_RIO)	UNKNOWN STEP	2026-07-13T22:03:21.7408829Z Commit: 925d229a51159bc391ae97e54a2dd1fe20af789d
run-import (PT_RIO)	UNKNOWN STEP	2026-07-13T22:03:21.7409856Z Build Date: 2026-06-24T18:26:47Z
run-import (PT_RIO)	UNKNOWN STEP	2026-07-13T22:03:21.7410904Z Worker ID: ***177eceab-eac1-444d-a948-6a9054d6f35d***
run-import (PT_RIO)	UNKNOWN STEP	2026-07-13T22:03:21.7411982Z Azure Region: westus
run-import (PT_RIO)	UNKNOWN STEP	2026-07-13T22:03:21.7412772Z ##[endgroup]
run-import (PT_RIO)	UNKNOWN STEP	2026-07-13T22:03:21.7415193Z ##[group]Operating System
run-import (PT_RIO)	UNKNOWN STEP	2026-07-13T22:03:21.7416115Z Ubuntu
run-import (PT_RIO)	UNKNOWN STEP	2026-07-13T22:03:21.7416964Z 24.04.4
run-import (PT_RIO)	UNKNOWN STEP	2026-07-13T22:03:21.7417649Z LTS
run-import (PT_RIO)	UNKNOWN STEP	2026-07-13T22:03:21.7418499Z ##[endgroup]
run-import (PT_RIO)	UNKNOWN STEP	2026-07-13T22:03:21.7419342Z ##[group]Runner Image
run-import (PT_RIO)	UNKNOWN STEP	2026-07-13T22:03:21.7420155Z Image: ubuntu-24.04
run-import (PT_RIO)	UNKNOWN STEP	2026-07-13T22:03:21.7420981Z Version: 20260705.232.1
run-import (PT_RIO)	UNKNOWN STEP	2026-07-13T22:03:21.7422591Z Included Software: https://github.com/actions/runner-images/blob/ubuntu24/20260705.232/images/ubuntu/Ubuntu2404-Readme.md
run-import (PT_RIO)	UNKNOWN STEP	2026-07-13T22:03:21.7424684Z Image Release: https://github.com/actions/runner-images/releases/tag/ubuntu24%2F20260705.232
run-import (PT_RIO)	UNKNOWN STEP	2026-07-13T22:03:21.7426003Z ##[endgroup]
run-import (PT_RIO)	UNKNOWN STEP	2026-07-13T22:03:21.7427529Z ##[group]GITHUB_TOKEN Permissions
run-import (PT_RIO)	UNKNOWN STEP	2026-07-13T22:03:21.7429948Z Contents: read
run-import (PT_RIO)	UNKNOWN STEP	2026-07-13T22:03:21.7430847Z Metadata: read
run-import (PT_RIO)	UNKNOWN STEP	2026-07-13T22:03:21.7431600Z ##[endgroup]
run-import (PT_RIO)	UNKNOWN STEP	2026-07-13T22:03:21.7434569Z Secret source: Actions
run-import (PT_RIO)	UNKNOWN STEP	2026-07-13T22:03:21.7435713Z Prepare workflow directory
run-import (PT_RIO)	UNKNOWN STEP	2026-07-13T22:03:21.8000745Z Prepare all required actions
run-import (PT_RIO)	UNKNOWN STEP	2026-07-13T22:03:21.8038951Z Getting action download info
run-import (PT_RIO)	UNKNOWN STEP	2026-07-13T22:03:22.1695379Z Download action repository 'actions/checkout@v4' (SHA:34e114876b0b11c390a56381ad16ebd13914f8d5)
run-import (PT_RIO)	UNKNOWN STEP	2026-07-13T22:03:22.2556510Z Download action repository 'actions/setup-node@v4' (SHA:49933ea5288caeca8642d1e84afbd3f7d6820020)
run-import (PT_RIO)	UNKNOWN STEP	2026-07-13T22:03:22.4826925Z Complete job name: run-import (PT_RIO)
run-import (PT_RIO)	UNKNOWN STEP	2026-07-13T22:03:22.5698544Z Node 20 is being deprecated. This workflow is running with Node 24 by default. If you need to temporarily use Node 20, you can set the ACTIONS_ALLOW_USE_UNSECURE_NODE_VERSION=true environment variable. For more information see: https://github.blog/changelog/2025-09-19-deprecation-of-node-20-on-github-actions-runners/
run-import (PT_RIO)	UNKNOWN STEP	2026-07-13T22:03:22.5708141Z ##[group]Run actions/checkout@v4
run-import (PT_RIO)	UNKNOWN STEP	2026-07-13T22:03:22.5709080Z with:
run-import (PT_RIO)	UNKNOWN STEP	2026-07-13T22:03:22.5709729Z   repository: glauberseguros-commits/palpitacojb
run-import (PT_RIO)	UNKNOWN STEP	2026-07-13T22:03:22.5714096Z   token: ***
run-import (PT_RIO)	UNKNOWN STEP	2026-07-13T22:03:22.5714684Z   ssh-strict: true
run-import (PT_RIO)	UNKNOWN STEP	2026-07-13T22:03:22.5715275Z   ssh-user: git
run-import (PT_RIO)	UNKNOWN STEP	2026-07-13T22:03:22.5715868Z   persist-credentials: true
run-import (PT_RIO)	UNKNOWN STEP	2026-07-13T22:03:22.5716512Z   clean: true
run-import (PT_RIO)	UNKNOWN STEP	2026-07-13T22:03:22.5717096Z   sparse-checkout-cone-mode: true
run-import (PT_RIO)	UNKNOWN STEP	2026-07-13T22:03:22.5717769Z   fetch-depth: 1
run-import (PT_RIO)	UNKNOWN STEP	2026-07-13T22:03:22.5718345Z   fetch-tags: false
run-import (PT_RIO)	UNKNOWN STEP	2026-07-13T22:03:22.5718949Z   show-progress: true
run-import (PT_RIO)	UNKNOWN STEP	2026-07-13T22:03:22.5719543Z   lfs: false
run-import (PT_RIO)	UNKNOWN STEP	2026-07-13T22:03:22.5720136Z   submodules: false
run-import (PT_RIO)	UNKNOWN STEP	2026-07-13T22:03:22.5720739Z   set-safe-directory: true
run-import (PT_RIO)	UNKNOWN STEP	2026-07-13T22:03:22.5721731Z env:
run-import (PT_RIO)	UNKNOWN STEP	2026-07-13T22:03:22.5722294Z   TZ: America/Sao_Paulo
run-import (PT_RIO)	UNKNOWN STEP	2026-07-13T22:03:22.5723021Z   PITACO_API_BASE: https://api.palpitacojb.com.br
run-import (PT_RIO)	UNKNOWN STEP	2026-07-13T22:03:22.5724083Z ##[endgroup]
run-import (PT_RIO)	UNKNOWN STEP	2026-07-13T22:03:22.6724203Z Syncing repository: glauberseguros-commits/palpitacojb
run-import (PT_RIO)	UNKNOWN STEP	2026-07-13T22:03:22.6726325Z ##[group]Getting Git version info
run-import (PT_RIO)	UNKNOWN STEP	2026-07-13T22:03:22.6727255Z Working directory is '/home/runner/work/palpitacojb/palpitacojb'
run-import (PT_RIO)	UNKNOWN STEP	2026-07-13T22:03:22.6728539Z [command]/usr/bin/git version
run-import (PT_RIO)	UNKNOWN STEP	2026-07-13T22:03:22.9566349Z git version 2.54.0
run-import (PT_RIO)	UNKNOWN STEP	2026-07-13T22:03:22.9621491Z ##[endgroup]
run-import (PT_RIO)	UNKNOWN STEP	2026-07-13T22:03:22.9636810Z Temporarily overriding HOME='/home/runner/work/_temp/98ad0449-5fe1-4962-9a67-03e33def407a' before making global git config changes
run-import (PT_RIO)	UNKNOWN STEP	2026-07-13T22:03:22.9638469Z Adding repository directory to the temporary git global config as a safe directory
run-import (PT_RIO)	UNKNOWN STEP	2026-07-13T22:03:22.9643216Z [command]/usr/bin/git config --global --add safe.directory /home/runner/work/palpitacojb/palpitacojb
run-import (PT_RIO)	UNKNOWN STEP	2026-07-13T22:03:22.9702363Z Deleting the contents of '/home/runner/work/palpitacojb/palpitacojb'
run-import (PT_RIO)	UNKNOWN STEP	2026-07-13T22:03:22.9707966Z ##[group]Initializing the repository
run-import (PT_RIO)	UNKNOWN STEP	2026-07-13T22:03:22.9713328Z [command]/usr/bin/git init /home/runner/work/palpitacojb/palpitacojb
run-import (PT_RIO)	UNKNOWN STEP	2026-07-13T22:03:22.9851822Z hint: Using 'master' as the name for the initial branch. This default branch name
run-import (PT_RIO)	UNKNOWN STEP	2026-07-13T22:03:22.9853665Z hint: will change to "main" in Git 3.0. To configure the initial branch name
run-import (PT_RIO)	UNKNOWN STEP	2026-07-13T22:03:22.9855308Z hint: to use in all of your new repositories, which will suppress this warning,
run-import (PT_RIO)	UNKNOWN STEP	2026-07-13T22:03:22.9856792Z hint: call:
run-import (PT_RIO)	UNKNOWN STEP	2026-07-13T22:03:22.9857827Z hint:
run-import (PT_RIO)	UNKNOWN STEP	2026-07-13T22:03:22.9859135Z hint: 	git config --global init.defaultBranch <name>
run-import (PT_RIO)	UNKNOWN STEP	2026-07-13T22:03:22.9860588Z hint:
run-import (PT_RIO)	UNKNOWN STEP	2026-07-13T22:03:22.9861809Z hint: Names commonly chosen instead of 'master' are 'main', 'trunk' and
run-import (PT_RIO)	UNKNOWN STEP	2026-07-13T22:03:22.9863645Z hint: 'development'. The just-created branch can be renamed via this command:
run-import (PT_RIO)	UNKNOWN STEP	2026-07-13T22:03:22.9865318Z hint:
run-import (PT_RIO)	UNKNOWN STEP	2026-07-13T22:03:22.9865918Z hint: 	git branch -m <name>
run-import (PT_RIO)	UNKNOWN STEP	2026-07-13T22:03:22.9866554Z hint:
run-import (PT_RIO)	UNKNOWN STEP	2026-07-13T22:03:22.9867370Z hint: Disable this message with "git config set advice.defaultBranchName false"
run-import (PT_RIO)	UNKNOWN STEP	2026-07-13T22:03:22.9869378Z Initialized empty Git repository in /home/runner/work/palpitacojb/palpitacojb/.git/
run-import (PT_RIO)	UNKNOWN STEP	2026-07-13T22:03:22.9871767Z [command]/usr/bin/git remote add origin https://github.com/glauberseguros-commits/palpitacojb
run-import (PT_RIO)	UNKNOWN STEP	2026-07-13T22:03:22.9916588Z ##[endgroup]
run-import (PT_RIO)	UNKNOWN STEP	2026-07-13T22:03:22.9917622Z ##[group]Disabling automatic garbage collection
run-import (PT_RIO)	UNKNOWN STEP	2026-07-13T22:03:22.9919724Z [command]/usr/bin/git config --local gc.auto 0
run-import (PT_RIO)	UNKNOWN STEP	2026-07-13T22:03:22.9949603Z ##[endgroup]
run-import (PT_RIO)	UNKNOWN STEP	2026-07-13T22:03:22.9951186Z ##[group]Setting up auth
run-import (PT_RIO)	UNKNOWN STEP	2026-07-13T22:03:22.9956941Z [command]/usr/bin/git config --local --name-only --get-regexp core\.sshCommand
run-import (PT_RIO)	UNKNOWN STEP	2026-07-13T22:03:22.9992862Z [command]/usr/bin/git submodule foreach --recursive sh -c "git config --local --name-only --get-regexp 'core\.sshCommand' && git config --local --unset-all 'core.sshCommand' || :"
run-import (PT_RIO)	UNKNOWN STEP	2026-07-13T22:03:23.0388604Z [command]/usr/bin/git config --local --name-only --get-regexp http\.https\:\/\/github\.com\/\.extraheader
run-import (PT_RIO)	UNKNOWN STEP	2026-07-13T22:03:23.0417446Z [command]/usr/bin/git submodule foreach --recursive sh -c "git config --local --name-only --get-regexp 'http\.https\:\/\/github\.com\/\.extraheader' && git config --local --unset-all 'http.https://github.com/.extraheader' || :"
run-import (PT_RIO)	UNKNOWN STEP	2026-07-13T22:03:23.0641540Z [command]/usr/bin/git config --local --name-only --get-regexp ^includeIf\.gitdir:
run-import (PT_RIO)	UNKNOWN STEP	2026-07-13T22:03:23.0673516Z [command]/usr/bin/git submodule foreach --recursive git config --local --show-origin --name-only --get-regexp remote.origin.url
run-import (PT_RIO)	UNKNOWN STEP	2026-07-13T22:03:23.0891573Z [command]/usr/bin/git config --local http.https://github.com/.extraheader AUTHORIZATION: basic ***
run-import (PT_RIO)	UNKNOWN STEP	2026-07-13T22:03:23.0927729Z ##[endgroup]
run-import (PT_RIO)	UNKNOWN STEP	2026-07-13T22:03:23.0928939Z ##[group]Fetching the repository
run-import (PT_RIO)	UNKNOWN STEP	2026-07-13T22:03:23.0937403Z [command]/usr/bin/git -c protocol.version=2 fetch --no-tags --prune --no-recurse-submodules --depth=1 origin +e108b2db1b68b20319f959d3c0b807ef8ceaa65b:refs/remotes/origin/main
run-import (PT_RIO)	UNKNOWN STEP	2026-07-13T22:03:24.2088106Z From https://github.com/glauberseguros-commits/palpitacojb
run-import (PT_RIO)	UNKNOWN STEP	2026-07-13T22:03:24.2089265Z  * [new ref]         e108b2db1b68b20319f959d3c0b807ef8ceaa65b -> origin/main
run-import (PT_RIO)	UNKNOWN STEP	2026-07-13T22:03:24.2127591Z ##[endgroup]
run-import (PT_RIO)	UNKNOWN STEP	2026-07-13T22:03:24.2128423Z ##[group]Determining the checkout info
run-import (PT_RIO)	UNKNOWN STEP	2026-07-13T22:03:24.2129559Z ##[endgroup]
run-import (PT_RIO)	UNKNOWN STEP	2026-07-13T22:03:24.2135850Z [command]/usr/bin/git sparse-checkout disable
run-import (PT_RIO)	UNKNOWN STEP	2026-07-13T22:03:24.2184384Z [command]/usr/bin/git config --local --unset-all extensions.worktreeConfig
run-import (PT_RIO)	UNKNOWN STEP	2026-07-13T22:03:24.2211840Z ##[group]Checking out the ref
run-import (PT_RIO)	UNKNOWN STEP	2026-07-13T22:03:24.2216983Z [command]/usr/bin/git checkout --progress --force -B main refs/remotes/origin/main
run-import (PT_RIO)	UNKNOWN STEP	2026-07-13T22:03:24.2999191Z Switched to a new branch 'main'
run-import (PT_RIO)	UNKNOWN STEP	2026-07-13T22:03:24.3005973Z branch 'main' set up to track 'origin/main'.
run-import (PT_RIO)	UNKNOWN STEP	2026-07-13T22:03:24.3092405Z ##[endgroup]
run-import (PT_RIO)	UNKNOWN STEP	2026-07-13T22:03:24.3107497Z [command]/usr/bin/git log -1 --format=%H
run-import (PT_RIO)	UNKNOWN STEP	2026-07-13T22:03:24.3108350Z e108b2db1b68b20319f959d3c0b807ef8ceaa65b
run-import (PT_RIO)	UNKNOWN STEP	2026-07-13T22:03:24.3372002Z Node 20 is being deprecated. This workflow is running with Node 24 by default. If you need to temporarily use Node 20, you can set the ACTIONS_ALLOW_USE_UNSECURE_NODE_VERSION=true environment variable. For more information see: https://github.blog/changelog/2025-09-19-deprecation-of-node-20-on-github-actions-runners/
run-import (PT_RIO)	UNKNOWN STEP	2026-07-13T22:03:24.3374446Z ##[group]Run actions/setup-node@v4
run-import (PT_RIO)	UNKNOWN STEP	2026-07-13T22:03:24.3375058Z with:
run-import (PT_RIO)	UNKNOWN STEP	2026-07-13T22:03:24.3375557Z   node-version: 20
run-import (PT_RIO)	UNKNOWN STEP	2026-07-13T22:03:24.3376088Z   always-auth: false
run-import (PT_RIO)	UNKNOWN STEP	2026-07-13T22:03:24.3376620Z   check-latest: false
run-import (PT_RIO)	UNKNOWN STEP	2026-07-13T22:03:24.3379701Z   token: ***
run-import (PT_RIO)	UNKNOWN STEP	2026-07-13T22:03:24.3380205Z env:
run-import (PT_RIO)	UNKNOWN STEP	2026-07-13T22:03:24.3380700Z   TZ: America/Sao_Paulo
run-import (PT_RIO)	UNKNOWN STEP	2026-07-13T22:03:24.3381314Z   PITACO_API_BASE: https://api.palpitacojb.com.br
run-import (PT_RIO)	UNKNOWN STEP	2026-07-13T22:03:24.3381969Z ##[endgroup]
run-import (PT_RIO)	UNKNOWN STEP	2026-07-13T22:03:24.4809081Z Attempting to download 20...
run-import (PT_RIO)	UNKNOWN STEP	2026-07-13T22:03:24.4916588Z (node:2206) [DEP0040] DeprecationWarning: The `punycode` module is deprecated. Please use a userland alternative instead.
run-import (PT_RIO)	UNKNOWN STEP	2026-07-13T22:03:24.4918529Z (Use `node --trace-deprecation ...` to show where the warning was created)
run-import (PT_RIO)	UNKNOWN STEP	2026-07-13T22:03:25.3049048Z Acquiring 20.20.2 - x64 from https://github.com/actions/node-versions/releases/download/20.20.2-23521894959/node-20.20.2-linux-x64.tar.gz
run-import (PT_RIO)	UNKNOWN STEP	2026-07-13T22:03:25.7204699Z Extracting ...
run-import (PT_RIO)	UNKNOWN STEP	2026-07-13T22:03:25.7311691Z [command]/usr/bin/tar xz --strip 1 --warning=no-unknown-keyword --overwrite -C /home/runner/work/_temp/a5de8716-ef08-4b95-a3e1-c5e0534619ec -f /home/runner/work/_temp/a58594ff-43b1-488a-a86c-41ecb16903fb
run-import (PT_RIO)	UNKNOWN STEP	2026-07-13T22:03:26.7449675Z Adding to the cache ...
run-import (PT_RIO)	UNKNOWN STEP	2026-07-13T22:03:28.6325494Z ##[group]Environment details
run-import (PT_RIO)	UNKNOWN STEP	2026-07-13T22:03:28.8537482Z node: v20.20.2
run-import (PT_RIO)	UNKNOWN STEP	2026-07-13T22:03:28.8538067Z npm: 10.8.2
run-import (PT_RIO)	UNKNOWN STEP	2026-07-13T22:03:28.8538534Z yarn: 1.22.22
run-import (PT_RIO)	UNKNOWN STEP	2026-07-13T22:03:28.8541006Z ##[endgroup]
run-import (PT_RIO)	UNKNOWN STEP	2026-07-13T22:03:28.8709680Z ##[group]Run npm ci
run-import (PT_RIO)	UNKNOWN STEP	2026-07-13T22:03:28.8710098Z ^[[36;1mnpm ci^[[0m
run-import (PT_RIO)	UNKNOWN STEP	2026-07-13T22:03:28.8919539Z shell: /usr/bin/bash -e ***0***
run-import (PT_RIO)	UNKNOWN STEP	2026-07-13T22:03:28.8919944Z env:
run-import (PT_RIO)	UNKNOWN STEP	2026-07-13T22:03:28.8920218Z   TZ: America/Sao_Paulo
run-import (PT_RIO)	UNKNOWN STEP	2026-07-13T22:03:28.8920622Z   PITACO_API_BASE: https://api.palpitacojb.com.br
run-import (PT_RIO)	UNKNOWN STEP	2026-07-13T22:03:28.8921116Z ##[endgroup]
run-import (PT_RIO)	UNKNOWN STEP	2026-07-13T22:03:32.2942729Z 
run-import (PT_RIO)	UNKNOWN STEP	2026-07-13T22:03:32.2953343Z added 237 packages, and audited 238 packages in 3s
run-import (PT_RIO)	UNKNOWN STEP	2026-07-13T22:03:32.2954298Z 
run-import (PT_RIO)	UNKNOWN STEP	2026-07-13T22:03:32.2954749Z 30 packages are looking for funding
run-import (PT_RIO)	UNKNOWN STEP	2026-07-13T22:03:32.2955458Z   run `npm fund` for details
run-import (PT_RIO)	UNKNOWN STEP	2026-07-13T22:03:32.3248924Z 
run-import (PT_RIO)	UNKNOWN STEP	2026-07-13T22:03:32.3249695Z 21 vulnerabilities (1 low, 13 moderate, 5 high, 2 critical)
run-import (PT_RIO)	UNKNOWN STEP	2026-07-13T22:03:32.3250055Z 
run-import (PT_RIO)	UNKNOWN STEP	2026-07-13T22:03:32.3250353Z To address issues that do not require attention, run:
run-import (PT_RIO)	UNKNOWN STEP	2026-07-13T22:03:32.3250785Z   npm audit fix
run-import (PT_RIO)	UNKNOWN STEP	2026-07-13T22:03:32.3250968Z 
run-import (PT_RIO)	UNKNOWN STEP	2026-07-13T22:03:32.3251240Z To address all issues (including breaking changes), run:
run-import (PT_RIO)	UNKNOWN STEP	2026-07-13T22:03:32.3251750Z   npm audit fix --force
run-import (PT_RIO)	UNKNOWN STEP	2026-07-13T22:03:32.3251939Z 
run-import (PT_RIO)	UNKNOWN STEP	2026-07-13T22:03:32.3252102Z Run `npm audit` for details.
run-import (PT_RIO)	UNKNOWN STEP	2026-07-13T22:03:32.3458829Z ##[group]Run node scripts/autoImportToday.js
run-import (PT_RIO)	UNKNOWN STEP	2026-07-13T22:03:32.3459312Z ^[[36;1mnode scripts/autoImportToday.js^[[0m
run-import (PT_RIO)	UNKNOWN STEP	2026-07-13T22:03:32.3492792Z shell: /usr/bin/bash -e ***0***
run-import (PT_RIO)	UNKNOWN STEP	2026-07-13T22:03:32.3493131Z env:
run-import (PT_RIO)	UNKNOWN STEP	2026-07-13T22:03:32.3493405Z   TZ: America/Sao_Paulo
run-import (PT_RIO)	UNKNOWN STEP	2026-07-13T22:03:32.3493995Z   PITACO_API_BASE: https://api.palpitacojb.com.br
run-import (PT_RIO)	UNKNOWN STEP	2026-07-13T22:03:32.3504061Z   FIREBASE_ADMIN_SA_JSON: ***
run-import (PT_RIO)	UNKNOWN STEP	
run-import (PT_RIO)	UNKNOWN STEP	2026-07-13T22:03:32.3504442Z   LOTTERY: PT_RIO
run-import (PT_RIO)	UNKNOWN STEP	2026-07-13T22:03:32.3504713Z   FAIL_ON_CRITICAL: 1
run-import (PT_RIO)	UNKNOWN STEP	2026-07-13T22:03:32.3504991Z   AUDIT_WARN_MIN: 20
run-import (PT_RIO)	UNKNOWN STEP	2026-07-13T22:03:32.3505261Z   AUDIT_CRIT_MIN: 60
run-import (PT_RIO)	UNKNOWN STEP	2026-07-13T22:03:32.3505523Z ##[endgroup]
run-import (PT_RIO)	UNKNOWN STEP	2026-07-13T22:03:32.5460021Z [CFG] PITACO_API_BASE efetivo => https://api.palpitacojb.com.br
run-import (PT_RIO)	UNKNOWN STEP	2026-07-13T22:03:47.6128993Z [CAL] PT_RIO seg-sex: date=2026-07-13 dow=1 => HARD=[09,11,14,16,18,21]
run-import (PT_RIO)	UNKNOWN STEP	2026-07-13T22:03:47.6134323Z [AUTO] CATCH-UP pós-release 2026-07-13 slot=18:00 (HARD) releaseAt=18:29 window=18:05~18:35 (fora da janela)
run-import (PT_RIO)	UNKNOWN STEP	2026-07-13T22:03:47.6139519Z [AUTO] tentando 2026-07-13 slot=18:00 (HARD) window=18:05-18:35 closes=18:00,18:01,18:02,18:09,18:10,18:11
run-import (PT_RIO)	UNKNOWN STEP	2026-07-13T22:03:47.6151277Z [CAL-OVERRIDE] PT_RIO 2026-07-13 slot=18:00 fora do calendário -> tentando mesmo assim (SOFT 18h override)
run-import (PT_RIO)	UNKNOWN STEP	2026-07-13T22:03:48.9892699Z [FETCH] PT_RIO 2026-07-13 per-lottery=6 -> merged_draws=5 close_hours=[09:00, 11:00, 14:00, 16:00, 18:00]
run-import (PT_RIO)	UNKNOWN STEP	2026-07-13T22:03:51.3323435Z [IMPORT] API draws=5 | match_close=1 | validos=1 | draws_upserted=0 | draws_novos=0 | prizes_upserted=0 | prizes_novos=0 | skip_vazio=0 | skip_invalido=0 | skip_close=4 | skip_complete=1 | CHECK_EXISTENCE=OFF | uf=RJ lottery_key=PT_RIO | expected=1 complete=1 slotDocs=1 apiTargets=1
run-import (PT_RIO)	UNKNOWN STEP	2026-07-13T22:03:51.3330994Z [AUTO] FS já tem slot=18:00 COMPLETO (close=18:00) -> DONE
run-import (PT_RIO)	UNKNOWN STEP	2026-07-13T22:03:51.3337675Z [ALERT] HARD slot perdeu janela: date=2026-07-13 slot=09:00 releaseAt=09:29 windowEnd=09:35 tries=0
run-import (PT_RIO)	UNKNOWN STEP	2026-07-13T22:03:51.3340385Z [ALERT] HARD slot CRITICAL: date=2026-07-13 slot=09:00 since=574min (>=60) tries=0
run-import (PT_RIO)	UNKNOWN STEP	2026-07-13T22:03:51.3342703Z [ALERT] HARD slot perdeu janela: date=2026-07-13 slot=11:00 releaseAt=11:29 windowEnd=11:35 tries=0
run-import (PT_RIO)	UNKNOWN STEP	2026-07-13T22:03:51.3344869Z [ALERT] HARD slot CRITICAL: date=2026-07-13 slot=11:00 since=454min (>=60) tries=0
run-import (PT_RIO)	UNKNOWN STEP	2026-07-13T22:03:51.3347416Z [ALERT] HARD slot perdeu janela: date=2026-07-13 slot=14:00 releaseAt=14:29 windowEnd=14:35 tries=0
run-import (PT_RIO)	UNKNOWN STEP	2026-07-13T22:03:51.3349355Z [ALERT] HARD slot CRITICAL: date=2026-07-13 slot=14:00 since=274min (>=60) tries=0
run-import (PT_RIO)	UNKNOWN STEP	2026-07-13T22:03:51.3352497Z [ALERT] HARD slot perdeu janela: date=2026-07-13 slot=16:00 releaseAt=16:29 windowEnd=16:35 tries=0
run-import (PT_RIO)	UNKNOWN STEP	2026-07-13T22:03:51.3354561Z [ALERT] HARD slot CRITICAL: date=2026-07-13 slot=16:00 since=154min (>=60) tries=0
run-import (PT_RIO)	UNKNOWN STEP	2026-07-13T22:03:51.3366025Z [AUDIT] CRITICAL missing=4 warning=0 softLate=0 (relatório salvo em auditCritical-PT_RIO-2026-07-13.json)
run-import (PT_RIO)	UNKNOWN STEP	2026-07-13T22:03:51.3367535Z [AUDIT] FAIL_ON_CRITICAL=1 => exit(2)
run-import (PT_RIO)	UNKNOWN STEP	2026-07-13T22:03:51.3465300Z ##[error]Process completed with exit code 2.
run-import (PT_RIO)	UNKNOWN STEP	2026-07-13T22:03:51.3657339Z Node 20 is being deprecated. This workflow is running with Node 24 by default. If you need to temporarily use Node 20, you can set the ACTIONS_ALLOW_USE_UNSECURE_NODE_VERSION=true environment variable. For more information see: https://github.blog/changelog/2025-09-19-deprecation-of-node-20-on-github-actions-runners/
run-import (PT_RIO)	UNKNOWN STEP	2026-07-13T22:03:51.3658667Z Post job cleanup.
run-import (PT_RIO)	UNKNOWN STEP	2026-07-13T22:03:51.4519801Z [command]/usr/bin/git version
run-import (PT_RIO)	UNKNOWN STEP	2026-07-13T22:03:51.4557390Z git version 2.54.0
run-import (PT_RIO)	UNKNOWN STEP	2026-07-13T22:03:51.4595082Z Temporarily overriding HOME='/home/runner/work/_temp/702079d0-d8a8-4ece-ad0b-410cdda47a88' before making global git config changes
run-import (PT_RIO)	UNKNOWN STEP	2026-07-13T22:03:51.4596382Z Adding repository directory to the temporary git global config as a safe directory
run-import (PT_RIO)	UNKNOWN STEP	2026-07-13T22:03:51.4601077Z [command]/usr/bin/git config --global --add safe.directory /home/runner/work/palpitacojb/palpitacojb
run-import (PT_RIO)	UNKNOWN STEP	2026-07-13T22:03:51.4637461Z [command]/usr/bin/git config --local --name-only --get-regexp core\.sshCommand
run-import (PT_RIO)	UNKNOWN STEP	2026-07-13T22:03:51.4669005Z [command]/usr/bin/git submodule foreach --recursive sh -c "git config --local --name-only --get-regexp 'core\.sshCommand' && git config --local --unset-all 'core.sshCommand' || :"
run-import (PT_RIO)	UNKNOWN STEP	2026-07-13T22:03:51.4891840Z [command]/usr/bin/git config --local --name-only --get-regexp http\.https\:\/\/github\.com\/\.extraheader
run-import (PT_RIO)	UNKNOWN STEP	2026-07-13T22:03:51.4917235Z http.https://github.com/.extraheader
run-import (PT_RIO)	UNKNOWN STEP	2026-07-13T22:03:51.4928600Z [command]/usr/bin/git config --local --unset-all http.https://github.com/.extraheader
run-import (PT_RIO)	UNKNOWN STEP	2026-07-13T22:03:51.4960047Z [command]/usr/bin/git submodule foreach --recursive sh -c "git config --local --name-only --get-regexp 'http\.https\:\/\/github\.com\/\.extraheader' && git config --local --unset-all 'http.https://github.com/.extraheader' || :"
run-import (PT_RIO)	UNKNOWN STEP	2026-07-13T22:03:51.5178229Z [command]/usr/bin/git config --local --name-only --get-regexp ^includeIf\.gitdir:
run-import (PT_RIO)	UNKNOWN STEP	2026-07-13T22:03:51.5208716Z [command]/usr/bin/git submodule foreach --recursive git config --local --show-origin --name-only --get-regexp remote.origin.url
run-import (PT_RIO)	UNKNOWN STEP	2026-07-13T22:03:51.5564577Z Cleaning up orphan processes
run-import (PT_RIO)	UNKNOWN STEP	2026-07-13T22:03:51.5866029Z ##[warning]Node.js 20 is deprecated. The following actions target Node.js 20 but are being forced to run on Node.js 24: actions/checkout@v4, actions/setup-node@v4. For more information see: https://github.blog/changelog/2025-09-19-deprecation-of-node-20-on-github-actions-runners/
