run-import (PT_RIO)	UNKNOWN STEP	﻿2026-07-13T18:47:44.4738814Z Current runner version: '2.335.1'
run-import (PT_RIO)	UNKNOWN STEP	2026-07-13T18:47:44.4766274Z ##[group]Runner Image Provisioner
run-import (PT_RIO)	UNKNOWN STEP	2026-07-13T18:47:44.4767457Z Hosted Compute Agent
run-import (PT_RIO)	UNKNOWN STEP	2026-07-13T18:47:44.4768346Z Version: 20260624.560
run-import (PT_RIO)	UNKNOWN STEP	2026-07-13T18:47:44.4769339Z Commit: 925d229a51159bc391ae97e54a2dd1fe20af789d
run-import (PT_RIO)	UNKNOWN STEP	2026-07-13T18:47:44.4770343Z Build Date: 2026-06-24T18:26:47Z
run-import (PT_RIO)	UNKNOWN STEP	2026-07-13T18:47:44.4771442Z Worker ID: ***af618071-a381-44e1-b890-4d30426c8e31***
run-import (PT_RIO)	UNKNOWN STEP	2026-07-13T18:47:44.4772560Z Azure Region: eastus
run-import (PT_RIO)	UNKNOWN STEP	2026-07-13T18:47:44.4773419Z ##[endgroup]
run-import (PT_RIO)	UNKNOWN STEP	2026-07-13T18:47:44.4775624Z ##[group]Operating System
run-import (PT_RIO)	UNKNOWN STEP	2026-07-13T18:47:44.4776677Z Ubuntu
run-import (PT_RIO)	UNKNOWN STEP	2026-07-13T18:47:44.4777631Z 24.04.4
run-import (PT_RIO)	UNKNOWN STEP	2026-07-13T18:47:44.4778384Z LTS
run-import (PT_RIO)	UNKNOWN STEP	2026-07-13T18:47:44.4779241Z ##[endgroup]
run-import (PT_RIO)	UNKNOWN STEP	2026-07-13T18:47:44.4780075Z ##[group]Runner Image
run-import (PT_RIO)	UNKNOWN STEP	2026-07-13T18:47:44.4781038Z Image: ubuntu-24.04
run-import (PT_RIO)	UNKNOWN STEP	2026-07-13T18:47:44.4781866Z Version: 20260705.232.1
run-import (PT_RIO)	UNKNOWN STEP	2026-07-13T18:47:44.4783425Z Included Software: https://github.com/actions/runner-images/blob/ubuntu24/20260705.232/images/ubuntu/Ubuntu2404-Readme.md
run-import (PT_RIO)	UNKNOWN STEP	2026-07-13T18:47:44.4785387Z Image Release: https://github.com/actions/runner-images/releases/tag/ubuntu24%2F20260705.232
run-import (PT_RIO)	UNKNOWN STEP	2026-07-13T18:47:44.4786666Z ##[endgroup]
run-import (PT_RIO)	UNKNOWN STEP	2026-07-13T18:47:44.4788269Z ##[group]GITHUB_TOKEN Permissions
run-import (PT_RIO)	UNKNOWN STEP	2026-07-13T18:47:44.4790729Z Contents: read
run-import (PT_RIO)	UNKNOWN STEP	2026-07-13T18:47:44.4791669Z Metadata: read
run-import (PT_RIO)	UNKNOWN STEP	2026-07-13T18:47:44.4792553Z ##[endgroup]
run-import (PT_RIO)	UNKNOWN STEP	2026-07-13T18:47:44.4794853Z Secret source: Actions
run-import (PT_RIO)	UNKNOWN STEP	2026-07-13T18:47:44.4796475Z Prepare workflow directory
run-import (PT_RIO)	UNKNOWN STEP	2026-07-13T18:47:44.5319579Z Prepare all required actions
run-import (PT_RIO)	UNKNOWN STEP	2026-07-13T18:47:44.5357342Z Getting action download info
run-import (PT_RIO)	UNKNOWN STEP	2026-07-13T18:47:44.7232658Z Download action repository 'actions/checkout@v4' (SHA:34e114876b0b11c390a56381ad16ebd13914f8d5)
run-import (PT_RIO)	UNKNOWN STEP	2026-07-13T18:47:44.7971677Z Download action repository 'actions/setup-node@v4' (SHA:49933ea5288caeca8642d1e84afbd3f7d6820020)
run-import (PT_RIO)	UNKNOWN STEP	2026-07-13T18:47:45.0241339Z Complete job name: run-import (PT_RIO)
run-import (PT_RIO)	UNKNOWN STEP	2026-07-13T18:47:45.0916700Z Node 20 is being deprecated. This workflow is running with Node 24 by default. If you need to temporarily use Node 20, you can set the ACTIONS_ALLOW_USE_UNSECURE_NODE_VERSION=true environment variable. For more information see: https://github.blog/changelog/2025-09-19-deprecation-of-node-20-on-github-actions-runners/
run-import (PT_RIO)	UNKNOWN STEP	2026-07-13T18:47:45.0926131Z ##[group]Run actions/checkout@v4
run-import (PT_RIO)	UNKNOWN STEP	2026-07-13T18:47:45.0926966Z with:
run-import (PT_RIO)	UNKNOWN STEP	2026-07-13T18:47:45.0927623Z   repository: glauberseguros-commits/palpitacojb
run-import (PT_RIO)	UNKNOWN STEP	2026-07-13T18:47:45.0931789Z   token: ***
run-import (PT_RIO)	UNKNOWN STEP	2026-07-13T18:47:45.0932371Z   ssh-strict: true
run-import (PT_RIO)	UNKNOWN STEP	2026-07-13T18:47:45.0932964Z   ssh-user: git
run-import (PT_RIO)	UNKNOWN STEP	2026-07-13T18:47:45.0933562Z   persist-credentials: true
run-import (PT_RIO)	UNKNOWN STEP	2026-07-13T18:47:45.0934190Z   clean: true
run-import (PT_RIO)	UNKNOWN STEP	2026-07-13T18:47:45.0934782Z   sparse-checkout-cone-mode: true
run-import (PT_RIO)	UNKNOWN STEP	2026-07-13T18:47:45.0935583Z   fetch-depth: 1
run-import (PT_RIO)	UNKNOWN STEP	2026-07-13T18:47:45.0936164Z   fetch-tags: false
run-import (PT_RIO)	UNKNOWN STEP	2026-07-13T18:47:45.0936745Z   show-progress: true
run-import (PT_RIO)	UNKNOWN STEP	2026-07-13T18:47:45.0937341Z   lfs: false
run-import (PT_RIO)	UNKNOWN STEP	2026-07-13T18:47:45.0937941Z   submodules: false
run-import (PT_RIO)	UNKNOWN STEP	2026-07-13T18:47:45.0938533Z   set-safe-directory: true
run-import (PT_RIO)	UNKNOWN STEP	2026-07-13T18:47:45.0939344Z env:
run-import (PT_RIO)	UNKNOWN STEP	2026-07-13T18:47:45.0939904Z   TZ: America/Sao_Paulo
run-import (PT_RIO)	UNKNOWN STEP	2026-07-13T18:47:45.0940611Z   PITACO_API_BASE: https://api.palpitacojb.com.br
run-import (PT_RIO)	UNKNOWN STEP	2026-07-13T18:47:45.0941374Z ##[endgroup]
run-import (PT_RIO)	UNKNOWN STEP	2026-07-13T18:47:45.1921579Z Syncing repository: glauberseguros-commits/palpitacojb
run-import (PT_RIO)	UNKNOWN STEP	2026-07-13T18:47:45.1923967Z ##[group]Getting Git version info
run-import (PT_RIO)	UNKNOWN STEP	2026-07-13T18:47:45.1924912Z Working directory is '/home/runner/work/palpitacojb/palpitacojb'
run-import (PT_RIO)	UNKNOWN STEP	2026-07-13T18:47:45.1926621Z [command]/usr/bin/git version
run-import (PT_RIO)	UNKNOWN STEP	2026-07-13T18:47:45.1983557Z git version 2.54.0
run-import (PT_RIO)	UNKNOWN STEP	2026-07-13T18:47:45.2003839Z ##[endgroup]
run-import (PT_RIO)	UNKNOWN STEP	2026-07-13T18:47:45.2017924Z Temporarily overriding HOME='/home/runner/work/_temp/45a17dcd-32b0-49e5-99eb-98bba8fe4e34' before making global git config changes
run-import (PT_RIO)	UNKNOWN STEP	2026-07-13T18:47:45.2019907Z Adding repository directory to the temporary git global config as a safe directory
run-import (PT_RIO)	UNKNOWN STEP	2026-07-13T18:47:45.2023006Z [command]/usr/bin/git config --global --add safe.directory /home/runner/work/palpitacojb/palpitacojb
run-import (PT_RIO)	UNKNOWN STEP	2026-07-13T18:47:45.2070144Z Deleting the contents of '/home/runner/work/palpitacojb/palpitacojb'
run-import (PT_RIO)	UNKNOWN STEP	2026-07-13T18:47:45.2074024Z ##[group]Initializing the repository
run-import (PT_RIO)	UNKNOWN STEP	2026-07-13T18:47:45.2078807Z [command]/usr/bin/git init /home/runner/work/palpitacojb/palpitacojb
run-import (PT_RIO)	UNKNOWN STEP	2026-07-13T18:47:45.2165784Z hint: Using 'master' as the name for the initial branch. This default branch name
run-import (PT_RIO)	UNKNOWN STEP	2026-07-13T18:47:45.2167597Z hint: will change to "main" in Git 3.0. To configure the initial branch name
run-import (PT_RIO)	UNKNOWN STEP	2026-07-13T18:47:45.2168755Z hint: to use in all of your new repositories, which will suppress this warning,
run-import (PT_RIO)	UNKNOWN STEP	2026-07-13T18:47:45.2170028Z hint: call:
run-import (PT_RIO)	UNKNOWN STEP	2026-07-13T18:47:45.2170873Z hint:
run-import (PT_RIO)	UNKNOWN STEP	2026-07-13T18:47:45.2171889Z hint: 	git config --global init.defaultBranch <name>
run-import (PT_RIO)	UNKNOWN STEP	2026-07-13T18:47:45.2173127Z hint:
run-import (PT_RIO)	UNKNOWN STEP	2026-07-13T18:47:45.2174223Z hint: Names commonly chosen instead of 'master' are 'main', 'trunk' and
run-import (PT_RIO)	UNKNOWN STEP	2026-07-13T18:47:45.2176039Z hint: 'development'. The just-created branch can be renamed via this command:
run-import (PT_RIO)	UNKNOWN STEP	2026-07-13T18:47:45.2176962Z hint:
run-import (PT_RIO)	UNKNOWN STEP	2026-07-13T18:47:45.2177535Z hint: 	git branch -m <name>
run-import (PT_RIO)	UNKNOWN STEP	2026-07-13T18:47:45.2178400Z hint:
run-import (PT_RIO)	UNKNOWN STEP	2026-07-13T18:47:45.2179416Z hint: Disable this message with "git config set advice.defaultBranchName false"
run-import (PT_RIO)	UNKNOWN STEP	2026-07-13T18:47:45.2180683Z Initialized empty Git repository in /home/runner/work/palpitacojb/palpitacojb/.git/
run-import (PT_RIO)	UNKNOWN STEP	2026-07-13T18:47:45.2183538Z [command]/usr/bin/git remote add origin https://github.com/glauberseguros-commits/palpitacojb
run-import (PT_RIO)	UNKNOWN STEP	2026-07-13T18:47:45.2256967Z ##[endgroup]
run-import (PT_RIO)	UNKNOWN STEP	2026-07-13T18:47:45.2258023Z ##[group]Disabling automatic garbage collection
run-import (PT_RIO)	UNKNOWN STEP	2026-07-13T18:47:45.2260205Z [command]/usr/bin/git config --local gc.auto 0
run-import (PT_RIO)	UNKNOWN STEP	2026-07-13T18:47:45.2290258Z ##[endgroup]
run-import (PT_RIO)	UNKNOWN STEP	2026-07-13T18:47:45.2291234Z ##[group]Setting up auth
run-import (PT_RIO)	UNKNOWN STEP	2026-07-13T18:47:45.2296174Z [command]/usr/bin/git config --local --name-only --get-regexp core\.sshCommand
run-import (PT_RIO)	UNKNOWN STEP	2026-07-13T18:47:45.2328298Z [command]/usr/bin/git submodule foreach --recursive sh -c "git config --local --name-only --get-regexp 'core\.sshCommand' && git config --local --unset-all 'core.sshCommand' || :"
run-import (PT_RIO)	UNKNOWN STEP	2026-07-13T18:47:45.2684192Z [command]/usr/bin/git config --local --name-only --get-regexp http\.https\:\/\/github\.com\/\.extraheader
run-import (PT_RIO)	UNKNOWN STEP	2026-07-13T18:47:45.2714034Z [command]/usr/bin/git submodule foreach --recursive sh -c "git config --local --name-only --get-regexp 'http\.https\:\/\/github\.com\/\.extraheader' && git config --local --unset-all 'http.https://github.com/.extraheader' || :"
run-import (PT_RIO)	UNKNOWN STEP	2026-07-13T18:47:45.2944699Z [command]/usr/bin/git config --local --name-only --get-regexp ^includeIf\.gitdir:
run-import (PT_RIO)	UNKNOWN STEP	2026-07-13T18:47:45.2977829Z [command]/usr/bin/git submodule foreach --recursive git config --local --show-origin --name-only --get-regexp remote.origin.url
run-import (PT_RIO)	UNKNOWN STEP	2026-07-13T18:47:45.3208741Z [command]/usr/bin/git config --local http.https://github.com/.extraheader AUTHORIZATION: basic ***
run-import (PT_RIO)	UNKNOWN STEP	2026-07-13T18:47:45.3244421Z ##[endgroup]
run-import (PT_RIO)	UNKNOWN STEP	2026-07-13T18:47:45.3245694Z ##[group]Fetching the repository
run-import (PT_RIO)	UNKNOWN STEP	2026-07-13T18:47:45.3252877Z [command]/usr/bin/git -c protocol.version=2 fetch --no-tags --prune --no-recurse-submodules --depth=1 origin +75c1a1a96dbf92d065a76ca282e5bcca8fb0b95d:refs/remotes/origin/main
run-import (PT_RIO)	UNKNOWN STEP	2026-07-13T18:47:46.4942767Z From https://github.com/glauberseguros-commits/palpitacojb
run-import (PT_RIO)	UNKNOWN STEP	2026-07-13T18:47:46.4945167Z  * [new ref]         75c1a1a96dbf92d065a76ca282e5bcca8fb0b95d -> origin/main
run-import (PT_RIO)	UNKNOWN STEP	2026-07-13T18:47:46.4980580Z ##[endgroup]
run-import (PT_RIO)	UNKNOWN STEP	2026-07-13T18:47:46.4982117Z ##[group]Determining the checkout info
run-import (PT_RIO)	UNKNOWN STEP	2026-07-13T18:47:46.4983968Z ##[endgroup]
run-import (PT_RIO)	UNKNOWN STEP	2026-07-13T18:47:46.4990585Z [command]/usr/bin/git sparse-checkout disable
run-import (PT_RIO)	UNKNOWN STEP	2026-07-13T18:47:46.5038257Z [command]/usr/bin/git config --local --unset-all extensions.worktreeConfig
run-import (PT_RIO)	UNKNOWN STEP	2026-07-13T18:47:46.5068962Z ##[group]Checking out the ref
run-import (PT_RIO)	UNKNOWN STEP	2026-07-13T18:47:46.5071663Z [command]/usr/bin/git checkout --progress --force -B main refs/remotes/origin/main
run-import (PT_RIO)	UNKNOWN STEP	2026-07-13T18:47:46.5891800Z Switched to a new branch 'main'
run-import (PT_RIO)	UNKNOWN STEP	2026-07-13T18:47:46.5970591Z branch 'main' set up to track 'origin/main'.
run-import (PT_RIO)	UNKNOWN STEP	2026-07-13T18:47:46.5979768Z ##[endgroup]
run-import (PT_RIO)	UNKNOWN STEP	2026-07-13T18:47:46.5997261Z [command]/usr/bin/git log -1 --format=%H
run-import (PT_RIO)	UNKNOWN STEP	2026-07-13T18:47:46.5998544Z 75c1a1a96dbf92d065a76ca282e5bcca8fb0b95d
run-import (PT_RIO)	UNKNOWN STEP	2026-07-13T18:47:46.6353970Z Node 20 is being deprecated. This workflow is running with Node 24 by default. If you need to temporarily use Node 20, you can set the ACTIONS_ALLOW_USE_UNSECURE_NODE_VERSION=true environment variable. For more information see: https://github.blog/changelog/2025-09-19-deprecation-of-node-20-on-github-actions-runners/
run-import (PT_RIO)	UNKNOWN STEP	2026-07-13T18:47:46.6359230Z ##[group]Run actions/setup-node@v4
run-import (PT_RIO)	UNKNOWN STEP	2026-07-13T18:47:46.6360609Z with:
run-import (PT_RIO)	UNKNOWN STEP	2026-07-13T18:47:46.6361813Z   node-version: 20
run-import (PT_RIO)	UNKNOWN STEP	2026-07-13T18:47:46.6363038Z   always-auth: false
run-import (PT_RIO)	UNKNOWN STEP	2026-07-13T18:47:46.6364320Z   check-latest: false
run-import (PT_RIO)	UNKNOWN STEP	2026-07-13T18:47:46.6372919Z   token: ***
run-import (PT_RIO)	UNKNOWN STEP	2026-07-13T18:47:46.6374090Z env:
run-import (PT_RIO)	UNKNOWN STEP	2026-07-13T18:47:46.6375328Z   TZ: America/Sao_Paulo
run-import (PT_RIO)	UNKNOWN STEP	2026-07-13T18:47:46.6376794Z   PITACO_API_BASE: https://api.palpitacojb.com.br
run-import (PT_RIO)	UNKNOWN STEP	2026-07-13T18:47:46.6378370Z ##[endgroup]
run-import (PT_RIO)	UNKNOWN STEP	2026-07-13T18:47:46.8107067Z Attempting to download 20...
run-import (PT_RIO)	UNKNOWN STEP	2026-07-13T18:47:46.8213078Z (node:2285) [DEP0040] DeprecationWarning: The `punycode` module is deprecated. Please use a userland alternative instead.
run-import (PT_RIO)	UNKNOWN STEP	2026-07-13T18:47:46.8215031Z (Use `node --trace-deprecation ...` to show where the warning was created)
run-import (PT_RIO)	UNKNOWN STEP	2026-07-13T18:47:47.2232202Z Acquiring 20.20.2 - x64 from https://github.com/actions/node-versions/releases/download/20.20.2-23521894959/node-20.20.2-linux-x64.tar.gz
run-import (PT_RIO)	UNKNOWN STEP	2026-07-13T18:47:47.5530043Z Extracting ...
run-import (PT_RIO)	UNKNOWN STEP	2026-07-13T18:47:47.5637261Z [command]/usr/bin/tar xz --strip 1 --warning=no-unknown-keyword --overwrite -C /home/runner/work/_temp/817aa4e4-a0e1-4f6b-b2eb-9dcfb020f81e -f /home/runner/work/_temp/5715363c-b8a0-466b-9263-095e7088a0e0
run-import (PT_RIO)	UNKNOWN STEP	2026-07-13T18:47:48.6397238Z Adding to the cache ...
run-import (PT_RIO)	UNKNOWN STEP	2026-07-13T18:47:50.1389885Z ##[group]Environment details
run-import (PT_RIO)	UNKNOWN STEP	2026-07-13T18:47:50.4986392Z node: v20.20.2
run-import (PT_RIO)	UNKNOWN STEP	2026-07-13T18:47:50.4986937Z npm: 10.8.2
run-import (PT_RIO)	UNKNOWN STEP	2026-07-13T18:47:50.4988163Z yarn: 1.22.22
run-import (PT_RIO)	UNKNOWN STEP	2026-07-13T18:47:50.4989775Z ##[endgroup]
run-import (PT_RIO)	UNKNOWN STEP	2026-07-13T18:47:50.5191700Z ##[group]Run npm ci
run-import (PT_RIO)	UNKNOWN STEP	2026-07-13T18:47:50.5192120Z ^[[36;1mnpm ci^[[0m
run-import (PT_RIO)	UNKNOWN STEP	2026-07-13T18:47:50.6168652Z shell: /usr/bin/bash -e ***0***
run-import (PT_RIO)	UNKNOWN STEP	2026-07-13T18:47:50.6169084Z env:
run-import (PT_RIO)	UNKNOWN STEP	2026-07-13T18:47:50.6169380Z   TZ: America/Sao_Paulo
run-import (PT_RIO)	UNKNOWN STEP	2026-07-13T18:47:50.6169798Z   PITACO_API_BASE: https://api.palpitacojb.com.br
run-import (PT_RIO)	UNKNOWN STEP	2026-07-13T18:47:50.6170236Z ##[endgroup]
run-import (PT_RIO)	UNKNOWN STEP	2026-07-13T18:47:54.0144346Z 
run-import (PT_RIO)	UNKNOWN STEP	2026-07-13T18:47:54.0154028Z added 237 packages, and audited 238 packages in 3s
run-import (PT_RIO)	UNKNOWN STEP	2026-07-13T18:47:54.0155175Z 
run-import (PT_RIO)	UNKNOWN STEP	2026-07-13T18:47:54.0156061Z 30 packages are looking for funding
run-import (PT_RIO)	UNKNOWN STEP	2026-07-13T18:47:54.0156950Z   run `npm fund` for details
run-import (PT_RIO)	UNKNOWN STEP	2026-07-13T18:47:54.0491712Z 
run-import (PT_RIO)	UNKNOWN STEP	2026-07-13T18:47:54.0492614Z 21 vulnerabilities (1 low, 13 moderate, 5 high, 2 critical)
run-import (PT_RIO)	UNKNOWN STEP	2026-07-13T18:47:54.0493259Z 
run-import (PT_RIO)	UNKNOWN STEP	2026-07-13T18:47:54.0494005Z To address issues that do not require attention, run:
run-import (PT_RIO)	UNKNOWN STEP	2026-07-13T18:47:54.0494669Z   npm audit fix
run-import (PT_RIO)	UNKNOWN STEP	2026-07-13T18:47:54.0495084Z 
run-import (PT_RIO)	UNKNOWN STEP	2026-07-13T18:47:54.0495898Z To address all issues (including breaking changes), run:
run-import (PT_RIO)	UNKNOWN STEP	2026-07-13T18:47:54.0496686Z   npm audit fix --force
run-import (PT_RIO)	UNKNOWN STEP	2026-07-13T18:47:54.0497092Z 
run-import (PT_RIO)	UNKNOWN STEP	2026-07-13T18:47:54.0497679Z Run `npm audit` for details.
run-import (PT_RIO)	UNKNOWN STEP	2026-07-13T18:47:54.0703317Z ##[group]Run node scripts/autoImportToday.js
run-import (PT_RIO)	UNKNOWN STEP	2026-07-13T18:47:54.0703831Z ^[[36;1mnode scripts/autoImportToday.js^[[0m
run-import (PT_RIO)	UNKNOWN STEP	2026-07-13T18:47:54.0742693Z shell: /usr/bin/bash -e ***0***
run-import (PT_RIO)	UNKNOWN STEP	2026-07-13T18:47:54.0743046Z env:
run-import (PT_RIO)	UNKNOWN STEP	2026-07-13T18:47:54.0743326Z   TZ: America/Sao_Paulo
run-import (PT_RIO)	UNKNOWN STEP	2026-07-13T18:47:54.0743698Z   PITACO_API_BASE: https://api.palpitacojb.com.br
run-import (PT_RIO)	UNKNOWN STEP	2026-07-13T18:47:54.0753390Z   FIREBASE_ADMIN_SA_JSON: ***
run-import (PT_RIO)	UNKNOWN STEP	
run-import (PT_RIO)	UNKNOWN STEP	2026-07-13T18:47:54.0753750Z   LOTTERY: PT_RIO
run-import (PT_RIO)	UNKNOWN STEP	2026-07-13T18:47:54.0754073Z   FAIL_ON_CRITICAL: 1
run-import (PT_RIO)	UNKNOWN STEP	2026-07-13T18:47:54.0754381Z   AUDIT_WARN_MIN: 20
run-import (PT_RIO)	UNKNOWN STEP	2026-07-13T18:47:54.0754666Z   AUDIT_CRIT_MIN: 60
run-import (PT_RIO)	UNKNOWN STEP	2026-07-13T18:47:54.0754943Z ##[endgroup]
run-import (PT_RIO)	UNKNOWN STEP	2026-07-13T18:47:54.2776265Z [CFG] PITACO_API_BASE efetivo => https://api.palpitacojb.com.br
run-import (PT_RIO)	UNKNOWN STEP	2026-07-13T18:48:09.3436931Z [CAL] PT_RIO seg-sex: date=2026-07-13 dow=1 => HARD=[09,11,14,16,18,21]
run-import (PT_RIO)	UNKNOWN STEP	2026-07-13T18:48:09.3443223Z [AUTO] CATCH-UP pós-release 2026-07-13 slot=14:00 (HARD) releaseAt=14:29 window=14:05~14:35 (fora da janela)
run-import (PT_RIO)	UNKNOWN STEP	2026-07-13T18:48:09.3449822Z [AUTO] tentando 2026-07-13 slot=14:00 (HARD) window=14:05-14:35 closes=14:00,14:01,14:02,14:09,14:10,14:11
run-import (PT_RIO)	UNKNOWN STEP	2026-07-13T18:48:10.5190928Z [FETCH] PT_RIO 2026-07-13 per-lottery=6 -> merged_draws=3 close_hours=[09:00, 11:00, 14:00]
run-import (PT_RIO)	UNKNOWN STEP	2026-07-13T18:48:12.5156669Z [IMPORT] API draws=3 | match_close=1 | validos=1 | draws_upserted=1 | draws_novos=0 | prizes_upserted=7 | prizes_novos=0 | skip_vazio=0 | skip_invalido=0 | skip_close=2 | skip_complete=0 | CHECK_EXISTENCE=OFF | uf=RJ lottery_key=PT_RIO | expected=1 complete=1 slotDocs=1 apiTargets=1
run-import (PT_RIO)	UNKNOWN STEP	2026-07-13T18:48:12.5163776Z [AUTO] FS já tem slot=14:00 COMPLETO (close=14:00) -> DONE
run-import (PT_RIO)	UNKNOWN STEP	2026-07-13T18:48:12.5172049Z [ALERT] HARD slot perdeu janela: date=2026-07-13 slot=09:00 releaseAt=09:29 windowEnd=09:35 tries=0
run-import (PT_RIO)	UNKNOWN STEP	2026-07-13T18:48:12.5173512Z [ALERT] HARD slot CRITICAL: date=2026-07-13 slot=09:00 since=378min (>=60) tries=0
run-import (PT_RIO)	UNKNOWN STEP	2026-07-13T18:48:12.5176124Z [ALERT] HARD slot perdeu janela: date=2026-07-13 slot=11:00 releaseAt=11:29 windowEnd=11:35 tries=0
run-import (PT_RIO)	UNKNOWN STEP	2026-07-13T18:48:12.5178067Z [ALERT] HARD slot CRITICAL: date=2026-07-13 slot=11:00 since=258min (>=60) tries=0
run-import (PT_RIO)	UNKNOWN STEP	2026-07-13T18:48:12.5189598Z [AUDIT] CRITICAL missing=2 warning=0 softLate=0 (relatório salvo em auditCritical-PT_RIO-2026-07-13.json)
run-import (PT_RIO)	UNKNOWN STEP	2026-07-13T18:48:12.5190714Z [AUDIT] FAIL_ON_CRITICAL=1 => exit(2)
run-import (PT_RIO)	UNKNOWN STEP	2026-07-13T18:48:12.5276750Z ##[error]Process completed with exit code 2.
run-import (PT_RIO)	UNKNOWN STEP	2026-07-13T18:48:12.5442507Z Node 20 is being deprecated. This workflow is running with Node 24 by default. If you need to temporarily use Node 20, you can set the ACTIONS_ALLOW_USE_UNSECURE_NODE_VERSION=true environment variable. For more information see: https://github.blog/changelog/2025-09-19-deprecation-of-node-20-on-github-actions-runners/
run-import (PT_RIO)	UNKNOWN STEP	2026-07-13T18:48:12.5443778Z Post job cleanup.
run-import (PT_RIO)	UNKNOWN STEP	2026-07-13T18:48:12.6280213Z [command]/usr/bin/git version
run-import (PT_RIO)	UNKNOWN STEP	2026-07-13T18:48:12.6316373Z git version 2.54.0
run-import (PT_RIO)	UNKNOWN STEP	2026-07-13T18:48:12.6351138Z Temporarily overriding HOME='/home/runner/work/_temp/954a9945-d028-4ed7-a1eb-a13b6db273d3' before making global git config changes
run-import (PT_RIO)	UNKNOWN STEP	2026-07-13T18:48:12.6352694Z Adding repository directory to the temporary git global config as a safe directory
run-import (PT_RIO)	UNKNOWN STEP	2026-07-13T18:48:12.6356130Z [command]/usr/bin/git config --global --add safe.directory /home/runner/work/palpitacojb/palpitacojb
run-import (PT_RIO)	UNKNOWN STEP	2026-07-13T18:48:12.6393327Z [command]/usr/bin/git config --local --name-only --get-regexp core\.sshCommand
run-import (PT_RIO)	UNKNOWN STEP	2026-07-13T18:48:12.6427901Z [command]/usr/bin/git submodule foreach --recursive sh -c "git config --local --name-only --get-regexp 'core\.sshCommand' && git config --local --unset-all 'core.sshCommand' || :"
run-import (PT_RIO)	UNKNOWN STEP	2026-07-13T18:48:12.6701222Z [command]/usr/bin/git config --local --name-only --get-regexp http\.https\:\/\/github\.com\/\.extraheader
run-import (PT_RIO)	UNKNOWN STEP	2026-07-13T18:48:12.6726662Z http.https://github.com/.extraheader
run-import (PT_RIO)	UNKNOWN STEP	2026-07-13T18:48:12.6736971Z [command]/usr/bin/git config --local --unset-all http.https://github.com/.extraheader
run-import (PT_RIO)	UNKNOWN STEP	2026-07-13T18:48:12.6769695Z [command]/usr/bin/git submodule foreach --recursive sh -c "git config --local --name-only --get-regexp 'http\.https\:\/\/github\.com\/\.extraheader' && git config --local --unset-all 'http.https://github.com/.extraheader' || :"
run-import (PT_RIO)	UNKNOWN STEP	2026-07-13T18:48:12.7002871Z [command]/usr/bin/git config --local --name-only --get-regexp ^includeIf\.gitdir:
run-import (PT_RIO)	UNKNOWN STEP	2026-07-13T18:48:12.7033141Z [command]/usr/bin/git submodule foreach --recursive git config --local --show-origin --name-only --get-regexp remote.origin.url
run-import (PT_RIO)	UNKNOWN STEP	2026-07-13T18:48:12.7401999Z Cleaning up orphan processes
run-import (PT_RIO)	UNKNOWN STEP	2026-07-13T18:48:12.7684344Z ##[warning]Node.js 20 is deprecated. The following actions target Node.js 20 but are being forced to run on Node.js 24: actions/checkout@v4, actions/setup-node@v4. For more information see: https://github.blog/changelog/2025-09-19-deprecation-of-node-20-on-github-actions-runners/
