run-import (PT_RIO)	UNKNOWN STEP	﻿2026-05-24T15:16:25.0761627Z Current runner version: '2.334.0'
run-import (PT_RIO)	UNKNOWN STEP	2026-05-24T15:16:25.0799527Z ##[group]Runner Image Provisioner
run-import (PT_RIO)	UNKNOWN STEP	2026-05-24T15:16:25.0801501Z Hosted Compute Agent
run-import (PT_RIO)	UNKNOWN STEP	2026-05-24T15:16:25.0802710Z Version: 20260213.493
run-import (PT_RIO)	UNKNOWN STEP	2026-05-24T15:16:25.0803984Z Commit: 5c115507f6dd24b8de37d8bbe0bb4509d0cc0fa3
run-import (PT_RIO)	UNKNOWN STEP	2026-05-24T15:16:25.0805450Z Build Date: 2026-02-13T00:28:41Z
run-import (PT_RIO)	UNKNOWN STEP	2026-05-24T15:16:25.0806971Z Worker ID: ***5ade85ef-e045-458f-a579-3eca044ddcd4***
run-import (PT_RIO)	UNKNOWN STEP	2026-05-24T15:16:25.0808574Z Azure Region: eastus
run-import (PT_RIO)	UNKNOWN STEP	2026-05-24T15:16:25.0809711Z ##[endgroup]
run-import (PT_RIO)	UNKNOWN STEP	2026-05-24T15:16:25.0812970Z ##[group]Operating System
run-import (PT_RIO)	UNKNOWN STEP	2026-05-24T15:16:25.0814300Z Ubuntu
run-import (PT_RIO)	UNKNOWN STEP	2026-05-24T15:16:25.0815316Z 24.04.4
run-import (PT_RIO)	UNKNOWN STEP	2026-05-24T15:16:25.0816392Z LTS
run-import (PT_RIO)	UNKNOWN STEP	2026-05-24T15:16:25.0817603Z ##[endgroup]
run-import (PT_RIO)	UNKNOWN STEP	2026-05-24T15:16:25.0818842Z ##[group]Runner Image
run-import (PT_RIO)	UNKNOWN STEP	2026-05-24T15:16:25.0820088Z Image: ubuntu-24.04
run-import (PT_RIO)	UNKNOWN STEP	2026-05-24T15:16:25.0821521Z Version: 20260518.149.1
run-import (PT_RIO)	UNKNOWN STEP	2026-05-24T15:16:25.0823797Z Included Software: https://github.com/actions/runner-images/blob/ubuntu24/20260518.149/images/ubuntu/Ubuntu2404-Readme.md
run-import (PT_RIO)	UNKNOWN STEP	2026-05-24T15:16:25.0826794Z Image Release: https://github.com/actions/runner-images/releases/tag/ubuntu24%2F20260518.149
run-import (PT_RIO)	UNKNOWN STEP	2026-05-24T15:16:25.0828772Z ##[endgroup]
run-import (PT_RIO)	UNKNOWN STEP	2026-05-24T15:16:25.0831290Z ##[group]GITHUB_TOKEN Permissions
run-import (PT_RIO)	UNKNOWN STEP	2026-05-24T15:16:25.0834343Z Contents: read
run-import (PT_RIO)	UNKNOWN STEP	2026-05-24T15:16:25.0835578Z Metadata: read
run-import (PT_RIO)	UNKNOWN STEP	2026-05-24T15:16:25.0836691Z ##[endgroup]
run-import (PT_RIO)	UNKNOWN STEP	2026-05-24T15:16:25.0840001Z Secret source: Actions
run-import (PT_RIO)	UNKNOWN STEP	2026-05-24T15:16:25.0841505Z Prepare workflow directory
run-import (PT_RIO)	UNKNOWN STEP	2026-05-24T15:16:25.1426763Z Prepare all required actions
run-import (PT_RIO)	UNKNOWN STEP	2026-05-24T15:16:25.1480483Z Getting action download info
run-import (PT_RIO)	UNKNOWN STEP	2026-05-24T15:16:25.4166510Z Download action repository 'actions/checkout@v4' (SHA:34e114876b0b11c390a56381ad16ebd13914f8d5)
run-import (PT_RIO)	UNKNOWN STEP	2026-05-24T15:16:25.5915884Z Download action repository 'actions/setup-node@v4' (SHA:49933ea5288caeca8642d1e84afbd3f7d6820020)
run-import (PT_RIO)	UNKNOWN STEP	2026-05-24T15:16:25.7822904Z Complete job name: run-import (PT_RIO)
run-import (PT_RIO)	UNKNOWN STEP	2026-05-24T15:16:25.8534835Z ##[group]Run actions/checkout@v4
run-import (PT_RIO)	UNKNOWN STEP	2026-05-24T15:16:25.8535762Z with:
run-import (PT_RIO)	UNKNOWN STEP	2026-05-24T15:16:25.8536374Z   repository: glauberseguros-commits/palpitacojb
run-import (PT_RIO)	UNKNOWN STEP	2026-05-24T15:16:25.8537293Z   token: ***
run-import (PT_RIO)	UNKNOWN STEP	2026-05-24T15:16:25.8537827Z   ssh-strict: true
run-import (PT_RIO)	UNKNOWN STEP	2026-05-24T15:16:25.8538365Z   ssh-user: git
run-import (PT_RIO)	UNKNOWN STEP	2026-05-24T15:16:25.8538913Z   persist-credentials: true
run-import (PT_RIO)	UNKNOWN STEP	2026-05-24T15:16:25.8539503Z   clean: true
run-import (PT_RIO)	UNKNOWN STEP	2026-05-24T15:16:25.8540049Z   sparse-checkout-cone-mode: true
run-import (PT_RIO)	UNKNOWN STEP	2026-05-24T15:16:25.8540656Z   fetch-depth: 1
run-import (PT_RIO)	UNKNOWN STEP	2026-05-24T15:16:25.8541382Z   fetch-tags: false
run-import (PT_RIO)	UNKNOWN STEP	2026-05-24T15:16:25.8541932Z   show-progress: true
run-import (PT_RIO)	UNKNOWN STEP	2026-05-24T15:16:25.8542475Z   lfs: false
run-import (PT_RIO)	UNKNOWN STEP	2026-05-24T15:16:25.8542979Z   submodules: false
run-import (PT_RIO)	UNKNOWN STEP	2026-05-24T15:16:25.8543525Z   set-safe-directory: true
run-import (PT_RIO)	UNKNOWN STEP	2026-05-24T15:16:25.8544298Z env:
run-import (PT_RIO)	UNKNOWN STEP	2026-05-24T15:16:25.8544808Z   TZ: America/Sao_Paulo
run-import (PT_RIO)	UNKNOWN STEP	2026-05-24T15:16:25.8545358Z ##[endgroup]
run-import (PT_RIO)	UNKNOWN STEP	2026-05-24T15:16:25.9660396Z Syncing repository: glauberseguros-commits/palpitacojb
run-import (PT_RIO)	UNKNOWN STEP	2026-05-24T15:16:25.9662982Z ##[group]Getting Git version info
run-import (PT_RIO)	UNKNOWN STEP	2026-05-24T15:16:25.9663872Z Working directory is '/home/runner/work/palpitacojb/palpitacojb'
run-import (PT_RIO)	UNKNOWN STEP	2026-05-24T15:16:25.9665107Z [command]/usr/bin/git version
run-import (PT_RIO)	UNKNOWN STEP	2026-05-24T15:16:25.9733345Z git version 2.54.0
run-import (PT_RIO)	UNKNOWN STEP	2026-05-24T15:16:25.9758568Z ##[endgroup]
run-import (PT_RIO)	UNKNOWN STEP	2026-05-24T15:16:25.9775025Z Temporarily overriding HOME='/home/runner/work/_temp/5d10708f-a5fb-4142-88fb-3c639bedd484' before making global git config changes
run-import (PT_RIO)	UNKNOWN STEP	2026-05-24T15:16:25.9776637Z Adding repository directory to the temporary git global config as a safe directory
run-import (PT_RIO)	UNKNOWN STEP	2026-05-24T15:16:25.9788416Z [command]/usr/bin/git config --global --add safe.directory /home/runner/work/palpitacojb/palpitacojb
run-import (PT_RIO)	UNKNOWN STEP	2026-05-24T15:16:25.9835135Z Deleting the contents of '/home/runner/work/palpitacojb/palpitacojb'
run-import (PT_RIO)	UNKNOWN STEP	2026-05-24T15:16:25.9839224Z ##[group]Initializing the repository
run-import (PT_RIO)	UNKNOWN STEP	2026-05-24T15:16:25.9843355Z [command]/usr/bin/git init /home/runner/work/palpitacojb/palpitacojb
run-import (PT_RIO)	UNKNOWN STEP	2026-05-24T15:16:25.9941570Z hint: Using 'master' as the name for the initial branch. This default branch name
run-import (PT_RIO)	UNKNOWN STEP	2026-05-24T15:16:25.9942809Z hint: will change to "main" in Git 3.0. To configure the initial branch name
run-import (PT_RIO)	UNKNOWN STEP	2026-05-24T15:16:25.9944285Z hint: to use in all of your new repositories, which will suppress this warning,
run-import (PT_RIO)	UNKNOWN STEP	2026-05-24T15:16:25.9945377Z hint: call:
run-import (PT_RIO)	UNKNOWN STEP	2026-05-24T15:16:25.9945935Z hint:
run-import (PT_RIO)	UNKNOWN STEP	2026-05-24T15:16:25.9946815Z hint: 	git config --global init.defaultBranch <name>
run-import (PT_RIO)	UNKNOWN STEP	2026-05-24T15:16:25.9947993Z hint:
run-import (PT_RIO)	UNKNOWN STEP	2026-05-24T15:16:25.9948738Z hint: Names commonly chosen instead of 'master' are 'main', 'trunk' and
run-import (PT_RIO)	UNKNOWN STEP	2026-05-24T15:16:25.9949826Z hint: 'development'. The just-created branch can be renamed via this command:
run-import (PT_RIO)	UNKNOWN STEP	2026-05-24T15:16:25.9950710Z hint:
run-import (PT_RIO)	UNKNOWN STEP	2026-05-24T15:16:25.9951511Z hint: 	git branch -m <name>
run-import (PT_RIO)	UNKNOWN STEP	2026-05-24T15:16:25.9952293Z hint:
run-import (PT_RIO)	UNKNOWN STEP	2026-05-24T15:16:25.9953106Z hint: Disable this message with "git config set advice.defaultBranchName false"
run-import (PT_RIO)	UNKNOWN STEP	2026-05-24T15:16:25.9954323Z Initialized empty Git repository in /home/runner/work/palpitacojb/palpitacojb/.git/
run-import (PT_RIO)	UNKNOWN STEP	2026-05-24T15:16:25.9958921Z [command]/usr/bin/git remote add origin https://github.com/glauberseguros-commits/palpitacojb
run-import (PT_RIO)	UNKNOWN STEP	2026-05-24T15:16:26.0000360Z ##[endgroup]
run-import (PT_RIO)	UNKNOWN STEP	2026-05-24T15:16:26.0001522Z ##[group]Disabling automatic garbage collection
run-import (PT_RIO)	UNKNOWN STEP	2026-05-24T15:16:26.0004727Z [command]/usr/bin/git config --local gc.auto 0
run-import (PT_RIO)	UNKNOWN STEP	2026-05-24T15:16:26.0032850Z ##[endgroup]
run-import (PT_RIO)	UNKNOWN STEP	2026-05-24T15:16:26.0033752Z ##[group]Setting up auth
run-import (PT_RIO)	UNKNOWN STEP	2026-05-24T15:16:26.0039588Z [command]/usr/bin/git config --local --name-only --get-regexp core\.sshCommand
run-import (PT_RIO)	UNKNOWN STEP	2026-05-24T15:16:26.0072504Z [command]/usr/bin/git submodule foreach --recursive sh -c "git config --local --name-only --get-regexp 'core\.sshCommand' && git config --local --unset-all 'core.sshCommand' || :"
run-import (PT_RIO)	UNKNOWN STEP	2026-05-24T15:16:26.0422169Z [command]/usr/bin/git config --local --name-only --get-regexp http\.https\:\/\/github\.com\/\.extraheader
run-import (PT_RIO)	UNKNOWN STEP	2026-05-24T15:16:26.0456689Z [command]/usr/bin/git submodule foreach --recursive sh -c "git config --local --name-only --get-regexp 'http\.https\:\/\/github\.com\/\.extraheader' && git config --local --unset-all 'http.https://github.com/.extraheader' || :"
run-import (PT_RIO)	UNKNOWN STEP	2026-05-24T15:16:26.0707017Z [command]/usr/bin/git config --local --name-only --get-regexp ^includeIf\.gitdir:
run-import (PT_RIO)	UNKNOWN STEP	2026-05-24T15:16:26.0744521Z [command]/usr/bin/git submodule foreach --recursive git config --local --show-origin --name-only --get-regexp remote.origin.url
run-import (PT_RIO)	UNKNOWN STEP	2026-05-24T15:16:26.1013636Z [command]/usr/bin/git config --local http.https://github.com/.extraheader AUTHORIZATION: basic ***
run-import (PT_RIO)	UNKNOWN STEP	2026-05-24T15:16:26.1060743Z ##[endgroup]
run-import (PT_RIO)	UNKNOWN STEP	2026-05-24T15:16:26.1062779Z ##[group]Fetching the repository
run-import (PT_RIO)	UNKNOWN STEP	2026-05-24T15:16:26.1073461Z [command]/usr/bin/git -c protocol.version=2 fetch --no-tags --prune --no-recurse-submodules --depth=1 origin +1f12226d29f45ae48cdbb909977ad75aa340fb7a:refs/remotes/origin/main
run-import (PT_RIO)	UNKNOWN STEP	2026-05-24T15:16:26.7404284Z From https://github.com/glauberseguros-commits/palpitacojb
run-import (PT_RIO)	UNKNOWN STEP	2026-05-24T15:16:26.7406554Z  * [new ref]         1f12226d29f45ae48cdbb909977ad75aa340fb7a -> origin/main
run-import (PT_RIO)	UNKNOWN STEP	2026-05-24T15:16:26.7444202Z ##[endgroup]
run-import (PT_RIO)	UNKNOWN STEP	2026-05-24T15:16:26.7445765Z ##[group]Determining the checkout info
run-import (PT_RIO)	UNKNOWN STEP	2026-05-24T15:16:26.7447488Z ##[endgroup]
run-import (PT_RIO)	UNKNOWN STEP	2026-05-24T15:16:26.7452705Z [command]/usr/bin/git sparse-checkout disable
run-import (PT_RIO)	UNKNOWN STEP	2026-05-24T15:16:26.7499407Z [command]/usr/bin/git config --local --unset-all extensions.worktreeConfig
run-import (PT_RIO)	UNKNOWN STEP	2026-05-24T15:16:26.7528986Z ##[group]Checking out the ref
run-import (PT_RIO)	UNKNOWN STEP	2026-05-24T15:16:26.7533810Z [command]/usr/bin/git checkout --progress --force -B main refs/remotes/origin/main
run-import (PT_RIO)	UNKNOWN STEP	2026-05-24T15:16:26.8227314Z Switched to a new branch 'main'
run-import (PT_RIO)	UNKNOWN STEP	2026-05-24T15:16:26.8228912Z branch 'main' set up to track 'origin/main'.
run-import (PT_RIO)	UNKNOWN STEP	2026-05-24T15:16:26.8284263Z ##[endgroup]
run-import (PT_RIO)	UNKNOWN STEP	2026-05-24T15:16:26.8287055Z [command]/usr/bin/git log -1 --format=%H
run-import (PT_RIO)	UNKNOWN STEP	2026-05-24T15:16:26.8311025Z 1f12226d29f45ae48cdbb909977ad75aa340fb7a
run-import (PT_RIO)	UNKNOWN STEP	2026-05-24T15:16:26.8731298Z ##[group]Run actions/setup-node@v4
run-import (PT_RIO)	UNKNOWN STEP	2026-05-24T15:16:26.8732695Z with:
run-import (PT_RIO)	UNKNOWN STEP	2026-05-24T15:16:26.8733744Z   node-version: 20
run-import (PT_RIO)	UNKNOWN STEP	2026-05-24T15:16:26.8734897Z   always-auth: false
run-import (PT_RIO)	UNKNOWN STEP	2026-05-24T15:16:26.8736064Z   check-latest: false
run-import (PT_RIO)	UNKNOWN STEP	2026-05-24T15:16:26.8737548Z   token: ***
run-import (PT_RIO)	UNKNOWN STEP	2026-05-24T15:16:26.8738614Z env:
run-import (PT_RIO)	UNKNOWN STEP	2026-05-24T15:16:26.8739654Z   TZ: America/Sao_Paulo
run-import (PT_RIO)	UNKNOWN STEP	2026-05-24T15:16:26.8741234Z ##[endgroup]
run-import (PT_RIO)	UNKNOWN STEP	2026-05-24T15:16:27.0537163Z Attempting to download 20...
run-import (PT_RIO)	UNKNOWN STEP	2026-05-24T15:16:27.3737098Z Acquiring 20.20.2 - x64 from https://github.com/actions/node-versions/releases/download/20.20.2-23521894959/node-20.20.2-linux-x64.tar.gz
run-import (PT_RIO)	UNKNOWN STEP	2026-05-24T15:16:27.7135661Z Extracting ...
run-import (PT_RIO)	UNKNOWN STEP	2026-05-24T15:16:27.7236396Z [command]/usr/bin/tar xz --strip 1 --warning=no-unknown-keyword --overwrite -C /home/runner/work/_temp/39b28a06-5f20-40d1-9a82-d388a72fc853 -f /home/runner/work/_temp/e356822f-db14-4a50-9c2d-d91d0953e425
run-import (PT_RIO)	UNKNOWN STEP	2026-05-24T15:16:28.8112484Z Adding to the cache ...
run-import (PT_RIO)	UNKNOWN STEP	2026-05-24T15:16:30.3256468Z ##[group]Environment details
run-import (PT_RIO)	UNKNOWN STEP	2026-05-24T15:16:30.5444051Z node: v20.20.2
run-import (PT_RIO)	UNKNOWN STEP	2026-05-24T15:16:30.5444706Z npm: 10.8.2
run-import (PT_RIO)	UNKNOWN STEP	2026-05-24T15:16:30.5445134Z yarn: 1.22.22
run-import (PT_RIO)	UNKNOWN STEP	2026-05-24T15:16:30.5462269Z ##[endgroup]
run-import (PT_RIO)	UNKNOWN STEP	2026-05-24T15:16:30.5614513Z ##[group]Run npm ci
run-import (PT_RIO)	UNKNOWN STEP	2026-05-24T15:16:30.5614877Z ^[[36;1mnpm ci^[[0m
run-import (PT_RIO)	UNKNOWN STEP	2026-05-24T15:16:30.5657404Z shell: /usr/bin/bash -e ***0***
run-import (PT_RIO)	UNKNOWN STEP	2026-05-24T15:16:30.5657756Z env:
run-import (PT_RIO)	UNKNOWN STEP	2026-05-24T15:16:30.5658025Z   TZ: America/Sao_Paulo
run-import (PT_RIO)	UNKNOWN STEP	2026-05-24T15:16:30.5658340Z ##[endgroup]
run-import (PT_RIO)	UNKNOWN STEP	2026-05-24T15:16:33.7803886Z 
run-import (PT_RIO)	UNKNOWN STEP	2026-05-24T15:16:33.7812224Z added 237 packages, and audited 238 packages in 3s
run-import (PT_RIO)	UNKNOWN STEP	2026-05-24T15:16:33.7812877Z 
run-import (PT_RIO)	UNKNOWN STEP	2026-05-24T15:16:33.7813223Z 30 packages are looking for funding
run-import (PT_RIO)	UNKNOWN STEP	2026-05-24T15:16:33.7813795Z   run `npm fund` for details
run-import (PT_RIO)	UNKNOWN STEP	2026-05-24T15:16:33.8149929Z 
run-import (PT_RIO)	UNKNOWN STEP	2026-05-24T15:16:33.8150687Z 19 vulnerabilities (1 low, 13 moderate, 3 high, 2 critical)
run-import (PT_RIO)	UNKNOWN STEP	2026-05-24T15:16:33.8151348Z 
run-import (PT_RIO)	UNKNOWN STEP	2026-05-24T15:16:33.8151749Z To address issues that do not require attention, run:
run-import (PT_RIO)	UNKNOWN STEP	2026-05-24T15:16:33.8152340Z   npm audit fix
run-import (PT_RIO)	UNKNOWN STEP	2026-05-24T15:16:33.8152609Z 
run-import (PT_RIO)	UNKNOWN STEP	2026-05-24T15:16:33.8153035Z To address all issues (including breaking changes), run:
run-import (PT_RIO)	UNKNOWN STEP	2026-05-24T15:16:33.8153667Z   npm audit fix --force
run-import (PT_RIO)	UNKNOWN STEP	2026-05-24T15:16:33.8154017Z 
run-import (PT_RIO)	UNKNOWN STEP	2026-05-24T15:16:33.8154300Z Run `npm audit` for details.
run-import (PT_RIO)	UNKNOWN STEP	2026-05-24T15:16:33.8365033Z ##[group]Run node scripts/autoImportToday.js
run-import (PT_RIO)	UNKNOWN STEP	2026-05-24T15:16:33.8365538Z ^[[36;1mnode scripts/autoImportToday.js^[[0m
run-import (PT_RIO)	UNKNOWN STEP	2026-05-24T15:16:33.8405702Z shell: /usr/bin/bash -e ***0***
run-import (PT_RIO)	UNKNOWN STEP	2026-05-24T15:16:33.8406107Z env:
run-import (PT_RIO)	UNKNOWN STEP	2026-05-24T15:16:33.8406411Z   TZ: America/Sao_Paulo
run-import (PT_RIO)	UNKNOWN STEP	2026-05-24T15:16:33.8416191Z   FIREBASE_ADMIN_SA_JSON: ***
run-import (PT_RIO)	UNKNOWN STEP	
run-import (PT_RIO)	UNKNOWN STEP	2026-05-24T15:16:33.8416566Z   LOTTERY: PT_RIO
run-import (PT_RIO)	UNKNOWN STEP	2026-05-24T15:16:33.8416922Z   FAIL_ON_CRITICAL: 1
run-import (PT_RIO)	UNKNOWN STEP	2026-05-24T15:16:33.8417250Z   AUDIT_WARN_MIN: 20
run-import (PT_RIO)	UNKNOWN STEP	2026-05-24T15:16:33.8417560Z   AUDIT_CRIT_MIN: 60
run-import (PT_RIO)	UNKNOWN STEP	2026-05-24T15:16:33.8417854Z ##[endgroup]
run-import (PT_RIO)	UNKNOWN STEP	2026-05-24T15:16:34.0585360Z [CFG] PITACO_API_BASE efetivo => http://127.0.0.1:3333
run-import (PT_RIO)	UNKNOWN STEP	2026-05-24T15:16:34.1082688Z [CAL] PT_RIO domingo: date=2026-05-24 dow=0 => HARD=[09,11,14,16] OFF=[18,21]
run-import (PT_RIO)	UNKNOWN STEP	2026-05-24T15:16:34.1103742Z [AUTO] N/A slot=18:00 (NAO_APLICA) -> DONE
run-import (PT_RIO)	UNKNOWN STEP	2026-05-24T15:16:34.1105122Z [AUTO] N/A slot=21:00 (NAO_APLICA) -> DONE
run-import (PT_RIO)	UNKNOWN STEP	2026-05-24T15:16:34.1107129Z [AUTO] CATCH-UP pós-release 2026-05-24 slot=11:00 (HARD) releaseAt=11:29 window=11:05~11:35 (fora da janela)
run-import (PT_RIO)	UNKNOWN STEP	2026-05-24T15:16:34.1109015Z [AUTO] tentando 2026-05-24 slot=11:00 (HARD) window=11:05-11:35 closes=11:00,11:01,11:02,11:09,11:10,11:11
run-import (PT_RIO)	UNKNOWN STEP	2026-05-24T15:16:35.1357492Z [FETCH] PT_RIO 2026-05-24 per-lottery=6 -> merged_draws=2 close_hours=[09:00, 11:00]
run-import (PT_RIO)	UNKNOWN STEP	2026-05-24T15:16:37.2029852Z [IMPORT] API draws=2 | match_close=1 | validos=1 | draws_upserted=1 | draws_novos=0 | prizes_upserted=7 | prizes_novos=0 | skip_vazio=0 | skip_invalido=0 | skip_close=1 | skip_complete=0 | CHECK_EXISTENCE=OFF | uf=RJ lottery_key=PT_RIO | expected=1 complete=1 slotDocs=1 apiTargets=1
run-import (PT_RIO)	UNKNOWN STEP	2026-05-24T15:16:37.2038360Z [AUTO] FS já tem slot=11:00 COMPLETO (close=11:00) -> DONE
run-import (PT_RIO)	UNKNOWN STEP	2026-05-24T15:16:37.2044865Z [ALERT] HARD slot perdeu janela: date=2026-05-24 slot=09:00 releaseAt=09:29 windowEnd=09:35 tries=0
run-import (PT_RIO)	UNKNOWN STEP	2026-05-24T15:16:37.2048047Z [ALERT] HARD slot CRITICAL: date=2026-05-24 slot=09:00 since=167min (>=60) tries=0
run-import (PT_RIO)	UNKNOWN STEP	2026-05-24T15:16:37.2059119Z [AUDIT] CRITICAL missing=1 warning=0 softLate=0 (relatório salvo em auditCritical-PT_RIO-2026-05-24.json)
run-import (PT_RIO)	UNKNOWN STEP	2026-05-24T15:16:37.2060511Z [AUDIT] FAIL_ON_CRITICAL=1 => exit(2)
run-import (PT_RIO)	UNKNOWN STEP	2026-05-24T15:16:37.2205512Z ##[error]Process completed with exit code 2.
run-import (PT_RIO)	UNKNOWN STEP	2026-05-24T15:16:37.2323019Z Post job cleanup.
run-import (PT_RIO)	UNKNOWN STEP	2026-05-24T15:16:37.3291448Z [command]/usr/bin/git version
run-import (PT_RIO)	UNKNOWN STEP	2026-05-24T15:16:37.3327780Z git version 2.54.0
run-import (PT_RIO)	UNKNOWN STEP	2026-05-24T15:16:37.3369298Z Temporarily overriding HOME='/home/runner/work/_temp/0671375e-b4a2-4a67-99d8-8f71fc09d233' before making global git config changes
run-import (PT_RIO)	UNKNOWN STEP	2026-05-24T15:16:37.3370226Z Adding repository directory to the temporary git global config as a safe directory
run-import (PT_RIO)	UNKNOWN STEP	2026-05-24T15:16:37.3382469Z [command]/usr/bin/git config --global --add safe.directory /home/runner/work/palpitacojb/palpitacojb
run-import (PT_RIO)	UNKNOWN STEP	2026-05-24T15:16:37.3417466Z [command]/usr/bin/git config --local --name-only --get-regexp core\.sshCommand
run-import (PT_RIO)	UNKNOWN STEP	2026-05-24T15:16:37.3452128Z [command]/usr/bin/git submodule foreach --recursive sh -c "git config --local --name-only --get-regexp 'core\.sshCommand' && git config --local --unset-all 'core.sshCommand' || :"
run-import (PT_RIO)	UNKNOWN STEP	2026-05-24T15:16:37.3692493Z [command]/usr/bin/git config --local --name-only --get-regexp http\.https\:\/\/github\.com\/\.extraheader
run-import (PT_RIO)	UNKNOWN STEP	2026-05-24T15:16:37.3718344Z http.https://github.com/.extraheader
run-import (PT_RIO)	UNKNOWN STEP	2026-05-24T15:16:37.3730003Z [command]/usr/bin/git config --local --unset-all http.https://github.com/.extraheader
run-import (PT_RIO)	UNKNOWN STEP	2026-05-24T15:16:37.3761278Z [command]/usr/bin/git submodule foreach --recursive sh -c "git config --local --name-only --get-regexp 'http\.https\:\/\/github\.com\/\.extraheader' && git config --local --unset-all 'http.https://github.com/.extraheader' || :"
run-import (PT_RIO)	UNKNOWN STEP	2026-05-24T15:16:37.3992865Z [command]/usr/bin/git config --local --name-only --get-regexp ^includeIf\.gitdir:
run-import (PT_RIO)	UNKNOWN STEP	2026-05-24T15:16:37.4023573Z [command]/usr/bin/git submodule foreach --recursive git config --local --show-origin --name-only --get-regexp remote.origin.url
run-import (PT_RIO)	UNKNOWN STEP	2026-05-24T15:16:37.4388250Z Cleaning up orphan processes
run-import (PT_RIO)	UNKNOWN STEP	2026-05-24T15:16:37.4692326Z ##[warning]Node.js 20 actions are deprecated. The following actions are running on Node.js 20 and may not work as expected: actions/checkout@v4, actions/setup-node@v4. Actions will be forced to run with Node.js 24 by default starting June 2nd, 2026. Node.js 20 will be removed from the runner on September 16th, 2026. Please check if updated versions of these actions are available that support Node.js 24. To opt into Node.js 24 now, set the FORCE_JAVASCRIPT_ACTIONS_TO_NODE24=true environment variable on the runner or in your workflow file. Once Node.js 24 becomes the default, you can temporarily opt out by setting ACTIONS_ALLOW_USE_UNSECURE_NODE_VERSION=true. For more information see: https://github.blog/changelog/2025-09-19-deprecation-of-node-20-on-github-actions-runners/
