run-import (PT_RIO)	UNKNOWN STEP	﻿2026-07-13T20:21:03.4288228Z Current runner version: '2.335.1'
run-import (PT_RIO)	UNKNOWN STEP	2026-07-13T20:21:03.4317146Z ##[group]Runner Image Provisioner
run-import (PT_RIO)	UNKNOWN STEP	2026-07-13T20:21:03.4318240Z Hosted Compute Agent
run-import (PT_RIO)	UNKNOWN STEP	2026-07-13T20:21:03.4319175Z Version: 20260624.560
run-import (PT_RIO)	UNKNOWN STEP	2026-07-13T20:21:03.4320145Z Commit: 925d229a51159bc391ae97e54a2dd1fe20af789d
run-import (PT_RIO)	UNKNOWN STEP	2026-07-13T20:21:03.4321184Z Build Date: 2026-06-24T18:26:47Z
run-import (PT_RIO)	UNKNOWN STEP	2026-07-13T20:21:03.4322187Z Worker ID: ***cad7301f-9704-44b2-b71e-a851a0b6c0f8***
run-import (PT_RIO)	UNKNOWN STEP	2026-07-13T20:21:03.4323251Z Azure Region: westus
run-import (PT_RIO)	UNKNOWN STEP	2026-07-13T20:21:03.4324123Z ##[endgroup]
run-import (PT_RIO)	UNKNOWN STEP	2026-07-13T20:21:03.4326184Z ##[group]Operating System
run-import (PT_RIO)	UNKNOWN STEP	2026-07-13T20:21:03.4327465Z Ubuntu
run-import (PT_RIO)	UNKNOWN STEP	2026-07-13T20:21:03.4328240Z 24.04.4
run-import (PT_RIO)	UNKNOWN STEP	2026-07-13T20:21:03.4329012Z LTS
run-import (PT_RIO)	UNKNOWN STEP	2026-07-13T20:21:03.4329771Z ##[endgroup]
run-import (PT_RIO)	UNKNOWN STEP	2026-07-13T20:21:03.4330562Z ##[group]Runner Image
run-import (PT_RIO)	UNKNOWN STEP	2026-07-13T20:21:03.4331424Z Image: ubuntu-24.04
run-import (PT_RIO)	UNKNOWN STEP	2026-07-13T20:21:03.4332159Z Version: 20260705.232.1
run-import (PT_RIO)	UNKNOWN STEP	2026-07-13T20:21:03.4333730Z Included Software: https://github.com/actions/runner-images/blob/ubuntu24/20260705.232/images/ubuntu/Ubuntu2404-Readme.md
run-import (PT_RIO)	UNKNOWN STEP	2026-07-13T20:21:03.4335553Z Image Release: https://github.com/actions/runner-images/releases/tag/ubuntu24%2F20260705.232
run-import (PT_RIO)	UNKNOWN STEP	2026-07-13T20:21:03.4337092Z ##[endgroup]
run-import (PT_RIO)	UNKNOWN STEP	2026-07-13T20:21:03.4338693Z ##[group]GITHUB_TOKEN Permissions
run-import (PT_RIO)	UNKNOWN STEP	2026-07-13T20:21:03.4341100Z Contents: read
run-import (PT_RIO)	UNKNOWN STEP	2026-07-13T20:21:03.4341886Z Metadata: read
run-import (PT_RIO)	UNKNOWN STEP	2026-07-13T20:21:03.4342760Z ##[endgroup]
run-import (PT_RIO)	UNKNOWN STEP	2026-07-13T20:21:03.4345000Z Secret source: Actions
run-import (PT_RIO)	UNKNOWN STEP	2026-07-13T20:21:03.4346088Z Prepare workflow directory
run-import (PT_RIO)	UNKNOWN STEP	2026-07-13T20:21:03.4918601Z Prepare all required actions
run-import (PT_RIO)	UNKNOWN STEP	2026-07-13T20:21:03.4956252Z Getting action download info
run-import (PT_RIO)	UNKNOWN STEP	2026-07-13T20:21:03.8272966Z Download action repository 'actions/checkout@v4' (SHA:34e114876b0b11c390a56381ad16ebd13914f8d5)
run-import (PT_RIO)	UNKNOWN STEP	2026-07-13T20:21:03.9016023Z Download action repository 'actions/setup-node@v4' (SHA:49933ea5288caeca8642d1e84afbd3f7d6820020)
run-import (PT_RIO)	UNKNOWN STEP	2026-07-13T20:21:04.1240568Z Complete job name: run-import (PT_RIO)
run-import (PT_RIO)	UNKNOWN STEP	2026-07-13T20:21:04.1961699Z Node 20 is being deprecated. This workflow is running with Node 24 by default. If you need to temporarily use Node 20, you can set the ACTIONS_ALLOW_USE_UNSECURE_NODE_VERSION=true environment variable. For more information see: https://github.blog/changelog/2025-09-19-deprecation-of-node-20-on-github-actions-runners/
run-import (PT_RIO)	UNKNOWN STEP	2026-07-13T20:21:04.1970997Z ##[group]Run actions/checkout@v4
run-import (PT_RIO)	UNKNOWN STEP	2026-07-13T20:21:04.1972062Z with:
run-import (PT_RIO)	UNKNOWN STEP	2026-07-13T20:21:04.1972729Z   repository: glauberseguros-commits/palpitacojb
run-import (PT_RIO)	UNKNOWN STEP	2026-07-13T20:21:04.1977504Z   token: ***
run-import (PT_RIO)	UNKNOWN STEP	2026-07-13T20:21:04.1978101Z   ssh-strict: true
run-import (PT_RIO)	UNKNOWN STEP	2026-07-13T20:21:04.1978692Z   ssh-user: git
run-import (PT_RIO)	UNKNOWN STEP	2026-07-13T20:21:04.1979293Z   persist-credentials: true
run-import (PT_RIO)	UNKNOWN STEP	2026-07-13T20:21:04.1979930Z   clean: true
run-import (PT_RIO)	UNKNOWN STEP	2026-07-13T20:21:04.1980516Z   sparse-checkout-cone-mode: true
run-import (PT_RIO)	UNKNOWN STEP	2026-07-13T20:21:04.1981190Z   fetch-depth: 1
run-import (PT_RIO)	UNKNOWN STEP	2026-07-13T20:21:04.1981773Z   fetch-tags: false
run-import (PT_RIO)	UNKNOWN STEP	2026-07-13T20:21:04.1982366Z   show-progress: true
run-import (PT_RIO)	UNKNOWN STEP	2026-07-13T20:21:04.1982976Z   lfs: false
run-import (PT_RIO)	UNKNOWN STEP	2026-07-13T20:21:04.1983627Z   submodules: false
run-import (PT_RIO)	UNKNOWN STEP	2026-07-13T20:21:04.1984231Z   set-safe-directory: true
run-import (PT_RIO)	UNKNOWN STEP	2026-07-13T20:21:04.1985192Z env:
run-import (PT_RIO)	UNKNOWN STEP	2026-07-13T20:21:04.1985767Z   TZ: America/Sao_Paulo
run-import (PT_RIO)	UNKNOWN STEP	2026-07-13T20:21:04.1986724Z   PITACO_API_BASE: https://api.palpitacojb.com.br
run-import (PT_RIO)	UNKNOWN STEP	2026-07-13T20:21:04.1987512Z ##[endgroup]
run-import (PT_RIO)	UNKNOWN STEP	2026-07-13T20:21:04.3019885Z Syncing repository: glauberseguros-commits/palpitacojb
run-import (PT_RIO)	UNKNOWN STEP	2026-07-13T20:21:04.3022170Z ##[group]Getting Git version info
run-import (PT_RIO)	UNKNOWN STEP	2026-07-13T20:21:04.3023326Z Working directory is '/home/runner/work/palpitacojb/palpitacojb'
run-import (PT_RIO)	UNKNOWN STEP	2026-07-13T20:21:04.3024723Z [command]/usr/bin/git version
run-import (PT_RIO)	UNKNOWN STEP	2026-07-13T20:21:04.3093128Z git version 2.54.0
run-import (PT_RIO)	UNKNOWN STEP	2026-07-13T20:21:04.3116719Z ##[endgroup]
run-import (PT_RIO)	UNKNOWN STEP	2026-07-13T20:21:04.3132163Z Temporarily overriding HOME='/home/runner/work/_temp/f596c351-e250-4af2-9f09-499fb9e1e5b8' before making global git config changes
run-import (PT_RIO)	UNKNOWN STEP	2026-07-13T20:21:04.3134167Z Adding repository directory to the temporary git global config as a safe directory
run-import (PT_RIO)	UNKNOWN STEP	2026-07-13T20:21:04.3137648Z [command]/usr/bin/git config --global --add safe.directory /home/runner/work/palpitacojb/palpitacojb
run-import (PT_RIO)	UNKNOWN STEP	2026-07-13T20:21:04.3187669Z Deleting the contents of '/home/runner/work/palpitacojb/palpitacojb'
run-import (PT_RIO)	UNKNOWN STEP	2026-07-13T20:21:04.3192078Z ##[group]Initializing the repository
run-import (PT_RIO)	UNKNOWN STEP	2026-07-13T20:21:04.3196857Z [command]/usr/bin/git init /home/runner/work/palpitacojb/palpitacojb
run-import (PT_RIO)	UNKNOWN STEP	2026-07-13T20:21:04.3306010Z hint: Using 'master' as the name for the initial branch. This default branch name
run-import (PT_RIO)	UNKNOWN STEP	2026-07-13T20:21:04.3308046Z hint: will change to "main" in Git 3.0. To configure the initial branch name
run-import (PT_RIO)	UNKNOWN STEP	2026-07-13T20:21:04.3310243Z hint: to use in all of your new repositories, which will suppress this warning,
run-import (PT_RIO)	UNKNOWN STEP	2026-07-13T20:21:04.3312283Z hint: call:
run-import (PT_RIO)	UNKNOWN STEP	2026-07-13T20:21:04.3313731Z hint:
run-import (PT_RIO)	UNKNOWN STEP	2026-07-13T20:21:04.3315331Z hint: 	git config --global init.defaultBranch <name>
run-import (PT_RIO)	UNKNOWN STEP	2026-07-13T20:21:04.3317317Z hint:
run-import (PT_RIO)	UNKNOWN STEP	2026-07-13T20:21:04.3318872Z hint: Names commonly chosen instead of 'master' are 'main', 'trunk' and
run-import (PT_RIO)	UNKNOWN STEP	2026-07-13T20:21:04.3320996Z hint: 'development'. The just-created branch can be renamed via this command:
run-import (PT_RIO)	UNKNOWN STEP	2026-07-13T20:21:04.3322948Z hint:
run-import (PT_RIO)	UNKNOWN STEP	2026-07-13T20:21:04.3324391Z hint: 	git branch -m <name>
run-import (PT_RIO)	UNKNOWN STEP	2026-07-13T20:21:04.3325830Z hint:
run-import (PT_RIO)	UNKNOWN STEP	2026-07-13T20:21:04.3327726Z hint: Disable this message with "git config set advice.defaultBranchName false"
run-import (PT_RIO)	UNKNOWN STEP	2026-07-13T20:21:04.3330117Z Initialized empty Git repository in /home/runner/work/palpitacojb/palpitacojb/.git/
run-import (PT_RIO)	UNKNOWN STEP	2026-07-13T20:21:04.3334094Z [command]/usr/bin/git remote add origin https://github.com/glauberseguros-commits/palpitacojb
run-import (PT_RIO)	UNKNOWN STEP	2026-07-13T20:21:04.3372787Z ##[endgroup]
run-import (PT_RIO)	UNKNOWN STEP	2026-07-13T20:21:04.3373860Z ##[group]Disabling automatic garbage collection
run-import (PT_RIO)	UNKNOWN STEP	2026-07-13T20:21:04.3377110Z [command]/usr/bin/git config --local gc.auto 0
run-import (PT_RIO)	UNKNOWN STEP	2026-07-13T20:21:04.3407983Z ##[endgroup]
run-import (PT_RIO)	UNKNOWN STEP	2026-07-13T20:21:04.3408938Z ##[group]Setting up auth
run-import (PT_RIO)	UNKNOWN STEP	2026-07-13T20:21:04.3414337Z [command]/usr/bin/git config --local --name-only --get-regexp core\.sshCommand
run-import (PT_RIO)	UNKNOWN STEP	2026-07-13T20:21:04.3449494Z [command]/usr/bin/git submodule foreach --recursive sh -c "git config --local --name-only --get-regexp 'core\.sshCommand' && git config --local --unset-all 'core.sshCommand' || :"
run-import (PT_RIO)	UNKNOWN STEP	2026-07-13T20:21:04.3806125Z [command]/usr/bin/git config --local --name-only --get-regexp http\.https\:\/\/github\.com\/\.extraheader
run-import (PT_RIO)	UNKNOWN STEP	2026-07-13T20:21:04.3836600Z [command]/usr/bin/git submodule foreach --recursive sh -c "git config --local --name-only --get-regexp 'http\.https\:\/\/github\.com\/\.extraheader' && git config --local --unset-all 'http.https://github.com/.extraheader' || :"
run-import (PT_RIO)	UNKNOWN STEP	2026-07-13T20:21:04.4079003Z [command]/usr/bin/git config --local --name-only --get-regexp ^includeIf\.gitdir:
run-import (PT_RIO)	UNKNOWN STEP	2026-07-13T20:21:04.4110416Z [command]/usr/bin/git submodule foreach --recursive git config --local --show-origin --name-only --get-regexp remote.origin.url
run-import (PT_RIO)	UNKNOWN STEP	2026-07-13T20:21:04.4333796Z [command]/usr/bin/git config --local http.https://github.com/.extraheader AUTHORIZATION: basic ***
run-import (PT_RIO)	UNKNOWN STEP	2026-07-13T20:21:04.4370030Z ##[endgroup]
run-import (PT_RIO)	UNKNOWN STEP	2026-07-13T20:21:04.4371080Z ##[group]Fetching the repository
run-import (PT_RIO)	UNKNOWN STEP	2026-07-13T20:21:04.4379366Z [command]/usr/bin/git -c protocol.version=2 fetch --no-tags --prune --no-recurse-submodules --depth=1 origin +ea9811684da00600690bd91b0417170ca6521d83:refs/remotes/origin/main
run-import (PT_RIO)	UNKNOWN STEP	2026-07-13T20:21:05.6785090Z From https://github.com/glauberseguros-commits/palpitacojb
run-import (PT_RIO)	UNKNOWN STEP	2026-07-13T20:21:05.6788480Z  * [new ref]         ea9811684da00600690bd91b0417170ca6521d83 -> origin/main
run-import (PT_RIO)	UNKNOWN STEP	2026-07-13T20:21:05.6823246Z ##[endgroup]
run-import (PT_RIO)	UNKNOWN STEP	2026-07-13T20:21:05.6824781Z ##[group]Determining the checkout info
run-import (PT_RIO)	UNKNOWN STEP	2026-07-13T20:21:05.6826999Z ##[endgroup]
run-import (PT_RIO)	UNKNOWN STEP	2026-07-13T20:21:05.6831164Z [command]/usr/bin/git sparse-checkout disable
run-import (PT_RIO)	UNKNOWN STEP	2026-07-13T20:21:05.6879900Z [command]/usr/bin/git config --local --unset-all extensions.worktreeConfig
run-import (PT_RIO)	UNKNOWN STEP	2026-07-13T20:21:05.6910910Z ##[group]Checking out the ref
run-import (PT_RIO)	UNKNOWN STEP	2026-07-13T20:21:05.6914152Z [command]/usr/bin/git checkout --progress --force -B main refs/remotes/origin/main
run-import (PT_RIO)	UNKNOWN STEP	2026-07-13T20:21:05.7690173Z Switched to a new branch 'main'
run-import (PT_RIO)	UNKNOWN STEP	2026-07-13T20:21:05.7693166Z branch 'main' set up to track 'origin/main'.
run-import (PT_RIO)	UNKNOWN STEP	2026-07-13T20:21:05.7782738Z ##[endgroup]
run-import (PT_RIO)	UNKNOWN STEP	2026-07-13T20:21:05.7789303Z [command]/usr/bin/git log -1 --format=%H
run-import (PT_RIO)	UNKNOWN STEP	2026-07-13T20:21:05.7792215Z ea9811684da00600690bd91b0417170ca6521d83
run-import (PT_RIO)	UNKNOWN STEP	2026-07-13T20:21:05.8171885Z Node 20 is being deprecated. This workflow is running with Node 24 by default. If you need to temporarily use Node 20, you can set the ACTIONS_ALLOW_USE_UNSECURE_NODE_VERSION=true environment variable. For more information see: https://github.blog/changelog/2025-09-19-deprecation-of-node-20-on-github-actions-runners/
run-import (PT_RIO)	UNKNOWN STEP	2026-07-13T20:21:05.8178455Z ##[group]Run actions/setup-node@v4
run-import (PT_RIO)	UNKNOWN STEP	2026-07-13T20:21:05.8179942Z with:
run-import (PT_RIO)	UNKNOWN STEP	2026-07-13T20:21:05.8181092Z   node-version: 20
run-import (PT_RIO)	UNKNOWN STEP	2026-07-13T20:21:05.8182358Z   always-auth: false
run-import (PT_RIO)	UNKNOWN STEP	2026-07-13T20:21:05.8183654Z   check-latest: false
run-import (PT_RIO)	UNKNOWN STEP	2026-07-13T20:21:05.8194924Z   token: ***
run-import (PT_RIO)	UNKNOWN STEP	2026-07-13T20:21:05.8196129Z env:
run-import (PT_RIO)	UNKNOWN STEP	2026-07-13T20:21:05.8197430Z   TZ: America/Sao_Paulo
run-import (PT_RIO)	UNKNOWN STEP	2026-07-13T20:21:05.8198974Z   PITACO_API_BASE: https://api.palpitacojb.com.br
run-import (PT_RIO)	UNKNOWN STEP	2026-07-13T20:21:05.8200712Z ##[endgroup]
run-import (PT_RIO)	UNKNOWN STEP	2026-07-13T20:21:05.9647254Z Attempting to download 20...
run-import (PT_RIO)	UNKNOWN STEP	2026-07-13T20:21:05.9752276Z (node:2242) [DEP0040] DeprecationWarning: The `punycode` module is deprecated. Please use a userland alternative instead.
run-import (PT_RIO)	UNKNOWN STEP	2026-07-13T20:21:05.9755981Z (Use `node --trace-deprecation ...` to show where the warning was created)
run-import (PT_RIO)	UNKNOWN STEP	2026-07-13T20:21:06.6860431Z Acquiring 20.20.2 - x64 from https://github.com/actions/node-versions/releases/download/20.20.2-23521894959/node-20.20.2-linux-x64.tar.gz
run-import (PT_RIO)	UNKNOWN STEP	2026-07-13T20:21:07.0830405Z Extracting ...
run-import (PT_RIO)	UNKNOWN STEP	2026-07-13T20:21:07.0953421Z [command]/usr/bin/tar xz --strip 1 --warning=no-unknown-keyword --overwrite -C /home/runner/work/_temp/f46dd8d5-1661-40a5-b12e-4061daafc50a -f /home/runner/work/_temp/6c9ea0f3-2d51-49c6-950f-7eda12e697bd
run-import (PT_RIO)	UNKNOWN STEP	2026-07-13T20:21:08.1216813Z Adding to the cache ...
run-import (PT_RIO)	UNKNOWN STEP	2026-07-13T20:21:09.9309346Z ##[group]Environment details
run-import (PT_RIO)	UNKNOWN STEP	2026-07-13T20:21:10.1549520Z node: v20.20.2
run-import (PT_RIO)	UNKNOWN STEP	2026-07-13T20:21:10.1550430Z npm: 10.8.2
run-import (PT_RIO)	UNKNOWN STEP	2026-07-13T20:21:10.1551006Z yarn: 1.22.22
run-import (PT_RIO)	UNKNOWN STEP	2026-07-13T20:21:10.1552179Z ##[endgroup]
run-import (PT_RIO)	UNKNOWN STEP	2026-07-13T20:21:10.1757438Z ##[group]Run npm ci
run-import (PT_RIO)	UNKNOWN STEP	2026-07-13T20:21:10.1757830Z ^[[36;1mnpm ci^[[0m
run-import (PT_RIO)	UNKNOWN STEP	2026-07-13T20:21:10.1938112Z shell: /usr/bin/bash -e ***0***
run-import (PT_RIO)	UNKNOWN STEP	2026-07-13T20:21:10.1938557Z env:
run-import (PT_RIO)	UNKNOWN STEP	2026-07-13T20:21:10.1938863Z   TZ: America/Sao_Paulo
run-import (PT_RIO)	UNKNOWN STEP	2026-07-13T20:21:10.1939300Z   PITACO_API_BASE: https://api.palpitacojb.com.br
run-import (PT_RIO)	UNKNOWN STEP	2026-07-13T20:21:10.1939800Z ##[endgroup]
run-import (PT_RIO)	UNKNOWN STEP	2026-07-13T20:21:13.6201772Z 
run-import (PT_RIO)	UNKNOWN STEP	2026-07-13T20:21:13.6212006Z added 237 packages, and audited 238 packages in 3s
run-import (PT_RIO)	UNKNOWN STEP	2026-07-13T20:21:13.6212673Z 
run-import (PT_RIO)	UNKNOWN STEP	2026-07-13T20:21:13.6213143Z 30 packages are looking for funding
run-import (PT_RIO)	UNKNOWN STEP	2026-07-13T20:21:13.6213900Z   run `npm fund` for details
run-import (PT_RIO)	UNKNOWN STEP	2026-07-13T20:21:13.6504021Z 
run-import (PT_RIO)	UNKNOWN STEP	2026-07-13T20:21:13.6505081Z 21 vulnerabilities (1 low, 13 moderate, 5 high, 2 critical)
run-import (PT_RIO)	UNKNOWN STEP	2026-07-13T20:21:13.6505590Z 
run-import (PT_RIO)	UNKNOWN STEP	2026-07-13T20:21:13.6505983Z To address issues that do not require attention, run:
run-import (PT_RIO)	UNKNOWN STEP	2026-07-13T20:21:13.6506957Z   npm audit fix
run-import (PT_RIO)	UNKNOWN STEP	2026-07-13T20:21:13.6507198Z 
run-import (PT_RIO)	UNKNOWN STEP	2026-07-13T20:21:13.6507590Z To address all issues (including breaking changes), run:
run-import (PT_RIO)	UNKNOWN STEP	2026-07-13T20:21:13.6508305Z   npm audit fix --force
run-import (PT_RIO)	UNKNOWN STEP	2026-07-13T20:21:13.6508585Z 
run-import (PT_RIO)	UNKNOWN STEP	2026-07-13T20:21:13.6508813Z Run `npm audit` for details.
run-import (PT_RIO)	UNKNOWN STEP	2026-07-13T20:21:13.6719825Z ##[group]Run node scripts/autoImportToday.js
run-import (PT_RIO)	UNKNOWN STEP	2026-07-13T20:21:13.6720330Z ^[[36;1mnode scripts/autoImportToday.js^[[0m
run-import (PT_RIO)	UNKNOWN STEP	2026-07-13T20:21:13.6753177Z shell: /usr/bin/bash -e ***0***
run-import (PT_RIO)	UNKNOWN STEP	2026-07-13T20:21:13.6753537Z env:
run-import (PT_RIO)	UNKNOWN STEP	2026-07-13T20:21:13.6753815Z   TZ: America/Sao_Paulo
run-import (PT_RIO)	UNKNOWN STEP	2026-07-13T20:21:13.6754204Z   PITACO_API_BASE: https://api.palpitacojb.com.br
run-import (PT_RIO)	UNKNOWN STEP	2026-07-13T20:21:13.6765519Z   FIREBASE_ADMIN_SA_JSON: ***
run-import (PT_RIO)	UNKNOWN STEP	
run-import (PT_RIO)	UNKNOWN STEP	2026-07-13T20:21:13.6765895Z   LOTTERY: PT_RIO
run-import (PT_RIO)	UNKNOWN STEP	2026-07-13T20:21:13.6766175Z   FAIL_ON_CRITICAL: 1
run-import (PT_RIO)	UNKNOWN STEP	2026-07-13T20:21:13.6766807Z   AUDIT_WARN_MIN: 20
run-import (PT_RIO)	UNKNOWN STEP	2026-07-13T20:21:13.6767247Z   AUDIT_CRIT_MIN: 60
run-import (PT_RIO)	UNKNOWN STEP	2026-07-13T20:21:13.6767671Z ##[endgroup]
run-import (PT_RIO)	UNKNOWN STEP	2026-07-13T20:21:13.8855873Z [CFG] PITACO_API_BASE efetivo => https://api.palpitacojb.com.br
run-import (PT_RIO)	UNKNOWN STEP	2026-07-13T20:21:28.9550602Z [CAL] PT_RIO seg-sex: date=2026-07-13 dow=1 => HARD=[09,11,14,16,18,21]
run-import (PT_RIO)	UNKNOWN STEP	2026-07-13T20:21:28.9558897Z [AUTO] CATCH-UP pós-release 2026-07-13 slot=16:00 (HARD) releaseAt=16:29 window=16:05~16:35 (fora da janela)
run-import (PT_RIO)	UNKNOWN STEP	2026-07-13T20:21:28.9562155Z [AUTO] tentando 2026-07-13 slot=16:00 (HARD) window=16:05-16:35 closes=16:00,16:01,16:02,16:09,16:10,16:11
run-import (PT_RIO)	UNKNOWN STEP	2026-07-13T20:21:30.3475618Z [FETCH] PT_RIO 2026-07-13 per-lottery=6 -> merged_draws=4 close_hours=[09:00, 11:00, 14:00, 16:00]
run-import (PT_RIO)	UNKNOWN STEP	2026-07-13T20:21:32.7313645Z [IMPORT] API draws=4 | match_close=1 | validos=1 | draws_upserted=0 | draws_novos=0 | prizes_upserted=0 | prizes_novos=0 | skip_vazio=0 | skip_invalido=0 | skip_close=3 | skip_complete=1 | CHECK_EXISTENCE=OFF | uf=RJ lottery_key=PT_RIO | expected=1 complete=1 slotDocs=1 apiTargets=1
run-import (PT_RIO)	UNKNOWN STEP	2026-07-13T20:21:32.7321948Z [AUTO] FS já tem slot=16:00 COMPLETO (close=16:00) -> DONE
run-import (PT_RIO)	UNKNOWN STEP	2026-07-13T20:21:32.7329617Z [ALERT] HARD slot perdeu janela: date=2026-07-13 slot=09:00 releaseAt=09:29 windowEnd=09:35 tries=0
run-import (PT_RIO)	UNKNOWN STEP	2026-07-13T20:21:32.7332404Z [ALERT] HARD slot CRITICAL: date=2026-07-13 slot=09:00 since=472min (>=60) tries=0
run-import (PT_RIO)	UNKNOWN STEP	2026-07-13T20:21:32.7334944Z [ALERT] HARD slot perdeu janela: date=2026-07-13 slot=11:00 releaseAt=11:29 windowEnd=11:35 tries=0
run-import (PT_RIO)	UNKNOWN STEP	2026-07-13T20:21:32.7337659Z [ALERT] HARD slot CRITICAL: date=2026-07-13 slot=11:00 since=352min (>=60) tries=0
run-import (PT_RIO)	UNKNOWN STEP	2026-07-13T20:21:32.7340504Z [ALERT] HARD slot perdeu janela: date=2026-07-13 slot=14:00 releaseAt=14:29 windowEnd=14:35 tries=0
run-import (PT_RIO)	UNKNOWN STEP	2026-07-13T20:21:32.7342718Z [ALERT] HARD slot CRITICAL: date=2026-07-13 slot=14:00 since=172min (>=60) tries=0
run-import (PT_RIO)	UNKNOWN STEP	2026-07-13T20:21:32.7355261Z [AUDIT] CRITICAL missing=3 warning=0 softLate=0 (relatório salvo em auditCritical-PT_RIO-2026-07-13.json)
run-import (PT_RIO)	UNKNOWN STEP	2026-07-13T20:21:32.7356995Z [AUDIT] FAIL_ON_CRITICAL=1 => exit(2)
run-import (PT_RIO)	UNKNOWN STEP	2026-07-13T20:21:32.7470876Z ##[error]Process completed with exit code 2.
run-import (PT_RIO)	UNKNOWN STEP	2026-07-13T20:21:32.7643337Z Node 20 is being deprecated. This workflow is running with Node 24 by default. If you need to temporarily use Node 20, you can set the ACTIONS_ALLOW_USE_UNSECURE_NODE_VERSION=true environment variable. For more information see: https://github.blog/changelog/2025-09-19-deprecation-of-node-20-on-github-actions-runners/
run-import (PT_RIO)	UNKNOWN STEP	2026-07-13T20:21:32.7644698Z Post job cleanup.
run-import (PT_RIO)	UNKNOWN STEP	2026-07-13T20:21:32.8484963Z [command]/usr/bin/git version
run-import (PT_RIO)	UNKNOWN STEP	2026-07-13T20:21:32.8525186Z git version 2.54.0
run-import (PT_RIO)	UNKNOWN STEP	2026-07-13T20:21:32.8565764Z Temporarily overriding HOME='/home/runner/work/_temp/fa36c73e-6aaa-460b-a706-d8e5508aa37c' before making global git config changes
run-import (PT_RIO)	UNKNOWN STEP	2026-07-13T20:21:32.8567881Z Adding repository directory to the temporary git global config as a safe directory
run-import (PT_RIO)	UNKNOWN STEP	2026-07-13T20:21:32.8572774Z [command]/usr/bin/git config --global --add safe.directory /home/runner/work/palpitacojb/palpitacojb
run-import (PT_RIO)	UNKNOWN STEP	2026-07-13T20:21:32.8611953Z [command]/usr/bin/git config --local --name-only --get-regexp core\.sshCommand
run-import (PT_RIO)	UNKNOWN STEP	2026-07-13T20:21:32.8645740Z [command]/usr/bin/git submodule foreach --recursive sh -c "git config --local --name-only --get-regexp 'core\.sshCommand' && git config --local --unset-all 'core.sshCommand' || :"
run-import (PT_RIO)	UNKNOWN STEP	2026-07-13T20:21:32.8900749Z [command]/usr/bin/git config --local --name-only --get-regexp http\.https\:\/\/github\.com\/\.extraheader
run-import (PT_RIO)	UNKNOWN STEP	2026-07-13T20:21:32.8927268Z http.https://github.com/.extraheader
run-import (PT_RIO)	UNKNOWN STEP	2026-07-13T20:21:32.8939965Z [command]/usr/bin/git config --local --unset-all http.https://github.com/.extraheader
run-import (PT_RIO)	UNKNOWN STEP	2026-07-13T20:21:32.8971267Z [command]/usr/bin/git submodule foreach --recursive sh -c "git config --local --name-only --get-regexp 'http\.https\:\/\/github\.com\/\.extraheader' && git config --local --unset-all 'http.https://github.com/.extraheader' || :"
run-import (PT_RIO)	UNKNOWN STEP	2026-07-13T20:21:32.9191135Z [command]/usr/bin/git config --local --name-only --get-regexp ^includeIf\.gitdir:
run-import (PT_RIO)	UNKNOWN STEP	2026-07-13T20:21:32.9223041Z [command]/usr/bin/git submodule foreach --recursive git config --local --show-origin --name-only --get-regexp remote.origin.url
run-import (PT_RIO)	UNKNOWN STEP	2026-07-13T20:21:32.9584816Z Cleaning up orphan processes
run-import (PT_RIO)	UNKNOWN STEP	2026-07-13T20:21:32.9867959Z ##[warning]Node.js 20 is deprecated. The following actions target Node.js 20 but are being forced to run on Node.js 24: actions/checkout@v4, actions/setup-node@v4. For more information see: https://github.blog/changelog/2025-09-19-deprecation-of-node-20-on-github-actions-runners/
