run-import (PT_RIO)	UNKNOWN STEP	﻿2026-05-25T15:13:38.2202652Z Current runner version: '2.334.0'
run-import (PT_RIO)	UNKNOWN STEP	2026-05-25T15:13:38.2224538Z ##[group]Runner Image Provisioner
run-import (PT_RIO)	UNKNOWN STEP	2026-05-25T15:13:38.2225479Z Hosted Compute Agent
run-import (PT_RIO)	UNKNOWN STEP	2026-05-25T15:13:38.2226054Z Version: 20260213.493
run-import (PT_RIO)	UNKNOWN STEP	2026-05-25T15:13:38.2227093Z Commit: 5c115507f6dd24b8de37d8bbe0bb4509d0cc0fa3
run-import (PT_RIO)	UNKNOWN STEP	2026-05-25T15:13:38.2227797Z Build Date: 2026-02-13T00:28:41Z
run-import (PT_RIO)	UNKNOWN STEP	2026-05-25T15:13:38.2228650Z Worker ID: ***e62b2cf5-7920-443a-b619-b3a5f52e1f53***
run-import (PT_RIO)	UNKNOWN STEP	2026-05-25T15:13:38.2229380Z Azure Region: westus3
run-import (PT_RIO)	UNKNOWN STEP	2026-05-25T15:13:38.2230039Z ##[endgroup]
run-import (PT_RIO)	UNKNOWN STEP	2026-05-25T15:13:38.2231540Z ##[group]Operating System
run-import (PT_RIO)	UNKNOWN STEP	2026-05-25T15:13:38.2232251Z Ubuntu
run-import (PT_RIO)	UNKNOWN STEP	2026-05-25T15:13:38.2232780Z 24.04.4
run-import (PT_RIO)	UNKNOWN STEP	2026-05-25T15:13:38.2233336Z LTS
run-import (PT_RIO)	UNKNOWN STEP	2026-05-25T15:13:38.2233989Z ##[endgroup]
run-import (PT_RIO)	UNKNOWN STEP	2026-05-25T15:13:38.2234626Z ##[group]Runner Image
run-import (PT_RIO)	UNKNOWN STEP	2026-05-25T15:13:38.2235203Z Image: ubuntu-24.04
run-import (PT_RIO)	UNKNOWN STEP	2026-05-25T15:13:38.2235812Z Version: 20260518.149.1
run-import (PT_RIO)	UNKNOWN STEP	2026-05-25T15:13:38.2237013Z Included Software: https://github.com/actions/runner-images/blob/ubuntu24/20260518.149/images/ubuntu/Ubuntu2404-Readme.md
run-import (PT_RIO)	UNKNOWN STEP	2026-05-25T15:13:38.2238452Z Image Release: https://github.com/actions/runner-images/releases/tag/ubuntu24%2F20260518.149
run-import (PT_RIO)	UNKNOWN STEP	2026-05-25T15:13:38.2239398Z ##[endgroup]
run-import (PT_RIO)	UNKNOWN STEP	2026-05-25T15:13:38.2240497Z ##[group]GITHUB_TOKEN Permissions
run-import (PT_RIO)	UNKNOWN STEP	2026-05-25T15:13:38.2242458Z Contents: read
run-import (PT_RIO)	UNKNOWN STEP	2026-05-25T15:13:38.2243019Z Metadata: read
run-import (PT_RIO)	UNKNOWN STEP	2026-05-25T15:13:38.2243742Z ##[endgroup]
run-import (PT_RIO)	UNKNOWN STEP	2026-05-25T15:13:38.2245577Z Secret source: Actions
run-import (PT_RIO)	UNKNOWN STEP	2026-05-25T15:13:38.2246493Z Prepare workflow directory
run-import (PT_RIO)	UNKNOWN STEP	2026-05-25T15:13:38.2534763Z Prepare all required actions
run-import (PT_RIO)	UNKNOWN STEP	2026-05-25T15:13:38.2558548Z Getting action download info
run-import (PT_RIO)	UNKNOWN STEP	2026-05-25T15:13:38.7245412Z Download action repository 'actions/checkout@v4' (SHA:34e114876b0b11c390a56381ad16ebd13914f8d5)
run-import (PT_RIO)	UNKNOWN STEP	2026-05-25T15:13:38.9093474Z Download action repository 'actions/setup-node@v4' (SHA:49933ea5288caeca8642d1e84afbd3f7d6820020)
run-import (PT_RIO)	UNKNOWN STEP	2026-05-25T15:13:39.0662506Z Complete job name: run-import (PT_RIO)
run-import (PT_RIO)	UNKNOWN STEP	2026-05-25T15:13:39.1085575Z ##[group]Run actions/checkout@v4
run-import (PT_RIO)	UNKNOWN STEP	2026-05-25T15:13:39.1086063Z with:
run-import (PT_RIO)	UNKNOWN STEP	2026-05-25T15:13:39.1086409Z   repository: glauberseguros-commits/palpitacojb
run-import (PT_RIO)	UNKNOWN STEP	2026-05-25T15:13:39.1086953Z   token: ***
run-import (PT_RIO)	UNKNOWN STEP	2026-05-25T15:13:39.1087246Z   ssh-strict: true
run-import (PT_RIO)	UNKNOWN STEP	2026-05-25T15:13:39.1087549Z   ssh-user: git
run-import (PT_RIO)	UNKNOWN STEP	2026-05-25T15:13:39.1087860Z   persist-credentials: true
run-import (PT_RIO)	UNKNOWN STEP	2026-05-25T15:13:39.1088194Z   clean: true
run-import (PT_RIO)	UNKNOWN STEP	2026-05-25T15:13:39.1088535Z   sparse-checkout-cone-mode: true
run-import (PT_RIO)	UNKNOWN STEP	2026-05-25T15:13:39.1088885Z   fetch-depth: 1
run-import (PT_RIO)	UNKNOWN STEP	2026-05-25T15:13:39.1089190Z   fetch-tags: false
run-import (PT_RIO)	UNKNOWN STEP	2026-05-25T15:13:39.1089506Z   show-progress: true
run-import (PT_RIO)	UNKNOWN STEP	2026-05-25T15:13:39.1089824Z   lfs: false
run-import (PT_RIO)	UNKNOWN STEP	2026-05-25T15:13:39.1090113Z   submodules: false
run-import (PT_RIO)	UNKNOWN STEP	2026-05-25T15:13:39.1090424Z   set-safe-directory: true
run-import (PT_RIO)	UNKNOWN STEP	2026-05-25T15:13:39.1090819Z env:
run-import (PT_RIO)	UNKNOWN STEP	2026-05-25T15:13:39.1091107Z   TZ: America/Sao_Paulo
run-import (PT_RIO)	UNKNOWN STEP	2026-05-25T15:13:39.1091421Z ##[endgroup]
run-import (PT_RIO)	UNKNOWN STEP	2026-05-25T15:13:39.1771574Z Syncing repository: glauberseguros-commits/palpitacojb
run-import (PT_RIO)	UNKNOWN STEP	2026-05-25T15:13:39.1772843Z ##[group]Getting Git version info
run-import (PT_RIO)	UNKNOWN STEP	2026-05-25T15:13:39.1773332Z Working directory is '/home/runner/work/palpitacojb/palpitacojb'
run-import (PT_RIO)	UNKNOWN STEP	2026-05-25T15:13:39.1774202Z [command]/usr/bin/git version
run-import (PT_RIO)	UNKNOWN STEP	2026-05-25T15:13:39.1793429Z git version 2.54.0
run-import (PT_RIO)	UNKNOWN STEP	2026-05-25T15:13:39.1808083Z ##[endgroup]
run-import (PT_RIO)	UNKNOWN STEP	2026-05-25T15:13:39.1817355Z Temporarily overriding HOME='/home/runner/work/_temp/a7ef3611-1f52-4938-b0fc-ad09b375ac85' before making global git config changes
run-import (PT_RIO)	UNKNOWN STEP	2026-05-25T15:13:39.1818822Z Adding repository directory to the temporary git global config as a safe directory
run-import (PT_RIO)	UNKNOWN STEP	2026-05-25T15:13:39.1826123Z [command]/usr/bin/git config --global --add safe.directory /home/runner/work/palpitacojb/palpitacojb
run-import (PT_RIO)	UNKNOWN STEP	2026-05-25T15:13:39.1850440Z Deleting the contents of '/home/runner/work/palpitacojb/palpitacojb'
run-import (PT_RIO)	UNKNOWN STEP	2026-05-25T15:13:39.1852779Z ##[group]Initializing the repository
run-import (PT_RIO)	UNKNOWN STEP	2026-05-25T15:13:39.1855835Z [command]/usr/bin/git init /home/runner/work/palpitacojb/palpitacojb
run-import (PT_RIO)	UNKNOWN STEP	2026-05-25T15:13:39.2115291Z hint: Using 'master' as the name for the initial branch. This default branch name
run-import (PT_RIO)	UNKNOWN STEP	2026-05-25T15:13:39.2116278Z hint: will change to "main" in Git 3.0. To configure the initial branch name
run-import (PT_RIO)	UNKNOWN STEP	2026-05-25T15:13:39.2117539Z hint: to use in all of your new repositories, which will suppress this warning,
run-import (PT_RIO)	UNKNOWN STEP	2026-05-25T15:13:39.2118330Z hint: call:
run-import (PT_RIO)	UNKNOWN STEP	2026-05-25T15:13:39.2118781Z hint:
run-import (PT_RIO)	UNKNOWN STEP	2026-05-25T15:13:39.2119360Z hint: 	git config --global init.defaultBranch <name>
run-import (PT_RIO)	UNKNOWN STEP	2026-05-25T15:13:39.2120022Z hint:
run-import (PT_RIO)	UNKNOWN STEP	2026-05-25T15:13:39.2120646Z hint: Names commonly chosen instead of 'master' are 'main', 'trunk' and
run-import (PT_RIO)	UNKNOWN STEP	2026-05-25T15:13:39.2121627Z hint: 'development'. The just-created branch can be renamed via this command:
run-import (PT_RIO)	UNKNOWN STEP	2026-05-25T15:13:39.2122401Z hint:
run-import (PT_RIO)	UNKNOWN STEP	2026-05-25T15:13:39.2122889Z hint: 	git branch -m <name>
run-import (PT_RIO)	UNKNOWN STEP	2026-05-25T15:13:39.2123411Z hint:
run-import (PT_RIO)	UNKNOWN STEP	2026-05-25T15:13:39.2124247Z hint: Disable this message with "git config set advice.defaultBranchName false"
run-import (PT_RIO)	UNKNOWN STEP	2026-05-25T15:13:39.2125380Z Initialized empty Git repository in /home/runner/work/palpitacojb/palpitacojb/.git/
run-import (PT_RIO)	UNKNOWN STEP	2026-05-25T15:13:39.2127202Z [command]/usr/bin/git remote add origin https://github.com/glauberseguros-commits/palpitacojb
run-import (PT_RIO)	UNKNOWN STEP	2026-05-25T15:13:39.2146712Z ##[endgroup]
run-import (PT_RIO)	UNKNOWN STEP	2026-05-25T15:13:39.2147590Z ##[group]Disabling automatic garbage collection
run-import (PT_RIO)	UNKNOWN STEP	2026-05-25T15:13:39.2149616Z [command]/usr/bin/git config --local gc.auto 0
run-import (PT_RIO)	UNKNOWN STEP	2026-05-25T15:13:39.2181106Z ##[endgroup]
run-import (PT_RIO)	UNKNOWN STEP	2026-05-25T15:13:39.2181605Z ##[group]Setting up auth
run-import (PT_RIO)	UNKNOWN STEP	2026-05-25T15:13:39.2185132Z [command]/usr/bin/git config --local --name-only --get-regexp core\.sshCommand
run-import (PT_RIO)	UNKNOWN STEP	2026-05-25T15:13:39.2206886Z [command]/usr/bin/git submodule foreach --recursive sh -c "git config --local --name-only --get-regexp 'core\.sshCommand' && git config --local --unset-all 'core.sshCommand' || :"
run-import (PT_RIO)	UNKNOWN STEP	2026-05-25T15:13:39.2457418Z [command]/usr/bin/git config --local --name-only --get-regexp http\.https\:\/\/github\.com\/\.extraheader
run-import (PT_RIO)	UNKNOWN STEP	2026-05-25T15:13:39.2476790Z [command]/usr/bin/git submodule foreach --recursive sh -c "git config --local --name-only --get-regexp 'http\.https\:\/\/github\.com\/\.extraheader' && git config --local --unset-all 'http.https://github.com/.extraheader' || :"
run-import (PT_RIO)	UNKNOWN STEP	2026-05-25T15:13:39.2631800Z [command]/usr/bin/git config --local --name-only --get-regexp ^includeIf\.gitdir:
run-import (PT_RIO)	UNKNOWN STEP	2026-05-25T15:13:39.2652849Z [command]/usr/bin/git submodule foreach --recursive git config --local --show-origin --name-only --get-regexp remote.origin.url
run-import (PT_RIO)	UNKNOWN STEP	2026-05-25T15:13:39.2809858Z [command]/usr/bin/git config --local http.https://github.com/.extraheader AUTHORIZATION: basic ***
run-import (PT_RIO)	UNKNOWN STEP	2026-05-25T15:13:39.2832765Z ##[endgroup]
run-import (PT_RIO)	UNKNOWN STEP	2026-05-25T15:13:39.2833381Z ##[group]Fetching the repository
run-import (PT_RIO)	UNKNOWN STEP	2026-05-25T15:13:39.2837996Z [command]/usr/bin/git -c protocol.version=2 fetch --no-tags --prune --no-recurse-submodules --depth=1 origin +1f12226d29f45ae48cdbb909977ad75aa340fb7a:refs/remotes/origin/main
run-import (PT_RIO)	UNKNOWN STEP	2026-05-25T15:13:41.6067102Z From https://github.com/glauberseguros-commits/palpitacojb
run-import (PT_RIO)	UNKNOWN STEP	2026-05-25T15:13:41.6068268Z  * [new ref]         1f12226d29f45ae48cdbb909977ad75aa340fb7a -> origin/main
run-import (PT_RIO)	UNKNOWN STEP	2026-05-25T15:13:41.6087115Z ##[endgroup]
run-import (PT_RIO)	UNKNOWN STEP	2026-05-25T15:13:41.6087577Z ##[group]Determining the checkout info
run-import (PT_RIO)	UNKNOWN STEP	2026-05-25T15:13:41.6088611Z ##[endgroup]
run-import (PT_RIO)	UNKNOWN STEP	2026-05-25T15:13:41.6092340Z [command]/usr/bin/git sparse-checkout disable
run-import (PT_RIO)	UNKNOWN STEP	2026-05-25T15:13:41.6192304Z [command]/usr/bin/git config --local --unset-all extensions.worktreeConfig
run-import (PT_RIO)	UNKNOWN STEP	2026-05-25T15:13:41.6213688Z ##[group]Checking out the ref
run-import (PT_RIO)	UNKNOWN STEP	2026-05-25T15:13:41.6216198Z [command]/usr/bin/git checkout --progress --force -B main refs/remotes/origin/main
run-import (PT_RIO)	UNKNOWN STEP	2026-05-25T15:13:41.6705218Z Switched to a new branch 'main'
run-import (PT_RIO)	UNKNOWN STEP	2026-05-25T15:13:41.6706113Z branch 'main' set up to track 'origin/main'.
run-import (PT_RIO)	UNKNOWN STEP	2026-05-25T15:13:41.6718901Z ##[endgroup]
run-import (PT_RIO)	UNKNOWN STEP	2026-05-25T15:13:41.6747612Z [command]/usr/bin/git log -1 --format=%H
run-import (PT_RIO)	UNKNOWN STEP	2026-05-25T15:13:41.6764725Z 1f12226d29f45ae48cdbb909977ad75aa340fb7a
run-import (PT_RIO)	UNKNOWN STEP	2026-05-25T15:13:41.7072631Z ##[group]Run actions/setup-node@v4
run-import (PT_RIO)	UNKNOWN STEP	2026-05-25T15:13:41.7072879Z with:
run-import (PT_RIO)	UNKNOWN STEP	2026-05-25T15:13:41.7073056Z   node-version: 20
run-import (PT_RIO)	UNKNOWN STEP	2026-05-25T15:13:41.7073236Z   always-auth: false
run-import (PT_RIO)	UNKNOWN STEP	2026-05-25T15:13:41.7073420Z   check-latest: false
run-import (PT_RIO)	UNKNOWN STEP	2026-05-25T15:13:41.7073907Z   token: ***
run-import (PT_RIO)	UNKNOWN STEP	2026-05-25T15:13:41.7074073Z env:
run-import (PT_RIO)	UNKNOWN STEP	2026-05-25T15:13:41.7074238Z   TZ: America/Sao_Paulo
run-import (PT_RIO)	UNKNOWN STEP	2026-05-25T15:13:41.7074605Z ##[endgroup]
run-import (PT_RIO)	UNKNOWN STEP	2026-05-25T15:13:41.8214753Z Attempting to download 20...
run-import (PT_RIO)	UNKNOWN STEP	2026-05-25T15:13:42.8102185Z Acquiring 20.20.2 - x64 from https://github.com/actions/node-versions/releases/download/20.20.2-23521894959/node-20.20.2-linux-x64.tar.gz
run-import (PT_RIO)	UNKNOWN STEP	2026-05-25T15:13:43.3203856Z Extracting ...
run-import (PT_RIO)	UNKNOWN STEP	2026-05-25T15:13:43.3270415Z [command]/usr/bin/tar xz --strip 1 --warning=no-unknown-keyword --overwrite -C /home/runner/work/_temp/59c3804b-36d3-4b32-adaa-dc6edb4e8212 -f /home/runner/work/_temp/4e9f7f48-bc45-4fbb-9664-dc46391a878d
run-import (PT_RIO)	UNKNOWN STEP	2026-05-25T15:13:44.0352001Z Adding to the cache ...
run-import (PT_RIO)	UNKNOWN STEP	2026-05-25T15:13:45.3766217Z ##[group]Environment details
run-import (PT_RIO)	UNKNOWN STEP	2026-05-25T15:13:45.5104294Z node: v20.20.2
run-import (PT_RIO)	UNKNOWN STEP	2026-05-25T15:13:45.5104688Z npm: 10.8.2
run-import (PT_RIO)	UNKNOWN STEP	2026-05-25T15:13:45.5104892Z yarn: 1.22.22
run-import (PT_RIO)	UNKNOWN STEP	2026-05-25T15:13:45.5105348Z ##[endgroup]
run-import (PT_RIO)	UNKNOWN STEP	2026-05-25T15:13:45.5233341Z ##[group]Run npm ci
run-import (PT_RIO)	UNKNOWN STEP	2026-05-25T15:13:45.5233850Z ^[[36;1mnpm ci^[[0m
run-import (PT_RIO)	UNKNOWN STEP	2026-05-25T15:13:45.5265591Z shell: /usr/bin/bash -e ***0***
run-import (PT_RIO)	UNKNOWN STEP	2026-05-25T15:13:45.5265792Z env:
run-import (PT_RIO)	UNKNOWN STEP	2026-05-25T15:13:45.5265937Z   TZ: America/Sao_Paulo
run-import (PT_RIO)	UNKNOWN STEP	2026-05-25T15:13:45.5266111Z ##[endgroup]
run-import (PT_RIO)	UNKNOWN STEP	2026-05-25T15:13:47.6380975Z 
run-import (PT_RIO)	UNKNOWN STEP	2026-05-25T15:13:47.6386385Z added 237 packages, and audited 238 packages in 2s
run-import (PT_RIO)	UNKNOWN STEP	2026-05-25T15:13:47.6386607Z 
run-import (PT_RIO)	UNKNOWN STEP	2026-05-25T15:13:47.6386728Z 30 packages are looking for funding
run-import (PT_RIO)	UNKNOWN STEP	2026-05-25T15:13:47.6386947Z   run `npm fund` for details
run-import (PT_RIO)	UNKNOWN STEP	2026-05-25T15:13:47.6543930Z 
run-import (PT_RIO)	UNKNOWN STEP	2026-05-25T15:13:47.6544948Z 19 vulnerabilities (1 low, 13 moderate, 3 high, 2 critical)
run-import (PT_RIO)	UNKNOWN STEP	2026-05-25T15:13:47.6545242Z 
run-import (PT_RIO)	UNKNOWN STEP	2026-05-25T15:13:47.6545459Z To address issues that do not require attention, run:
run-import (PT_RIO)	UNKNOWN STEP	2026-05-25T15:13:47.6545794Z   npm audit fix
run-import (PT_RIO)	UNKNOWN STEP	2026-05-25T15:13:47.6545905Z 
run-import (PT_RIO)	UNKNOWN STEP	2026-05-25T15:13:47.6546109Z To address all issues (including breaking changes), run:
run-import (PT_RIO)	UNKNOWN STEP	2026-05-25T15:13:47.6546423Z   npm audit fix --force
run-import (PT_RIO)	UNKNOWN STEP	2026-05-25T15:13:47.6546658Z 
run-import (PT_RIO)	UNKNOWN STEP	2026-05-25T15:13:47.6546785Z Run `npm audit` for details.
run-import (PT_RIO)	UNKNOWN STEP	2026-05-25T15:13:47.6686927Z ##[group]Run node scripts/autoImportToday.js
run-import (PT_RIO)	UNKNOWN STEP	2026-05-25T15:13:47.6687176Z ^[[36;1mnode scripts/autoImportToday.js^[[0m
run-import (PT_RIO)	UNKNOWN STEP	2026-05-25T15:13:47.6713816Z shell: /usr/bin/bash -e ***0***
run-import (PT_RIO)	UNKNOWN STEP	2026-05-25T15:13:47.6713983Z env:
run-import (PT_RIO)	UNKNOWN STEP	2026-05-25T15:13:47.6714121Z   TZ: America/Sao_Paulo
run-import (PT_RIO)	UNKNOWN STEP	2026-05-25T15:13:47.6718835Z   FIREBASE_ADMIN_SA_JSON: ***
run-import (PT_RIO)	UNKNOWN STEP	
run-import (PT_RIO)	UNKNOWN STEP	2026-05-25T15:13:47.6719002Z   LOTTERY: PT_RIO
run-import (PT_RIO)	UNKNOWN STEP	2026-05-25T15:13:47.6719149Z   FAIL_ON_CRITICAL: 1
run-import (PT_RIO)	UNKNOWN STEP	2026-05-25T15:13:47.6719293Z   AUDIT_WARN_MIN: 20
run-import (PT_RIO)	UNKNOWN STEP	2026-05-25T15:13:47.6719435Z   AUDIT_CRIT_MIN: 60
run-import (PT_RIO)	UNKNOWN STEP	2026-05-25T15:13:47.6719579Z ##[endgroup]
run-import (PT_RIO)	UNKNOWN STEP	2026-05-25T15:13:47.7857047Z [CFG] PITACO_API_BASE efetivo => http://127.0.0.1:3333
run-import (PT_RIO)	UNKNOWN STEP	2026-05-25T15:13:47.8065642Z [CAL] PT_RIO seg-sex: date=2026-05-25 dow=1 => HARD=[09,11,14,16,18,21]
run-import (PT_RIO)	UNKNOWN STEP	2026-05-25T15:13:47.8068406Z [AUTO] CATCH-UP pós-release 2026-05-25 slot=11:00 (HARD) releaseAt=11:29 window=11:05~11:35 (fora da janela)
run-import (PT_RIO)	UNKNOWN STEP	2026-05-25T15:13:47.8069322Z [AUTO] tentando 2026-05-25 slot=11:00 (HARD) window=11:05-11:35 closes=11:00,11:01,11:02,11:09,11:10,11:11
run-import (PT_RIO)	UNKNOWN STEP	2026-05-25T15:13:49.2698870Z [FETCH] PT_RIO 2026-05-25 per-lottery=6 -> merged_draws=2 close_hours=[09:00, 11:00]
run-import (PT_RIO)	UNKNOWN STEP	2026-05-25T15:13:51.7391170Z [IMPORT] API draws=2 | match_close=1 | validos=1 | draws_upserted=1 | draws_novos=0 | prizes_upserted=7 | prizes_novos=0 | skip_vazio=0 | skip_invalido=0 | skip_close=1 | skip_complete=0 | CHECK_EXISTENCE=OFF | uf=RJ lottery_key=PT_RIO | expected=1 complete=1 slotDocs=1 apiTargets=1
run-import (PT_RIO)	UNKNOWN STEP	2026-05-25T15:13:51.7397491Z [AUTO] FS já tem slot=11:00 COMPLETO (close=11:00) -> DONE
run-import (PT_RIO)	UNKNOWN STEP	2026-05-25T15:13:51.7402861Z [ALERT] HARD slot perdeu janela: date=2026-05-25 slot=09:00 releaseAt=09:29 windowEnd=09:35 tries=0
run-import (PT_RIO)	UNKNOWN STEP	2026-05-25T15:13:51.7403916Z [ALERT] HARD slot CRITICAL: date=2026-05-25 slot=09:00 since=164min (>=60) tries=0
run-import (PT_RIO)	UNKNOWN STEP	2026-05-25T15:13:51.7411071Z [AUDIT] CRITICAL missing=1 warning=0 softLate=0 (relatório salvo em auditCritical-PT_RIO-2026-05-25.json)
run-import (PT_RIO)	UNKNOWN STEP	2026-05-25T15:13:51.7411816Z [AUDIT] FAIL_ON_CRITICAL=1 => exit(2)
run-import (PT_RIO)	UNKNOWN STEP	2026-05-25T15:13:51.7500421Z ##[error]Process completed with exit code 2.
run-import (PT_RIO)	UNKNOWN STEP	2026-05-25T15:13:51.7567731Z Post job cleanup.
run-import (PT_RIO)	UNKNOWN STEP	2026-05-25T15:13:51.8134805Z [command]/usr/bin/git version
run-import (PT_RIO)	UNKNOWN STEP	2026-05-25T15:13:51.8159204Z git version 2.54.0
run-import (PT_RIO)	UNKNOWN STEP	2026-05-25T15:13:51.8183110Z Temporarily overriding HOME='/home/runner/work/_temp/02cb16a9-b07d-48c3-b820-ae0a35f0a1b7' before making global git config changes
run-import (PT_RIO)	UNKNOWN STEP	2026-05-25T15:13:51.8184049Z Adding repository directory to the temporary git global config as a safe directory
run-import (PT_RIO)	UNKNOWN STEP	2026-05-25T15:13:51.8187117Z [command]/usr/bin/git config --global --add safe.directory /home/runner/work/palpitacojb/palpitacojb
run-import (PT_RIO)	UNKNOWN STEP	2026-05-25T15:13:51.8214899Z [command]/usr/bin/git config --local --name-only --get-regexp core\.sshCommand
run-import (PT_RIO)	UNKNOWN STEP	2026-05-25T15:13:51.8237188Z [command]/usr/bin/git submodule foreach --recursive sh -c "git config --local --name-only --get-regexp 'core\.sshCommand' && git config --local --unset-all 'core.sshCommand' || :"
run-import (PT_RIO)	UNKNOWN STEP	2026-05-25T15:13:51.8399881Z [command]/usr/bin/git config --local --name-only --get-regexp http\.https\:\/\/github\.com\/\.extraheader
run-import (PT_RIO)	UNKNOWN STEP	2026-05-25T15:13:51.8414577Z http.https://github.com/.extraheader
run-import (PT_RIO)	UNKNOWN STEP	2026-05-25T15:13:51.8422303Z [command]/usr/bin/git config --local --unset-all http.https://github.com/.extraheader
run-import (PT_RIO)	UNKNOWN STEP	2026-05-25T15:13:51.8443963Z [command]/usr/bin/git submodule foreach --recursive sh -c "git config --local --name-only --get-regexp 'http\.https\:\/\/github\.com\/\.extraheader' && git config --local --unset-all 'http.https://github.com/.extraheader' || :"
run-import (PT_RIO)	UNKNOWN STEP	2026-05-25T15:13:51.8603403Z [command]/usr/bin/git config --local --name-only --get-regexp ^includeIf\.gitdir:
run-import (PT_RIO)	UNKNOWN STEP	2026-05-25T15:13:51.8625676Z [command]/usr/bin/git submodule foreach --recursive git config --local --show-origin --name-only --get-regexp remote.origin.url
run-import (PT_RIO)	UNKNOWN STEP	2026-05-25T15:13:51.8868504Z Cleaning up orphan processes
run-import (PT_RIO)	UNKNOWN STEP	2026-05-25T15:13:51.9057882Z ##[warning]Node.js 20 actions are deprecated. The following actions are running on Node.js 20 and may not work as expected: actions/checkout@v4, actions/setup-node@v4. Actions will be forced to run with Node.js 24 by default starting June 2nd, 2026. Node.js 20 will be removed from the runner on September 16th, 2026. Please check if updated versions of these actions are available that support Node.js 24. To opt into Node.js 24 now, set the FORCE_JAVASCRIPT_ACTIONS_TO_NODE24=true environment variable on the runner or in your workflow file. Once Node.js 24 becomes the default, you can temporarily opt out by setting ACTIONS_ALLOW_USE_UNSECURE_NODE_VERSION=true. For more information see: https://github.blog/changelog/2025-09-19-deprecation-of-node-20-on-github-actions-runners/
