
====================================
TOP3 OFFICIAL BACKTEST
====================================

Loteria............: PT_RIO
Limite.............: 5
Hist├│rico m├¡nimo...: 100
Per├¡odo............: in├¡cio at├® fim
Telemetria.........: DESATIVADA

[BACKTEST] 5/5 | avaliados=5 | erros=0

==============================================
TOP3 OFFICIAL BACKTEST
==============================================

Loteria.............: PT_RIO
Engine..............: top3_statistical_v3
Hist├│rico carregado.: 7533
Casos eleg├¡veis.....: 7433
Casos avaliados.....: 5
Casos ignorados.....: 0
Erros...............: 0
Per├¡odo hist├│rico...: 2022-06-07 at├® 2026-07-23
Per├¡odo avaliado....: 2022-06-29 at├® 2022-06-30
TOP1................: 0 (0.00%)
TOP3 no 1┬║ pr├¬mio...: 0 (0.00%)
Acerto no 1┬║ pr├¬mio.: 0 (0.00%)
Acerto no 2┬║ pr├¬mio.: 0 (0.00%)
Acerto no 3┬║ pr├¬mio.: 1 (20.00%)
Algum acerto 1┬║-3┬║..: 1 (20.00%)
Posi├º├Áes atingidas..: 1
M├®dia posi├º├Áes/caso.: 0.2000
Palpites atingidos..: 1
M├®dia palpites/caso.: 0.2000
Tempo total.........: 9014 ms

POR HOR├üRIO
16:00    avaliados=    2 | TOP1=   0.00% | 1┬║=   0.00% | 2┬║=   0.00% | 3┬║=   0.00% | QUALQUER=   0.00% | erros=0
21:00    avaliados=    1 | TOP1=   0.00% | 1┬║=   0.00% | 2┬║=   0.00% | 3┬║=   0.00% | QUALQUER=   0.00% | erros=0
11:00    avaliados=    1 | TOP1=   0.00% | 1┬║=   0.00% | 2┬║=   0.00% | 3┬║= 100.00% | QUALQUER= 100.00% | erros=0
14:00    avaliados=    1 | TOP1=   0.00% | 1┬║=   0.00% | 2┬║=   0.00% | 3┬║=   0.00% | QUALQUER=   0.00% | erros=0

POR DIA DA SEMANA
3   avaliados=    2 | TOP1=   0.00% | 1┬║=   0.00% | 2┬║=   0.00% | 3┬║=   0.00% | QUALQUER=   0.00% | erros=0
4   avaliados=    3 | TOP1=   0.00% | 1┬║=   0.00% | 2┬║=   0.00% | 3┬║=  33.33% | QUALQUER=  33.33% | erros=0

POR M├èS
2022-06 avaliados=    5 | TOP1=   0.00% | 1┬║=   0.00% | 2┬║=   0.00% | 3┬║=  20.00% | QUALQUER=  20.00% | erros=0

JSON: C:\Users\glaub\palpitaco\tmp\perf_top3_27_profile\warmup\top3_official_backtest_pt_rio_limit_5.json
TXT : C:\Users\glaub\palpitaco\tmp\perf_top3_27_profile\warmup\top3_official_backtest_pt_rio_limit_5.txt
