
===== TOP3 HISTORY BOOTSTRAP =====
Loteria: FEDERAL
Modo....: DRY-RUN

[TOP3-HISTORY] Iniciando bootstrap FEDERAL | dryRun=true
[BOOTSTRAP] Buscando p├ígina 1...
[BOOTSTRAP] P├ígina 1: 416 draws | total=416
[TOP3-HISTORY] Draws=416 | meses=50
[TOP3-HISTORY] 2022-06 | draws=7 | bytesÔëê5765
[TOP3-HISTORY] 2022-07 | draws=9 | bytesÔëê7259
[TOP3-HISTORY] 2022-08 | draws=9 | bytesÔëê7261
[TOP3-HISTORY] 2022-09 | draws=8 | bytesÔëê6527
[TOP3-HISTORY] 2022-10 | draws=9 | bytesÔëê7265
[TOP3-HISTORY] 2022-11 | draws=9 | bytesÔëê7256
[TOP3-HISTORY] 2022-12 | draws=7 | bytesÔëê5705
[TOP3-HISTORY] 2023-01 | draws=8 | bytesÔëê6483
[TOP3-HISTORY] 2023-02 | draws=7 | bytesÔëê5704
[TOP3-HISTORY] 2023-03 | draws=9 | bytesÔëê7257
[TOP3-HISTORY] 2023-04 | draws=9 | bytesÔëê7261
[TOP3-HISTORY] 2023-05 | draws=9 | bytesÔëê7263
[TOP3-HISTORY] 2023-06 | draws=8 | bytesÔëê6483
[TOP3-HISTORY] 2023-07 | draws=9 | bytesÔëê7266
[TOP3-HISTORY] 2023-08 | draws=9 | bytesÔëê7266
[TOP3-HISTORY] 2023-09 | draws=9 | bytesÔëê7261
[TOP3-HISTORY] 2023-10 | draws=8 | bytesÔëê6479
[TOP3-HISTORY] 2023-11 | draws=9 | bytesÔëê7265
[TOP3-HISTORY] 2023-12 | draws=7 | bytesÔëê5703
[TOP3-HISTORY] 2024-01 | draws=9 | bytesÔëê7424
[TOP3-HISTORY] 2024-02 | draws=7 | bytesÔëê5784
[TOP3-HISTORY] 2024-03 | draws=9 | bytesÔëê7262
[TOP3-HISTORY] 2024-04 | draws=8 | bytesÔëê6480
[TOP3-HISTORY] 2024-05 | draws=9 | bytesÔëê7261
[TOP3-HISTORY] 2024-06 | draws=9 | bytesÔëê7264
[TOP3-HISTORY] 2024-07 | draws=9 | bytesÔëê7253
[TOP3-HISTORY] 2024-08 | draws=9 | bytesÔëê7264
[TOP3-HISTORY] 2024-09 | draws=8 | bytesÔëê6482
[TOP3-HISTORY] 2024-10 | draws=9 | bytesÔëê7257
[TOP3-HISTORY] 2024-11 | draws=9 | bytesÔëê7267
[TOP3-HISTORY] 2024-12 | draws=6 | bytesÔëê4929
[TOP3-HISTORY] 2025-01 | draws=8 | bytesÔëê6484
[TOP3-HISTORY] 2025-02 | draws=8 | bytesÔëê6481
[TOP3-HISTORY] 2025-03 | draws=8 | bytesÔëê6477
[TOP3-HISTORY] 2025-04 | draws=8 | bytesÔëê6486
[TOP3-HISTORY] 2025-05 | draws=9 | bytesÔëê7263
[TOP3-HISTORY] 2025-06 | draws=8 | bytesÔëê6478
[TOP3-HISTORY] 2025-07 | draws=9 | bytesÔëê7263
[TOP3-HISTORY] 2025-08 | draws=9 | bytesÔëê7260
[TOP3-HISTORY] 2025-09 | draws=8 | bytesÔëê6482
[TOP3-HISTORY] 2025-10 | draws=9 | bytesÔëê7256
[TOP3-HISTORY] 2025-11 | draws=9 | bytesÔëê7614
[TOP3-HISTORY] 2025-12 | draws=7 | bytesÔëê6041
[TOP3-HISTORY] 2026-01 | draws=9 | bytesÔëê7679
[TOP3-HISTORY] 2026-02 | draws=7 | bytesÔëê6038
[TOP3-HISTORY] 2026-03 | draws=8 | bytesÔëê6855
[TOP3-HISTORY] 2026-04 | draws=8 | bytesÔëê6856
[TOP3-HISTORY] 2026-05 | draws=9 | bytesÔëê7676
[TOP3-HISTORY] 2026-06 | draws=8 | bytesÔëê6863
[TOP3-HISTORY] 2026-07 | draws=7 | bytesÔëê6040

{
  "ok": true,
  "dryRun": true,
  "lotteryKey": "FEDERAL",
  "totalDraws": 416,
  "months": [
    "2022-06",
    "2022-07",
    "2022-08",
    "2022-09",
    "2022-10",
    "2022-11",
    "2022-12",
    "2023-01",
    "2023-02",
    "2023-03",
    "2023-04",
    "2023-05",
    "2023-06",
    "2023-07",
    "2023-08",
    "2023-09",
    "2023-10",
    "2023-11",
    "2023-12",
    "2024-01",
    "2024-02",
    "2024-03",
    "2024-04",
    "2024-05",
    "2024-06",
    "2024-07",
    "2024-08",
    "2024-09",
    "2024-10",
    "2024-11",
    "2024-12",
    "2025-01",
    "2025-02",
    "2025-03",
    "2025-04",
    "2025-05",
    "2025-06",
    "2025-07",
    "2025-08",
    "2025-09",
    "2025-10",
    "2025-11",
    "2025-12",
    "2026-01",
    "2026-02",
    "2026-03",
    "2026-04",
    "2026-05",
    "2026-06",
    "2026-07"
  ],
  "monthCount": 50,
  "firstYmd": "2022-06-08",
  "lastYmd": "2026-07-22",
  "firstDrawId": "FEDERAL__2022-06-08__20-00__9519c673-c3b8-4cb9-bcfe-9ddece3b03f3",
  "lastDrawId": "FEDERAL__2026-07-22__20-00__9519c673-c3b8-4cb9-bcfe-9ddece3b03f3",
  "oversizedMonths": [],
  "tookMs": 5146
}
