
===== TOP3 HISTORY BOOTSTRAP =====
Loteria: NACIONAL
Modo....: DRY-RUN

[TOP3-HISTORY] Iniciando bootstrap NACIONAL | dryRun=true
[BOOTSTRAP] Buscando p├ígina 1...
[BOOTSTRAP] P├ígina 1: 500 draws | total=500
[BOOTSTRAP] Buscando p├ígina 2...
[BOOTSTRAP] P├ígina 2: 500 draws | total=1000
[BOOTSTRAP] Buscando p├ígina 3...
[BOOTSTRAP] P├ígina 3: 500 draws | total=1500
[BOOTSTRAP] Buscando p├ígina 4...
[BOOTSTRAP] P├ígina 4: 500 draws | total=2000
[BOOTSTRAP] Buscando p├ígina 5...
[BOOTSTRAP] P├ígina 5: 500 draws | total=2500
[BOOTSTRAP] Buscando p├ígina 6...
[BOOTSTRAP] P├ígina 6: 500 draws | total=3000
[BOOTSTRAP] Buscando p├ígina 7...
[BOOTSTRAP] P├ígina 7: 500 draws | total=3500
[BOOTSTRAP] Buscando p├ígina 8...
[BOOTSTRAP] P├ígina 8: 500 draws | total=4000
[BOOTSTRAP] Buscando p├ígina 9...
[BOOTSTRAP] P├ígina 9: 500 draws | total=4500
[BOOTSTRAP] Buscando p├ígina 10...
[BOOTSTRAP] P├ígina 10: 500 draws | total=5000
[BOOTSTRAP] Buscando p├ígina 11...
[BOOTSTRAP] P├ígina 11: 500 draws | total=5500
[BOOTSTRAP] Buscando p├ígina 12...
[BOOTSTRAP] P├ígina 12: 500 draws | total=6000
[BOOTSTRAP] Buscando p├ígina 13...
[BOOTSTRAP] P├ígina 13: 500 draws | total=6500
[BOOTSTRAP] Buscando p├ígina 14...
[BOOTSTRAP] P├ígina 14: 500 draws | total=7000
[BOOTSTRAP] Buscando p├ígina 15...
[BOOTSTRAP] P├ígina 15: 500 draws | total=7500
[BOOTSTRAP] Buscando p├ígina 16...
[BOOTSTRAP] P├ígina 16: 500 draws | total=8000
[BOOTSTRAP] Buscando p├ígina 17...
[BOOTSTRAP] P├ígina 17: 500 draws | total=8500
[BOOTSTRAP] Buscando p├ígina 18...
[BOOTSTRAP] P├ígina 18: 500 draws | total=9000
[BOOTSTRAP] Buscando p├ígina 19...
[BOOTSTRAP] P├ígina 19: 500 draws | total=9500
[BOOTSTRAP] Buscando p├ígina 20...
[BOOTSTRAP] P├ígina 20: 500 draws | total=10000
[BOOTSTRAP] Buscando p├ígina 21...
[BOOTSTRAP] P├ígina 21: 500 draws | total=10500
[BOOTSTRAP] Buscando p├ígina 22...
[BOOTSTRAP] P├ígina 22: 500 draws | total=11000
[BOOTSTRAP] Buscando p├ígina 23...
[BOOTSTRAP] P├ígina 23: 172 draws | total=11172
[TOP3-HISTORY] Draws=11172 | meses=50
[TOP3-HISTORY] 2022-06 | draws=144 | bytesÔëê118865
[TOP3-HISTORY] 2022-07 | draws=186 | bytesÔëê153492
[TOP3-HISTORY] 2022-08 | draws=186 | bytesÔëê153494
[TOP3-HISTORY] 2022-09 | draws=180 | bytesÔëê148537
[TOP3-HISTORY] 2022-10 | draws=186 | bytesÔëê153520
[TOP3-HISTORY] 2022-11 | draws=180 | bytesÔëê148516
[TOP3-HISTORY] 2022-12 | draws=186 | bytesÔëê153485
[TOP3-HISTORY] 2023-01 | draws=186 | bytesÔëê153504
[TOP3-HISTORY] 2023-02 | draws=168 | bytesÔëê138652
[TOP3-HISTORY] 2023-03 | draws=186 | bytesÔëê153447
[TOP3-HISTORY] 2023-04 | draws=180 | bytesÔëê148536
[TOP3-HISTORY] 2023-05 | draws=186 | bytesÔëê153477
[TOP3-HISTORY] 2023-06 | draws=180 | bytesÔëê148543
[TOP3-HISTORY] 2023-07 | draws=186 | bytesÔëê153444
[TOP3-HISTORY] 2023-08 | draws=186 | bytesÔëê153449
[TOP3-HISTORY] 2023-09 | draws=240 | bytesÔëê197921
[TOP3-HISTORY] 2023-10 | draws=248 | bytesÔëê204547
[TOP3-HISTORY] 2023-11 | draws=240 | bytesÔëê197940
[TOP3-HISTORY] 2023-12 | draws=248 | bytesÔëê204529
[TOP3-HISTORY] 2024-01 | draws=248 | bytesÔëê210316
[TOP3-HISTORY] 2024-02 | draws=232 | bytesÔëê194883
[TOP3-HISTORY] 2024-03 | draws=248 | bytesÔëê204509
[TOP3-HISTORY] 2024-04 | draws=240 | bytesÔëê197922
[TOP3-HISTORY] 2024-05 | draws=248 | bytesÔëê204508
[TOP3-HISTORY] 2024-06 | draws=240 | bytesÔëê197937
[TOP3-HISTORY] 2024-07 | draws=248 | bytesÔëê204547
[TOP3-HISTORY] 2024-08 | draws=248 | bytesÔëê204529
[TOP3-HISTORY] 2024-09 | draws=240 | bytesÔëê197934
[TOP3-HISTORY] 2024-10 | draws=248 | bytesÔëê204552
[TOP3-HISTORY] 2024-11 | draws=240 | bytesÔëê197891
[TOP3-HISTORY] 2024-12 | draws=248 | bytesÔëê204537
[TOP3-HISTORY] 2025-01 | draws=248 | bytesÔëê204542
[TOP3-HISTORY] 2025-02 | draws=224 | bytesÔëê184761
[TOP3-HISTORY] 2025-03 | draws=256 | bytesÔëê211146
[TOP3-HISTORY] 2025-04 | draws=240 | bytesÔëê197985
[TOP3-HISTORY] 2025-05 | draws=248 | bytesÔëê204484
[TOP3-HISTORY] 2025-06 | draws=240 | bytesÔëê197921
[TOP3-HISTORY] 2025-07 | draws=248 | bytesÔëê204496
[TOP3-HISTORY] 2025-08 | draws=248 | bytesÔëê204542
[TOP3-HISTORY] 2025-09 | draws=240 | bytesÔëê197909
[TOP3-HISTORY] 2025-10 | draws=248 | bytesÔëê204543
[TOP3-HISTORY] 2025-11 | draws=240 | bytesÔëê197930
[TOP3-HISTORY] 2025-12 | draws=248 | bytesÔëê204505
[TOP3-HISTORY] 2026-01 | draws=248 | bytesÔëê204491
[TOP3-HISTORY] 2026-02 | draws=224 | bytesÔëê184759
[TOP3-HISTORY] 2026-03 | draws=248 | bytesÔëê204533
[TOP3-HISTORY] 2026-04 | draws=240 | bytesÔëê197916
[TOP3-HISTORY] 2026-05 | draws=248 | bytesÔëê204529
[TOP3-HISTORY] 2026-06 | draws=240 | bytesÔëê197968
[TOP3-HISTORY] 2026-07 | draws=186 | bytesÔëê153496

{
  "ok": true,
  "dryRun": true,
  "lotteryKey": "NACIONAL",
  "totalDraws": 11172,
  "months": [
    "2022-06",
    "2022-07",
    "2022-08",
    "2022-09",
    "2022-10",
    "2022-11",
    "2022-12",
    "2023-01",
    "2023-02",
    "2023-03",
    "2023-04",
    "2023-05",
    "2023-06",
    "2023-07",
    "2023-08",
    "2023-09",
    "2023-10",
    "2023-11",
    "2023-12",
    "2024-01",
    "2024-02",
    "2024-03",
    "2024-04",
    "2024-05",
    "2024-06",
    "2024-07",
    "2024-08",
    "2024-09",
    "2024-10",
    "2024-11",
    "2024-12",
    "2025-01",
    "2025-02",
    "2025-03",
    "2025-04",
    "2025-05",
    "2025-06",
    "2025-07",
    "2025-08",
    "2025-09",
    "2025-10",
    "2025-11",
    "2025-12",
    "2026-01",
    "2026-02",
    "2026-03",
    "2026-04",
    "2026-05",
    "2026-06",
    "2026-07"
  ],
  "monthCount": 50,
  "firstYmd": "2022-06-07",
  "lastYmd": "2026-07-24",
  "firstDrawId": "NACIONAL__2022-06-07__01-50__6c2b52ec-d613-4383-9c07-ff5ac7e04611",
  "lastDrawId": "NACIONAL__2026-07-24__08-00__76a3feee-faa6-4b6c-aae5-656fd6af7b6b",
  "oversizedMonths": [],
  "tookMs": 44381
}
