run-import (LOOK)	Set up job	´╗┐2026-07-20T15:58:42.7212878Z Current runner version: '2.335.1'
run-import (LOOK)	Set up job	2026-07-20T15:58:42.7241723Z ##[group]Runner Image Provisioner
run-import (LOOK)	Set up job	2026-07-20T15:58:42.7243266Z Hosted Compute Agent
run-import (LOOK)	Set up job	2026-07-20T15:58:42.7244250Z Version: 20260707.563
run-import (LOOK)	Set up job	2026-07-20T15:58:42.7245203Z Commit: 02667638d2b423fbc733a8e32a88b44996a3ba6e
run-import (LOOK)	Set up job	2026-07-20T15:58:42.7246282Z Build Date: 2026-07-07T19:33:50Z
run-import (LOOK)	Set up job	2026-07-20T15:58:42.7247368Z Worker ID: ***c4d99bbf-ac43-4721-b254-53e05e5851f1***
run-import (LOOK)	Set up job	2026-07-20T15:58:42.7248456Z Azure Region: centralus
run-import (LOOK)	Set up job	2026-07-20T15:58:42.7249293Z ##[endgroup]
run-import (LOOK)	Set up job	2026-07-20T15:58:42.7251093Z ##[group]Operating System
run-import (LOOK)	Set up job	2026-07-20T15:58:42.7252012Z Ubuntu
run-import (LOOK)	Set up job	2026-07-20T15:58:42.7252934Z 24.04.4
run-import (LOOK)	Set up job	2026-07-20T15:58:42.7254022Z LTS
run-import (LOOK)	Set up job	2026-07-20T15:58:42.7254828Z ##[endgroup]
run-import (LOOK)	Set up job	2026-07-20T15:58:42.7255701Z ##[group]Runner Image
run-import (LOOK)	Set up job	2026-07-20T15:58:42.7256574Z Image: ubuntu-24.04
run-import (LOOK)	Set up job	2026-07-20T15:58:42.7257399Z Version: 20260714.240.1
run-import (LOOK)	Set up job	2026-07-20T15:58:42.7258730Z Included Software: https://github.com/actions/runner-images/blob/ubuntu24/20260714.240/images/ubuntu/Ubuntu2404-Readme.md
run-import (LOOK)	Set up job	2026-07-20T15:58:42.7260773Z Image Release: https://github.com/actions/runner-images/releases/tag/ubuntu24%2F20260714.240
run-import (LOOK)	Set up job	2026-07-20T15:58:42.7262036Z ##[endgroup]
run-import (LOOK)	Set up job	2026-07-20T15:58:42.7263792Z ##[group]GITHUB_TOKEN Permissions
run-import (LOOK)	Set up job	2026-07-20T15:58:42.7266233Z Contents: read
run-import (LOOK)	Set up job	2026-07-20T15:58:42.7267148Z Metadata: read
run-import (LOOK)	Set up job	2026-07-20T15:58:42.7268026Z ##[endgroup]
run-import (LOOK)	Set up job	2026-07-20T15:58:42.7270602Z Secret source: Actions
run-import (LOOK)	Set up job	2026-07-20T15:58:42.7272015Z Prepare workflow directory
run-import (LOOK)	Set up job	2026-07-20T15:58:42.7819404Z Prepare all required actions
run-import (LOOK)	Set up job	2026-07-20T15:58:42.7859091Z Getting action download info
run-import (LOOK)	Set up job	2026-07-20T15:58:43.0166558Z Download action repository 'actions/checkout@v4' (SHA:11d5960a326750d5838078e36cf38b85af677262)
run-import (LOOK)	Set up job	2026-07-20T15:58:43.7595722Z Download action repository 'actions/setup-node@v4' (SHA:49933ea5288caeca8642d1e84afbd3f7d6820020)
run-import (LOOK)	Set up job	2026-07-20T15:58:44.0205861Z Complete job name: run-import (LOOK)
run-import (LOOK)	Checkout do reposit├│rio	´╗┐2026-07-20T15:58:44.0931431Z Node 20 is being deprecated. This workflow is running with Node 24 by default. If you need to temporarily use Node 20, you can set the ACTIONS_ALLOW_USE_UNSECURE_NODE_VERSION=true environment variable. For more information see: https://github.blog/changelog/2025-09-19-deprecation-of-node-20-on-github-actions-runners/
run-import (LOOK)	Checkout do reposit├│rio	2026-07-20T15:58:44.0940461Z ##[group]Run actions/checkout@v4
run-import (LOOK)	Checkout do reposit├│rio	2026-07-20T15:58:44.0941425Z with:
run-import (LOOK)	Checkout do reposit├│rio	2026-07-20T15:58:44.0942170Z   repository: glauberseguros-commits/palpitacojb
run-import (LOOK)	Checkout do reposit├│rio	2026-07-20T15:58:44.0947172Z   token: ***
run-import (LOOK)	Checkout do reposit├│rio	2026-07-20T15:58:44.0947825Z   ssh-strict: true
run-import (LOOK)	Checkout do reposit├│rio	2026-07-20T15:58:44.0948479Z   ssh-user: git
run-import (LOOK)	Checkout do reposit├│rio	2026-07-20T15:58:44.0949140Z   persist-credentials: true
run-import (LOOK)	Checkout do reposit├│rio	2026-07-20T15:58:44.0949863Z   clean: true
run-import (LOOK)	Checkout do reposit├│rio	2026-07-20T15:58:44.0950525Z   sparse-checkout-cone-mode: true
run-import (LOOK)	Checkout do reposit├│rio	2026-07-20T15:58:44.0951261Z   fetch-depth: 1
run-import (LOOK)	Checkout do reposit├│rio	2026-07-20T15:58:44.0951898Z   fetch-tags: false
run-import (LOOK)	Checkout do reposit├│rio	2026-07-20T15:58:44.0952557Z   show-progress: true
run-import (LOOK)	Checkout do reposit├│rio	2026-07-20T15:58:44.0953623Z   lfs: false
run-import (LOOK)	Checkout do reposit├│rio	2026-07-20T15:58:44.0954254Z   submodules: false
run-import (LOOK)	Checkout do reposit├│rio	2026-07-20T15:58:44.0954982Z   set-safe-directory: true
run-import (LOOK)	Checkout do reposit├│rio	2026-07-20T15:58:44.0955727Z   allow-unsafe-pr-checkout: false
run-import (LOOK)	Checkout do reposit├│rio	2026-07-20T15:58:44.0956787Z env:
run-import (LOOK)	Checkout do reposit├│rio	2026-07-20T15:58:44.0957415Z   TZ: America/Sao_Paulo
run-import (LOOK)	Checkout do reposit├│rio	2026-07-20T15:58:44.0958202Z   PITACO_API_BASE: https://api.palpitacojb.com.br
run-import (LOOK)	Checkout do reposit├│rio	2026-07-20T15:58:44.0959105Z ##[endgroup]
run-import (LOOK)	Checkout do reposit├│rio	2026-07-20T15:58:44.2042582Z Syncing repository: glauberseguros-commits/palpitacojb
run-import (LOOK)	Checkout do reposit├│rio	2026-07-20T15:58:44.2045830Z ##[group]Getting Git version info
run-import (LOOK)	Checkout do reposit├│rio	2026-07-20T15:58:44.2047629Z Working directory is '/home/runner/work/palpitacojb/palpitacojb'
run-import (LOOK)	Checkout do reposit├│rio	2026-07-20T15:58:44.2049524Z [command]/usr/bin/git version
run-import (LOOK)	Checkout do reposit├│rio	2026-07-20T15:58:44.2105336Z git version 2.54.0
run-import (LOOK)	Checkout do reposit├│rio	2026-07-20T15:58:44.2128815Z ##[endgroup]
run-import (LOOK)	Checkout do reposit├│rio	2026-07-20T15:58:44.2154590Z Temporarily overriding HOME='/home/runner/work/_temp/28cdf5b1-6edb-4c24-bd1d-07720d42261a' before making global git config changes
run-import (LOOK)	Checkout do reposit├│rio	2026-07-20T15:58:44.2157099Z Adding repository directory to the temporary git global config as a safe directory
run-import (LOOK)	Checkout do reposit├│rio	2026-07-20T15:58:44.2161027Z [command]/usr/bin/git config --global --add safe.directory /home/runner/work/palpitacojb/palpitacojb
run-import (LOOK)	Checkout do reposit├│rio	2026-07-20T15:58:44.2216848Z Deleting the contents of '/home/runner/work/palpitacojb/palpitacojb'
run-import (LOOK)	Checkout do reposit├│rio	2026-07-20T15:58:44.2221067Z ##[group]Initializing the repository
run-import (LOOK)	Checkout do reposit├│rio	2026-07-20T15:58:44.2226230Z [command]/usr/bin/git init /home/runner/work/palpitacojb/palpitacojb
run-import (LOOK)	Checkout do reposit├│rio	2026-07-20T15:58:44.2328420Z hint: Using 'master' as the name for the initial branch. This default branch name
run-import (LOOK)	Checkout do reposit├│rio	2026-07-20T15:58:44.2330291Z hint: will change to "main" in Git 3.0. To configure the initial branch name
run-import (LOOK)	Checkout do reposit├│rio	2026-07-20T15:58:44.2331859Z hint: to use in all of your new repositories, which will suppress this warning,
run-import (LOOK)	Checkout do reposit├│rio	2026-07-20T15:58:44.2333573Z hint: call:
run-import (LOOK)	Checkout do reposit├│rio	2026-07-20T15:58:44.2334566Z hint:
run-import (LOOK)	Checkout do reposit├│rio	2026-07-20T15:58:44.2335744Z hint: 	git config --global init.defaultBranch <name>
run-import (LOOK)	Checkout do reposit├│rio	2026-07-20T15:58:44.2336950Z hint:
run-import (LOOK)	Checkout do reposit├│rio	2026-07-20T15:58:44.2338521Z hint: Names commonly chosen instead of 'master' are 'main', 'trunk' and
run-import (LOOK)	Checkout do reposit├│rio	2026-07-20T15:58:44.2340813Z hint: 'development'. The just-created branch can be renamed via this command:
run-import (LOOK)	Checkout do reposit├│rio	2026-07-20T15:58:44.2343556Z hint:
run-import (LOOK)	Checkout do reposit├│rio	2026-07-20T15:58:44.2345157Z hint: 	git branch -m <name>
run-import (LOOK)	Checkout do reposit├│rio	2026-07-20T15:58:44.2346860Z hint:
run-import (LOOK)	Checkout do reposit├│rio	2026-07-20T15:58:44.2348602Z hint: Disable this message with "git config set advice.defaultBranchName false"
run-import (LOOK)	Checkout do reposit├│rio	2026-07-20T15:58:44.2351457Z Initialized empty Git repository in /home/runner/work/palpitacojb/palpitacojb/.git/
run-import (LOOK)	Checkout do reposit├│rio	2026-07-20T15:58:44.2357064Z [command]/usr/bin/git remote add origin https://github.com/glauberseguros-commits/palpitacojb
run-import (LOOK)	Checkout do reposit├│rio	2026-07-20T15:58:44.2402684Z ##[endgroup]
run-import (LOOK)	Checkout do reposit├│rio	2026-07-20T15:58:44.2404617Z ##[group]Disabling automatic garbage collection
run-import (LOOK)	Checkout do reposit├│rio	2026-07-20T15:58:44.2406999Z [command]/usr/bin/git config --local gc.auto 0
run-import (LOOK)	Checkout do reposit├│rio	2026-07-20T15:58:44.2441103Z ##[endgroup]
run-import (LOOK)	Checkout do reposit├│rio	2026-07-20T15:58:44.2443904Z ##[group]Setting up auth
run-import (LOOK)	Checkout do reposit├│rio	2026-07-20T15:58:44.2448132Z [command]/usr/bin/git config --local --name-only --get-regexp core\.sshCommand
run-import (LOOK)	Checkout do reposit├│rio	2026-07-20T15:58:44.2486652Z [command]/usr/bin/git submodule foreach --recursive sh -c "git config --local --name-only --get-regexp 'core\.sshCommand' && git config --local --unset-all 'core.sshCommand' || :"
run-import (LOOK)	Checkout do reposit├│rio	2026-07-20T15:58:44.2879074Z [command]/usr/bin/git config --local --name-only --get-regexp http\.https\:\/\/github\.com\/\.extraheader
run-import (LOOK)	Checkout do reposit├│rio	2026-07-20T15:58:44.2920735Z [command]/usr/bin/git submodule foreach --recursive sh -c "git config --local --name-only --get-regexp 'http\.https\:\/\/github\.com\/\.extraheader' && git config --local --unset-all 'http.https://github.com/.extraheader' || :"
run-import (LOOK)	Checkout do reposit├│rio	2026-07-20T15:58:44.3168537Z [command]/usr/bin/git config --local --name-only --get-regexp ^includeIf\.gitdir:
run-import (LOOK)	Checkout do reposit├│rio	2026-07-20T15:58:44.3208655Z [command]/usr/bin/git submodule foreach --recursive git config --local --show-origin --name-only --get-regexp remote.origin.url
run-import (LOOK)	Checkout do reposit├│rio	2026-07-20T15:58:44.3454986Z [command]/usr/bin/git config --local http.https://github.com/.extraheader AUTHORIZATION: basic ***
run-import (LOOK)	Checkout do reposit├│rio	2026-07-20T15:58:44.3497316Z ##[endgroup]
run-import (LOOK)	Checkout do reposit├│rio	2026-07-20T15:58:44.3498510Z ##[group]Fetching the repository
run-import (LOOK)	Checkout do reposit├│rio	2026-07-20T15:58:44.3509438Z [command]/usr/bin/git -c protocol.version=2 fetch --no-tags --prune --no-recurse-submodules --depth=1 origin +0f61643c1e2ac6881721807ff4917cd4d1210166:refs/remotes/origin/main
run-import (LOOK)	Checkout do reposit├│rio	2026-07-20T15:58:45.5013892Z From https://github.com/glauberseguros-commits/palpitacojb
run-import (LOOK)	Checkout do reposit├│rio	2026-07-20T15:58:45.5018066Z  * [new ref]         0f61643c1e2ac6881721807ff4917cd4d1210166 -> origin/main
run-import (LOOK)	Checkout do reposit├│rio	2026-07-20T15:58:45.5053762Z ##[endgroup]
run-import (LOOK)	Checkout do reposit├│rio	2026-07-20T15:58:45.5056392Z ##[group]Determining the checkout info
run-import (LOOK)	Checkout do reposit├│rio	2026-07-20T15:58:45.5146950Z ##[endgroup]
run-import (LOOK)	Checkout do reposit├│rio	2026-07-20T15:58:45.5148807Z [command]/usr/bin/git sparse-checkout disable
run-import (LOOK)	Checkout do reposit├│rio	2026-07-20T15:58:45.5153803Z [command]/usr/bin/git config --local --unset-all extensions.worktreeConfig
run-import (LOOK)	Checkout do reposit├│rio	2026-07-20T15:58:45.5162073Z ##[group]Checking out the ref
run-import (LOOK)	Checkout do reposit├│rio	2026-07-20T15:58:45.5166649Z [command]/usr/bin/git checkout --progress --force -B main refs/remotes/origin/main
run-import (LOOK)	Checkout do reposit├│rio	2026-07-20T15:58:45.6008888Z Switched to a new branch 'main'
run-import (LOOK)	Checkout do reposit├│rio	2026-07-20T15:58:45.6015245Z branch 'main' set up to track 'origin/main'.
run-import (LOOK)	Checkout do reposit├│rio	2026-07-20T15:58:45.6028442Z ##[endgroup]
run-import (LOOK)	Checkout do reposit├│rio	2026-07-20T15:58:45.6086283Z [command]/usr/bin/git log -1 --format=%H
run-import (LOOK)	Checkout do reposit├│rio	2026-07-20T15:58:45.6116306Z 0f61643c1e2ac6881721807ff4917cd4d1210166
run-import (LOOK)	Setup Node.js	´╗┐2026-07-20T15:58:45.6502550Z Node 20 is being deprecated. This workflow is running with Node 24 by default. If you need to temporarily use Node 20, you can set the ACTIONS_ALLOW_USE_UNSECURE_NODE_VERSION=true environment variable. For more information see: https://github.blog/changelog/2025-09-19-deprecation-of-node-20-on-github-actions-runners/
run-import (LOOK)	Setup Node.js	2026-07-20T15:58:45.6508697Z ##[group]Run actions/setup-node@v4
run-import (LOOK)	Setup Node.js	2026-07-20T15:58:45.6510154Z with:
run-import (LOOK)	Setup Node.js	2026-07-20T15:58:45.6511322Z   node-version: 20
run-import (LOOK)	Setup Node.js	2026-07-20T15:58:45.6512586Z   always-auth: false
run-import (LOOK)	Setup Node.js	2026-07-20T15:58:45.6514049Z   check-latest: false
run-import (LOOK)	Setup Node.js	2026-07-20T15:58:45.6524573Z   token: ***
run-import (LOOK)	Setup Node.js	2026-07-20T15:58:45.6525767Z env:
run-import (LOOK)	Setup Node.js	2026-07-20T15:58:45.6526919Z   TZ: America/Sao_Paulo
run-import (LOOK)	Setup Node.js	2026-07-20T15:58:45.6528430Z   PITACO_API_BASE: https://api.palpitacojb.com.br
run-import (LOOK)	Setup Node.js	2026-07-20T15:58:45.6530116Z ##[endgroup]
run-import (LOOK)	Setup Node.js	2026-07-20T15:58:45.7976895Z Attempting to download 20...
run-import (LOOK)	Setup Node.js	2026-07-20T15:58:45.8084775Z (node:2285) [DEP0040] DeprecationWarning: The `punycode` module is deprecated. Please use a userland alternative instead.
run-import (LOOK)	Setup Node.js	2026-07-20T15:58:45.8089676Z (Use `node --trace-deprecation ...` to show where the warning was created)
run-import (LOOK)	Setup Node.js	2026-07-20T15:58:46.5286603Z Acquiring 20.20.2 - x64 from https://github.com/actions/node-versions/releases/download/20.20.2-23521894959/node-20.20.2-linux-x64.tar.gz
run-import (LOOK)	Setup Node.js	2026-07-20T15:58:47.0898968Z Extracting ...
run-import (LOOK)	Setup Node.js	2026-07-20T15:58:47.1015473Z [command]/usr/bin/tar xz --strip 1 --warning=no-unknown-keyword --overwrite -C /home/runner/work/_temp/650b58cc-fb83-4676-ad89-150db68e92b1 -f /home/runner/work/_temp/08203344-967b-4bb5-b094-2fbf1a3d32cd
run-import (LOOK)	Setup Node.js	2026-07-20T15:58:48.2025963Z Adding to the cache ...
run-import (LOOK)	Setup Node.js	2026-07-20T15:58:49.7783150Z ##[group]Environment details
run-import (LOOK)	Setup Node.js	2026-07-20T15:58:49.9940336Z node: v20.20.2
run-import (LOOK)	Setup Node.js	2026-07-20T15:58:49.9941012Z npm: 10.8.2
run-import (LOOK)	Setup Node.js	2026-07-20T15:58:49.9941446Z yarn: 1.22.22
run-import (LOOK)	Setup Node.js	2026-07-20T15:58:49.9942289Z ##[endgroup]
run-import (LOOK)	Instalar depend├¬ncias (backend)	´╗┐2026-07-20T15:58:50.0114642Z ##[group]Run npm ci
run-import (LOOK)	Instalar depend├¬ncias (backend)	2026-07-20T15:58:50.0115046Z ^[[36;1mnpm ci^[[0m
run-import (LOOK)	Instalar depend├¬ncias (backend)	2026-07-20T15:58:50.0205579Z shell: /usr/bin/bash -e ***0***
run-import (LOOK)	Instalar depend├¬ncias (backend)	2026-07-20T15:58:50.0205973Z env:
run-import (LOOK)	Instalar depend├¬ncias (backend)	2026-07-20T15:58:50.0206254Z   TZ: America/Sao_Paulo
run-import (LOOK)	Instalar depend├¬ncias (backend)	2026-07-20T15:58:50.0206660Z   PITACO_API_BASE: https://api.palpitacojb.com.br
run-import (LOOK)	Instalar depend├¬ncias (backend)	2026-07-20T15:58:50.0207124Z ##[endgroup]
run-import (LOOK)	Instalar depend├¬ncias (backend)	2026-07-20T15:58:53.7633987Z 
run-import (LOOK)	Instalar depend├¬ncias (backend)	2026-07-20T15:58:53.7639916Z added 302 packages, and audited 303 packages in 4s
run-import (LOOK)	Instalar depend├¬ncias (backend)	2026-07-20T15:58:53.7640697Z 
run-import (LOOK)	Instalar depend├¬ncias (backend)	2026-07-20T15:58:53.7641281Z 35 packages are looking for funding
run-import (LOOK)	Instalar depend├¬ncias (backend)	2026-07-20T15:58:53.7929803Z   run `npm fund` for details
run-import (LOOK)	Instalar depend├¬ncias (backend)	2026-07-20T15:58:53.7930131Z 
run-import (LOOK)	Instalar depend├¬ncias (backend)	2026-07-20T15:58:53.7930484Z 22 vulnerabilities (1 low, 13 moderate, 5 high, 3 critical)
run-import (LOOK)	Instalar depend├¬ncias (backend)	2026-07-20T15:58:53.7930817Z 
run-import (LOOK)	Instalar depend├¬ncias (backend)	2026-07-20T15:58:53.7931081Z To address issues that do not require attention, run:
run-import (LOOK)	Instalar depend├¬ncias (backend)	2026-07-20T15:58:53.7931502Z   npm audit fix
run-import (LOOK)	Instalar depend├¬ncias (backend)	2026-07-20T15:58:53.7931681Z 
run-import (LOOK)	Instalar depend├¬ncias (backend)	2026-07-20T15:58:53.7931966Z To address all issues (including breaking changes), run:
run-import (LOOK)	Instalar depend├¬ncias (backend)	2026-07-20T15:58:53.7932472Z   npm audit fix --force
run-import (LOOK)	Instalar depend├¬ncias (backend)	2026-07-20T15:58:53.7932816Z 
run-import (LOOK)	Instalar depend├¬ncias (backend)	2026-07-20T15:58:53.7933205Z Run `npm audit` for details.
run-import (LOOK)	Rodar importa├º├úo autom├ítica (LOOK)	´╗┐2026-07-20T15:58:53.8157557Z ##[group]Run node scripts/autoImportToday.js
run-import (LOOK)	Rodar importa├º├úo autom├ítica (LOOK)	2026-07-20T15:58:53.8158031Z ^[[36;1mnode scripts/autoImportToday.js^[[0m
run-import (LOOK)	Rodar importa├º├úo autom├ítica (LOOK)	2026-07-20T15:58:53.8223555Z shell: /usr/bin/bash -e ***0***
run-import (LOOK)	Rodar importa├º├úo autom├ítica (LOOK)	2026-07-20T15:58:53.8223914Z env:
run-import (LOOK)	Rodar importa├º├úo autom├ítica (LOOK)	2026-07-20T15:58:53.8224193Z   TZ: America/Sao_Paulo
run-import (LOOK)	Rodar importa├º├úo autom├ítica (LOOK)	2026-07-20T15:58:53.8224617Z   PITACO_API_BASE: https://api.palpitacojb.com.br
run-import (LOOK)	Rodar importa├º├úo autom├ítica (LOOK)	2026-07-20T15:58:53.8234422Z   FIREBASE_ADMIN_SA_JSON: ***
run-import (LOOK)	Rodar importa├º├úo autom├ítica (LOOK)	
run-import (LOOK)	Rodar importa├º├úo autom├ítica (LOOK)	2026-07-20T15:58:53.8234805Z   LOTTERY: LOOK
run-import (LOOK)	Rodar importa├º├úo autom├ítica (LOOK)	2026-07-20T15:58:53.8235087Z   FAIL_ON_CRITICAL: 1
run-import (LOOK)	Rodar importa├º├úo autom├ítica (LOOK)	2026-07-20T15:58:53.8235385Z   AUDIT_WARN_MIN: 20
run-import (LOOK)	Rodar importa├º├úo autom├ítica (LOOK)	2026-07-20T15:58:53.8235669Z   AUDIT_CRIT_MIN: 60
run-import (LOOK)	Rodar importa├º├úo autom├ítica (LOOK)	2026-07-20T15:58:53.8235949Z ##[endgroup]
run-import (LOOK)	Rodar importa├º├úo autom├ítica (LOOK)	2026-07-20T15:58:54.0262406Z [CFG] PITACO_API_BASE efetivo => https://api.palpitacojb.com.br
run-import (LOOK)	Rodar importa├º├úo autom├ítica (LOOK)	2026-07-20T15:58:55.2258714Z [AUTO] CATCH-UP p├│s-release 2026-07-20 slot=11:00 (HARD) releaseAt=11:29 window=11:05~11:35 (fora da janela)
run-import (LOOK)	Rodar importa├º├úo autom├ítica (LOOK)	2026-07-20T15:58:55.2263941Z [AUTO] tentando 2026-07-20 slot=11:00 (HARD) window=11:05-11:35 closes=11:00,11:01,11:02,11:09,11:10,11:11
run-import (LOOK)	Rodar importa├º├úo autom├ítica (LOOK)	2026-07-20T15:58:56.6969020Z [FETCH] LOOK 2026-07-20 per-lottery=8 -> merged_draws=3 close_hours=[07:09, 09:09, 11:12]
run-import (LOOK)	Rodar importa├º├úo autom├ítica (LOOK)	2026-07-20T15:58:56.6984428Z [AUTO] api_missing_slot slot=11:00 (HARD) close=11:00 -> parando closes candidatos (vai retry depois)
run-import (LOOK)	Rodar importa├º├úo autom├ítica (LOOK)	2026-07-20T15:58:56.6985979Z [AUTO] ainda indispon├¡vel slot=11:00 (nenhum close candidato capturou)
run-import (LOOK)	Rodar importa├º├úo autom├ítica (LOOK)	2026-07-20T15:58:56.6994586Z [ALERT] HARD slot perdeu janela: date=2026-07-20 slot=07:00 releaseAt=07:29 windowEnd=07:35 tries=0
run-import (LOOK)	Rodar importa├º├úo autom├ítica (LOOK)	2026-07-20T15:58:56.7014339Z [ALERT] HARD slot CRITICAL: date=2026-07-20 slot=07:00 since=329min (>=60) tries=0
run-import (LOOK)	Rodar importa├º├úo autom├ítica (LOOK)	2026-07-20T15:58:56.7015798Z [ALERT] HARD slot perdeu janela: date=2026-07-20 slot=09:00 releaseAt=09:29 windowEnd=09:35 tries=0
run-import (LOOK)	Rodar importa├º├úo autom├ítica (LOOK)	2026-07-20T15:58:56.7017243Z [ALERT] HARD slot CRITICAL: date=2026-07-20 slot=09:00 since=209min (>=60) tries=0
run-import (LOOK)	Rodar importa├º├úo autom├ítica (LOOK)	2026-07-20T15:58:56.7018664Z [ALERT] HARD slot perdeu janela: date=2026-07-20 slot=11:00 releaseAt=11:29 windowEnd=11:35 tries=1
run-import (LOOK)	Rodar importa├º├úo autom├ítica (LOOK)	2026-07-20T15:58:56.7020039Z [ALERT] HARD slot CRITICAL: date=2026-07-20 slot=11:00 since=89min (>=60) tries=1
run-import (LOOK)	Rodar importa├º├úo autom├ítica (LOOK)	2026-07-20T15:58:56.7021793Z [AUDIT] CRITICAL missing=3 warning=0 softLate=0 (relat├│rio salvo em auditCritical-LOOK-2026-07-20.json)
run-import (LOOK)	Rodar importa├º├úo autom├ítica (LOOK)	2026-07-20T15:58:56.7023270Z [AUDIT] FAIL_ON_CRITICAL=1 => exit(2)
run-import (LOOK)	Rodar importa├º├úo autom├ítica (LOOK)	2026-07-20T15:58:56.7110382Z ##[error]Process completed with exit code 2.
run-import (LOOK)	Post Checkout do reposit├│rio	´╗┐2026-07-20T15:58:56.7273159Z Node 20 is being deprecated. This workflow is running with Node 24 by default. If you need to temporarily use Node 20, you can set the ACTIONS_ALLOW_USE_UNSECURE_NODE_VERSION=true environment variable. For more information see: https://github.blog/changelog/2025-09-19-deprecation-of-node-20-on-github-actions-runners/
run-import (LOOK)	Post Checkout do reposit├│rio	2026-07-20T15:58:56.7274467Z Post job cleanup.
run-import (LOOK)	Post Checkout do reposit├│rio	2026-07-20T15:58:56.8109791Z [command]/usr/bin/git version
run-import (LOOK)	Post Checkout do reposit├│rio	2026-07-20T15:58:56.8152096Z git version 2.54.0
run-import (LOOK)	Post Checkout do reposit├│rio	2026-07-20T15:58:56.8221365Z Temporarily overriding HOME='/home/runner/work/_temp/72af5db9-2656-4bb0-983f-e3e4f398c706' before making global git config changes
run-import (LOOK)	Post Checkout do reposit├│rio	2026-07-20T15:58:56.8223244Z Adding repository directory to the temporary git global config as a safe directory
run-import (LOOK)	Post Checkout do reposit├│rio	2026-07-20T15:58:56.8237233Z [command]/usr/bin/git config --global --add safe.directory /home/runner/work/palpitacojb/palpitacojb
run-import (LOOK)	Post Checkout do reposit├│rio	2026-07-20T15:58:56.8267453Z [command]/usr/bin/git config --local --name-only --get-regexp core\.sshCommand
run-import (LOOK)	Post Checkout do reposit├│rio	2026-07-20T15:58:56.8303639Z [command]/usr/bin/git submodule foreach --recursive sh -c "git config --local --name-only --get-regexp 'core\.sshCommand' && git config --local --unset-all 'core.sshCommand' || :"
run-import (LOOK)	Post Checkout do reposit├│rio	2026-07-20T15:58:56.8568644Z [command]/usr/bin/git config --local --name-only --get-regexp http\.https\:\/\/github\.com\/\.extraheader
run-import (LOOK)	Post Checkout do reposit├│rio	2026-07-20T15:58:56.8599444Z http.https://github.com/.extraheader
run-import (LOOK)	Post Checkout do reposit├│rio	2026-07-20T15:58:56.8610426Z [command]/usr/bin/git config --local --unset-all http.https://github.com/.extraheader
run-import (LOOK)	Post Checkout do reposit├│rio	2026-07-20T15:58:56.8648070Z [command]/usr/bin/git submodule foreach --recursive sh -c "git config --local --name-only --get-regexp 'http\.https\:\/\/github\.com\/\.extraheader' && git config --local --unset-all 'http.https://github.com/.extraheader' || :"
run-import (LOOK)	Post Checkout do reposit├│rio	2026-07-20T15:58:56.8913671Z [command]/usr/bin/git config --local --name-only --get-regexp ^includeIf\.gitdir:
run-import (LOOK)	Post Checkout do reposit├│rio	2026-07-20T15:58:56.8952100Z [command]/usr/bin/git submodule foreach --recursive git config --local --show-origin --name-only --get-regexp remote.origin.url
run-import (LOOK)	Complete job	´╗┐2026-07-20T15:58:56.9373261Z Cleaning up orphan processes
run-import (LOOK)	Complete job	2026-07-20T15:58:56.9669958Z ##[warning]Node.js 20 is deprecated. The following actions target Node.js 20 but are being forced to run on Node.js 24: actions/checkout@v4, actions/setup-node@v4. For more information see: https://github.blog/changelog/2025-09-19-deprecation-of-node-20-on-github-actions-runners/
