run-import (LOOK)	UNKNOWN STEP	´╗┐2026-07-20T20:37:05.4721845Z Current runner version: '2.335.1'
run-import (LOOK)	UNKNOWN STEP	2026-07-20T20:37:05.4748750Z ##[group]Runner Image Provisioner
run-import (LOOK)	UNKNOWN STEP	2026-07-20T20:37:05.4750180Z Hosted Compute Agent
run-import (LOOK)	UNKNOWN STEP	2026-07-20T20:37:05.4751086Z Version: 20260707.563
run-import (LOOK)	UNKNOWN STEP	2026-07-20T20:37:05.4751964Z Commit: 02667638d2b423fbc733a8e32a88b44996a3ba6e
run-import (LOOK)	UNKNOWN STEP	2026-07-20T20:37:05.4752935Z Build Date: 2026-07-07T19:33:50Z
run-import (LOOK)	UNKNOWN STEP	2026-07-20T20:37:05.4753939Z Worker ID: ***e216ab31-a857-461a-a08b-a0e93ad37bea***
run-import (LOOK)	UNKNOWN STEP	2026-07-20T20:37:05.4755001Z Azure Region: westus
run-import (LOOK)	UNKNOWN STEP	2026-07-20T20:37:05.4755857Z ##[endgroup]
run-import (LOOK)	UNKNOWN STEP	2026-07-20T20:37:05.4757955Z ##[group]Operating System
run-import (LOOK)	UNKNOWN STEP	2026-07-20T20:37:05.4758981Z Ubuntu
run-import (LOOK)	UNKNOWN STEP	2026-07-20T20:37:05.4760012Z 24.04.4
run-import (LOOK)	UNKNOWN STEP	2026-07-20T20:37:05.4760892Z LTS
run-import (LOOK)	UNKNOWN STEP	2026-07-20T20:37:05.4761582Z ##[endgroup]
run-import (LOOK)	UNKNOWN STEP	2026-07-20T20:37:05.4762528Z ##[group]Runner Image
run-import (LOOK)	UNKNOWN STEP	2026-07-20T20:37:05.4763285Z Image: ubuntu-24.04
run-import (LOOK)	UNKNOWN STEP	2026-07-20T20:37:05.4764100Z Version: 20260714.240.1
run-import (LOOK)	UNKNOWN STEP	2026-07-20T20:37:05.4765579Z Included Software: https://github.com/actions/runner-images/blob/ubuntu24/20260714.240/images/ubuntu/Ubuntu2404-Readme.md
run-import (LOOK)	UNKNOWN STEP	2026-07-20T20:37:05.4767380Z Image Release: https://github.com/actions/runner-images/releases/tag/ubuntu24%2F20260714.240
run-import (LOOK)	UNKNOWN STEP	2026-07-20T20:37:05.4768590Z ##[endgroup]
run-import (LOOK)	UNKNOWN STEP	2026-07-20T20:37:05.4770320Z ##[group]GITHUB_TOKEN Permissions
run-import (LOOK)	UNKNOWN STEP	2026-07-20T20:37:05.4772735Z Contents: read
run-import (LOOK)	UNKNOWN STEP	2026-07-20T20:37:05.4773506Z Metadata: read
run-import (LOOK)	UNKNOWN STEP	2026-07-20T20:37:05.4774274Z ##[endgroup]
run-import (LOOK)	UNKNOWN STEP	2026-07-20T20:37:05.4776673Z Secret source: Actions
run-import (LOOK)	UNKNOWN STEP	2026-07-20T20:37:05.4777688Z Prepare workflow directory
run-import (LOOK)	UNKNOWN STEP	2026-07-20T20:37:05.5349994Z Prepare all required actions
run-import (LOOK)	UNKNOWN STEP	2026-07-20T20:37:05.5388619Z Getting action download info
run-import (LOOK)	UNKNOWN STEP	2026-07-20T20:37:05.8875776Z Download action repository 'actions/checkout@v4' (SHA:11d5960a326750d5838078e36cf38b85af677262)
run-import (LOOK)	UNKNOWN STEP	2026-07-20T20:37:06.3727477Z Download action repository 'actions/setup-node@v4' (SHA:49933ea5288caeca8642d1e84afbd3f7d6820020)
run-import (LOOK)	UNKNOWN STEP	2026-07-20T20:37:06.6181880Z Complete job name: run-import (LOOK)
run-import (LOOK)	UNKNOWN STEP	2026-07-20T20:37:06.6900677Z Node 20 is being deprecated. This workflow is running with Node 24 by default. If you need to temporarily use Node 20, you can set the ACTIONS_ALLOW_USE_UNSECURE_NODE_VERSION=true environment variable. For more information see: https://github.blog/changelog/2025-09-19-deprecation-of-node-20-on-github-actions-runners/
run-import (LOOK)	UNKNOWN STEP	2026-07-20T20:37:06.6910029Z ##[group]Run actions/checkout@v4
run-import (LOOK)	UNKNOWN STEP	2026-07-20T20:37:06.6910926Z with:
run-import (LOOK)	UNKNOWN STEP	2026-07-20T20:37:06.6911572Z   repository: glauberseguros-commits/palpitacojb
run-import (LOOK)	UNKNOWN STEP	2026-07-20T20:37:06.6915644Z   token: ***
run-import (LOOK)	UNKNOWN STEP	2026-07-20T20:37:06.6916207Z   ssh-strict: true
run-import (LOOK)	UNKNOWN STEP	2026-07-20T20:37:06.6916795Z   ssh-user: git
run-import (LOOK)	UNKNOWN STEP	2026-07-20T20:37:06.6917370Z   persist-credentials: true
run-import (LOOK)	UNKNOWN STEP	2026-07-20T20:37:06.6917998Z   clean: true
run-import (LOOK)	UNKNOWN STEP	2026-07-20T20:37:06.6918583Z   sparse-checkout-cone-mode: true
run-import (LOOK)	UNKNOWN STEP	2026-07-20T20:37:06.6919469Z   fetch-depth: 1
run-import (LOOK)	UNKNOWN STEP	2026-07-20T20:37:06.6920026Z   fetch-tags: false
run-import (LOOK)	UNKNOWN STEP	2026-07-20T20:37:06.6920599Z   show-progress: true
run-import (LOOK)	UNKNOWN STEP	2026-07-20T20:37:06.6921179Z   lfs: false
run-import (LOOK)	UNKNOWN STEP	2026-07-20T20:37:06.6921769Z   submodules: false
run-import (LOOK)	UNKNOWN STEP	2026-07-20T20:37:06.6922421Z   set-safe-directory: true
run-import (LOOK)	UNKNOWN STEP	2026-07-20T20:37:06.6923074Z   allow-unsafe-pr-checkout: false
run-import (LOOK)	UNKNOWN STEP	2026-07-20T20:37:06.6924006Z env:
run-import (LOOK)	UNKNOWN STEP	2026-07-20T20:37:06.6924562Z   TZ: America/Sao_Paulo
run-import (LOOK)	UNKNOWN STEP	2026-07-20T20:37:06.6925269Z   PITACO_API_BASE: https://api.palpitacojb.com.br
run-import (LOOK)	UNKNOWN STEP	2026-07-20T20:37:06.6926026Z ##[endgroup]
run-import (LOOK)	UNKNOWN STEP	2026-07-20T20:37:06.7954834Z Syncing repository: glauberseguros-commits/palpitacojb
run-import (LOOK)	UNKNOWN STEP	2026-07-20T20:37:06.7958067Z ##[group]Getting Git version info
run-import (LOOK)	UNKNOWN STEP	2026-07-20T20:37:06.7959976Z Working directory is '/home/runner/work/palpitacojb/palpitacojb'
run-import (LOOK)	UNKNOWN STEP	2026-07-20T20:37:06.7962091Z [command]/usr/bin/git version
run-import (LOOK)	UNKNOWN STEP	2026-07-20T20:37:06.8042830Z git version 2.54.0
run-import (LOOK)	UNKNOWN STEP	2026-07-20T20:37:06.8082722Z ##[endgroup]
run-import (LOOK)	UNKNOWN STEP	2026-07-20T20:37:06.8164126Z Temporarily overriding HOME='/home/runner/work/_temp/572187e6-f22e-4d28-9217-fdf08127754a' before making global git config changes
run-import (LOOK)	UNKNOWN STEP	2026-07-20T20:37:06.8166263Z Adding repository directory to the temporary git global config as a safe directory
run-import (LOOK)	UNKNOWN STEP	2026-07-20T20:37:06.8170530Z [command]/usr/bin/git config --global --add safe.directory /home/runner/work/palpitacojb/palpitacojb
run-import (LOOK)	UNKNOWN STEP	2026-07-20T20:37:06.8230889Z Deleting the contents of '/home/runner/work/palpitacojb/palpitacojb'
run-import (LOOK)	UNKNOWN STEP	2026-07-20T20:37:06.8236648Z ##[group]Initializing the repository
run-import (LOOK)	UNKNOWN STEP	2026-07-20T20:37:06.8242483Z [command]/usr/bin/git init /home/runner/work/palpitacojb/palpitacojb
run-import (LOOK)	UNKNOWN STEP	2026-07-20T20:37:06.8377974Z hint: Using 'master' as the name for the initial branch. This default branch name
run-import (LOOK)	UNKNOWN STEP	2026-07-20T20:37:06.8380998Z hint: will change to "main" in Git 3.0. To configure the initial branch name
run-import (LOOK)	UNKNOWN STEP	2026-07-20T20:37:06.8383464Z hint: to use in all of your new repositories, which will suppress this warning,
run-import (LOOK)	UNKNOWN STEP	2026-07-20T20:37:06.8385350Z hint: call:
run-import (LOOK)	UNKNOWN STEP	2026-07-20T20:37:06.8386559Z hint:
run-import (LOOK)	UNKNOWN STEP	2026-07-20T20:37:06.8387845Z hint: 	git config --global init.defaultBranch <name>
run-import (LOOK)	UNKNOWN STEP	2026-07-20T20:37:06.8388827Z hint:
run-import (LOOK)	UNKNOWN STEP	2026-07-20T20:37:06.8390526Z hint: Names commonly chosen instead of 'master' are 'main', 'trunk' and
run-import (LOOK)	UNKNOWN STEP	2026-07-20T20:37:06.8391919Z hint: 'development'. The just-created branch can be renamed via this command:
run-import (LOOK)	UNKNOWN STEP	2026-07-20T20:37:06.8392828Z hint:
run-import (LOOK)	UNKNOWN STEP	2026-07-20T20:37:06.8393405Z hint: 	git branch -m <name>
run-import (LOOK)	UNKNOWN STEP	2026-07-20T20:37:06.8394239Z hint:
run-import (LOOK)	UNKNOWN STEP	2026-07-20T20:37:06.8395192Z hint: Disable this message with "git config set advice.defaultBranchName false"
run-import (LOOK)	UNKNOWN STEP	2026-07-20T20:37:06.8396641Z Initialized empty Git repository in /home/runner/work/palpitacojb/palpitacojb/.git/
run-import (LOOK)	UNKNOWN STEP	2026-07-20T20:37:06.8398884Z [command]/usr/bin/git remote add origin https://github.com/glauberseguros-commits/palpitacojb
run-import (LOOK)	UNKNOWN STEP	2026-07-20T20:37:06.8449330Z ##[endgroup]
run-import (LOOK)	UNKNOWN STEP	2026-07-20T20:37:06.8451317Z ##[group]Disabling automatic garbage collection
run-import (LOOK)	UNKNOWN STEP	2026-07-20T20:37:06.8454086Z [command]/usr/bin/git config --local gc.auto 0
run-import (LOOK)	UNKNOWN STEP	2026-07-20T20:37:06.8489981Z ##[endgroup]
run-import (LOOK)	UNKNOWN STEP	2026-07-20T20:37:06.8491409Z ##[group]Setting up auth
run-import (LOOK)	UNKNOWN STEP	2026-07-20T20:37:06.8498034Z [command]/usr/bin/git config --local --name-only --get-regexp core\.sshCommand
run-import (LOOK)	UNKNOWN STEP	2026-07-20T20:37:06.8540968Z [command]/usr/bin/git submodule foreach --recursive sh -c "git config --local --name-only --get-regexp 'core\.sshCommand' && git config --local --unset-all 'core.sshCommand' || :"
run-import (LOOK)	UNKNOWN STEP	2026-07-20T20:37:06.8979038Z [command]/usr/bin/git config --local --name-only --get-regexp http\.https\:\/\/github\.com\/\.extraheader
run-import (LOOK)	UNKNOWN STEP	2026-07-20T20:37:06.9017786Z [command]/usr/bin/git submodule foreach --recursive sh -c "git config --local --name-only --get-regexp 'http\.https\:\/\/github\.com\/\.extraheader' && git config --local --unset-all 'http.https://github.com/.extraheader' || :"
run-import (LOOK)	UNKNOWN STEP	2026-07-20T20:37:06.9255642Z [command]/usr/bin/git config --local --name-only --get-regexp ^includeIf\.gitdir:
run-import (LOOK)	UNKNOWN STEP	2026-07-20T20:37:06.9298177Z [command]/usr/bin/git submodule foreach --recursive git config --local --show-origin --name-only --get-regexp remote.origin.url
run-import (LOOK)	UNKNOWN STEP	2026-07-20T20:37:06.9571634Z [command]/usr/bin/git config --local http.https://github.com/.extraheader AUTHORIZATION: basic ***
run-import (LOOK)	UNKNOWN STEP	2026-07-20T20:37:06.9608438Z ##[endgroup]
run-import (LOOK)	UNKNOWN STEP	2026-07-20T20:37:06.9611095Z ##[group]Fetching the repository
run-import (LOOK)	UNKNOWN STEP	2026-07-20T20:37:06.9620702Z [command]/usr/bin/git -c protocol.version=2 fetch --no-tags --prune --no-recurse-submodules --depth=1 origin +a1213cb77c082239287f535bdf24603b6efaf441:refs/remotes/origin/main
run-import (LOOK)	UNKNOWN STEP	2026-07-20T20:37:08.8251460Z From https://github.com/glauberseguros-commits/palpitacojb
run-import (LOOK)	UNKNOWN STEP	2026-07-20T20:37:08.8252819Z  * [new ref]         a1213cb77c082239287f535bdf24603b6efaf441 -> origin/main
run-import (LOOK)	UNKNOWN STEP	2026-07-20T20:37:08.8302263Z ##[endgroup]
run-import (LOOK)	UNKNOWN STEP	2026-07-20T20:37:08.8304006Z ##[group]Determining the checkout info
run-import (LOOK)	UNKNOWN STEP	2026-07-20T20:37:08.8305590Z ##[endgroup]
run-import (LOOK)	UNKNOWN STEP	2026-07-20T20:37:08.8382051Z [command]/usr/bin/git sparse-checkout disable
run-import (LOOK)	UNKNOWN STEP	2026-07-20T20:37:08.8384194Z [command]/usr/bin/git config --local --unset-all extensions.worktreeConfig
run-import (LOOK)	UNKNOWN STEP	2026-07-20T20:37:08.8394510Z ##[group]Checking out the ref
run-import (LOOK)	UNKNOWN STEP	2026-07-20T20:37:08.8400421Z [command]/usr/bin/git checkout --progress --force -B main refs/remotes/origin/main
run-import (LOOK)	UNKNOWN STEP	2026-07-20T20:37:08.9196865Z Switched to a new branch 'main'
run-import (LOOK)	UNKNOWN STEP	2026-07-20T20:37:08.9201077Z branch 'main' set up to track 'origin/main'.
run-import (LOOK)	UNKNOWN STEP	2026-07-20T20:37:08.9214763Z ##[endgroup]
run-import (LOOK)	UNKNOWN STEP	2026-07-20T20:37:08.9267241Z [command]/usr/bin/git log -1 --format=%H
run-import (LOOK)	UNKNOWN STEP	2026-07-20T20:37:08.9296387Z a1213cb77c082239287f535bdf24603b6efaf441
run-import (LOOK)	UNKNOWN STEP	2026-07-20T20:37:08.9566635Z Node 20 is being deprecated. This workflow is running with Node 24 by default. If you need to temporarily use Node 20, you can set the ACTIONS_ALLOW_USE_UNSECURE_NODE_VERSION=true environment variable. For more information see: https://github.blog/changelog/2025-09-19-deprecation-of-node-20-on-github-actions-runners/
run-import (LOOK)	UNKNOWN STEP	2026-07-20T20:37:08.9568455Z ##[group]Run actions/setup-node@v4
run-import (LOOK)	UNKNOWN STEP	2026-07-20T20:37:08.9568851Z with:
run-import (LOOK)	UNKNOWN STEP	2026-07-20T20:37:08.9569394Z   node-version: 20
run-import (LOOK)	UNKNOWN STEP	2026-07-20T20:37:08.9569755Z   always-auth: false
run-import (LOOK)	UNKNOWN STEP	2026-07-20T20:37:08.9570097Z   check-latest: false
run-import (LOOK)	UNKNOWN STEP	2026-07-20T20:37:08.9572846Z   token: ***
run-import (LOOK)	UNKNOWN STEP	2026-07-20T20:37:08.9573177Z env:
run-import (LOOK)	UNKNOWN STEP	2026-07-20T20:37:08.9573488Z   TZ: America/Sao_Paulo
run-import (LOOK)	UNKNOWN STEP	2026-07-20T20:37:08.9573889Z   PITACO_API_BASE: https://api.palpitacojb.com.br
run-import (LOOK)	UNKNOWN STEP	2026-07-20T20:37:08.9574341Z ##[endgroup]
run-import (LOOK)	UNKNOWN STEP	2026-07-20T20:37:09.1014284Z Attempting to download 20...
run-import (LOOK)	UNKNOWN STEP	2026-07-20T20:37:09.1122047Z (node:2278) [DEP0040] DeprecationWarning: The `punycode` module is deprecated. Please use a userland alternative instead.
run-import (LOOK)	UNKNOWN STEP	2026-07-20T20:37:09.1123274Z (Use `node --trace-deprecation ...` to show where the warning was created)
run-import (LOOK)	UNKNOWN STEP	2026-07-20T20:37:09.9171611Z Acquiring 20.20.2 - x64 from https://github.com/actions/node-versions/releases/download/20.20.2-23521894959/node-20.20.2-linux-x64.tar.gz
run-import (LOOK)	UNKNOWN STEP	2026-07-20T20:37:10.3373613Z Extracting ...
run-import (LOOK)	UNKNOWN STEP	2026-07-20T20:37:10.3499354Z [command]/usr/bin/tar xz --strip 1 --warning=no-unknown-keyword --overwrite -C /home/runner/work/_temp/8cc4a884-8cbb-489b-813c-9297ed7cf51f -f /home/runner/work/_temp/f19ef9ef-a336-436e-9c7e-35786b8f8713
run-import (LOOK)	UNKNOWN STEP	2026-07-20T20:37:11.4211362Z Adding to the cache ...
run-import (LOOK)	UNKNOWN STEP	2026-07-20T20:37:13.2896789Z ##[group]Environment details
run-import (LOOK)	UNKNOWN STEP	2026-07-20T20:37:13.5234382Z node: v20.20.2
run-import (LOOK)	UNKNOWN STEP	2026-07-20T20:37:13.5234946Z npm: 10.8.2
run-import (LOOK)	UNKNOWN STEP	2026-07-20T20:37:13.5235485Z yarn: 1.22.22
run-import (LOOK)	UNKNOWN STEP	2026-07-20T20:37:13.5236291Z ##[endgroup]
run-import (LOOK)	UNKNOWN STEP	2026-07-20T20:37:13.5422025Z ##[group]Run npm ci
run-import (LOOK)	UNKNOWN STEP	2026-07-20T20:37:13.5422390Z ^[[36;1mnpm ci^[[0m
run-import (LOOK)	UNKNOWN STEP	2026-07-20T20:37:13.5507203Z shell: /usr/bin/bash -e ***0***
run-import (LOOK)	UNKNOWN STEP	2026-07-20T20:37:13.5507616Z env:
run-import (LOOK)	UNKNOWN STEP	2026-07-20T20:37:13.5507892Z   TZ: America/Sao_Paulo
run-import (LOOK)	UNKNOWN STEP	2026-07-20T20:37:13.5508294Z   PITACO_API_BASE: https://api.palpitacojb.com.br
run-import (LOOK)	UNKNOWN STEP	2026-07-20T20:37:13.5508718Z ##[endgroup]
run-import (LOOK)	UNKNOWN STEP	2026-07-20T20:37:17.7193379Z 
run-import (LOOK)	UNKNOWN STEP	2026-07-20T20:37:17.7202371Z added 302 packages, and audited 303 packages in 4s
run-import (LOOK)	UNKNOWN STEP	2026-07-20T20:37:17.7202982Z 
run-import (LOOK)	UNKNOWN STEP	2026-07-20T20:37:17.7203447Z 35 packages are looking for funding
run-import (LOOK)	UNKNOWN STEP	2026-07-20T20:37:17.7204144Z   run `npm fund` for details
run-import (LOOK)	UNKNOWN STEP	2026-07-20T20:37:17.7484761Z 
run-import (LOOK)	UNKNOWN STEP	2026-07-20T20:37:17.7486600Z 22 vulnerabilities (1 low, 13 moderate, 5 high, 3 critical)
run-import (LOOK)	UNKNOWN STEP	2026-07-20T20:37:17.7487124Z 
run-import (LOOK)	UNKNOWN STEP	2026-07-20T20:37:17.7487505Z To address issues that do not require attention, run:
run-import (LOOK)	UNKNOWN STEP	2026-07-20T20:37:17.7488089Z   npm audit fix
run-import (LOOK)	UNKNOWN STEP	2026-07-20T20:37:17.7488314Z 
run-import (LOOK)	UNKNOWN STEP	2026-07-20T20:37:17.7488681Z To address all issues (including breaking changes), run:
run-import (LOOK)	UNKNOWN STEP	2026-07-20T20:37:17.7489803Z   npm audit fix --force
run-import (LOOK)	UNKNOWN STEP	2026-07-20T20:37:17.7490229Z 
run-import (LOOK)	UNKNOWN STEP	2026-07-20T20:37:17.7490575Z Run `npm audit` for details.
run-import (LOOK)	UNKNOWN STEP	2026-07-20T20:37:17.7714223Z ##[group]Run node scripts/autoImportToday.js
run-import (LOOK)	UNKNOWN STEP	2026-07-20T20:37:17.7714720Z ^[[36;1mnode scripts/autoImportToday.js^[[0m
run-import (LOOK)	UNKNOWN STEP	2026-07-20T20:37:17.7776438Z shell: /usr/bin/bash -e ***0***
run-import (LOOK)	UNKNOWN STEP	2026-07-20T20:37:17.7776801Z env:
run-import (LOOK)	UNKNOWN STEP	2026-07-20T20:37:17.7777091Z   TZ: America/Sao_Paulo
run-import (LOOK)	UNKNOWN STEP	2026-07-20T20:37:17.7777518Z   PITACO_API_BASE: https://api.palpitacojb.com.br
run-import (LOOK)	UNKNOWN STEP	2026-07-20T20:37:17.7788834Z   FIREBASE_ADMIN_SA_JSON: ***
run-import (LOOK)	UNKNOWN STEP	
run-import (LOOK)	UNKNOWN STEP	2026-07-20T20:37:17.7789264Z   LOTTERY: LOOK
run-import (LOOK)	UNKNOWN STEP	2026-07-20T20:37:17.7789531Z   FAIL_ON_CRITICAL: 1
run-import (LOOK)	UNKNOWN STEP	2026-07-20T20:37:17.7789797Z   AUDIT_WARN_MIN: 20
run-import (LOOK)	UNKNOWN STEP	2026-07-20T20:37:17.7790060Z   AUDIT_CRIT_MIN: 60
run-import (LOOK)	UNKNOWN STEP	2026-07-20T20:37:17.7790311Z ##[endgroup]
run-import (LOOK)	UNKNOWN STEP	2026-07-20T20:37:17.9972674Z [CFG] PITACO_API_BASE efetivo => https://api.palpitacojb.com.br
run-import (LOOK)	UNKNOWN STEP	2026-07-20T20:37:19.2391915Z [AUTO] CATCH-UP p├│s-release 2026-07-20 slot=16:00 (HARD) releaseAt=16:29 window=16:05~16:35 (fora da janela)
run-import (LOOK)	UNKNOWN STEP	2026-07-20T20:37:19.2396970Z [AUTO] tentando 2026-07-20 slot=16:00 (HARD) window=16:05-16:35 closes=16:00,16:01,16:02,16:09,16:10,16:11
run-import (LOOK)	UNKNOWN STEP	2026-07-20T20:37:21.2163947Z [FETCH] LOOK 2026-07-20 per-lottery=8 -> merged_draws=5 close_hours=[07:09, 09:09, 11:12, 14:12, 16:12]
run-import (LOOK)	UNKNOWN STEP	2026-07-20T20:37:21.2220975Z [AUTO] api_missing_slot slot=16:00 (HARD) close=16:00 -> parando closes candidatos (vai retry depois)
run-import (LOOK)	UNKNOWN STEP	2026-07-20T20:37:21.2223033Z [AUTO] ainda indispon├¡vel slot=16:00 (nenhum close candidato capturou)
run-import (LOOK)	UNKNOWN STEP	2026-07-20T20:37:21.2230899Z [ALERT] HARD slot perdeu janela: date=2026-07-20 slot=07:00 releaseAt=07:29 windowEnd=07:35 tries=0
run-import (LOOK)	UNKNOWN STEP	2026-07-20T20:37:21.2232443Z [ALERT] HARD slot CRITICAL: date=2026-07-20 slot=07:00 since=608min (>=60) tries=0
run-import (LOOK)	UNKNOWN STEP	2026-07-20T20:37:21.2234032Z [ALERT] HARD slot perdeu janela: date=2026-07-20 slot=09:00 releaseAt=09:29 windowEnd=09:35 tries=0
run-import (LOOK)	UNKNOWN STEP	2026-07-20T20:37:21.2235570Z [ALERT] HARD slot CRITICAL: date=2026-07-20 slot=09:00 since=488min (>=60) tries=0
run-import (LOOK)	UNKNOWN STEP	2026-07-20T20:37:21.2237179Z [ALERT] HARD slot perdeu janela: date=2026-07-20 slot=11:00 releaseAt=11:29 windowEnd=11:35 tries=0
run-import (LOOK)	UNKNOWN STEP	2026-07-20T20:37:21.2238773Z [ALERT] HARD slot CRITICAL: date=2026-07-20 slot=11:00 since=368min (>=60) tries=0
run-import (LOOK)	UNKNOWN STEP	2026-07-20T20:37:21.2240713Z [ALERT] HARD slot perdeu janela: date=2026-07-20 slot=14:00 releaseAt=14:29 windowEnd=14:35 tries=0
run-import (LOOK)	UNKNOWN STEP	2026-07-20T20:37:21.2260532Z [ALERT] HARD slot CRITICAL: date=2026-07-20 slot=14:00 since=188min (>=60) tries=0
run-import (LOOK)	UNKNOWN STEP	2026-07-20T20:37:21.2262094Z [ALERT] HARD slot perdeu janela: date=2026-07-20 slot=16:00 releaseAt=16:29 windowEnd=16:35 tries=1
run-import (LOOK)	UNKNOWN STEP	2026-07-20T20:37:21.2263612Z [ALERT] HARD slot CRITICAL: date=2026-07-20 slot=16:00 since=68min (>=60) tries=1
run-import (LOOK)	UNKNOWN STEP	2026-07-20T20:37:21.2265517Z [AUDIT] CRITICAL missing=5 warning=0 softLate=0 (relat├│rio salvo em auditCritical-LOOK-2026-07-20.json)
run-import (LOOK)	UNKNOWN STEP	2026-07-20T20:37:21.2267042Z [AUDIT] FAIL_ON_CRITICAL=1 => exit(2)
run-import (LOOK)	UNKNOWN STEP	2026-07-20T20:37:21.2363277Z ##[error]Process completed with exit code 2.
run-import (LOOK)	UNKNOWN STEP	2026-07-20T20:37:21.2554669Z Node 20 is being deprecated. This workflow is running with Node 24 by default. If you need to temporarily use Node 20, you can set the ACTIONS_ALLOW_USE_UNSECURE_NODE_VERSION=true environment variable. For more information see: https://github.blog/changelog/2025-09-19-deprecation-of-node-20-on-github-actions-runners/
run-import (LOOK)	UNKNOWN STEP	2026-07-20T20:37:21.2556010Z Post job cleanup.
run-import (LOOK)	UNKNOWN STEP	2026-07-20T20:37:21.3403669Z [command]/usr/bin/git version
run-import (LOOK)	UNKNOWN STEP	2026-07-20T20:37:21.3446450Z git version 2.54.0
run-import (LOOK)	UNKNOWN STEP	2026-07-20T20:37:21.3488559Z Temporarily overriding HOME='/home/runner/work/_temp/151fe9f5-9083-4247-8476-3b60c9c25916' before making global git config changes
run-import (LOOK)	UNKNOWN STEP	2026-07-20T20:37:21.3490906Z Adding repository directory to the temporary git global config as a safe directory
run-import (LOOK)	UNKNOWN STEP	2026-07-20T20:37:21.3495047Z [command]/usr/bin/git config --global --add safe.directory /home/runner/work/palpitacojb/palpitacojb
run-import (LOOK)	UNKNOWN STEP	2026-07-20T20:37:21.3536923Z [command]/usr/bin/git config --local --name-only --get-regexp core\.sshCommand
run-import (LOOK)	UNKNOWN STEP	2026-07-20T20:37:21.3574869Z [command]/usr/bin/git submodule foreach --recursive sh -c "git config --local --name-only --get-regexp 'core\.sshCommand' && git config --local --unset-all 'core.sshCommand' || :"
run-import (LOOK)	UNKNOWN STEP	2026-07-20T20:37:21.3837706Z [command]/usr/bin/git config --local --name-only --get-regexp http\.https\:\/\/github\.com\/\.extraheader
run-import (LOOK)	UNKNOWN STEP	2026-07-20T20:37:21.3870107Z http.https://github.com/.extraheader
run-import (LOOK)	UNKNOWN STEP	2026-07-20T20:37:21.3881244Z [command]/usr/bin/git config --local --unset-all http.https://github.com/.extraheader
run-import (LOOK)	UNKNOWN STEP	2026-07-20T20:37:21.3916130Z [command]/usr/bin/git submodule foreach --recursive sh -c "git config --local --name-only --get-regexp 'http\.https\:\/\/github\.com\/\.extraheader' && git config --local --unset-all 'http.https://github.com/.extraheader' || :"
run-import (LOOK)	UNKNOWN STEP	2026-07-20T20:37:21.4167874Z [command]/usr/bin/git config --local --name-only --get-regexp ^includeIf\.gitdir:
run-import (LOOK)	UNKNOWN STEP	2026-07-20T20:37:21.4240685Z [command]/usr/bin/git submodule foreach --recursive git config --local --show-origin --name-only --get-regexp remote.origin.url
run-import (LOOK)	UNKNOWN STEP	2026-07-20T20:37:21.4704418Z Cleaning up orphan processes
run-import (LOOK)	UNKNOWN STEP	2026-07-20T20:37:21.4994249Z ##[warning]Node.js 20 is deprecated. The following actions target Node.js 20 but are being forced to run on Node.js 24: actions/checkout@v4, actions/setup-node@v4. For more information see: https://github.blog/changelog/2025-09-19-deprecation-of-node-20-on-github-actions-runners/
