run-import (PT_RIO)	UNKNOWN STEP	´╗┐2026-07-20T20:26:30.2697514Z Current runner version: '2.335.1'
run-import (PT_RIO)	UNKNOWN STEP	2026-07-20T20:26:30.2723710Z ##[group]Runner Image Provisioner
run-import (PT_RIO)	UNKNOWN STEP	2026-07-20T20:26:30.2724874Z Hosted Compute Agent
run-import (PT_RIO)	UNKNOWN STEP	2026-07-20T20:26:30.2725782Z Version: 20260707.563
run-import (PT_RIO)	UNKNOWN STEP	2026-07-20T20:26:30.2726812Z Commit: 02667638d2b423fbc733a8e32a88b44996a3ba6e
run-import (PT_RIO)	UNKNOWN STEP	2026-07-20T20:26:30.2727865Z Build Date: 2026-07-07T19:33:50Z
run-import (PT_RIO)	UNKNOWN STEP	2026-07-20T20:26:30.2729222Z Worker ID: ***10ff6019-5706-4d35-8aa9-c62aaef00eb2***
run-import (PT_RIO)	UNKNOWN STEP	2026-07-20T20:26:30.2730270Z Azure Region: eastus2
run-import (PT_RIO)	UNKNOWN STEP	2026-07-20T20:26:30.2731210Z ##[endgroup]
run-import (PT_RIO)	UNKNOWN STEP	2026-07-20T20:26:30.2732947Z ##[group]Operating System
run-import (PT_RIO)	UNKNOWN STEP	2026-07-20T20:26:30.2733840Z Ubuntu
run-import (PT_RIO)	UNKNOWN STEP	2026-07-20T20:26:30.2734736Z 24.04.4
run-import (PT_RIO)	UNKNOWN STEP	2026-07-20T20:26:30.2735499Z LTS
run-import (PT_RIO)	UNKNOWN STEP	2026-07-20T20:26:30.2736321Z ##[endgroup]
run-import (PT_RIO)	UNKNOWN STEP	2026-07-20T20:26:30.2737159Z ##[group]Runner Image
run-import (PT_RIO)	UNKNOWN STEP	2026-07-20T20:26:30.2738062Z Image: ubuntu-24.04
run-import (PT_RIO)	UNKNOWN STEP	2026-07-20T20:26:30.2739039Z Version: 20260714.240.1
run-import (PT_RIO)	UNKNOWN STEP	2026-07-20T20:26:30.2740666Z Included Software: https://github.com/actions/runner-images/blob/ubuntu24/20260714.240/images/ubuntu/Ubuntu2404-Readme.md
run-import (PT_RIO)	UNKNOWN STEP	2026-07-20T20:26:30.2742579Z Image Release: https://github.com/actions/runner-images/releases/tag/ubuntu24%2F20260714.240
run-import (PT_RIO)	UNKNOWN STEP	2026-07-20T20:26:30.2743808Z ##[endgroup]
run-import (PT_RIO)	UNKNOWN STEP	2026-07-20T20:26:30.2745299Z ##[group]GITHUB_TOKEN Permissions
run-import (PT_RIO)	UNKNOWN STEP	2026-07-20T20:26:30.2747499Z Contents: read
run-import (PT_RIO)	UNKNOWN STEP	2026-07-20T20:26:30.2748364Z Metadata: read
run-import (PT_RIO)	UNKNOWN STEP	2026-07-20T20:26:30.2749539Z ##[endgroup]
run-import (PT_RIO)	UNKNOWN STEP	2026-07-20T20:26:30.2752246Z Secret source: Actions
run-import (PT_RIO)	UNKNOWN STEP	2026-07-20T20:26:30.2753255Z Prepare workflow directory
run-import (PT_RIO)	UNKNOWN STEP	2026-07-20T20:26:30.3279878Z Prepare all required actions
run-import (PT_RIO)	UNKNOWN STEP	2026-07-20T20:26:30.3322729Z Getting action download info
run-import (PT_RIO)	UNKNOWN STEP	2026-07-20T20:26:30.5311306Z Download action repository 'actions/checkout@v4' (SHA:11d5960a326750d5838078e36cf38b85af677262)
run-import (PT_RIO)	UNKNOWN STEP	2026-07-20T20:26:30.8660021Z Download action repository 'actions/setup-node@v4' (SHA:49933ea5288caeca8642d1e84afbd3f7d6820020)
run-import (PT_RIO)	UNKNOWN STEP	2026-07-20T20:26:31.1314445Z Complete job name: run-import (PT_RIO)
run-import (PT_RIO)	UNKNOWN STEP	2026-07-20T20:26:31.1996068Z Node 20 is being deprecated. This workflow is running with Node 24 by default. If you need to temporarily use Node 20, you can set the ACTIONS_ALLOW_USE_UNSECURE_NODE_VERSION=true environment variable. For more information see: https://github.blog/changelog/2025-09-19-deprecation-of-node-20-on-github-actions-runners/
run-import (PT_RIO)	UNKNOWN STEP	2026-07-20T20:26:31.2005212Z ##[group]Run actions/checkout@v4
run-import (PT_RIO)	UNKNOWN STEP	2026-07-20T20:26:31.2006068Z with:
run-import (PT_RIO)	UNKNOWN STEP	2026-07-20T20:26:31.2006742Z   repository: glauberseguros-commits/palpitacojb
run-import (PT_RIO)	UNKNOWN STEP	2026-07-20T20:26:31.2011103Z   token: ***
run-import (PT_RIO)	UNKNOWN STEP	2026-07-20T20:26:31.2011696Z   ssh-strict: true
run-import (PT_RIO)	UNKNOWN STEP	2026-07-20T20:26:31.2012292Z   ssh-user: git
run-import (PT_RIO)	UNKNOWN STEP	2026-07-20T20:26:31.2012890Z   persist-credentials: true
run-import (PT_RIO)	UNKNOWN STEP	2026-07-20T20:26:31.2013522Z   clean: true
run-import (PT_RIO)	UNKNOWN STEP	2026-07-20T20:26:31.2014113Z   sparse-checkout-cone-mode: true
run-import (PT_RIO)	UNKNOWN STEP	2026-07-20T20:26:31.2014776Z   fetch-depth: 1
run-import (PT_RIO)	UNKNOWN STEP	2026-07-20T20:26:31.2015357Z   fetch-tags: false
run-import (PT_RIO)	UNKNOWN STEP	2026-07-20T20:26:31.2016035Z   show-progress: true
run-import (PT_RIO)	UNKNOWN STEP	2026-07-20T20:26:31.2016630Z   lfs: false
run-import (PT_RIO)	UNKNOWN STEP	2026-07-20T20:26:31.2017240Z   submodules: false
run-import (PT_RIO)	UNKNOWN STEP	2026-07-20T20:26:31.2017842Z   set-safe-directory: true
run-import (PT_RIO)	UNKNOWN STEP	2026-07-20T20:26:31.2018513Z   allow-unsafe-pr-checkout: false
run-import (PT_RIO)	UNKNOWN STEP	2026-07-20T20:26:31.2019541Z env:
run-import (PT_RIO)	UNKNOWN STEP	2026-07-20T20:26:31.2020118Z   TZ: America/Sao_Paulo
run-import (PT_RIO)	UNKNOWN STEP	2026-07-20T20:26:31.2020835Z   PITACO_API_BASE: https://api.palpitacojb.com.br
run-import (PT_RIO)	UNKNOWN STEP	2026-07-20T20:26:31.2021608Z ##[endgroup]
run-import (PT_RIO)	UNKNOWN STEP	2026-07-20T20:26:31.3061211Z Syncing repository: glauberseguros-commits/palpitacojb
run-import (PT_RIO)	UNKNOWN STEP	2026-07-20T20:26:31.3064671Z ##[group]Getting Git version info
run-import (PT_RIO)	UNKNOWN STEP	2026-07-20T20:26:31.3066091Z Working directory is '/home/runner/work/palpitacojb/palpitacojb'
run-import (PT_RIO)	UNKNOWN STEP	2026-07-20T20:26:31.3068318Z [command]/usr/bin/git version
run-import (PT_RIO)	UNKNOWN STEP	2026-07-20T20:26:31.3179891Z git version 2.54.0
run-import (PT_RIO)	UNKNOWN STEP	2026-07-20T20:26:31.3184277Z ##[endgroup]
run-import (PT_RIO)	UNKNOWN STEP	2026-07-20T20:26:31.3196019Z Temporarily overriding HOME='/home/runner/work/_temp/94cdf68a-e398-43b3-86f6-a602c225a079' before making global git config changes
run-import (PT_RIO)	UNKNOWN STEP	2026-07-20T20:26:31.3198888Z Adding repository directory to the temporary git global config as a safe directory
run-import (PT_RIO)	UNKNOWN STEP	2026-07-20T20:26:31.3206418Z [command]/usr/bin/git config --global --add safe.directory /home/runner/work/palpitacojb/palpitacojb
run-import (PT_RIO)	UNKNOWN STEP	2026-07-20T20:26:31.3264672Z Deleting the contents of '/home/runner/work/palpitacojb/palpitacojb'
run-import (PT_RIO)	UNKNOWN STEP	2026-07-20T20:26:31.3269495Z ##[group]Initializing the repository
run-import (PT_RIO)	UNKNOWN STEP	2026-07-20T20:26:31.3276156Z [command]/usr/bin/git init /home/runner/work/palpitacojb/palpitacojb
run-import (PT_RIO)	UNKNOWN STEP	2026-07-20T20:26:31.3385665Z hint: Using 'master' as the name for the initial branch. This default branch name
run-import (PT_RIO)	UNKNOWN STEP	2026-07-20T20:26:31.3387798Z hint: will change to "main" in Git 3.0. To configure the initial branch name
run-import (PT_RIO)	UNKNOWN STEP	2026-07-20T20:26:31.3389989Z hint: to use in all of your new repositories, which will suppress this warning,
run-import (PT_RIO)	UNKNOWN STEP	2026-07-20T20:26:31.3391686Z hint: call:
run-import (PT_RIO)	UNKNOWN STEP	2026-07-20T20:26:31.3392695Z hint:
run-import (PT_RIO)	UNKNOWN STEP	2026-07-20T20:26:31.3393893Z hint: 	git config --global init.defaultBranch <name>
run-import (PT_RIO)	UNKNOWN STEP	2026-07-20T20:26:31.3395307Z hint:
run-import (PT_RIO)	UNKNOWN STEP	2026-07-20T20:26:31.3396649Z hint: Names commonly chosen instead of 'master' are 'main', 'trunk' and
run-import (PT_RIO)	UNKNOWN STEP	2026-07-20T20:26:31.3398582Z hint: 'development'. The just-created branch can be renamed via this command:
run-import (PT_RIO)	UNKNOWN STEP	2026-07-20T20:26:31.3400337Z hint:
run-import (PT_RIO)	UNKNOWN STEP	2026-07-20T20:26:31.3401458Z hint: 	git branch -m <name>
run-import (PT_RIO)	UNKNOWN STEP	2026-07-20T20:26:31.3402601Z hint:
run-import (PT_RIO)	UNKNOWN STEP	2026-07-20T20:26:31.3403968Z hint: Disable this message with "git config set advice.defaultBranchName false"
run-import (PT_RIO)	UNKNOWN STEP	2026-07-20T20:26:31.3406173Z Initialized empty Git repository in /home/runner/work/palpitacojb/palpitacojb/.git/
run-import (PT_RIO)	UNKNOWN STEP	2026-07-20T20:26:31.3410084Z [command]/usr/bin/git remote add origin https://github.com/glauberseguros-commits/palpitacojb
run-import (PT_RIO)	UNKNOWN STEP	2026-07-20T20:26:31.3458453Z ##[endgroup]
run-import (PT_RIO)	UNKNOWN STEP	2026-07-20T20:26:31.3460417Z ##[group]Disabling automatic garbage collection
run-import (PT_RIO)	UNKNOWN STEP	2026-07-20T20:26:31.3470921Z [command]/usr/bin/git config --local gc.auto 0
run-import (PT_RIO)	UNKNOWN STEP	2026-07-20T20:26:31.3532143Z ##[endgroup]
run-import (PT_RIO)	UNKNOWN STEP	2026-07-20T20:26:31.3533725Z ##[group]Setting up auth
run-import (PT_RIO)	UNKNOWN STEP	2026-07-20T20:26:31.3543287Z [command]/usr/bin/git config --local --name-only --get-regexp core\.sshCommand
run-import (PT_RIO)	UNKNOWN STEP	2026-07-20T20:26:31.3588855Z [command]/usr/bin/git submodule foreach --recursive sh -c "git config --local --name-only --get-regexp 'core\.sshCommand' && git config --local --unset-all 'core.sshCommand' || :"
run-import (PT_RIO)	UNKNOWN STEP	2026-07-20T20:26:31.3980677Z [command]/usr/bin/git config --local --name-only --get-regexp http\.https\:\/\/github\.com\/\.extraheader
run-import (PT_RIO)	UNKNOWN STEP	2026-07-20T20:26:31.4021672Z [command]/usr/bin/git submodule foreach --recursive sh -c "git config --local --name-only --get-regexp 'http\.https\:\/\/github\.com\/\.extraheader' && git config --local --unset-all 'http.https://github.com/.extraheader' || :"
run-import (PT_RIO)	UNKNOWN STEP	2026-07-20T20:26:31.4279713Z [command]/usr/bin/git config --local --name-only --get-regexp ^includeIf\.gitdir:
run-import (PT_RIO)	UNKNOWN STEP	2026-07-20T20:26:31.4322295Z [command]/usr/bin/git submodule foreach --recursive git config --local --show-origin --name-only --get-regexp remote.origin.url
run-import (PT_RIO)	UNKNOWN STEP	2026-07-20T20:26:31.4562194Z [command]/usr/bin/git config --local http.https://github.com/.extraheader AUTHORIZATION: basic ***
run-import (PT_RIO)	UNKNOWN STEP	2026-07-20T20:26:31.4603456Z ##[endgroup]
run-import (PT_RIO)	UNKNOWN STEP	2026-07-20T20:26:31.4604495Z ##[group]Fetching the repository
run-import (PT_RIO)	UNKNOWN STEP	2026-07-20T20:26:31.4613116Z [command]/usr/bin/git -c protocol.version=2 fetch --no-tags --prune --no-recurse-submodules --depth=1 origin +a1213cb77c082239287f535bdf24603b6efaf441:refs/remotes/origin/main
run-import (PT_RIO)	UNKNOWN STEP	2026-07-20T20:26:32.1979915Z From https://github.com/glauberseguros-commits/palpitacojb
run-import (PT_RIO)	UNKNOWN STEP	2026-07-20T20:26:32.1982239Z  * [new ref]         a1213cb77c082239287f535bdf24603b6efaf441 -> origin/main
run-import (PT_RIO)	UNKNOWN STEP	2026-07-20T20:26:32.2013930Z ##[endgroup]
run-import (PT_RIO)	UNKNOWN STEP	2026-07-20T20:26:32.2015938Z ##[group]Determining the checkout info
run-import (PT_RIO)	UNKNOWN STEP	2026-07-20T20:26:32.2100766Z ##[endgroup]
run-import (PT_RIO)	UNKNOWN STEP	2026-07-20T20:26:32.2102449Z [command]/usr/bin/git sparse-checkout disable
run-import (PT_RIO)	UNKNOWN STEP	2026-07-20T20:26:32.2106134Z [command]/usr/bin/git config --local --unset-all extensions.worktreeConfig
run-import (PT_RIO)	UNKNOWN STEP	2026-07-20T20:26:32.2111449Z ##[group]Checking out the ref
run-import (PT_RIO)	UNKNOWN STEP	2026-07-20T20:26:32.2113112Z [command]/usr/bin/git checkout --progress --force -B main refs/remotes/origin/main
run-import (PT_RIO)	UNKNOWN STEP	2026-07-20T20:26:32.2955664Z Switched to a new branch 'main'
run-import (PT_RIO)	UNKNOWN STEP	2026-07-20T20:26:32.2957394Z branch 'main' set up to track 'origin/main'.
run-import (PT_RIO)	UNKNOWN STEP	2026-07-20T20:26:32.2973724Z ##[endgroup]
run-import (PT_RIO)	UNKNOWN STEP	2026-07-20T20:26:32.3030917Z [command]/usr/bin/git log -1 --format=%H
run-import (PT_RIO)	UNKNOWN STEP	2026-07-20T20:26:32.3059920Z a1213cb77c082239287f535bdf24603b6efaf441
run-import (PT_RIO)	UNKNOWN STEP	2026-07-20T20:26:32.3391040Z Node 20 is being deprecated. This workflow is running with Node 24 by default. If you need to temporarily use Node 20, you can set the ACTIONS_ALLOW_USE_UNSECURE_NODE_VERSION=true environment variable. For more information see: https://github.blog/changelog/2025-09-19-deprecation-of-node-20-on-github-actions-runners/
run-import (PT_RIO)	UNKNOWN STEP	2026-07-20T20:26:32.3395086Z ##[group]Run actions/setup-node@v4
run-import (PT_RIO)	UNKNOWN STEP	2026-07-20T20:26:32.3395833Z with:
run-import (PT_RIO)	UNKNOWN STEP	2026-07-20T20:26:32.3396403Z   node-version: 20
run-import (PT_RIO)	UNKNOWN STEP	2026-07-20T20:26:32.3397021Z   always-auth: false
run-import (PT_RIO)	UNKNOWN STEP	2026-07-20T20:26:32.3397662Z   check-latest: false
run-import (PT_RIO)	UNKNOWN STEP	2026-07-20T20:26:32.3403059Z   token: ***
run-import (PT_RIO)	UNKNOWN STEP	2026-07-20T20:26:32.3403646Z env:
run-import (PT_RIO)	UNKNOWN STEP	2026-07-20T20:26:32.3404212Z   TZ: America/Sao_Paulo
run-import (PT_RIO)	UNKNOWN STEP	2026-07-20T20:26:32.3404988Z   PITACO_API_BASE: https://api.palpitacojb.com.br
run-import (PT_RIO)	UNKNOWN STEP	2026-07-20T20:26:32.3405874Z ##[endgroup]
run-import (PT_RIO)	UNKNOWN STEP	2026-07-20T20:26:32.5132703Z Attempting to download 20...
run-import (PT_RIO)	UNKNOWN STEP	2026-07-20T20:26:32.5261075Z (node:2239) [DEP0040] DeprecationWarning: The `punycode` module is deprecated. Please use a userland alternative instead.
run-import (PT_RIO)	UNKNOWN STEP	2026-07-20T20:26:32.5263332Z (Use `node --trace-deprecation ...` to show where the warning was created)
run-import (PT_RIO)	UNKNOWN STEP	2026-07-20T20:26:32.8800903Z Acquiring 20.20.2 - x64 from https://github.com/actions/node-versions/releases/download/20.20.2-23521894959/node-20.20.2-linux-x64.tar.gz
run-import (PT_RIO)	UNKNOWN STEP	2026-07-20T20:26:33.2169832Z Extracting ...
run-import (PT_RIO)	UNKNOWN STEP	2026-07-20T20:26:33.2290927Z [command]/usr/bin/tar xz --strip 1 --warning=no-unknown-keyword --overwrite -C /home/runner/work/_temp/49507b58-82d0-4b43-906a-0447455b0681 -f /home/runner/work/_temp/f99d7ea1-f230-4baf-b6ae-7817f8572e9d
run-import (PT_RIO)	UNKNOWN STEP	2026-07-20T20:26:34.3139184Z Adding to the cache ...
run-import (PT_RIO)	UNKNOWN STEP	2026-07-20T20:26:35.8766335Z ##[group]Environment details
run-import (PT_RIO)	UNKNOWN STEP	2026-07-20T20:26:36.2851971Z node: v20.20.2
run-import (PT_RIO)	UNKNOWN STEP	2026-07-20T20:26:36.2852530Z npm: 10.8.2
run-import (PT_RIO)	UNKNOWN STEP	2026-07-20T20:26:36.2852941Z yarn: 1.22.22
run-import (PT_RIO)	UNKNOWN STEP	2026-07-20T20:26:36.2853900Z ##[endgroup]
run-import (PT_RIO)	UNKNOWN STEP	2026-07-20T20:26:36.3054245Z ##[group]Run npm ci
run-import (PT_RIO)	UNKNOWN STEP	2026-07-20T20:26:36.3054636Z ^[[36;1mnpm ci^[[0m
run-import (PT_RIO)	UNKNOWN STEP	2026-07-20T20:26:36.3144067Z shell: /usr/bin/bash -e ***0***
run-import (PT_RIO)	UNKNOWN STEP	2026-07-20T20:26:36.3144435Z env:
run-import (PT_RIO)	UNKNOWN STEP	2026-07-20T20:26:36.3144713Z   TZ: America/Sao_Paulo
run-import (PT_RIO)	UNKNOWN STEP	2026-07-20T20:26:36.3145221Z   PITACO_API_BASE: https://api.palpitacojb.com.br
run-import (PT_RIO)	UNKNOWN STEP	2026-07-20T20:26:36.3145675Z ##[endgroup]
run-import (PT_RIO)	UNKNOWN STEP	2026-07-20T20:26:40.3170003Z 
run-import (PT_RIO)	UNKNOWN STEP	2026-07-20T20:26:40.3178648Z added 302 packages, and audited 303 packages in 4s
run-import (PT_RIO)	UNKNOWN STEP	2026-07-20T20:26:40.3179603Z 
run-import (PT_RIO)	UNKNOWN STEP	2026-07-20T20:26:40.3179982Z 35 packages are looking for funding
run-import (PT_RIO)	UNKNOWN STEP	2026-07-20T20:26:40.3180618Z   run `npm fund` for details
run-import (PT_RIO)	UNKNOWN STEP	2026-07-20T20:26:40.3451447Z 
run-import (PT_RIO)	UNKNOWN STEP	2026-07-20T20:26:40.3452309Z 22 vulnerabilities (1 low, 13 moderate, 5 high, 3 critical)
run-import (PT_RIO)	UNKNOWN STEP	2026-07-20T20:26:40.3452863Z 
run-import (PT_RIO)	UNKNOWN STEP	2026-07-20T20:26:40.3453335Z To address issues that do not require attention, run:
run-import (PT_RIO)	UNKNOWN STEP	2026-07-20T20:26:40.3453978Z   npm audit fix
run-import (PT_RIO)	UNKNOWN STEP	2026-07-20T20:26:40.3454287Z 
run-import (PT_RIO)	UNKNOWN STEP	2026-07-20T20:26:40.3454770Z To address all issues (including breaking changes), run:
run-import (PT_RIO)	UNKNOWN STEP	2026-07-20T20:26:40.3455531Z   npm audit fix --force
run-import (PT_RIO)	UNKNOWN STEP	2026-07-20T20:26:40.3455862Z 
run-import (PT_RIO)	UNKNOWN STEP	2026-07-20T20:26:40.3456125Z Run `npm audit` for details.
run-import (PT_RIO)	UNKNOWN STEP	2026-07-20T20:26:40.3690731Z ##[group]Run node scripts/autoImportToday.js
run-import (PT_RIO)	UNKNOWN STEP	2026-07-20T20:26:40.3691225Z ^[[36;1mnode scripts/autoImportToday.js^[[0m
run-import (PT_RIO)	UNKNOWN STEP	2026-07-20T20:26:40.3759745Z shell: /usr/bin/bash -e ***0***
run-import (PT_RIO)	UNKNOWN STEP	2026-07-20T20:26:40.3760097Z env:
run-import (PT_RIO)	UNKNOWN STEP	2026-07-20T20:26:40.3760380Z   TZ: America/Sao_Paulo
run-import (PT_RIO)	UNKNOWN STEP	2026-07-20T20:26:40.3760766Z   PITACO_API_BASE: https://api.palpitacojb.com.br
run-import (PT_RIO)	UNKNOWN STEP	2026-07-20T20:26:40.3770320Z   FIREBASE_ADMIN_SA_JSON: ***
run-import (PT_RIO)	UNKNOWN STEP	
run-import (PT_RIO)	UNKNOWN STEP	2026-07-20T20:26:40.3770656Z   LOTTERY: PT_RIO
run-import (PT_RIO)	UNKNOWN STEP	2026-07-20T20:26:40.3770980Z   FAIL_ON_CRITICAL: 1
run-import (PT_RIO)	UNKNOWN STEP	2026-07-20T20:26:40.3771272Z   AUDIT_WARN_MIN: 20
run-import (PT_RIO)	UNKNOWN STEP	2026-07-20T20:26:40.3771555Z   AUDIT_CRIT_MIN: 60
run-import (PT_RIO)	UNKNOWN STEP	2026-07-20T20:26:40.3771846Z ##[endgroup]
run-import (PT_RIO)	UNKNOWN STEP	2026-07-20T20:26:40.5818416Z [CFG] PITACO_API_BASE efetivo => https://api.palpitacojb.com.br
run-import (PT_RIO)	UNKNOWN STEP	2026-07-20T20:27:05.6554376Z [CAL] FEDERAL schedule: date=2026-07-20 has20=0 expectedHard=[] expectedSoft=[]
run-import (PT_RIO)	UNKNOWN STEP	2026-07-20T20:27:05.6564999Z [CAL] PT_RIO resolved: date=2026-07-20 dow=1 federal20=0 HARD=[09:00,11:00,14:00,16:00,18:00,21:00] SOFT=[] OFF=[]
run-import (PT_RIO)	UNKNOWN STEP	2026-07-20T20:27:05.6571941Z [AUTO] CATCH-UP p├│s-release 2026-07-20 slot=16:00 (HARD) releaseAt=16:29 window=16:05~16:35 (fora da janela)
run-import (PT_RIO)	UNKNOWN STEP	2026-07-20T20:27:05.6576598Z [AUTO] tentando 2026-07-20 slot=16:00 (HARD) window=16:05-16:35 closes=16:00,16:01,16:02,16:09,16:10,16:11
run-import (PT_RIO)	UNKNOWN STEP	2026-07-20T20:27:06.6665313Z [FETCH] PT_RIO 2026-07-20 per-lottery=6 -> merged_draws=4 close_hours=[09:00, 11:00, 14:00, 16:00]
run-import (PT_RIO)	UNKNOWN STEP	2026-07-20T20:27:08.3754880Z [IMPORT] API draws=4 | match_close=1 | validos=1 | draws_upserted=0 | draws_novos=0 | prizes_upserted=0 | prizes_novos=0 | skip_vazio=0 | skip_invalido=0 | skip_close=3 | skip_complete=1 | CHECK_EXISTENCE=OFF | uf=RJ lottery_key=PT_RIO | expected=1 complete=1 slotDocs=1 apiTargets=1
run-import (PT_RIO)	UNKNOWN STEP	2026-07-20T20:27:13.1385202Z [TOP3-HISTORY] Incremental OK | PT_RIO | draws=1 | meses=2026-07
run-import (PT_RIO)	UNKNOWN STEP	2026-07-20T20:27:20.2037349Z [TOP3 AUTO] OK | PT_RIO | importado=2026-07-20 16:00 | pr├│ximo=2026-07-20 18:00
run-import (PT_RIO)	UNKNOWN STEP	2026-07-20T20:27:20.2049208Z [AUTO] FS j├í tem slot=16:00 COMPLETO (close=16:00) -> DONE
run-import (PT_RIO)	UNKNOWN STEP	2026-07-20T20:27:20.2055860Z [ALERT] HARD slot perdeu janela: date=2026-07-20 slot=09:00 releaseAt=09:29 windowEnd=09:35 tries=0
run-import (PT_RIO)	UNKNOWN STEP	2026-07-20T20:27:20.2057220Z [ALERT] HARD slot CRITICAL: date=2026-07-20 slot=09:00 since=477min (>=60) tries=0
run-import (PT_RIO)	UNKNOWN STEP	2026-07-20T20:27:20.2059516Z [ALERT] HARD slot perdeu janela: date=2026-07-20 slot=11:00 releaseAt=11:29 windowEnd=11:35 tries=0
run-import (PT_RIO)	UNKNOWN STEP	2026-07-20T20:27:20.2061774Z [ALERT] HARD slot CRITICAL: date=2026-07-20 slot=11:00 since=357min (>=60) tries=0
run-import (PT_RIO)	UNKNOWN STEP	2026-07-20T20:27:20.2063961Z [ALERT] HARD slot perdeu janela: date=2026-07-20 slot=14:00 releaseAt=14:29 windowEnd=14:35 tries=0
run-import (PT_RIO)	UNKNOWN STEP	2026-07-20T20:27:20.2065535Z [ALERT] HARD slot CRITICAL: date=2026-07-20 slot=14:00 since=177min (>=60) tries=0
run-import (PT_RIO)	UNKNOWN STEP	2026-07-20T20:27:20.2076694Z [AUDIT] CRITICAL missing=3 warning=0 softLate=0 (relat├│rio salvo em auditCritical-PT_RIO-2026-07-20.json)
run-import (PT_RIO)	UNKNOWN STEP	2026-07-20T20:27:20.2077970Z [AUDIT] FAIL_ON_CRITICAL=1 => exit(2)
run-import (PT_RIO)	UNKNOWN STEP	2026-07-20T20:27:20.2381793Z ##[error]Process completed with exit code 2.
run-import (PT_RIO)	UNKNOWN STEP	2026-07-20T20:27:20.2553985Z Node 20 is being deprecated. This workflow is running with Node 24 by default. If you need to temporarily use Node 20, you can set the ACTIONS_ALLOW_USE_UNSECURE_NODE_VERSION=true environment variable. For more information see: https://github.blog/changelog/2025-09-19-deprecation-of-node-20-on-github-actions-runners/
run-import (PT_RIO)	UNKNOWN STEP	2026-07-20T20:27:20.2555307Z Post job cleanup.
run-import (PT_RIO)	UNKNOWN STEP	2026-07-20T20:27:20.3424934Z [command]/usr/bin/git version
run-import (PT_RIO)	UNKNOWN STEP	2026-07-20T20:27:20.3469747Z git version 2.54.0
run-import (PT_RIO)	UNKNOWN STEP	2026-07-20T20:27:20.3539184Z Temporarily overriding HOME='/home/runner/work/_temp/82792e62-3f5c-4559-b1c3-705c0b63e973' before making global git config changes
run-import (PT_RIO)	UNKNOWN STEP	2026-07-20T20:27:20.3540861Z Adding repository directory to the temporary git global config as a safe directory
run-import (PT_RIO)	UNKNOWN STEP	2026-07-20T20:27:20.3546283Z [command]/usr/bin/git config --global --add safe.directory /home/runner/work/palpitacojb/palpitacojb
run-import (PT_RIO)	UNKNOWN STEP	2026-07-20T20:27:20.3586999Z [command]/usr/bin/git config --local --name-only --get-regexp core\.sshCommand
run-import (PT_RIO)	UNKNOWN STEP	2026-07-20T20:27:20.3626423Z [command]/usr/bin/git submodule foreach --recursive sh -c "git config --local --name-only --get-regexp 'core\.sshCommand' && git config --local --unset-all 'core.sshCommand' || :"
run-import (PT_RIO)	UNKNOWN STEP	2026-07-20T20:27:20.3891497Z [command]/usr/bin/git config --local --name-only --get-regexp http\.https\:\/\/github\.com\/\.extraheader
run-import (PT_RIO)	UNKNOWN STEP	2026-07-20T20:27:20.3921960Z http.https://github.com/.extraheader
run-import (PT_RIO)	UNKNOWN STEP	2026-07-20T20:27:20.3933806Z [command]/usr/bin/git config --local --unset-all http.https://github.com/.extraheader
run-import (PT_RIO)	UNKNOWN STEP	2026-07-20T20:27:20.3971691Z [command]/usr/bin/git submodule foreach --recursive sh -c "git config --local --name-only --get-regexp 'http\.https\:\/\/github\.com\/\.extraheader' && git config --local --unset-all 'http.https://github.com/.extraheader' || :"
run-import (PT_RIO)	UNKNOWN STEP	2026-07-20T20:27:20.4241235Z [command]/usr/bin/git config --local --name-only --get-regexp ^includeIf\.gitdir:
run-import (PT_RIO)	UNKNOWN STEP	2026-07-20T20:27:20.4278947Z [command]/usr/bin/git submodule foreach --recursive git config --local --show-origin --name-only --get-regexp remote.origin.url
run-import (PT_RIO)	UNKNOWN STEP	2026-07-20T20:27:20.4706206Z Cleaning up orphan processes
run-import (PT_RIO)	UNKNOWN STEP	2026-07-20T20:27:20.5006359Z ##[warning]Node.js 20 is deprecated. The following actions target Node.js 20 but are being forced to run on Node.js 24: actions/checkout@v4, actions/setup-node@v4. For more information see: https://github.blog/changelog/2025-09-19-deprecation-of-node-20-on-github-actions-runners/
